==================================================
goal = PFL06_FEDPD_SIG
device = cuda
join_ratio = 0.1
device_id = 3
dataset = Cifar10_dir0.5_bdoor0.2_nclient_100_sig_adv10
num_classes = 10
model = ResNet18
batch_size = 64
local_learning_rate = 0.1
learning_rate_decay = False
learning_rate_decay_gamma = 0.99
global_rounds = 800
top_cnt = 100
local_epochs = 1
algorithm = FedPD
num_clients = 100
eval_gap = 10
save_folder_name = items
auto_break = False
batch_num_per_client = 2
feature_dim = 512
vocab_size = 32000
max_len = 200
client_drop_rate = 0.0
time_select = False
time_threthold = 10000
send_slow_rate = 0.0
beta = 0.0
lamda = 1.0
mu = 0.0
K = 5
p_learning_rate = 0.01
M = 5
itk = 4000
alphaK = 1.0
sigma = 1.0
alpha = 1.0
plocal_epochs = 1
lr_head = 0.1
tau = 1.0
fine_tuning_epochs = 10
dr_learning_rate = 0.0
L = 1.0
noise_dim = 512
generator_learning_rate = 0.005
hidden_dim = 512
server_epochs = 1000
localize_feature_extractor = False
server_learning_rate = 1.0
eta = 1.0
rand_percent = 80
layer_idx = 2
mentee_learning_rate = 0.005
T_start = 0.95
T_end = 0.98
momentum = 0.1
kl_weight = 0.0
disti_epochs = 1
protect_id = 1
adv_eps = 0.0
adv_num_iter = 0
defense_epochs = 1
clean_data = 5000
sdmk_m = 7
sdmk_k = 5
delta = 0.5
sim_threshold = 0.7
rt_beta = 0.2
num_adv_clients = 10
lambda_cl = 0.2
aug_strength = 0.1
mask_tau = 6.0
mask_alpha = 0.3
enable_channel_mask = True
cosine_gate = False
cosine_gate_threshold = 0.3
cosine_gate_alpha = 0.5
trim_high_layers = 
trim_beta_high = None
trim_beta_low = None
purify_enable = False
purify_beta = 0.0
purify_feature_beta = 0.0
purify_logit_beta = 0.0
purify_temperature = 2.0
purify_start_round = 1
purify_layers = layer4
purify_teacher_momentum = 0.9
purify_teacher_cpu_half = True
attack = none
ba_target_label = 0
ba_poison_rate = 0.2
ba_trigger_gen_steps = 30
ba_trigger_gen_lr = 0.01
ba_pgd_eps = 0.0314
ba_trigger_scale = 8.0
pfedba_target_label = 0
pfedba_poison_rate = 0.5
pfedba_poison_count = -1
pfedba_poison_before_start = False
pfedba_attack_start = 30
pfedba_trigger_opt_steps = 15
pfedba_trigger_lr = 0.1
pfedba_init_value = 0.5
pfedba_patch_size = 8
pfedba_patch_position = center
pfedba_img_c = 3
pfedba_img_h = 32
pfedba_img_w = 32
pfedba_align_grad_weight = 1.0
pfedba_align_loss_weight = 1.0
pfedba_attack_loss_weight = 1.0
pfedba_opt_samples_per_class = 100
pfedba_opt_batch_size = 64
pfedba_opt_max_batches_per_client = 20
logit_analysis = False
logit_reject_thresholds = 0.5,0.6,0.7,0.8
logit_entropy_thresholds = 1.0,1.5,2.0
logit_margin_thresholds = 0.1,0.2,0.3
==================================================

============= Running time: 0th =============
Creating server and clients ...
ResNet(
  (conv1): Conv2d(3, 64, kernel_size=(3, 3), stride=(1, 1), padding=(1, 1), bias=False)
  (bn1): BatchNorm2d(64, eps=1e-05, momentum=0.1, affine=True, track_running_stats=True)
  (relu): ReLU(inplace=True)
  (layer1): Sequential(
    (0): BasicBlock(
      (conv1): Conv2d(64, 64, kernel_size=(3, 3), stride=(1, 1), padding=(1, 1), bias=False)
      (bn1): BatchNorm2d(64, eps=1e-05, momentum=0.1, affine=True, track_running_stats=True)
      (relu): ReLU(inplace=True)
      (conv2): Conv2d(64, 64, kernel_size=(3, 3), stride=(1, 1), padding=(1, 1), bias=False)
      (bn2): BatchNorm2d(64, eps=1e-05, momentum=0.1, affine=True, track_running_stats=True)
    )
    (1): BasicBlock(
      (conv1): Conv2d(64, 64, kernel_size=(3, 3), stride=(1, 1), padding=(1, 1), bias=False)
      (bn1): BatchNorm2d(64, eps=1e-05, momentum=0.1, affine=True, track_running_stats=True)
      (relu): ReLU(inplace=True)
      (conv2): Conv2d(64, 64, kernel_size=(3, 3), stride=(1, 1), padding=(1, 1), bias=False)
      (bn2): BatchNorm2d(64, eps=1e-05, momentum=0.1, affine=True, track_running_stats=True)
    )
  )
  (layer2): Sequential(
    (0): BasicBlock(
      (conv1): Conv2d(64, 128, kernel_size=(3, 3), stride=(2, 2), padding=(1, 1), bias=False)
      (bn1): BatchNorm2d(128, eps=1e-05, momentum=0.1, affine=True, track_running_stats=True)
      (relu): ReLU(inplace=True)
      (conv2): Conv2d(128, 128, kernel_size=(3, 3), stride=(1, 1), padding=(1, 1), bias=False)
      (bn2): BatchNorm2d(128, eps=1e-05, momentum=0.1, affine=True, track_running_stats=True)
      (downsample): Sequential(
        (0): Conv2d(64, 128, kernel_size=(1, 1), stride=(2, 2), bias=False)
        (1): BatchNorm2d(128, eps=1e-05, momentum=0.1, affine=True, track_running_stats=True)
      )
    )
    (1): BasicBlock(
      (conv1): Conv2d(128, 128, kernel_size=(3, 3), stride=(1, 1), padding=(1, 1), bias=False)
      (bn1): BatchNorm2d(128, eps=1e-05, momentum=0.1, affine=True, track_running_stats=True)
      (relu): ReLU(inplace=True)
      (conv2): Conv2d(128, 128, kernel_size=(3, 3), stride=(1, 1), padding=(1, 1), bias=False)
      (bn2): BatchNorm2d(128, eps=1e-05, momentum=0.1, affine=True, track_running_stats=True)
    )
  )
  (layer3): Sequential(
    (0): BasicBlock(
      (conv1): Conv2d(128, 256, kernel_size=(3, 3), stride=(2, 2), padding=(1, 1), bias=False)
      (bn1): BatchNorm2d(256, eps=1e-05, momentum=0.1, affine=True, track_running_stats=True)
      (relu): ReLU(inplace=True)
      (conv2): Conv2d(256, 256, kernel_size=(3, 3), stride=(1, 1), padding=(1, 1), bias=False)
      (bn2): BatchNorm2d(256, eps=1e-05, momentum=0.1, affine=True, track_running_stats=True)
      (downsample): Sequential(
        (0): Conv2d(128, 256, kernel_size=(1, 1), stride=(2, 2), bias=False)
        (1): BatchNorm2d(256, eps=1e-05, momentum=0.1, affine=True, track_running_stats=True)
      )
    )
    (1): BasicBlock(
      (conv1): Conv2d(256, 256, kernel_size=(3, 3), stride=(1, 1), padding=(1, 1), bias=False)
      (bn1): BatchNorm2d(256, eps=1e-05, momentum=0.1, affine=True, track_running_stats=True)
      (relu): ReLU(inplace=True)
      (conv2): Conv2d(256, 256, kernel_size=(3, 3), stride=(1, 1), padding=(1, 1), bias=False)
      (bn2): BatchNorm2d(256, eps=1e-05, momentum=0.1, affine=True, track_running_stats=True)
    )
  )
  (layer4): Sequential(
    (0): BasicBlock(
      (conv1): Conv2d(256, 512, kernel_size=(3, 3), stride=(2, 2), padding=(1, 1), bias=False)
      (bn1): BatchNorm2d(512, eps=1e-05, momentum=0.1, affine=True, track_running_stats=True)
      (relu): ReLU(inplace=True)
      (conv2): Conv2d(512, 512, kernel_size=(3, 3), stride=(1, 1), padding=(1, 1), bias=False)
      (bn2): BatchNorm2d(512, eps=1e-05, momentum=0.1, affine=True, track_running_stats=True)
      (downsample): Sequential(
        (0): Conv2d(256, 512, kernel_size=(1, 1), stride=(2, 2), bias=False)
        (1): BatchNorm2d(512, eps=1e-05, momentum=0.1, affine=True, track_running_stats=True)
      )
    )
    (1): BasicBlock(
      (conv1): Conv2d(512, 512, kernel_size=(3, 3), stride=(1, 1), padding=(1, 1), bias=False)
      (bn1): BatchNorm2d(512, eps=1e-05, momentum=0.1, affine=True, track_running_stats=True)
      (relu): ReLU(inplace=True)
      (conv2): Conv2d(512, 512, kernel_size=(3, 3), stride=(1, 1), padding=(1, 1), bias=False)
      (bn2): BatchNorm2d(512, eps=1e-05, momentum=0.1, affine=True, track_running_stats=True)
    )
  )
  (avgpool): AdaptiveAvgPool2d(output_size=(1, 1))
  (fc): Linear(in_features=512, out_features=10, bias=True)
)

Join ratio / total clients: 0.1 / 100
Finished creating server and clients.

-------------Round number: 0-------------

Evaluate personalized models
Averaged Train Loss: 2.4220
Averaged Test Accurancy: 0.0000
Std Test Accurancy: 0.0000
ASR : 0.0
-------------------------------------------------- 8.787612438201904
ASR : 0.0020231138885713437
-------------------------------------------------- 6.929393768310547
ASR : 0.11777813864401276
-------------------------------------------------- 6.131182909011841
ASR : 0.024686915019963753
-------------------------------------------------- 6.262957572937012
ASR : 0.6681161271539358
-------------------------------------------------- 6.450791597366333
ASR : 0.007589002831869375
-------------------------------------------------- 6.422991037368774
ASR : 0.333674899221061
-------------------------------------------------- 6.2519049644470215
ASR : 0.0488969897931141
-------------------------------------------------- 6.482737064361572
ASR : 0.01943605463140841
-------------------------------------------------- 6.365062952041626
ASR : 0.16965739012478182
-------------------------------------------------- 6.471916675567627

-------------Round number: 10-------------

Evaluate personalized models
Averaged Train Loss: 37.6271
Averaged Test Accurancy: 0.1090
Std Test Accurancy: 0.1061
ASR : 0.2901441629271254
-------------------------------------------------- 19.465524435043335
ASR : 0.292971159407294
-------------------------------------------------- 6.324926137924194
ASR : 0.006974130660101322
-------------------------------------------------- 6.360774278640747
ASR : 0.2758039615992036
-------------------------------------------------- 6.200834512710571
ASR : 0.00041769385435789846
-------------------------------------------------- 6.309217214584351
ASR : 0.029412138642995488
-------------------------------------------------- 6.309442520141602
ASR : 0.05435373640161683
-------------------------------------------------- 6.292276620864868
ASR : 0.2911104653998175
-------------------------------------------------- 6.610174179077148
ASR : 0.01802013681373361
-------------------------------------------------- 6.131701469421387
ASR : 0.021364311129609802
-------------------------------------------------- 6.208488941192627

-------------Round number: 20-------------

Evaluate personalized models
Averaged Train Loss: 8.9029
Averaged Test Accurancy: 0.1234
Std Test Accurancy: 0.1156
ASR : 0.03677839698059665
-------------------------------------------------- 18.922425985336304
ASR : 0.018882932845329003
-------------------------------------------------- 6.34442138671875
ASR : 0.01812468401383218
-------------------------------------------------- 6.760812044143677
ASR : 0.14345301792696416
-------------------------------------------------- 6.219666481018066
ASR : 0.023916393945711198
-------------------------------------------------- 6.53469181060791
ASR : 0.03410168824069031
-------------------------------------------------- 6.463024139404297
ASR : 0.12899083648326515
-------------------------------------------------- 6.026929616928101
ASR : 0.11773707987417585
-------------------------------------------------- 6.400648355484009
ASR : 0.1390316349125137
-------------------------------------------------- 6.359698534011841
ASR : 0.12399297258002483
-------------------------------------------------- 6.556100368499756

-------------Round number: 30-------------

Evaluate personalized models
Averaged Train Loss: 33.9627
Averaged Test Accurancy: 0.2061
Std Test Accurancy: 0.1419
ASR : 0.12365152821475554
-------------------------------------------------- 19.352916479110718
ASR : 0.09334990776456444
-------------------------------------------------- 6.229634761810303
ASR : 0.11211769197203897
-------------------------------------------------- 6.4887566566467285
ASR : 0.1108799236943535
-------------------------------------------------- 6.258794546127319
ASR : 0.018452764377383694
-------------------------------------------------- 6.222440719604492
ASR : 0.021111974619457997
-------------------------------------------------- 6.001944065093994
ASR : 0.09029738209835227
-------------------------------------------------- 6.460139513015747
ASR : 0.03029285736816626
-------------------------------------------------- 6.097997426986694
ASR : 0.018593962025233047
-------------------------------------------------- 6.544422626495361
ASR : 0.02606600786616066
-------------------------------------------------- 6.343649864196777

-------------Round number: 40-------------

Evaluate personalized models
Averaged Train Loss: 30.2407
Averaged Test Accurancy: 0.2413
Std Test Accurancy: 0.1605
ASR : 0.016215557564415773
-------------------------------------------------- 19.119535446166992
ASR : 0.08533118598049366
-------------------------------------------------- 6.221174955368042
ASR : 0.0694826299823012
-------------------------------------------------- 6.197373390197754
ASR : 0.06318904349704825
-------------------------------------------------- 6.358384609222412
ASR : 0.04911804528887554
-------------------------------------------------- 6.676251411437988
ASR : 0.055667467530962876
-------------------------------------------------- 6.411571264266968
ASR : 0.025254576444895246
-------------------------------------------------- 6.264162540435791
ASR : 0.034071108528691926
-------------------------------------------------- 6.469047784805298
ASR : 0.02376554643071449
-------------------------------------------------- 6.271569490432739
ASR : 0.021068193760595676
-------------------------------------------------- 6.271978378295898

-------------Round number: 50-------------

Evaluate personalized models
Averaged Train Loss: 4.2590
Averaged Test Accurancy: 0.2918
Std Test Accurancy: 0.1492
ASR : 0.037833496188395106
-------------------------------------------------- 19.289080381393433
ASR : 0.03376346759609772
-------------------------------------------------- 6.333064794540405
ASR : 0.014955250435179819
-------------------------------------------------- 6.0455873012542725
ASR : 0.05232644836439392
-------------------------------------------------- 6.0794806480407715
ASR : 0.042416422111630686
-------------------------------------------------- 6.212152004241943
ASR : 0.03735855150416442
-------------------------------------------------- 6.230808734893799
ASR : 0.019452185088471418
-------------------------------------------------- 6.2281365394592285
ASR : 0.039692449736175264
-------------------------------------------------- 6.099517822265625
ASR : 0.02669000285366122
-------------------------------------------------- 5.961770296096802
ASR : 0.03340064737533137
-------------------------------------------------- 6.552267074584961

-------------Round number: 60-------------

Evaluate personalized models
Averaged Train Loss: 1.7086
Averaged Test Accurancy: 0.2965
Std Test Accurancy: 0.1528
ASR : 0.018027408168229526
-------------------------------------------------- 18.950160264968872
ASR : 0.02450670435541744
-------------------------------------------------- 6.046770811080933
ASR : 0.03432470145694229
-------------------------------------------------- 6.387438058853149
ASR : 0.033466299246342465
-------------------------------------------------- 6.208105564117432
ASR : 0.03379301874256499
-------------------------------------------------- 6.433282136917114
ASR : 0.03541735791646451
-------------------------------------------------- 6.416553497314453
ASR : 0.0382338622527372
-------------------------------------------------- 6.447610378265381
ASR : 0.05213239252368771
-------------------------------------------------- 6.299489974975586
ASR : 0.03776731536402227
-------------------------------------------------- 6.1300060749053955
ASR : 0.07638665819246235
-------------------------------------------------- 6.12258243560791

-------------Round number: 70-------------

Evaluate personalized models
Averaged Train Loss: 2.8024
Averaged Test Accurancy: 0.3159
Std Test Accurancy: 0.1591
ASR : 0.037427159804557214
-------------------------------------------------- 19.10992693901062
ASR : 0.030670965909229415
-------------------------------------------------- 6.330045461654663
ASR : 0.05020762121824756
-------------------------------------------------- 6.3491902351379395
ASR : 0.021081274570557876
-------------------------------------------------- 6.231412410736084
ASR : 0.0490040615181214
-------------------------------------------------- 6.381373405456543
ASR : 0.04150215330522511
-------------------------------------------------- 6.296922922134399
ASR : 0.016526468294263977
-------------------------------------------------- 6.3082873821258545
ASR : 0.05239563513518074
-------------------------------------------------- 6.505201816558838
ASR : 0.017719482461854893
-------------------------------------------------- 6.32329797744751
ASR : 0.025517801553898344
-------------------------------------------------- 6.22321343421936

-------------Round number: 80-------------

Evaluate personalized models
Averaged Train Loss: 1.1582
Averaged Test Accurancy: 0.3762
Std Test Accurancy: 0.1478
ASR : 0.028907613832092924
-------------------------------------------------- 19.116570234298706
ASR : 0.050040216249779175
-------------------------------------------------- 6.423295974731445
ASR : 0.033959194826043426
-------------------------------------------------- 6.097781658172607
ASR : 0.06111611781754426
-------------------------------------------------- 6.167236328125
ASR : 0.0452017033004272
-------------------------------------------------- 6.322213172912598
ASR : 0.0546456785634397
-------------------------------------------------- 6.418731451034546
ASR : 0.028004945596882727
-------------------------------------------------- 6.07407283782959
ASR : 0.04217016004618953
-------------------------------------------------- 6.169667720794678
ASR : 0.021586640535770356
-------------------------------------------------- 6.446223497390747
ASR : 0.024331464268937255
-------------------------------------------------- 6.37786340713501

-------------Round number: 90-------------

Evaluate personalized models
Averaged Train Loss: 0.9867
Averaged Test Accurancy: 0.3788
Std Test Accurancy: 0.1379
ASR : 0.09164421001210218
-------------------------------------------------- 18.981160879135132
ASR : 0.03153119884183979
-------------------------------------------------- 6.4192893505096436
ASR : 0.07981006414969992
-------------------------------------------------- 6.434946060180664
ASR : 0.02480560429635048
-------------------------------------------------- 6.254475116729736
ASR : 0.052005011811960815
-------------------------------------------------- 6.595137119293213
ASR : 0.018073309678350434
-------------------------------------------------- 6.274036645889282
ASR : 0.04021920598180146
-------------------------------------------------- 6.035764455795288
ASR : 0.03286642095083602
-------------------------------------------------- 6.388628721237183
ASR : 0.035485966558547105
-------------------------------------------------- 6.450238227844238
ASR : 0.02231285682331765
-------------------------------------------------- 6.349231958389282

-------------Round number: 100-------------

Evaluate personalized models
Averaged Train Loss: 0.8565
Averaged Test Accurancy: 0.3985
Std Test Accurancy: 0.1441
ASR : 0.05471627518278766
-------------------------------------------------- 19.074366569519043
ASR : 0.03521122020819279
-------------------------------------------------- 6.307361125946045
ASR : 0.03438120071002217
-------------------------------------------------- 6.125974416732788
ASR : 0.024357359661771494
-------------------------------------------------- 6.078484058380127
ASR : 0.02203458652136048
-------------------------------------------------- 6.170795917510986
ASR : 0.025931648020138094
-------------------------------------------------- 6.219972372055054
ASR : 0.03262772053915716
-------------------------------------------------- 6.166818618774414
ASR : 0.04834833278143784
-------------------------------------------------- 6.346451044082642
ASR : 0.027639075323553353
-------------------------------------------------- 6.053254127502441
ASR : 0.03674819530983905
-------------------------------------------------- 6.396869897842407

-------------Round number: 110-------------

Evaluate personalized models
Averaged Train Loss: 0.7909
Averaged Test Accurancy: 0.4218
Std Test Accurancy: 0.1522
ASR : 0.03066405402357169
-------------------------------------------------- 19.165334701538086
ASR : 0.03316287051951307
-------------------------------------------------- 6.556236743927002
ASR : 0.05422954843514366
-------------------------------------------------- 6.356084823608398
ASR : 0.049138764382347204
-------------------------------------------------- 6.055628299713135
ASR : 0.03995857005687096
-------------------------------------------------- 6.270076513290405
ASR : 0.03027670406661182
-------------------------------------------------- 6.675511598587036
ASR : 0.03248236510113907
-------------------------------------------------- 6.309579133987427
ASR : 0.05931835308441928
-------------------------------------------------- 6.086122274398804
ASR : 0.03392653628155182
-------------------------------------------------- 6.201219081878662
ASR : 0.02835254810616039
-------------------------------------------------- 6.078561305999756

-------------Round number: 120-------------

Evaluate personalized models
Averaged Train Loss: 0.7019
Averaged Test Accurancy: 0.3972
Std Test Accurancy: 0.1332
ASR : 0.06084826289953474
-------------------------------------------------- 19.102241039276123
ASR : 0.028025228415455735
-------------------------------------------------- 6.274141073226929
ASR : 0.044752767202378495
-------------------------------------------------- 6.790923833847046
ASR : 0.02083479219696226
-------------------------------------------------- 6.421941518783569
ASR : 0.033644593659675176
-------------------------------------------------- 6.370523929595947
ASR : 0.04198629612324555
-------------------------------------------------- 6.166837215423584
ASR : 0.023686159026218977
-------------------------------------------------- 6.4618754386901855
ASR : 0.040066743128497055
-------------------------------------------------- 6.30860161781311
ASR : 0.03710965079222976
-------------------------------------------------- 6.5183022022247314
ASR : 0.018078331073976057
-------------------------------------------------- 6.445967435836792

-------------Round number: 130-------------

Evaluate personalized models
Averaged Train Loss: 0.6466
Averaged Test Accurancy: 0.4217
Std Test Accurancy: 0.1435
ASR : 0.03960729172510676
-------------------------------------------------- 18.8400776386261
ASR : 0.030835162129663033
-------------------------------------------------- 6.233301639556885
ASR : 0.03541468172354778
-------------------------------------------------- 6.19378137588501
ASR : 0.04708928519595382
-------------------------------------------------- 6.442992925643921
ASR : 0.019112452744785947
-------------------------------------------------- 6.024917364120483
ASR : 0.06805564532872992
-------------------------------------------------- 6.128524303436279
ASR : 0.03286455396886611
-------------------------------------------------- 6.379960060119629
ASR : 0.038863208647820974
-------------------------------------------------- 6.313537120819092
ASR : 0.044372200024732876
-------------------------------------------------- 6.2957603931427
ASR : 0.03598907180875443
-------------------------------------------------- 5.8443603515625

-------------Round number: 140-------------

Evaluate personalized models
Averaged Train Loss: 0.5885
Averaged Test Accurancy: 0.4410
Std Test Accurancy: 0.1475
ASR : 0.02670406132122487
-------------------------------------------------- 18.982125997543335
ASR : 0.06339719911984856
-------------------------------------------------- 6.352431297302246
ASR : 0.07075914216982161
-------------------------------------------------- 6.2123613357543945
ASR : 0.06288444267463465
-------------------------------------------------- 6.2445197105407715
ASR : 0.05084164325471658
-------------------------------------------------- 6.232357025146484
ASR : 0.04087612627813942
-------------------------------------------------- 6.319622039794922
ASR : 0.03578261795709825
-------------------------------------------------- 6.383706569671631
ASR : 0.04084832578565248
-------------------------------------------------- 6.204453229904175
ASR : 0.04342197682570769
-------------------------------------------------- 6.25201153755188
ASR : 0.04149907303048843
-------------------------------------------------- 6.107187509536743

-------------Round number: 150-------------

Evaluate personalized models
Averaged Train Loss: 0.5115
Averaged Test Accurancy: 0.4659
Std Test Accurancy: 0.1317
ASR : 0.051230465886697225
-------------------------------------------------- 18.873536586761475
ASR : 0.07272364978866028
-------------------------------------------------- 6.257721662521362
ASR : 0.04521562605392324
-------------------------------------------------- 6.349807500839233
ASR : 0.04737059322900439
-------------------------------------------------- 6.2227091789245605
ASR : 0.05079509244780307
-------------------------------------------------- 5.959187746047974
ASR : 0.04459967418855487
-------------------------------------------------- 6.074734210968018
ASR : 0.03854481168727585
-------------------------------------------------- 6.692733287811279
ASR : 0.043138255872035416
-------------------------------------------------- 6.570364713668823
ASR : 0.03725723104212357
-------------------------------------------------- 6.250701427459717
ASR : 0.0226398227028644
-------------------------------------------------- 5.804884672164917

-------------Round number: 160-------------

Evaluate personalized models
Averaged Train Loss: 0.4360
Averaged Test Accurancy: 0.4838
Std Test Accurancy: 0.1425
ASR : 0.0649292652134533
-------------------------------------------------- 18.815574407577515
ASR : 0.03964587842924162
-------------------------------------------------- 6.452087163925171
ASR : 0.08557664577309929
-------------------------------------------------- 6.209885120391846
ASR : 0.0336003769454433
-------------------------------------------------- 6.708525657653809
ASR : 0.02560498856799764
-------------------------------------------------- 6.243747711181641
ASR : 0.056181644269471705
-------------------------------------------------- 6.218363046646118
ASR : 0.041787161136755346
-------------------------------------------------- 6.242544412612915
ASR : 0.02895711879244647
-------------------------------------------------- 6.140579462051392
ASR : 0.08333278219169121
-------------------------------------------------- 6.186568260192871
ASR : 0.026254126003279903
-------------------------------------------------- 6.076071739196777

-------------Round number: 170-------------

Evaluate personalized models
Averaged Train Loss: 0.3211
Averaged Test Accurancy: 0.4951
Std Test Accurancy: 0.1408
ASR : 0.05239586570052504
-------------------------------------------------- 19.133402109146118
ASR : 0.04575500758300686
-------------------------------------------------- 6.297825336456299
ASR : 0.027047924230237847
-------------------------------------------------- 6.1166393756866455
ASR : 0.03002434713482873
-------------------------------------------------- 6.237437963485718
ASR : 0.029415780695784724
-------------------------------------------------- 6.314586877822876
ASR : 0.03799335290210389
-------------------------------------------------- 6.554265737533569
ASR : 0.0375261985113261
-------------------------------------------------- 6.0844268798828125
ASR : 0.03622413740765706
-------------------------------------------------- 6.430081605911255
ASR : 0.06906416187945667
-------------------------------------------------- 6.310068130493164
ASR : 0.038834920511598835
-------------------------------------------------- 6.3815882205963135

-------------Round number: 180-------------

Evaluate personalized models
Averaged Train Loss: 0.2854
Averaged Test Accurancy: 0.4773
Std Test Accurancy: 0.1379
ASR : 0.04192717245404148
-------------------------------------------------- 18.712761402130127
ASR : 0.028960614065482053
-------------------------------------------------- 6.190670013427734
ASR : 0.04349259298673495
-------------------------------------------------- 6.364263296127319
ASR : 0.05184948317486592
-------------------------------------------------- 6.1381330490112305
ASR : 0.07491422374650859
-------------------------------------------------- 6.094738721847534
ASR : 0.06511873150950293
-------------------------------------------------- 6.24068808555603
ASR : 0.0446823862690469
-------------------------------------------------- 6.20821213722229
ASR : 0.03818505700017992
-------------------------------------------------- 6.221531391143799
ASR : 0.03346086852195638
-------------------------------------------------- 6.234059810638428
ASR : 0.042358311599817663
-------------------------------------------------- 6.14533543586731

-------------Round number: 190-------------

Evaluate personalized models
Averaged Train Loss: 0.2283
Averaged Test Accurancy: 0.5002
Std Test Accurancy: 0.1174
ASR : 0.036325238021885656
-------------------------------------------------- 18.87835955619812
ASR : 0.02421834087162972
-------------------------------------------------- 6.284253120422363
ASR : 0.05033751197849126
-------------------------------------------------- 6.711977243423462
ASR : 0.038562613203245506
-------------------------------------------------- 6.380740165710449
ASR : 0.02868237647832135
-------------------------------------------------- 6.4315268993377686
ASR : 0.03764958866631209
-------------------------------------------------- 6.207185745239258
ASR : 0.028448650237093184
-------------------------------------------------- 6.325023651123047
ASR : 0.042778762353074096
-------------------------------------------------- 6.241905212402344
ASR : 0.031479850506839886
-------------------------------------------------- 6.339023590087891
ASR : 0.048793286277716
-------------------------------------------------- 6.4016594886779785

-------------Round number: 200-------------

Evaluate personalized models
Averaged Train Loss: 0.1630
Averaged Test Accurancy: 0.5030
Std Test Accurancy: 0.1047
ASR : 0.023512163595265746
-------------------------------------------------- 19.052480697631836
ASR : 0.020149565906991712
-------------------------------------------------- 6.193319082260132
ASR : 0.025452385406387182
-------------------------------------------------- 6.519582748413086
ASR : 0.02192397431802446
-------------------------------------------------- 6.474795341491699
ASR : 0.023825406324251702
-------------------------------------------------- 6.1507182121276855
ASR : 0.022818076524434128
-------------------------------------------------- 6.31174898147583
ASR : 0.029524399437004058
-------------------------------------------------- 6.193602561950684
ASR : 0.011644360598588954
-------------------------------------------------- 6.011419296264648
ASR : 0.03584792874860545
-------------------------------------------------- 6.183617353439331
ASR : 0.02060726895778047
-------------------------------------------------- 6.03071928024292

-------------Round number: 210-------------

Evaluate personalized models
Averaged Train Loss: 0.1466
Averaged Test Accurancy: 0.4815
Std Test Accurancy: 0.1253
ASR : 0.021721152363481638
-------------------------------------------------- 18.61083722114563
ASR : 0.054339076010426236
-------------------------------------------------- 6.235879898071289
ASR : 0.033857074357902306
-------------------------------------------------- 6.372068643569946
ASR : 0.022320364601914427
-------------------------------------------------- 6.061247110366821
ASR : 0.03536069604276793
-------------------------------------------------- 6.086541652679443
ASR : 0.021572150317029817
-------------------------------------------------- 6.341479778289795
ASR : 0.03466326775828632
-------------------------------------------------- 6.162608623504639
ASR : 0.024313761529900477
-------------------------------------------------- 6.453094244003296
ASR : 0.03738474088841453
-------------------------------------------------- 6.035160064697266
ASR : 0.039759539650208175
-------------------------------------------------- 6.038711786270142

-------------Round number: 220-------------

Evaluate personalized models
Averaged Train Loss: 0.1282
Averaged Test Accurancy: 0.5277
Std Test Accurancy: 0.1188
ASR : 0.019164032471735006
-------------------------------------------------- 19.07971739768982
ASR : 0.05246449257862475
-------------------------------------------------- 6.31807804107666
ASR : 0.02222496637580657
-------------------------------------------------- 6.12908411026001
ASR : 0.03396562717474888
-------------------------------------------------- 6.505981683731079
ASR : 0.016492736045415266
-------------------------------------------------- 6.497190952301025
ASR : 0.027706709529637635
-------------------------------------------------- 5.965044021606445
ASR : 0.03564243363934729
-------------------------------------------------- 6.173711538314819
ASR : 0.02468453321341881
-------------------------------------------------- 6.232536792755127
ASR : 0.047307595109347574
-------------------------------------------------- 6.229704856872559
ASR : 0.028452676326155377
-------------------------------------------------- 6.252932071685791

-------------Round number: 230-------------

Evaluate personalized models
Averaged Train Loss: 0.1121
Averaged Test Accurancy: 0.5209
Std Test Accurancy: 0.1204
ASR : 0.017406349265045726
-------------------------------------------------- 19.067829847335815
ASR : 0.028154192387702157
-------------------------------------------------- 6.113460063934326
ASR : 0.04144253991750446
-------------------------------------------------- 6.16008996963501
ASR : 0.046907767831735225
-------------------------------------------------- 5.957136631011963
ASR : 0.03600586943716632
-------------------------------------------------- 6.203430891036987
ASR : 0.03515419978368106
-------------------------------------------------- 6.232902526855469
ASR : 0.033032629366586554
-------------------------------------------------- 6.572309970855713
ASR : 0.018324891983970346
-------------------------------------------------- 6.149044513702393
ASR : 0.022165141406414242
-------------------------------------------------- 6.412579536437988
ASR : 0.020880955445587664
-------------------------------------------------- 6.324281692504883

-------------Round number: 240-------------

Evaluate personalized models
Averaged Train Loss: 0.0928
Averaged Test Accurancy: 0.5403
Std Test Accurancy: 0.1268
ASR : 0.02055206755187603
-------------------------------------------------- 18.894083499908447
ASR : 0.015460027944667809
-------------------------------------------------- 6.153006076812744
ASR : 0.016002781785160528
-------------------------------------------------- 6.42072057723999
ASR : 0.028157713952315946
-------------------------------------------------- 6.219219923019409
ASR : 0.02222727438813766
-------------------------------------------------- 6.536757707595825
ASR : 0.02099737615038436
-------------------------------------------------- 6.352805852890015
ASR : 0.014759420168753075
-------------------------------------------------- 6.032400608062744
ASR : 0.026423401809575617
-------------------------------------------------- 6.415802001953125
ASR : 0.018148178439821083
-------------------------------------------------- 5.916368722915649
ASR : 0.027496224926985318
-------------------------------------------------- 6.473265171051025

-------------Round number: 250-------------

Evaluate personalized models
Averaged Train Loss: 0.0841
Averaged Test Accurancy: 0.5497
Std Test Accurancy: 0.1246
ASR : 0.024966775290182985
-------------------------------------------------- 18.886306285858154
ASR : 0.032976211689554336
-------------------------------------------------- 6.515907049179077
ASR : 0.026595192224947554
-------------------------------------------------- 6.226680040359497
ASR : 0.030256015196178553
-------------------------------------------------- 6.157653093338013
ASR : 0.023371163879019687
-------------------------------------------------- 6.409937620162964
ASR : 0.03939817038645165
-------------------------------------------------- 6.093929767608643
ASR : 0.023033253802639597
-------------------------------------------------- 6.191566467285156
ASR : 0.035646045709604786
-------------------------------------------------- 6.491229057312012
ASR : 0.0212895788657025
-------------------------------------------------- 6.475400447845459
ASR : 0.06911538827413367
-------------------------------------------------- 6.476092338562012

-------------Round number: 260-------------

Evaluate personalized models
Averaged Train Loss: 0.1507
Averaged Test Accurancy: 0.5456
Std Test Accurancy: 0.1243
ASR : 0.019902940920544995
-------------------------------------------------- 19.109771966934204
ASR : 0.02706322973797517
-------------------------------------------------- 6.178851842880249
ASR : 0.03771687469061153
-------------------------------------------------- 6.250861167907715
ASR : 0.026984216341090585
-------------------------------------------------- 6.384641170501709
ASR : 0.04356267713496191
-------------------------------------------------- 6.38021445274353
ASR : 0.031857912641422716
-------------------------------------------------- 6.3720715045928955
ASR : 0.03575688809978327
-------------------------------------------------- 6.177126884460449
ASR : 0.04656781452814302
-------------------------------------------------- 6.0460944175720215
ASR : 0.02297374413248658
-------------------------------------------------- 6.147632598876953
ASR : 0.02382598042622836
-------------------------------------------------- 6.282406806945801

-------------Round number: 270-------------

Evaluate personalized models
Averaged Train Loss: 0.1438
Averaged Test Accurancy: 0.5507
Std Test Accurancy: 0.1275
ASR : 0.017230557063760945
-------------------------------------------------- 18.618086576461792
ASR : 0.0207825065459666
-------------------------------------------------- 6.228862524032593
ASR : 0.01999897637076124
-------------------------------------------------- 6.436039924621582
ASR : 0.03175223645220589
-------------------------------------------------- 6.218518972396851
ASR : 0.029728201793854044
-------------------------------------------------- 6.180032730102539
ASR : 0.04400499193803138
-------------------------------------------------- 6.209362506866455
ASR : 0.04421426109343397
-------------------------------------------------- 6.38086462020874
ASR : 0.025775969841308807
-------------------------------------------------- 6.187368154525757
ASR : 0.02326618188131117
-------------------------------------------------- 6.1389851570129395
ASR : 0.027475296812097295
-------------------------------------------------- 6.375325918197632

-------------Round number: 280-------------

Evaluate personalized models
Averaged Train Loss: 0.1058
Averaged Test Accurancy: 0.5123
Std Test Accurancy: 0.1491
ASR : 0.05617294913037552
-------------------------------------------------- 18.91722297668457
ASR : 0.03199990926455226
-------------------------------------------------- 6.633829116821289
ASR : 0.017041694341743983
-------------------------------------------------- 6.405621290206909
ASR : 0.026547179391930728
-------------------------------------------------- 6.422880172729492
ASR : 0.02186813189594215
-------------------------------------------------- 6.408340215682983
ASR : 0.03316896982690425
-------------------------------------------------- 6.09688401222229
ASR : 0.026663809845134872
-------------------------------------------------- 6.2644970417022705
ASR : 0.03424299853286484
-------------------------------------------------- 6.586859226226807
ASR : 0.03213375374801492
-------------------------------------------------- 6.547808408737183
ASR : 0.028762444961049925
-------------------------------------------------- 6.36178731918335

-------------Round number: 290-------------

Evaluate personalized models
Averaged Train Loss: 0.0560
Averaged Test Accurancy: 0.5705
Std Test Accurancy: 0.1230
ASR : 0.04679655439326207
-------------------------------------------------- 19.02332067489624
ASR : 0.0473577875717449
-------------------------------------------------- 6.435158967971802
ASR : 0.0216879858846022
-------------------------------------------------- 6.350054979324341
ASR : 0.0428391431038803
-------------------------------------------------- 6.281596899032593
ASR : 0.036046220378477954
-------------------------------------------------- 6.48480224609375
ASR : 0.017010546036649206
-------------------------------------------------- 6.73018479347229
ASR : 0.022879935719190905
-------------------------------------------------- 6.4224748611450195
ASR : 0.030351196917844037
-------------------------------------------------- 6.162173271179199
ASR : 0.023787386425714836
-------------------------------------------------- 6.197516918182373
ASR : 0.03216218777110598
-------------------------------------------------- 6.1275293827056885

-------------Round number: 300-------------

Evaluate personalized models
Averaged Train Loss: 0.0621
Averaged Test Accurancy: 0.5568
Std Test Accurancy: 0.1207
ASR : 0.021787642299658967
-------------------------------------------------- 19.16926908493042
ASR : 0.03182110163443176
-------------------------------------------------- 6.197402715682983
ASR : 0.025850792886805286
-------------------------------------------------- 6.235335111618042
ASR : 0.025409949682569512
-------------------------------------------------- 6.173263788223267
ASR : 0.028338180412088423
-------------------------------------------------- 6.290685176849365
ASR : 0.0289033815065851
-------------------------------------------------- 6.316732883453369
ASR : 0.0209150764445612
-------------------------------------------------- 6.345896005630493
ASR : 0.03300839790286526
-------------------------------------------------- 6.291186809539795
ASR : 0.049249172346758394
-------------------------------------------------- 6.7918701171875
ASR : 0.019316076967031724
-------------------------------------------------- 6.145350933074951

-------------Round number: 310-------------

Evaluate personalized models
Averaged Train Loss: 0.0597
Averaged Test Accurancy: 0.5703
Std Test Accurancy: 0.1236
ASR : 0.02207490295100379
-------------------------------------------------- 18.911784887313843
ASR : 0.027285332513687473
-------------------------------------------------- 6.329766273498535
ASR : 0.02106258703054435
-------------------------------------------------- 6.117335081100464
ASR : 0.038969384325558146
-------------------------------------------------- 6.664114236831665
ASR : 0.01697459574808979
-------------------------------------------------- 6.191530466079712
ASR : 0.027546185680112436
-------------------------------------------------- 6.473320960998535
ASR : 0.024144361448546085
-------------------------------------------------- 6.210108280181885
ASR : 0.025560761864032056
-------------------------------------------------- 6.461462736129761
ASR : 0.016463546935294424
-------------------------------------------------- 6.447965621948242
ASR : 0.020771092673378747
-------------------------------------------------- 6.448984146118164

-------------Round number: 320-------------

Evaluate personalized models
Averaged Train Loss: 0.0442
Averaged Test Accurancy: 0.5733
Std Test Accurancy: 0.1211
ASR : 0.023666208323625367
-------------------------------------------------- 19.09434223175049
ASR : 0.03229793901305777
-------------------------------------------------- 6.293352365493774
ASR : 0.028607677714909477
-------------------------------------------------- 6.197571277618408
ASR : 0.031446200492863105
-------------------------------------------------- 6.349829912185669
ASR : 0.02822757010290866
-------------------------------------------------- 6.216413259506226
ASR : 0.02434232935579121
-------------------------------------------------- 6.32733154296875
ASR : 0.03635251179728372
-------------------------------------------------- 6.399249315261841
ASR : 0.03559903651016923
-------------------------------------------------- 6.17339301109314
ASR : 0.022411401213706477
-------------------------------------------------- 6.15981125831604
ASR : 0.030874870848304866
-------------------------------------------------- 6.305505990982056

-------------Round number: 330-------------

Evaluate personalized models
Averaged Train Loss: 0.0383
Averaged Test Accurancy: 0.5776
Std Test Accurancy: 0.1165
ASR : 0.02871667857202605
-------------------------------------------------- 18.889371633529663
ASR : 0.048018280201263766
-------------------------------------------------- 6.377485513687134
ASR : 0.022169283351095272
-------------------------------------------------- 5.958542108535767
ASR : 0.030153040407138162
-------------------------------------------------- 6.266253709793091
ASR : 0.01818302768079166
-------------------------------------------------- 6.299257516860962
ASR : 0.018443298438634105
-------------------------------------------------- 6.159077882766724
ASR : 0.022382438445185285
-------------------------------------------------- 6.442596912384033
ASR : 0.018740995222810683
-------------------------------------------------- 6.432856559753418
ASR : 0.034889561600507796
-------------------------------------------------- 6.278984308242798
ASR : 0.044352071329349534
-------------------------------------------------- 6.161143779754639

-------------Round number: 340-------------

Evaluate personalized models
Averaged Train Loss: 0.0544
Averaged Test Accurancy: 0.5629
Std Test Accurancy: 0.1167
ASR : 0.05077024220916709
-------------------------------------------------- 18.83771061897278
ASR : 0.031929802671514025
-------------------------------------------------- 6.097277641296387
ASR : 0.037932310817273614
-------------------------------------------------- 6.270150184631348
ASR : 0.03949042077715135
-------------------------------------------------- 6.22444486618042
ASR : 0.03350473216513558
-------------------------------------------------- 6.472936153411865
ASR : 0.0243618694729487
-------------------------------------------------- 6.129651069641113
ASR : 0.02756602130946826
-------------------------------------------------- 6.3990159034729
ASR : 0.025293298461206485
-------------------------------------------------- 6.211421012878418
ASR : 0.05134609806645289
-------------------------------------------------- 6.063933372497559
ASR : 0.027905304476460717
-------------------------------------------------- 6.379835367202759

-------------Round number: 350-------------

Evaluate personalized models
Averaged Train Loss: 0.0519
Averaged Test Accurancy: 0.5752
Std Test Accurancy: 0.1200
ASR : 0.025326391792064203
-------------------------------------------------- 19.129962682724
ASR : 0.01690257132890326
-------------------------------------------------- 6.335480690002441
ASR : 0.025156392335395343
-------------------------------------------------- 6.427858352661133
ASR : 0.03800882944494042
-------------------------------------------------- 6.1923301219940186
ASR : 0.02337653735530434
-------------------------------------------------- 6.334038019180298
ASR : 0.028249462262707616
-------------------------------------------------- 6.41390323638916
ASR : 0.027438288776664314
-------------------------------------------------- 6.386698961257935
ASR : 0.02768029111904574
-------------------------------------------------- 6.331877708435059
ASR : 0.02307502360278842
-------------------------------------------------- 6.535392999649048
ASR : 0.04850477597285558
-------------------------------------------------- 6.381371021270752

-------------Round number: 360-------------

Evaluate personalized models
Averaged Train Loss: 0.0401
Averaged Test Accurancy: 0.5684
Std Test Accurancy: 0.1188
ASR : 0.0376467596014642
-------------------------------------------------- 19.342352151870728
ASR : 0.018219674666308684
-------------------------------------------------- 6.339778661727905
ASR : 0.02368193947258047
-------------------------------------------------- 5.969624280929565
ASR : 0.02651640321519699
-------------------------------------------------- 6.083822250366211
ASR : 0.027540240459933866
-------------------------------------------------- 6.1288487911224365
ASR : 0.0421604803384712
-------------------------------------------------- 6.423489093780518
ASR : 0.03818948536342574
-------------------------------------------------- 6.301992893218994
ASR : 0.036902223497001785
-------------------------------------------------- 6.394576549530029
ASR : 0.035424064575167176
-------------------------------------------------- 6.327031373977661
ASR : 0.03866799696274846
-------------------------------------------------- 6.204699993133545

-------------Round number: 370-------------

Evaluate personalized models
Averaged Train Loss: 0.0489
Averaged Test Accurancy: 0.5737
Std Test Accurancy: 0.1174
ASR : 0.03203759526722216
-------------------------------------------------- 19.52949547767639
ASR : 0.029971787204007373
-------------------------------------------------- 6.413505554199219
ASR : 0.04653642921152708
-------------------------------------------------- 6.430070638656616
ASR : 0.029760908100994157
-------------------------------------------------- 6.349632501602173
ASR : 0.04498276425333923
-------------------------------------------------- 6.349863290786743
ASR : 0.044363737922967474
-------------------------------------------------- 6.265446186065674
ASR : 0.029619104410816725
-------------------------------------------------- 6.3526999950408936
ASR : 0.025576930913512954
-------------------------------------------------- 6.473100185394287
ASR : 0.02216473668934043
-------------------------------------------------- 6.370920896530151
ASR : 0.03424845117065387
-------------------------------------------------- 6.494653224945068

-------------Round number: 380-------------

Evaluate personalized models
Averaged Train Loss: 0.0708
Averaged Test Accurancy: 0.5213
Std Test Accurancy: 0.1464
ASR : 0.02993375574943254
-------------------------------------------------- 19.082873344421387
ASR : 0.021328811427991295
-------------------------------------------------- 6.344634771347046
ASR : 0.024761486181213686
-------------------------------------------------- 6.129323482513428
ASR : 0.044288256047313956
-------------------------------------------------- 6.200221300125122
ASR : 0.035601797913940136
-------------------------------------------------- 6.291744709014893
ASR : 0.027107041562673295
-------------------------------------------------- 5.924342155456543
ASR : 0.04103210369427479
-------------------------------------------------- 6.446489572525024
ASR : 0.0307668504546614
-------------------------------------------------- 6.61735200881958
ASR : 0.03967317086879886
-------------------------------------------------- 6.2467451095581055
ASR : 0.03391522984626258
-------------------------------------------------- 6.286728620529175

-------------Round number: 390-------------

Evaluate personalized models
Averaged Train Loss: 0.2657
Averaged Test Accurancy: 0.5669
Std Test Accurancy: 0.1193
ASR : 0.024282295368645932
-------------------------------------------------- 19.281837224960327
ASR : 0.030463880625810895
-------------------------------------------------- 6.487472057342529
ASR : 0.03714566744671034
-------------------------------------------------- 6.3020713329315186
ASR : 0.02949955332398171
-------------------------------------------------- 5.993638038635254
ASR : 0.028323156220871403
-------------------------------------------------- 6.287591457366943
ASR : 0.0381324951711109
-------------------------------------------------- 6.337120056152344
ASR : 0.03709760658044758
-------------------------------------------------- 6.184619426727295
ASR : 0.044174360755849545
-------------------------------------------------- 6.150666236877441
ASR : 0.018393379468009258
-------------------------------------------------- 6.908737421035767
ASR : 0.02376555066021428
-------------------------------------------------- 6.510037660598755

-------------Round number: 400-------------

Evaluate personalized models
Averaged Train Loss: 0.2644
Averaged Test Accurancy: 0.5666
Std Test Accurancy: 0.1216
ASR : 0.02519625603643715
-------------------------------------------------- 19.093007802963257
ASR : 0.08879860733561803
-------------------------------------------------- 6.182315111160278
ASR : 0.04767206455823907
-------------------------------------------------- 6.464326620101929
ASR : 0.046159552623520235
-------------------------------------------------- 6.036336183547974
ASR : 0.02888654801715877
-------------------------------------------------- 6.355847597122192
ASR : 0.02508902865238331
-------------------------------------------------- 6.162795066833496
ASR : 0.023832785531702778
-------------------------------------------------- 6.375959634780884
ASR : 0.041779023884873076
-------------------------------------------------- 6.389935731887817
ASR : 0.025729543766274253
-------------------------------------------------- 6.403722763061523
ASR : 0.02233880123289282
-------------------------------------------------- 6.496934175491333

-------------Round number: 410-------------

Evaluate personalized models
Averaged Train Loss: 0.0402
Averaged Test Accurancy: 0.5669
Std Test Accurancy: 0.1189
ASR : 0.01634204666257943
-------------------------------------------------- 18.753631353378296
ASR : 0.031188599821921684
-------------------------------------------------- 6.2799012660980225
ASR : 0.025057906468675818
-------------------------------------------------- 6.208696365356445
ASR : 0.05696388907415398
-------------------------------------------------- 6.387959718704224
ASR : 0.033429117136674444
-------------------------------------------------- 6.4714460372924805
ASR : 0.02027040365289591
-------------------------------------------------- 6.2464025020599365
ASR : 0.039425953051036196
-------------------------------------------------- 6.335702180862427
ASR : 0.025274560769056768
-------------------------------------------------- 6.433140754699707
ASR : 0.043927071307500815
-------------------------------------------------- 6.290840148925781
ASR : 0.02718714681411522
-------------------------------------------------- 6.3675806522369385

-------------Round number: 420-------------

Evaluate personalized models
Averaged Train Loss: 0.0876
Averaged Test Accurancy: 0.5745
Std Test Accurancy: 0.1151
ASR : 0.03034243154130463
-------------------------------------------------- 19.042035341262817
ASR : 0.044672134786174704
-------------------------------------------------- 6.340932130813599
ASR : 0.03669656904770602
-------------------------------------------------- 6.312140464782715
ASR : 0.030105295858122706
-------------------------------------------------- 5.987885236740112
ASR : 0.027774234251767015
-------------------------------------------------- 6.322846412658691
ASR : 0.03312337231084696
-------------------------------------------------- 6.082215309143066
ASR : 0.025634884213003115
-------------------------------------------------- 6.575804710388184
ASR : 0.02908718833374193
-------------------------------------------------- 6.387244462966919
ASR : 0.028869506594943136
-------------------------------------------------- 6.273694038391113
ASR : 0.060330141692347204
-------------------------------------------------- 6.282510042190552

-------------Round number: 430-------------

Evaluate personalized models
Averaged Train Loss: 0.0840
Averaged Test Accurancy: 0.5790
Std Test Accurancy: 0.1164
ASR : 0.03690689095735537
-------------------------------------------------- 19.361745595932007
ASR : 0.030488198187492883
-------------------------------------------------- 6.4489569664001465
ASR : 0.03526988705704893
-------------------------------------------------- 6.089470624923706
ASR : 0.052771676854030766
-------------------------------------------------- 6.538756847381592
ASR : 0.02813175742643074
-------------------------------------------------- 6.5090272426605225
ASR : 0.037312876462505654
-------------------------------------------------- 6.528312921524048
ASR : 0.05385497204551858
-------------------------------------------------- 6.044131278991699
ASR : 0.033521980889618955
-------------------------------------------------- 6.171726703643799
ASR : 0.02621424438730193
-------------------------------------------------- 6.236370801925659
ASR : 0.025860051842642742
-------------------------------------------------- 6.304454803466797

-------------Round number: 440-------------

Evaluate personalized models
Averaged Train Loss: 0.1017
Averaged Test Accurancy: 0.5735
Std Test Accurancy: 0.1188
ASR : 0.056793661620588416
-------------------------------------------------- 18.87786626815796
ASR : 0.0361907795705893
-------------------------------------------------- 6.457278490066528
ASR : 0.034211867655953195
-------------------------------------------------- 6.444931268692017
ASR : 0.02711609493681844
-------------------------------------------------- 6.105616092681885
ASR : 0.02498084533462589
-------------------------------------------------- 6.437403202056885
ASR : 0.019948507950399555
-------------------------------------------------- 6.299784183502197
ASR : 0.02602807915576101
-------------------------------------------------- 6.2348785400390625
ASR : 0.02309795366720123
-------------------------------------------------- 6.22535252571106
ASR : 0.02090928342572651
-------------------------------------------------- 6.029064416885376
ASR : 0.02810952934392044
-------------------------------------------------- 6.2625298500061035

-------------Round number: 450-------------

Evaluate personalized models
Averaged Train Loss: 0.0769
Averaged Test Accurancy: 0.5753
Std Test Accurancy: 0.1213
ASR : 0.023891903083320197
-------------------------------------------------- 18.828378438949585
ASR : 0.03994401203164806
-------------------------------------------------- 6.426040410995483
ASR : 0.029094177014656136
-------------------------------------------------- 6.177113056182861
ASR : 0.02809494686392264
-------------------------------------------------- 6.336463689804077
ASR : 0.02891340996587049
-------------------------------------------------- 6.121155261993408
ASR : 0.02552159001867744
-------------------------------------------------- 6.377687692642212
ASR : 0.02658524178567192
-------------------------------------------------- 6.064738512039185
ASR : 0.02892628789892106
-------------------------------------------------- 6.1536314487457275
ASR : 0.03793796138246944
-------------------------------------------------- 6.060059547424316
ASR : 0.031128553915963798
-------------------------------------------------- 6.1544389724731445

-------------Round number: 460-------------

Evaluate personalized models
Averaged Train Loss: 0.0524
Averaged Test Accurancy: 0.5780
Std Test Accurancy: 0.1205
ASR : 0.034024142976408274
-------------------------------------------------- 19.13596224784851
ASR : 0.022992348904699644
-------------------------------------------------- 6.168503522872925
ASR : 0.037609448299291894
-------------------------------------------------- 5.959798097610474
ASR : 0.03631052812100419
-------------------------------------------------- 6.097392797470093
ASR : 0.024780523663334723
-------------------------------------------------- 6.494568109512329
ASR : 0.03555268464050521
-------------------------------------------------- 6.326677560806274
ASR : 0.030420605626449642
-------------------------------------------------- 6.376383304595947
ASR : 0.03422577036445653
-------------------------------------------------- 6.496798515319824
ASR : 0.030212988157712742
-------------------------------------------------- 6.339196443557739
ASR : 0.022890121902614382
-------------------------------------------------- 6.116081237792969

-------------Round number: 470-------------

Evaluate personalized models
Averaged Train Loss: 0.0497
Averaged Test Accurancy: 0.5830
Std Test Accurancy: 0.1216
ASR : 0.03734922320874396
-------------------------------------------------- 19.021175861358643
ASR : 0.023390449063470948
-------------------------------------------------- 6.325941324234009
ASR : 0.03467406695359021
-------------------------------------------------- 6.2538535594940186
ASR : 0.024291278361300364
-------------------------------------------------- 6.350141525268555
ASR : 0.020681035603499067
-------------------------------------------------- 6.119907379150391
ASR : 0.04025040492966521
-------------------------------------------------- 6.27412748336792
ASR : 0.024084323299211795
-------------------------------------------------- 6.448961496353149
ASR : 0.025614189439822896
-------------------------------------------------- 6.5277721881866455
ASR : 0.07711933223922045
-------------------------------------------------- 6.294635772705078
ASR : 0.041701818024986285
-------------------------------------------------- 6.335028171539307

-------------Round number: 480-------------

Evaluate personalized models
Averaged Train Loss: 0.0272
Averaged Test Accurancy: 0.5786
Std Test Accurancy: 0.1226
ASR : 0.034794279362152056
-------------------------------------------------- 19.053861141204834
ASR : 0.027649831594018768
-------------------------------------------------- 6.2538065910339355
ASR : 0.04761638977086128
-------------------------------------------------- 6.496434450149536
ASR : 0.04898520152869501
-------------------------------------------------- 6.14003586769104
ASR : 0.032639637334005864
-------------------------------------------------- 6.492157459259033
ASR : 0.02852135088450096
-------------------------------------------------- 6.3539533615112305
ASR : 0.03065612896556905
-------------------------------------------------- 6.322421073913574
ASR : 0.042511727888791165
-------------------------------------------------- 6.35790491104126
ASR : 0.030741808469810027
-------------------------------------------------- 6.410853385925293
ASR : 0.02437466494709157
-------------------------------------------------- 6.210796117782593

-------------Round number: 490-------------

Evaluate personalized models
Averaged Train Loss: 0.0580
Averaged Test Accurancy: 0.5779
Std Test Accurancy: 0.1181
ASR : 0.03678263469499792
-------------------------------------------------- 18.8319730758667
ASR : 0.03730113658235043
-------------------------------------------------- 6.326606750488281
ASR : 0.028732758369274424
-------------------------------------------------- 6.438311815261841
ASR : 0.03277832766132757
-------------------------------------------------- 6.297053098678589
ASR : 0.036931611589226615
-------------------------------------------------- 6.148712635040283
ASR : 0.04996267330277106
-------------------------------------------------- 6.607143878936768
ASR : 0.04661959736622892
-------------------------------------------------- 6.065232276916504
ASR : 0.037299740147549346
-------------------------------------------------- 6.279249429702759
ASR : 0.03195924120967168
-------------------------------------------------- 6.327839374542236
ASR : 0.0390491830819805
-------------------------------------------------- 6.25052285194397

-------------Round number: 500-------------

Evaluate personalized models
Averaged Train Loss: 0.0564
Averaged Test Accurancy: 0.5802
Std Test Accurancy: 0.1171
ASR : 0.03042559495837183
-------------------------------------------------- 18.883971452713013
ASR : 0.028943108550610823
-------------------------------------------------- 6.164738655090332
ASR : 0.03993038093763615
-------------------------------------------------- 6.443187475204468
ASR : 0.03565139286299575
-------------------------------------------------- 6.093980312347412
ASR : 0.026772518165909753
-------------------------------------------------- 6.127443075180054
ASR : 0.02150414987862582
-------------------------------------------------- 6.159651279449463
ASR : 0.041079223643652636
-------------------------------------------------- 6.546516180038452
ASR : 0.032578782292704035
-------------------------------------------------- 6.0300915241241455
ASR : 0.031007392830943677
-------------------------------------------------- 6.417476177215576
ASR : 0.025752615568751972
-------------------------------------------------- 6.27424693107605

-------------Round number: 510-------------

Evaluate personalized models
Averaged Train Loss: 0.1273
Averaged Test Accurancy: 0.5769
Std Test Accurancy: 0.1195
ASR : 0.022490170015284344
-------------------------------------------------- 18.84019947052002
ASR : 0.02878268627040686
-------------------------------------------------- 6.14154577255249
ASR : 0.028068404642212958
-------------------------------------------------- 6.252726793289185
ASR : 0.03204048663010738
-------------------------------------------------- 6.146953344345093
ASR : 0.036704293952749545
-------------------------------------------------- 6.1355767250061035
ASR : 0.04079399709099221
-------------------------------------------------- 6.336362600326538
ASR : 0.055688033575493824
-------------------------------------------------- 6.275384426116943
ASR : 0.03469051478407266
-------------------------------------------------- 6.326350450515747
ASR : 0.03818269476496245
-------------------------------------------------- 6.060883522033691
ASR : 0.039946107678673355
-------------------------------------------------- 6.29473876953125

-------------Round number: 520-------------

Evaluate personalized models
Averaged Train Loss: 0.0813
Averaged Test Accurancy: 0.5743
Std Test Accurancy: 0.1204
ASR : 0.0476870731415502
-------------------------------------------------- 19.044689416885376
ASR : 0.04194636081628976
-------------------------------------------------- 6.194947242736816
ASR : 0.03583020975237518
-------------------------------------------------- 6.066679000854492
ASR : 0.03922007409278993
-------------------------------------------------- 6.218152284622192
ASR : 0.03169374600228316
-------------------------------------------------- 6.4861741065979
ASR : 0.036284536920334495
-------------------------------------------------- 6.2038304805755615
ASR : 0.04203613958860073
-------------------------------------------------- 6.319734811782837
ASR : 0.03721691946451269
-------------------------------------------------- 6.368987560272217
ASR : 0.032697607147638044
-------------------------------------------------- 6.42261004447937
ASR : 0.04102672613855049
-------------------------------------------------- 6.336778879165649

-------------Round number: 530-------------

Evaluate personalized models
Averaged Train Loss: 0.0845
Averaged Test Accurancy: 0.5832
Std Test Accurancy: 0.1167
ASR : 0.0342201088181378
-------------------------------------------------- 18.917579174041748
ASR : 0.030058485520396472
-------------------------------------------------- 6.279610633850098
ASR : 0.02380198205571154
-------------------------------------------------- 6.118560552597046
ASR : 0.02931771575456752
-------------------------------------------------- 6.332401275634766
ASR : 0.02293749269485717
-------------------------------------------------- 6.492364883422852
ASR : 0.026419619761914107
-------------------------------------------------- 6.393897771835327
ASR : 0.026727304777465596
-------------------------------------------------- 6.159158229827881
ASR : 0.023143483239236397
-------------------------------------------------- 6.302414655685425
ASR : 0.023541971739611967
-------------------------------------------------- 6.2328314781188965
ASR : 0.02465449521174659
-------------------------------------------------- 6.413417339324951

-------------Round number: 540-------------

Evaluate personalized models
Averaged Train Loss: 0.0416
Averaged Test Accurancy: 0.5815
Std Test Accurancy: 0.1196
ASR : 0.031887181698848514
-------------------------------------------------- 18.873656749725342
ASR : 0.0316648612846105
-------------------------------------------------- 6.386809587478638
ASR : 0.03161510582142106
-------------------------------------------------- 6.193351745605469
ASR : 0.034044937433629435
-------------------------------------------------- 6.435500383377075
ASR : 0.017193017328604128
-------------------------------------------------- 6.30334210395813
ASR : 0.036201176665562336
-------------------------------------------------- 6.252010822296143
ASR : 0.024191404982468443
-------------------------------------------------- 6.6092588901519775
ASR : 0.025288914619939602
-------------------------------------------------- 6.692128896713257
ASR : 0.035239903477656605
-------------------------------------------------- 6.335310935974121
ASR : 0.03955268427403175
-------------------------------------------------- 6.227864027023315

-------------Round number: 550-------------

Evaluate personalized models
Averaged Train Loss: 0.0346
Averaged Test Accurancy: 0.5811
Std Test Accurancy: 0.1184
ASR : 0.027005045348829144
-------------------------------------------------- 18.99529194831848
ASR : 0.03775208621022877
-------------------------------------------------- 6.3100011348724365
ASR : 0.037134102685898694
-------------------------------------------------- 6.5055015087127686
ASR : 0.026536893311733645
-------------------------------------------------- 6.246251344680786
ASR : 0.027165853489068297
-------------------------------------------------- 5.972576141357422
ASR : 0.030913102100948282
-------------------------------------------------- 6.2056684494018555
ASR : 0.026683725762881583
-------------------------------------------------- 6.298028230667114
ASR : 0.029682103335917216
-------------------------------------------------- 6.070053339004517
ASR : 0.022236038164964816
-------------------------------------------------- 5.96243143081665
ASR : 0.026124722139647952
-------------------------------------------------- 6.044121742248535

-------------Round number: 560-------------

Evaluate personalized models
Averaged Train Loss: 0.0409
Averaged Test Accurancy: 0.5766
Std Test Accurancy: 0.1242
ASR : 0.031160088986987758
-------------------------------------------------- 18.75021505355835
ASR : 0.027857788582219125
-------------------------------------------------- 6.285079479217529
ASR : 0.027488546835401837
-------------------------------------------------- 6.202549934387207
ASR : 0.020803389916745456
-------------------------------------------------- 6.050518751144409
ASR : 0.0276043980712993
-------------------------------------------------- 6.399242401123047
ASR : 0.03583464817673883
-------------------------------------------------- 6.3197340965271
ASR : 0.02307721370612639
-------------------------------------------------- 6.186320066452026
ASR : 0.021536136203697258
-------------------------------------------------- 6.243707656860352
ASR : 0.03657282194870486
-------------------------------------------------- 6.251383543014526
ASR : 0.03410900016736593
-------------------------------------------------- 6.281928539276123

-------------Round number: 570-------------

Evaluate personalized models
Averaged Train Loss: 0.0341
Averaged Test Accurancy: 0.5761
Std Test Accurancy: 0.1232
ASR : 0.025981769691710625
-------------------------------------------------- 19.01100468635559
ASR : 0.026975732379910196
-------------------------------------------------- 6.327484607696533
ASR : 0.05404587684343539
-------------------------------------------------- 6.221648931503296
ASR : 0.05187071318468965
-------------------------------------------------- 6.286974191665649
ASR : 0.035671823656347794
-------------------------------------------------- 6.2042012214660645
ASR : 0.03285020301230551
-------------------------------------------------- 6.255168676376343
ASR : 0.04030104252864447
-------------------------------------------------- 6.558688402175903
ASR : 0.027349797956529864
-------------------------------------------------- 6.383754253387451
ASR : 0.03885867102997956
-------------------------------------------------- 6.301470994949341
ASR : 0.024628636380326575
-------------------------------------------------- 6.208249092102051

-------------Round number: 580-------------

Evaluate personalized models
Averaged Train Loss: 0.0829
Averaged Test Accurancy: 0.5761
Std Test Accurancy: 0.1230
ASR : 0.03306436348085738
-------------------------------------------------- 19.17124843597412
ASR : 0.025281880154041054
-------------------------------------------------- 6.433528661727905
ASR : 0.024236884382270278
-------------------------------------------------- 6.066200494766235
ASR : 0.029170435606033867
-------------------------------------------------- 6.485324382781982
ASR : 0.044609850666276755
-------------------------------------------------- 6.468755006790161
ASR : 0.053052632207552006
-------------------------------------------------- 6.187028408050537
ASR : 0.03994757853285221
-------------------------------------------------- 6.279094219207764
ASR : 0.029536909977673668
-------------------------------------------------- 6.144981861114502
ASR : 0.030204650723335467
-------------------------------------------------- 6.127421140670776
ASR : 0.0325268695693579
-------------------------------------------------- 6.549591302871704

-------------Round number: 590-------------

Evaluate personalized models
Averaged Train Loss: nan
Averaged Test Accurancy: 0.0979
Std Test Accurancy: 0.1632
ASR : 0.08888888888888889
-------------------------------------------------- 19.439016342163086
ASR : 1.0
-------------------------------------------------- 6.474063396453857
ASR : 1.0
-------------------------------------------------- 6.5069239139556885
ASR : 1.0
-------------------------------------------------- 6.184144973754883
ASR : 1.0
-------------------------------------------------- 6.208078622817993
ASR : 1.0
-------------------------------------------------- 6.335096120834351
ASR : 1.0
-------------------------------------------------- 6.354409456253052
ASR : 1.0
-------------------------------------------------- 5.869243621826172
ASR : 1.0
-------------------------------------------------- 6.18158483505249
ASR : 1.0
-------------------------------------------------- 6.553676128387451

-------------Round number: 600-------------

Evaluate personalized models
Averaged Train Loss: nan
Averaged Test Accurancy: 0.0991
Std Test Accurancy: 0.1381
ASR : 1.0
-------------------------------------------------- 18.889776706695557
ASR : 1.0
-------------------------------------------------- 6.455464601516724
ASR : 1.0
-------------------------------------------------- 6.203418731689453
ASR : 1.0
-------------------------------------------------- 6.381324291229248
ASR : 1.0
-------------------------------------------------- 6.172987222671509
ASR : 1.0
-------------------------------------------------- 6.442540407180786
ASR : 1.0
-------------------------------------------------- 6.291058301925659
ASR : 1.0
-------------------------------------------------- 6.310860872268677
ASR : 1.0
-------------------------------------------------- 6.058744192123413
ASR : 1.0
-------------------------------------------------- 6.132136583328247

-------------Round number: 610-------------

Evaluate personalized models
Averaged Train Loss: nan
Averaged Test Accurancy: 0.0991
Std Test Accurancy: 0.1381
ASR : 1.0
-------------------------------------------------- 18.812022924423218
ASR : 1.0
-------------------------------------------------- 6.318918228149414
ASR : 1.0
-------------------------------------------------- 6.0951783657073975
ASR : 1.0
-------------------------------------------------- 6.332509994506836
ASR : 1.0
-------------------------------------------------- 6.116061687469482
ASR : 1.0
-------------------------------------------------- 6.349096775054932
ASR : 1.0
-------------------------------------------------- 6.555264472961426
ASR : 1.0
-------------------------------------------------- 6.4579455852508545
ASR : 1.0
-------------------------------------------------- 6.704814434051514
ASR : 1.0
-------------------------------------------------- 6.422462463378906

-------------Round number: 620-------------

Evaluate personalized models
Averaged Train Loss: nan
Averaged Test Accurancy: 0.0991
Std Test Accurancy: 0.1381
ASR : 1.0
-------------------------------------------------- 19.358846187591553
ASR : 1.0
-------------------------------------------------- 6.097361326217651
ASR : 1.0
-------------------------------------------------- 6.394857406616211
ASR : 1.0
-------------------------------------------------- 6.21608567237854
ASR : 1.0
-------------------------------------------------- 6.139017343521118
ASR : 1.0
-------------------------------------------------- 6.144344329833984
ASR : 1.0
-------------------------------------------------- 6.291370868682861
ASR : 1.0
-------------------------------------------------- 5.91455078125
ASR : 1.0
-------------------------------------------------- 6.327293157577515
ASR : 1.0
-------------------------------------------------- 6.337749004364014

-------------Round number: 630-------------

Evaluate personalized models
Averaged Train Loss: nan
Averaged Test Accurancy: 0.0991
Std Test Accurancy: 0.1381
ASR : 1.0
-------------------------------------------------- 19.002982139587402
ASR : 1.0
-------------------------------------------------- 6.401381492614746
ASR : 1.0
-------------------------------------------------- 6.700628995895386
ASR : 1.0
-------------------------------------------------- 5.9091620445251465
ASR : 1.0
-------------------------------------------------- 6.457376956939697
ASR : 1.0
-------------------------------------------------- 6.536303758621216
ASR : 1.0
-------------------------------------------------- 5.957458257675171
ASR : 1.0
-------------------------------------------------- 5.929113388061523
ASR : 1.0
-------------------------------------------------- 6.187540531158447
ASR : 1.0
-------------------------------------------------- 6.24434757232666

-------------Round number: 640-------------

Evaluate personalized models
Averaged Train Loss: nan
Averaged Test Accurancy: 0.0991
Std Test Accurancy: 0.1381
ASR : 1.0
-------------------------------------------------- 18.779268741607666
ASR : 1.0
-------------------------------------------------- 5.995376348495483
ASR : 1.0
-------------------------------------------------- 6.018370151519775
ASR : 1.0
-------------------------------------------------- 6.3281426429748535
ASR : 1.0
-------------------------------------------------- 6.071680784225464
ASR : 1.0
-------------------------------------------------- 6.325302839279175
ASR : 1.0
-------------------------------------------------- 6.21829891204834
ASR : 1.0
-------------------------------------------------- 6.294122695922852
ASR : 1.0
-------------------------------------------------- 6.456476926803589
ASR : 1.0
-------------------------------------------------- 6.446573972702026

-------------Round number: 650-------------

Evaluate personalized models
Averaged Train Loss: nan
Averaged Test Accurancy: 0.0991
Std Test Accurancy: 0.1381
ASR : 1.0
-------------------------------------------------- 19.1400043964386
ASR : 1.0
-------------------------------------------------- 6.1494691371917725
ASR : 1.0
-------------------------------------------------- 6.402028799057007
ASR : 1.0
-------------------------------------------------- 6.443233489990234
ASR : 1.0
-------------------------------------------------- 6.521106719970703
ASR : 1.0
-------------------------------------------------- 6.1796555519104
ASR : 1.0
-------------------------------------------------- 6.380461931228638
ASR : 1.0
-------------------------------------------------- 6.388113975524902
ASR : 1.0
-------------------------------------------------- 6.299169063568115
ASR : 1.0
-------------------------------------------------- 6.347734689712524

-------------Round number: 660-------------

Evaluate personalized models
Averaged Train Loss: nan
Averaged Test Accurancy: 0.0991
Std Test Accurancy: 0.1381
ASR : 1.0
-------------------------------------------------- 18.916455507278442
ASR : 1.0
-------------------------------------------------- 6.295631408691406
ASR : 1.0
-------------------------------------------------- 6.575748682022095
ASR : 1.0
-------------------------------------------------- 6.340685844421387
ASR : 1.0
-------------------------------------------------- 6.170385837554932
ASR : 1.0
-------------------------------------------------- 6.1211934089660645
ASR : 1.0
-------------------------------------------------- 6.334777593612671
ASR : 1.0
-------------------------------------------------- 6.084780693054199
ASR : 1.0
-------------------------------------------------- 6.169725656509399
ASR : 1.0
-------------------------------------------------- 6.11206579208374

-------------Round number: 670-------------

Evaluate personalized models
Averaged Train Loss: nan
Averaged Test Accurancy: 0.0991
Std Test Accurancy: 0.1381
ASR : 1.0
-------------------------------------------------- 19.160842895507812
ASR : 1.0
-------------------------------------------------- 6.144669771194458
ASR : 1.0
-------------------------------------------------- 6.3498053550720215
ASR : 1.0
-------------------------------------------------- 6.270583629608154
ASR : 1.0
-------------------------------------------------- 6.493594169616699
ASR : 1.0
-------------------------------------------------- 6.504961013793945
ASR : 1.0
-------------------------------------------------- 6.45336127281189
ASR : 1.0
-------------------------------------------------- 6.257076740264893
ASR : 1.0
-------------------------------------------------- 5.9065985679626465
ASR : 1.0
-------------------------------------------------- 6.105798006057739

-------------Round number: 680-------------

Evaluate personalized models
Averaged Train Loss: nan
Averaged Test Accurancy: 0.0991
Std Test Accurancy: 0.1381
ASR : 1.0
-------------------------------------------------- 19.09339737892151
ASR : 1.0
-------------------------------------------------- 6.2676286697387695
ASR : 1.0
-------------------------------------------------- 6.6786603927612305
ASR : 1.0
-------------------------------------------------- 6.404703855514526
ASR : 1.0
-------------------------------------------------- 6.157626628875732
ASR : 1.0
-------------------------------------------------- 6.143181800842285
ASR : 1.0
-------------------------------------------------- 6.164249897003174
ASR : 1.0
-------------------------------------------------- 6.5443384647369385
ASR : 1.0
-------------------------------------------------- 6.251450061798096
ASR : 1.0
-------------------------------------------------- 6.260449409484863

-------------Round number: 690-------------

Evaluate personalized models
Averaged Train Loss: nan
Averaged Test Accurancy: 0.0991
Std Test Accurancy: 0.1381
ASR : 1.0
-------------------------------------------------- 19.075211763381958
ASR : 1.0
-------------------------------------------------- 6.112878322601318
ASR : 1.0
-------------------------------------------------- 6.0580971240997314
ASR : 1.0
-------------------------------------------------- 6.245771646499634
ASR : 1.0
-------------------------------------------------- 6.562504053115845
ASR : 1.0
-------------------------------------------------- 6.317100763320923
ASR : 1.0
-------------------------------------------------- 6.335410118103027
ASR : 1.0
-------------------------------------------------- 6.263659238815308
ASR : 1.0
-------------------------------------------------- 6.395110845565796
ASR : 1.0
-------------------------------------------------- 6.307685136795044

-------------Round number: 700-------------

Evaluate personalized models
Averaged Train Loss: nan
Averaged Test Accurancy: 0.0991
Std Test Accurancy: 0.1381
ASR : 1.0
-------------------------------------------------- 19.417898654937744
ASR : 1.0
-------------------------------------------------- 6.3926239013671875
ASR : 1.0
-------------------------------------------------- 6.220834255218506
ASR : 1.0
-------------------------------------------------- 6.323401689529419
ASR : 1.0
-------------------------------------------------- 6.344017267227173
ASR : 1.0
-------------------------------------------------- 6.2534096240997314
ASR : 1.0
-------------------------------------------------- 6.384459018707275
ASR : 1.0
-------------------------------------------------- 6.161640644073486
ASR : 1.0
-------------------------------------------------- 6.19310736656189
ASR : 1.0
-------------------------------------------------- 6.420774459838867

-------------Round number: 710-------------

Evaluate personalized models
Averaged Train Loss: nan
Averaged Test Accurancy: 0.0991
Std Test Accurancy: 0.1381
ASR : 1.0
-------------------------------------------------- 18.670364379882812
ASR : 1.0
-------------------------------------------------- 6.409143447875977
ASR : 1.0
-------------------------------------------------- 6.460803985595703
ASR : 1.0
-------------------------------------------------- 6.49733829498291
ASR : 1.0
-------------------------------------------------- 6.414724349975586
ASR : 1.0
-------------------------------------------------- 6.096567392349243
ASR : 1.0
-------------------------------------------------- 6.543017864227295
ASR : 1.0
-------------------------------------------------- 6.126711368560791
ASR : 1.0
-------------------------------------------------- 6.3847174644470215
ASR : 1.0
-------------------------------------------------- 5.969378471374512

-------------Round number: 720-------------

Evaluate personalized models
Averaged Train Loss: nan
Averaged Test Accurancy: 0.0991
Std Test Accurancy: 0.1381
ASR : 1.0
-------------------------------------------------- 18.824654817581177
ASR : 1.0
-------------------------------------------------- 5.942237854003906
ASR : 1.0
-------------------------------------------------- 6.028331279754639
ASR : 1.0
-------------------------------------------------- 6.019206523895264
ASR : 1.0
-------------------------------------------------- 6.44176459312439
ASR : 1.0
-------------------------------------------------- 6.3285253047943115
ASR : 1.0
-------------------------------------------------- 6.229834794998169
ASR : 1.0
-------------------------------------------------- 6.587336540222168
ASR : 1.0
-------------------------------------------------- 6.122452735900879
ASR : 1.0
-------------------------------------------------- 6.035401344299316

-------------Round number: 730-------------

Evaluate personalized models
Averaged Train Loss: nan
Averaged Test Accurancy: 0.0991
Std Test Accurancy: 0.1381
ASR : 1.0
-------------------------------------------------- 18.91412329673767
ASR : 1.0
-------------------------------------------------- 6.323935508728027
ASR : 1.0
-------------------------------------------------- 6.58381724357605
ASR : 1.0
-------------------------------------------------- 6.535685777664185
ASR : 1.0
-------------------------------------------------- 6.36114764213562
ASR : 1.0
-------------------------------------------------- 6.217272520065308
ASR : 1.0
-------------------------------------------------- 6.4591593742370605
ASR : 1.0
-------------------------------------------------- 6.124960899353027
ASR : 1.0
-------------------------------------------------- 6.330156087875366
ASR : 1.0
-------------------------------------------------- 6.2428929805755615

-------------Round number: 740-------------

Evaluate personalized models
Averaged Train Loss: nan
Averaged Test Accurancy: 0.0991
Std Test Accurancy: 0.1381
ASR : 1.0
-------------------------------------------------- 19.102948665618896
ASR : 1.0
-------------------------------------------------- 6.3838417530059814
ASR : 1.0
-------------------------------------------------- 6.201941728591919
ASR : 1.0
-------------------------------------------------- 6.233443975448608
ASR : 1.0
-------------------------------------------------- 6.287175178527832
ASR : 1.0
-------------------------------------------------- 6.263492107391357
ASR : 1.0
-------------------------------------------------- 6.0641865730285645
ASR : 1.0
-------------------------------------------------- 6.328546047210693
ASR : 1.0
-------------------------------------------------- 6.3838770389556885
ASR : 1.0
-------------------------------------------------- 6.225159168243408

-------------Round number: 750-------------

Evaluate personalized models
Averaged Train Loss: nan
Averaged Test Accurancy: 0.0991
Std Test Accurancy: 0.1381
ASR : 1.0
-------------------------------------------------- 18.99653196334839
ASR : 1.0
-------------------------------------------------- 6.343627452850342
ASR : 1.0
-------------------------------------------------- 6.464068174362183
ASR : 1.0
-------------------------------------------------- 6.131053447723389
ASR : 1.0
-------------------------------------------------- 6.36718487739563
ASR : 1.0
-------------------------------------------------- 6.236947059631348
ASR : 1.0
-------------------------------------------------- 6.453660726547241
ASR : 1.0
-------------------------------------------------- 6.447877883911133
ASR : 1.0
-------------------------------------------------- 6.26363730430603
ASR : 1.0
-------------------------------------------------- 6.255583763122559

-------------Round number: 760-------------

Evaluate personalized models
Averaged Train Loss: nan
Averaged Test Accurancy: 0.0991
Std Test Accurancy: 0.1381
ASR : 1.0
-------------------------------------------------- 18.77568006515503
ASR : 1.0
-------------------------------------------------- 6.232503175735474
ASR : 1.0
-------------------------------------------------- 5.86493182182312
ASR : 1.0
-------------------------------------------------- 6.850508213043213
ASR : 1.0
-------------------------------------------------- 6.279382944107056
ASR : 1.0
-------------------------------------------------- 6.770366668701172
ASR : 1.0
-------------------------------------------------- 6.127061128616333
ASR : 1.0
-------------------------------------------------- 6.073261022567749
ASR : 1.0
-------------------------------------------------- 6.75407600402832
ASR : 1.0
-------------------------------------------------- 6.442194700241089

-------------Round number: 770-------------

Evaluate personalized models
Averaged Train Loss: nan
Averaged Test Accurancy: 0.0991
Std Test Accurancy: 0.1381
ASR : 1.0
-------------------------------------------------- 19.47122550010681
ASR : 1.0
-------------------------------------------------- 6.15029239654541
ASR : 1.0
-------------------------------------------------- 6.405523777008057
ASR : 1.0
-------------------------------------------------- 6.092763185501099
ASR : 1.0
-------------------------------------------------- 6.230638265609741
ASR : 1.0
-------------------------------------------------- 6.260269403457642
ASR : 1.0
-------------------------------------------------- 6.058341026306152
ASR : 1.0
-------------------------------------------------- 6.127426862716675
ASR : 1.0
-------------------------------------------------- 6.418226003646851
ASR : 1.0
-------------------------------------------------- 6.394291162490845

-------------Round number: 780-------------

Evaluate personalized models
Averaged Train Loss: nan
Averaged Test Accurancy: 0.0991
Std Test Accurancy: 0.1381
ASR : 1.0
-------------------------------------------------- 19.03490447998047
ASR : 1.0
-------------------------------------------------- 6.163487195968628
ASR : 1.0
-------------------------------------------------- 6.403252840042114
ASR : 1.0
-------------------------------------------------- 6.328707695007324
ASR : 1.0
-------------------------------------------------- 6.259589433670044
ASR : 1.0
-------------------------------------------------- 6.313324451446533
ASR : 1.0
-------------------------------------------------- 6.289153814315796
ASR : 1.0
-------------------------------------------------- 6.196847438812256
ASR : 1.0
-------------------------------------------------- 6.3928821086883545
ASR : 1.0
-------------------------------------------------- 6.373363733291626

-------------Round number: 790-------------

Evaluate personalized models
Averaged Train Loss: nan
Averaged Test Accurancy: 0.0991
Std Test Accurancy: 0.1381
ASR : 1.0
-------------------------------------------------- 19.09240198135376
ASR : 1.0
-------------------------------------------------- 6.6620118618011475
ASR : 1.0
-------------------------------------------------- 6.350165843963623
ASR : 1.0
-------------------------------------------------- 6.053203344345093
ASR : 1.0
-------------------------------------------------- 6.36399245262146
ASR : 1.0
-------------------------------------------------- 6.270868301391602
ASR : 1.0
-------------------------------------------------- 6.275333642959595
ASR : 1.0
-------------------------------------------------- 6.230490207672119
ASR : 1.0
-------------------------------------------------- 6.330082416534424
ASR : 1.0
-------------------------------------------------- 6.271302700042725

-------------Round number: 800-------------

Evaluate personalized models
Averaged Train Loss: nan
Averaged Test Accurancy: 0.0991
Std Test Accurancy: 0.1381
ASR : 1.0
-------------------------------------------------- 19.105031967163086

Best accuracy.
0.583208769307424
7.566296645998955
File path: ./results/Cifar10_dir0.5_bdoor0.2_nclient_100_sig_adv10_FedPD_PFL06_FEDPD_SIG_0.h5

Average time cost: 6066.52s.
Length:  81
std for best accurancy: 0.0
mean for best accurancy: 0.583208769307424
All done!
