==================================================
goal = PFL04_FEDPD_BADNET
device = cuda
join_ratio = 0.1
device_id = 3
dataset = Cifar10_dir0.5_bdoor0.2_nclient_100_badnet_adv10
num_classes = 10
model = ResNet18
batch_size = 64
local_learning_rate = 0.1
learning_rate_decay = False
learning_rate_decay_gamma = 0.99
global_rounds = 800
top_cnt = 100
local_epochs = 1
algorithm = FedPD
num_clients = 100
eval_gap = 10
save_folder_name = items
auto_break = False
batch_num_per_client = 2
feature_dim = 512
vocab_size = 32000
max_len = 200
client_drop_rate = 0.0
time_select = False
time_threthold = 10000
send_slow_rate = 0.0
beta = 0.0
lamda = 1.0
mu = 0.0
K = 5
p_learning_rate = 0.01
M = 5
itk = 4000
alphaK = 1.0
sigma = 1.0
alpha = 1.0
plocal_epochs = 1
lr_head = 0.1
tau = 1.0
fine_tuning_epochs = 10
dr_learning_rate = 0.0
L = 1.0
noise_dim = 512
generator_learning_rate = 0.005
hidden_dim = 512
server_epochs = 1000
localize_feature_extractor = False
server_learning_rate = 1.0
eta = 1.0
rand_percent = 80
layer_idx = 2
mentee_learning_rate = 0.005
T_start = 0.95
T_end = 0.98
momentum = 0.1
kl_weight = 0.0
disti_epochs = 1
protect_id = 1
adv_eps = 0.0
adv_num_iter = 0
defense_epochs = 1
clean_data = 5000
sdmk_m = 7
sdmk_k = 5
delta = 0.5
sim_threshold = 0.7
rt_beta = 0.2
num_adv_clients = 10
lambda_cl = 0.2
aug_strength = 0.1
mask_tau = 6.0
mask_alpha = 0.3
enable_channel_mask = True
cosine_gate = False
cosine_gate_threshold = 0.3
cosine_gate_alpha = 0.5
trim_high_layers = 
trim_beta_high = None
trim_beta_low = None
purify_enable = False
purify_beta = 0.0
purify_feature_beta = 0.0
purify_logit_beta = 0.0
purify_temperature = 2.0
purify_start_round = 1
purify_layers = layer4
purify_teacher_momentum = 0.9
purify_teacher_cpu_half = True
attack = none
ba_target_label = 0
ba_poison_rate = 0.2
ba_trigger_gen_steps = 30
ba_trigger_gen_lr = 0.01
ba_pgd_eps = 0.0314
ba_trigger_scale = 8.0
pfedba_target_label = 0
pfedba_poison_rate = 0.5
pfedba_poison_count = -1
pfedba_poison_before_start = False
pfedba_attack_start = 30
pfedba_trigger_opt_steps = 15
pfedba_trigger_lr = 0.1
pfedba_init_value = 0.5
pfedba_patch_size = 8
pfedba_patch_position = center
pfedba_img_c = 3
pfedba_img_h = 32
pfedba_img_w = 32
pfedba_align_grad_weight = 1.0
pfedba_align_loss_weight = 1.0
pfedba_attack_loss_weight = 1.0
pfedba_opt_samples_per_class = 100
pfedba_opt_batch_size = 64
pfedba_opt_max_batches_per_client = 20
logit_analysis = False
logit_reject_thresholds = 0.5,0.6,0.7,0.8
logit_entropy_thresholds = 1.0,1.5,2.0
logit_margin_thresholds = 0.1,0.2,0.3
==================================================

============= Running time: 0th =============
Creating server and clients ...
ResNet(
  (conv1): Conv2d(3, 64, kernel_size=(3, 3), stride=(1, 1), padding=(1, 1), bias=False)
  (bn1): BatchNorm2d(64, eps=1e-05, momentum=0.1, affine=True, track_running_stats=True)
  (relu): ReLU(inplace=True)
  (layer1): Sequential(
    (0): BasicBlock(
      (conv1): Conv2d(64, 64, kernel_size=(3, 3), stride=(1, 1), padding=(1, 1), bias=False)
      (bn1): BatchNorm2d(64, eps=1e-05, momentum=0.1, affine=True, track_running_stats=True)
      (relu): ReLU(inplace=True)
      (conv2): Conv2d(64, 64, kernel_size=(3, 3), stride=(1, 1), padding=(1, 1), bias=False)
      (bn2): BatchNorm2d(64, eps=1e-05, momentum=0.1, affine=True, track_running_stats=True)
    )
    (1): BasicBlock(
      (conv1): Conv2d(64, 64, kernel_size=(3, 3), stride=(1, 1), padding=(1, 1), bias=False)
      (bn1): BatchNorm2d(64, eps=1e-05, momentum=0.1, affine=True, track_running_stats=True)
      (relu): ReLU(inplace=True)
      (conv2): Conv2d(64, 64, kernel_size=(3, 3), stride=(1, 1), padding=(1, 1), bias=False)
      (bn2): BatchNorm2d(64, eps=1e-05, momentum=0.1, affine=True, track_running_stats=True)
    )
  )
  (layer2): Sequential(
    (0): BasicBlock(
      (conv1): Conv2d(64, 128, kernel_size=(3, 3), stride=(2, 2), padding=(1, 1), bias=False)
      (bn1): BatchNorm2d(128, eps=1e-05, momentum=0.1, affine=True, track_running_stats=True)
      (relu): ReLU(inplace=True)
      (conv2): Conv2d(128, 128, kernel_size=(3, 3), stride=(1, 1), padding=(1, 1), bias=False)
      (bn2): BatchNorm2d(128, eps=1e-05, momentum=0.1, affine=True, track_running_stats=True)
      (downsample): Sequential(
        (0): Conv2d(64, 128, kernel_size=(1, 1), stride=(2, 2), bias=False)
        (1): BatchNorm2d(128, eps=1e-05, momentum=0.1, affine=True, track_running_stats=True)
      )
    )
    (1): BasicBlock(
      (conv1): Conv2d(128, 128, kernel_size=(3, 3), stride=(1, 1), padding=(1, 1), bias=False)
      (bn1): BatchNorm2d(128, eps=1e-05, momentum=0.1, affine=True, track_running_stats=True)
      (relu): ReLU(inplace=True)
      (conv2): Conv2d(128, 128, kernel_size=(3, 3), stride=(1, 1), padding=(1, 1), bias=False)
      (bn2): BatchNorm2d(128, eps=1e-05, momentum=0.1, affine=True, track_running_stats=True)
    )
  )
  (layer3): Sequential(
    (0): BasicBlock(
      (conv1): Conv2d(128, 256, kernel_size=(3, 3), stride=(2, 2), padding=(1, 1), bias=False)
      (bn1): BatchNorm2d(256, eps=1e-05, momentum=0.1, affine=True, track_running_stats=True)
      (relu): ReLU(inplace=True)
      (conv2): Conv2d(256, 256, kernel_size=(3, 3), stride=(1, 1), padding=(1, 1), bias=False)
      (bn2): BatchNorm2d(256, eps=1e-05, momentum=0.1, affine=True, track_running_stats=True)
      (downsample): Sequential(
        (0): Conv2d(128, 256, kernel_size=(1, 1), stride=(2, 2), bias=False)
        (1): BatchNorm2d(256, eps=1e-05, momentum=0.1, affine=True, track_running_stats=True)
      )
    )
    (1): BasicBlock(
      (conv1): Conv2d(256, 256, kernel_size=(3, 3), stride=(1, 1), padding=(1, 1), bias=False)
      (bn1): BatchNorm2d(256, eps=1e-05, momentum=0.1, affine=True, track_running_stats=True)
      (relu): ReLU(inplace=True)
      (conv2): Conv2d(256, 256, kernel_size=(3, 3), stride=(1, 1), padding=(1, 1), bias=False)
      (bn2): BatchNorm2d(256, eps=1e-05, momentum=0.1, affine=True, track_running_stats=True)
    )
  )
  (layer4): Sequential(
    (0): BasicBlock(
      (conv1): Conv2d(256, 512, kernel_size=(3, 3), stride=(2, 2), padding=(1, 1), bias=False)
      (bn1): BatchNorm2d(512, eps=1e-05, momentum=0.1, affine=True, track_running_stats=True)
      (relu): ReLU(inplace=True)
      (conv2): Conv2d(512, 512, kernel_size=(3, 3), stride=(1, 1), padding=(1, 1), bias=False)
      (bn2): BatchNorm2d(512, eps=1e-05, momentum=0.1, affine=True, track_running_stats=True)
      (downsample): Sequential(
        (0): Conv2d(256, 512, kernel_size=(1, 1), stride=(2, 2), bias=False)
        (1): BatchNorm2d(512, eps=1e-05, momentum=0.1, affine=True, track_running_stats=True)
      )
    )
    (1): BasicBlock(
      (conv1): Conv2d(512, 512, kernel_size=(3, 3), stride=(1, 1), padding=(1, 1), bias=False)
      (bn1): BatchNorm2d(512, eps=1e-05, momentum=0.1, affine=True, track_running_stats=True)
      (relu): ReLU(inplace=True)
      (conv2): Conv2d(512, 512, kernel_size=(3, 3), stride=(1, 1), padding=(1, 1), bias=False)
      (bn2): BatchNorm2d(512, eps=1e-05, momentum=0.1, affine=True, track_running_stats=True)
    )
  )
  (avgpool): AdaptiveAvgPool2d(output_size=(1, 1))
  (fc): Linear(in_features=512, out_features=10, bias=True)
)

Join ratio / total clients: 0.1 / 100
Finished creating server and clients.

-------------Round number: 0-------------

Evaluate personalized models
Averaged Train Loss: 2.4222
Averaged Test Accurancy: 0.0000
Std Test Accurancy: 0.0000
ASR : 0.0
-------------------------------------------------- 9.122134923934937
ASR : 0.4962312642244646
-------------------------------------------------- 7.030049800872803
ASR : 0.08732973663973854
-------------------------------------------------- 6.4147539138793945
ASR : 0.004333817806086932
-------------------------------------------------- 6.394901275634766
ASR : 0.6043180575797618
-------------------------------------------------- 6.208406448364258
ASR : 0.055949223010530215
-------------------------------------------------- 6.1291344165802
ASR : 0.1426912972320716
-------------------------------------------------- 6.065736770629883
ASR : 0.4497119645633779
-------------------------------------------------- 6.498428821563721
ASR : 0.018054800879251598
-------------------------------------------------- 6.616891145706177
ASR : 0.22030782338340155
-------------------------------------------------- 6.010359287261963

-------------Round number: 10-------------

Evaluate personalized models
Averaged Train Loss: 19.3002
Averaged Test Accurancy: 0.1157
Std Test Accurancy: 0.1236
ASR : 0.4058497810928442
-------------------------------------------------- 18.99028205871582
ASR : 0.09149034099667203
-------------------------------------------------- 6.211225271224976
ASR : 0.02930300625565619
-------------------------------------------------- 6.3742921352386475
ASR : 0.36541417563354217
-------------------------------------------------- 6.352790117263794
ASR : 0.024132464353454366
-------------------------------------------------- 6.5927793979644775
ASR : 0.29503711341249245
-------------------------------------------------- 6.605026960372925
ASR : 0.007426530240327484
-------------------------------------------------- 6.460584402084351
ASR : 0.08888888888888889
-------------------------------------------------- 6.242065191268921
ASR : 1.0
-------------------------------------------------- 6.173763751983643
ASR : 1.0
-------------------------------------------------- 6.418834924697876

-------------Round number: 20-------------

Evaluate personalized models
Averaged Train Loss: nan
Averaged Test Accurancy: 0.0991
Std Test Accurancy: 0.1381
ASR : 1.0
-------------------------------------------------- 19.297187089920044
ASR : 1.0
-------------------------------------------------- 6.6447460651397705
ASR : 1.0
-------------------------------------------------- 6.41663670539856
ASR : 1.0
-------------------------------------------------- 5.984225034713745
ASR : 1.0
-------------------------------------------------- 6.275974988937378
ASR : 1.0
-------------------------------------------------- 6.401878833770752
ASR : 1.0
-------------------------------------------------- 6.084782361984253
ASR : 1.0
-------------------------------------------------- 6.319389820098877
ASR : 1.0
-------------------------------------------------- 6.543838024139404
ASR : 1.0
-------------------------------------------------- 6.481667518615723

-------------Round number: 30-------------

Evaluate personalized models
Averaged Train Loss: nan
Averaged Test Accurancy: 0.0991
Std Test Accurancy: 0.1381
ASR : 1.0
-------------------------------------------------- 19.249675273895264
ASR : 1.0
-------------------------------------------------- 6.335285425186157
ASR : 1.0
-------------------------------------------------- 6.13435959815979
ASR : 1.0
-------------------------------------------------- 6.542077302932739
ASR : 1.0
-------------------------------------------------- 6.269017696380615
ASR : 1.0
-------------------------------------------------- 6.3304736614227295
ASR : 1.0
-------------------------------------------------- 5.941859245300293
ASR : 1.0
-------------------------------------------------- 5.8499884605407715
ASR : 1.0
-------------------------------------------------- 6.2358245849609375
ASR : 1.0
-------------------------------------------------- 6.197003126144409

-------------Round number: 40-------------

Evaluate personalized models
Averaged Train Loss: nan
Averaged Test Accurancy: 0.0991
Std Test Accurancy: 0.1381
ASR : 1.0
-------------------------------------------------- 19.08977460861206
ASR : 1.0
-------------------------------------------------- 6.374694347381592
ASR : 1.0
-------------------------------------------------- 6.057060241699219
ASR : 1.0
-------------------------------------------------- 6.457845211029053
ASR : 1.0
-------------------------------------------------- 6.380457162857056
ASR : 1.0
-------------------------------------------------- 6.320234060287476
ASR : 1.0
-------------------------------------------------- 6.1719725131988525
ASR : 1.0
-------------------------------------------------- 6.487830400466919
ASR : 1.0
-------------------------------------------------- 6.109856128692627
ASR : 1.0
-------------------------------------------------- 6.29032301902771

-------------Round number: 50-------------

Evaluate personalized models
Averaged Train Loss: nan
Averaged Test Accurancy: 0.0991
Std Test Accurancy: 0.1381
ASR : 1.0
-------------------------------------------------- 19.723731994628906
ASR : 1.0
-------------------------------------------------- 6.229091167449951
ASR : 1.0
-------------------------------------------------- 6.031261205673218
ASR : 1.0
-------------------------------------------------- 6.460559129714966
ASR : 1.0
-------------------------------------------------- 6.2736310958862305
ASR : 1.0
-------------------------------------------------- 6.0710930824279785
ASR : 1.0
-------------------------------------------------- 6.319041967391968
ASR : 1.0
-------------------------------------------------- 5.923770427703857
ASR : 1.0
-------------------------------------------------- 6.499507665634155
ASR : 1.0
-------------------------------------------------- 6.273926734924316

-------------Round number: 60-------------

Evaluate personalized models
Averaged Train Loss: nan
Averaged Test Accurancy: 0.0991
Std Test Accurancy: 0.1381
ASR : 1.0
-------------------------------------------------- 19.44689655303955
ASR : 1.0
-------------------------------------------------- 6.3472981452941895
ASR : 1.0
-------------------------------------------------- 6.443458080291748
ASR : 1.0
-------------------------------------------------- 6.367522239685059
ASR : 1.0
-------------------------------------------------- 6.086414813995361
ASR : 1.0
-------------------------------------------------- 6.20841383934021
ASR : 1.0
-------------------------------------------------- 6.304414987564087
ASR : 1.0
-------------------------------------------------- 5.985217571258545
ASR : 1.0
-------------------------------------------------- 6.250774383544922
ASR : 1.0
-------------------------------------------------- 6.367159843444824

-------------Round number: 70-------------

Evaluate personalized models
Averaged Train Loss: nan
Averaged Test Accurancy: 0.0991
Std Test Accurancy: 0.1381
ASR : 1.0
-------------------------------------------------- 19.156882762908936
ASR : 1.0
-------------------------------------------------- 6.399338006973267
ASR : 1.0
-------------------------------------------------- 6.129852294921875
ASR : 1.0
-------------------------------------------------- 6.055806875228882
ASR : 1.0
-------------------------------------------------- 5.872067213058472
ASR : 1.0
-------------------------------------------------- 6.36067533493042
ASR : 1.0
-------------------------------------------------- 6.419198751449585
ASR : 1.0
-------------------------------------------------- 6.341589450836182
ASR : 1.0
-------------------------------------------------- 6.234725475311279
ASR : 1.0
-------------------------------------------------- 6.265674591064453

-------------Round number: 80-------------

Evaluate personalized models
Averaged Train Loss: nan
Averaged Test Accurancy: 0.0991
Std Test Accurancy: 0.1381
ASR : 1.0
-------------------------------------------------- 18.661383152008057
ASR : 1.0
-------------------------------------------------- 6.230262756347656
ASR : 1.0
-------------------------------------------------- 6.182636260986328
ASR : 1.0
-------------------------------------------------- 6.370571136474609
ASR : 1.0
-------------------------------------------------- 6.27724552154541
ASR : 1.0
-------------------------------------------------- 5.859452247619629
ASR : 1.0
-------------------------------------------------- 6.183132648468018
ASR : 1.0
-------------------------------------------------- 6.510211944580078
ASR : 1.0
-------------------------------------------------- 6.170742034912109
ASR : 1.0
-------------------------------------------------- 6.083508253097534

-------------Round number: 90-------------

Evaluate personalized models
Averaged Train Loss: nan
Averaged Test Accurancy: 0.0991
Std Test Accurancy: 0.1381
ASR : 1.0
-------------------------------------------------- 19.35141396522522
ASR : 1.0
-------------------------------------------------- 6.128535509109497
ASR : 1.0
-------------------------------------------------- 6.482278347015381
ASR : 1.0
-------------------------------------------------- 6.355289459228516
ASR : 1.0
-------------------------------------------------- 6.219592571258545
ASR : 1.0
-------------------------------------------------- 6.345566987991333
ASR : 1.0
-------------------------------------------------- 6.469202756881714
ASR : 1.0
-------------------------------------------------- 6.319586992263794
ASR : 1.0
-------------------------------------------------- 6.293475866317749
ASR : 1.0
-------------------------------------------------- 6.210259675979614

-------------Round number: 100-------------

Evaluate personalized models
Averaged Train Loss: nan
Averaged Test Accurancy: 0.0991
Std Test Accurancy: 0.1381
ASR : 1.0
-------------------------------------------------- 18.92304039001465
ASR : 1.0
-------------------------------------------------- 6.234296083450317
ASR : 1.0
-------------------------------------------------- 6.148383140563965
ASR : 1.0
-------------------------------------------------- 5.931762933731079
ASR : 1.0
-------------------------------------------------- 6.250858783721924
ASR : 1.0
-------------------------------------------------- 6.27535605430603
ASR : 1.0
-------------------------------------------------- 6.178325414657593
ASR : 1.0
-------------------------------------------------- 6.291834115982056
ASR : 1.0
-------------------------------------------------- 6.332330226898193
ASR : 1.0
-------------------------------------------------- 6.203735828399658

-------------Round number: 110-------------

Evaluate personalized models
Averaged Train Loss: nan
Averaged Test Accurancy: 0.0991
Std Test Accurancy: 0.1381
ASR : 1.0
-------------------------------------------------- 18.798348903656006
ASR : 1.0
-------------------------------------------------- 6.5269811153411865
ASR : 1.0
-------------------------------------------------- 6.528691530227661
ASR : 1.0
-------------------------------------------------- 6.637129783630371
ASR : 1.0
-------------------------------------------------- 6.195175647735596
ASR : 1.0
-------------------------------------------------- 5.877291679382324
ASR : 1.0
-------------------------------------------------- 6.284422397613525
ASR : 1.0
-------------------------------------------------- 5.972031354904175
ASR : 1.0
-------------------------------------------------- 6.522688865661621
ASR : 1.0
-------------------------------------------------- 6.187187671661377

-------------Round number: 120-------------

Evaluate personalized models
Averaged Train Loss: nan
Averaged Test Accurancy: 0.0991
Std Test Accurancy: 0.1381
ASR : 1.0
-------------------------------------------------- 19.098721027374268
ASR : 1.0
-------------------------------------------------- 6.0288941860198975
ASR : 1.0
-------------------------------------------------- 6.325470924377441
ASR : 1.0
-------------------------------------------------- 6.336358308792114
ASR : 1.0
-------------------------------------------------- 6.119267702102661
ASR : 1.0
-------------------------------------------------- 6.3765692710876465
ASR : 1.0
-------------------------------------------------- 6.34358286857605
ASR : 1.0
-------------------------------------------------- 6.2227561473846436
ASR : 1.0
-------------------------------------------------- 5.929954290390015
ASR : 1.0
-------------------------------------------------- 6.286952972412109

-------------Round number: 130-------------

Evaluate personalized models
Averaged Train Loss: nan
Averaged Test Accurancy: 0.0991
Std Test Accurancy: 0.1381
ASR : 1.0
-------------------------------------------------- 19.261268854141235
ASR : 1.0
-------------------------------------------------- 6.214865446090698
ASR : 1.0
-------------------------------------------------- 6.100118160247803
ASR : 1.0
-------------------------------------------------- 6.006065607070923
ASR : 1.0
-------------------------------------------------- 6.41689133644104
ASR : 1.0
-------------------------------------------------- 6.15311074256897
ASR : 1.0
-------------------------------------------------- 6.224525213241577
ASR : 1.0
-------------------------------------------------- 6.392273426055908
ASR : 1.0
-------------------------------------------------- 6.438685178756714
ASR : 1.0
-------------------------------------------------- 6.371817588806152

-------------Round number: 140-------------

Evaluate personalized models
Averaged Train Loss: nan
Averaged Test Accurancy: 0.0991
Std Test Accurancy: 0.1381
ASR : 1.0
-------------------------------------------------- 18.88935136795044
ASR : 1.0
-------------------------------------------------- 6.37318229675293
ASR : 1.0
-------------------------------------------------- 6.263510704040527
ASR : 1.0
-------------------------------------------------- 6.316529273986816
ASR : 1.0
-------------------------------------------------- 6.3814568519592285
ASR : 1.0
-------------------------------------------------- 6.108320236206055
ASR : 1.0
-------------------------------------------------- 6.273932218551636
ASR : 1.0
-------------------------------------------------- 6.117914199829102
ASR : 1.0
-------------------------------------------------- 6.136585235595703
ASR : 1.0
-------------------------------------------------- 6.193985939025879

-------------Round number: 150-------------

Evaluate personalized models
Averaged Train Loss: nan
Averaged Test Accurancy: 0.0991
Std Test Accurancy: 0.1381
ASR : 1.0
-------------------------------------------------- 18.954999446868896
ASR : 1.0
-------------------------------------------------- 6.2537713050842285
ASR : 1.0
-------------------------------------------------- 6.077401399612427
ASR : 1.0
-------------------------------------------------- 6.407315015792847
ASR : 1.0
-------------------------------------------------- 6.479379892349243
ASR : 1.0
-------------------------------------------------- 6.154584884643555
ASR : 1.0
-------------------------------------------------- 6.313482999801636
ASR : 1.0
-------------------------------------------------- 5.851833343505859
ASR : 1.0
-------------------------------------------------- 6.066203355789185
ASR : 1.0
-------------------------------------------------- 6.310645580291748

-------------Round number: 160-------------

Evaluate personalized models
Averaged Train Loss: nan
Averaged Test Accurancy: 0.0991
Std Test Accurancy: 0.1381
ASR : 1.0
-------------------------------------------------- 18.699724435806274
ASR : 1.0
-------------------------------------------------- 6.576679468154907
ASR : 1.0
-------------------------------------------------- 6.19605016708374
ASR : 1.0
-------------------------------------------------- 5.847128868103027
ASR : 1.0
-------------------------------------------------- 6.252202033996582
ASR : 1.0
-------------------------------------------------- 6.3068132400512695
ASR : 1.0
-------------------------------------------------- 6.395330429077148
ASR : 1.0
-------------------------------------------------- 6.103107213973999
ASR : 1.0
-------------------------------------------------- 6.177158832550049
ASR : 1.0
-------------------------------------------------- 6.391624450683594

-------------Round number: 170-------------

Evaluate personalized models
Averaged Train Loss: nan
Averaged Test Accurancy: 0.0991
Std Test Accurancy: 0.1381
ASR : 1.0
-------------------------------------------------- 18.603689432144165
ASR : 1.0
-------------------------------------------------- 6.351605653762817
ASR : 1.0
-------------------------------------------------- 6.390808343887329
ASR : 1.0
-------------------------------------------------- 6.131045341491699
ASR : 1.0
-------------------------------------------------- 6.400282859802246
ASR : 1.0
-------------------------------------------------- 6.0549798011779785
ASR : 1.0
-------------------------------------------------- 6.295388698577881
ASR : 1.0
-------------------------------------------------- 5.9186999797821045
ASR : 1.0
-------------------------------------------------- 6.3027215003967285
ASR : 1.0
-------------------------------------------------- 6.2140443325042725

-------------Round number: 180-------------

Evaluate personalized models
Averaged Train Loss: nan
Averaged Test Accurancy: 0.0991
Std Test Accurancy: 0.1381
ASR : 1.0
-------------------------------------------------- 18.743144273757935
ASR : 1.0
-------------------------------------------------- 6.033172845840454
ASR : 1.0
-------------------------------------------------- 6.489157438278198
ASR : 1.0
-------------------------------------------------- 6.20110821723938
ASR : 1.0
-------------------------------------------------- 6.161999702453613
ASR : 1.0
-------------------------------------------------- 6.2542479038238525
ASR : 1.0
-------------------------------------------------- 6.261348485946655
ASR : 1.0
-------------------------------------------------- 6.180937051773071
ASR : 1.0
-------------------------------------------------- 6.142493963241577
ASR : 1.0
-------------------------------------------------- 6.3387932777404785

-------------Round number: 190-------------

Evaluate personalized models
Averaged Train Loss: nan
Averaged Test Accurancy: 0.0991
Std Test Accurancy: 0.1381
ASR : 1.0
-------------------------------------------------- 18.632776260375977
ASR : 1.0
-------------------------------------------------- 6.2898547649383545
ASR : 1.0
-------------------------------------------------- 6.266558885574341
ASR : 1.0
-------------------------------------------------- 6.067891359329224
ASR : 1.0
-------------------------------------------------- 6.432463884353638
ASR : 1.0
-------------------------------------------------- 6.178249359130859
ASR : 1.0
-------------------------------------------------- 6.328745126724243
ASR : 1.0
-------------------------------------------------- 6.236469268798828
ASR : 1.0
-------------------------------------------------- 6.599452257156372
ASR : 1.0
-------------------------------------------------- 6.358357667922974

-------------Round number: 200-------------

Evaluate personalized models
Averaged Train Loss: nan
Averaged Test Accurancy: 0.0991
Std Test Accurancy: 0.1381
ASR : 1.0
-------------------------------------------------- 18.52910852432251
ASR : 1.0
-------------------------------------------------- 6.374026536941528
ASR : 1.0
-------------------------------------------------- 6.229766368865967
ASR : 1.0
-------------------------------------------------- 6.163817644119263
ASR : 1.0
-------------------------------------------------- 6.203854322433472
ASR : 1.0
-------------------------------------------------- 6.043874502182007
ASR : 1.0
-------------------------------------------------- 6.228884935379028
ASR : 1.0
-------------------------------------------------- 6.446483612060547
ASR : 1.0
-------------------------------------------------- 6.397325277328491
ASR : 1.0
-------------------------------------------------- 6.096585988998413

-------------Round number: 210-------------

Evaluate personalized models
Averaged Train Loss: nan
Averaged Test Accurancy: 0.0991
Std Test Accurancy: 0.1381
ASR : 1.0
-------------------------------------------------- 18.725001573562622
ASR : 1.0
-------------------------------------------------- 6.132618427276611
ASR : 1.0
-------------------------------------------------- 6.365097999572754
ASR : 1.0
-------------------------------------------------- 5.990472316741943
ASR : 1.0
-------------------------------------------------- 6.121478796005249
ASR : 1.0
-------------------------------------------------- 5.981662750244141
ASR : 1.0
-------------------------------------------------- 6.392568588256836
ASR : 1.0
-------------------------------------------------- 6.25029182434082
ASR : 1.0
-------------------------------------------------- 5.897463798522949
ASR : 1.0
-------------------------------------------------- 6.251901149749756

-------------Round number: 220-------------

Evaluate personalized models
Averaged Train Loss: nan
Averaged Test Accurancy: 0.0991
Std Test Accurancy: 0.1381
ASR : 1.0
-------------------------------------------------- 18.85791778564453
ASR : 1.0
-------------------------------------------------- 6.35495400428772
ASR : 1.0
-------------------------------------------------- 6.132513046264648
ASR : 1.0
-------------------------------------------------- 6.0518646240234375
ASR : 1.0
-------------------------------------------------- 6.260851144790649
ASR : 1.0
-------------------------------------------------- 6.263238191604614
ASR : 1.0
-------------------------------------------------- 6.425519227981567
ASR : 1.0
-------------------------------------------------- 6.1933276653289795
ASR : 1.0
-------------------------------------------------- 6.350223779678345
ASR : 1.0
-------------------------------------------------- 6.318999290466309

-------------Round number: 230-------------

Evaluate personalized models
Averaged Train Loss: nan
Averaged Test Accurancy: 0.0991
Std Test Accurancy: 0.1381
ASR : 1.0
-------------------------------------------------- 18.33545207977295
ASR : 1.0
-------------------------------------------------- 6.5194597244262695
ASR : 1.0
-------------------------------------------------- 6.515539646148682
ASR : 1.0
-------------------------------------------------- 5.807342767715454
ASR : 1.0
-------------------------------------------------- 6.358891487121582
ASR : 1.0
-------------------------------------------------- 6.334110498428345
ASR : 1.0
-------------------------------------------------- 6.066478967666626
ASR : 1.0
-------------------------------------------------- 6.554140090942383
ASR : 1.0
-------------------------------------------------- 6.407562255859375
ASR : 1.0
-------------------------------------------------- 6.008662700653076

-------------Round number: 240-------------

Evaluate personalized models
Averaged Train Loss: nan
Averaged Test Accurancy: 0.0991
Std Test Accurancy: 0.1381
ASR : 1.0
-------------------------------------------------- 18.75424361228943
ASR : 1.0
-------------------------------------------------- 6.199366569519043
ASR : 1.0
-------------------------------------------------- 6.563930511474609
ASR : 1.0
-------------------------------------------------- 6.115716934204102
ASR : 1.0
-------------------------------------------------- 6.419341087341309
ASR : 1.0
-------------------------------------------------- 6.142117261886597
ASR : 1.0
-------------------------------------------------- 6.1314191818237305
ASR : 1.0
-------------------------------------------------- 5.874730825424194
ASR : 1.0
-------------------------------------------------- 6.408289194107056
ASR : 1.0
-------------------------------------------------- 6.187198638916016

-------------Round number: 250-------------

Evaluate personalized models
Averaged Train Loss: nan
Averaged Test Accurancy: 0.0991
Std Test Accurancy: 0.1381
ASR : 1.0
-------------------------------------------------- 18.876259565353394
ASR : 1.0
-------------------------------------------------- 6.31054949760437
ASR : 1.0
-------------------------------------------------- 6.108337163925171
ASR : 1.0
-------------------------------------------------- 6.248783111572266
ASR : 1.0
-------------------------------------------------- 6.431196212768555
ASR : 1.0
-------------------------------------------------- 6.321444511413574
ASR : 1.0
-------------------------------------------------- 6.073455333709717
ASR : 1.0
-------------------------------------------------- 6.278917551040649
ASR : 1.0
-------------------------------------------------- 6.342281341552734
ASR : 1.0
-------------------------------------------------- 5.916104793548584

-------------Round number: 260-------------

Evaluate personalized models
Averaged Train Loss: nan
Averaged Test Accurancy: 0.0991
Std Test Accurancy: 0.1381
ASR : 1.0
-------------------------------------------------- 19.024311065673828
ASR : 1.0
-------------------------------------------------- 6.301882028579712
ASR : 1.0
-------------------------------------------------- 6.020890712738037
ASR : 1.0
-------------------------------------------------- 6.2601282596588135
ASR : 1.0
-------------------------------------------------- 6.162310838699341
ASR : 1.0
-------------------------------------------------- 6.546447515487671
ASR : 1.0
-------------------------------------------------- 6.402909994125366
ASR : 1.0
-------------------------------------------------- 6.380655288696289
ASR : 1.0
-------------------------------------------------- 6.410837650299072
ASR : 1.0
-------------------------------------------------- 6.105963706970215

-------------Round number: 270-------------

Evaluate personalized models
Averaged Train Loss: nan
Averaged Test Accurancy: 0.0991
Std Test Accurancy: 0.1381
ASR : 1.0
-------------------------------------------------- 18.852927923202515
ASR : 1.0
-------------------------------------------------- 6.572121858596802
ASR : 1.0
-------------------------------------------------- 6.646461486816406
ASR : 1.0
-------------------------------------------------- 6.344021797180176
ASR : 1.0
-------------------------------------------------- 5.9594950675964355
ASR : 1.0
-------------------------------------------------- 6.22523045539856
ASR : 1.0
-------------------------------------------------- 6.047518491744995
ASR : 1.0
-------------------------------------------------- 6.183578252792358
ASR : 1.0
-------------------------------------------------- 6.502037048339844
ASR : 1.0
-------------------------------------------------- 6.2748026847839355

-------------Round number: 280-------------

Evaluate personalized models
Averaged Train Loss: nan
Averaged Test Accurancy: 0.0991
Std Test Accurancy: 0.1381
ASR : 1.0
-------------------------------------------------- 18.681655406951904
ASR : 1.0
-------------------------------------------------- 6.008613348007202
ASR : 1.0
-------------------------------------------------- 6.1382856369018555
ASR : 1.0
-------------------------------------------------- 6.441106557846069
ASR : 1.0
-------------------------------------------------- 6.261382341384888
ASR : 1.0
-------------------------------------------------- 5.944274187088013
ASR : 1.0
-------------------------------------------------- 6.241620302200317
ASR : 1.0
-------------------------------------------------- 6.4149956703186035
ASR : 1.0
-------------------------------------------------- 6.213934659957886
ASR : 1.0
-------------------------------------------------- 6.205697536468506

-------------Round number: 290-------------

Evaluate personalized models
Averaged Train Loss: nan
Averaged Test Accurancy: 0.0991
Std Test Accurancy: 0.1381
ASR : 1.0
-------------------------------------------------- 18.996635913848877
ASR : 1.0
-------------------------------------------------- 6.304128646850586
ASR : 1.0
-------------------------------------------------- 6.543626546859741
ASR : 1.0
-------------------------------------------------- 6.140822649002075
ASR : 1.0
-------------------------------------------------- 6.104240894317627
ASR : 1.0
-------------------------------------------------- 6.233000755310059
ASR : 1.0
-------------------------------------------------- 6.2129669189453125
ASR : 1.0
-------------------------------------------------- 6.241096496582031
ASR : 1.0
-------------------------------------------------- 6.390530586242676
ASR : 1.0
-------------------------------------------------- 6.278874397277832

-------------Round number: 300-------------

Evaluate personalized models
Averaged Train Loss: nan
Averaged Test Accurancy: 0.0991
Std Test Accurancy: 0.1381
ASR : 1.0
-------------------------------------------------- 18.492900133132935
ASR : 1.0
-------------------------------------------------- 6.322840213775635
ASR : 1.0
-------------------------------------------------- 6.250805616378784
ASR : 1.0
-------------------------------------------------- 6.437512159347534
ASR : 1.0
-------------------------------------------------- 6.659918308258057
ASR : 1.0
-------------------------------------------------- 5.741847991943359
ASR : 1.0
-------------------------------------------------- 6.240173816680908
ASR : 1.0
-------------------------------------------------- 6.2608325481414795
ASR : 1.0
-------------------------------------------------- 6.261301040649414
ASR : 1.0
-------------------------------------------------- 6.21805477142334

-------------Round number: 310-------------

Evaluate personalized models
Averaged Train Loss: nan
Averaged Test Accurancy: 0.0991
Std Test Accurancy: 0.1381
ASR : 1.0
-------------------------------------------------- 18.76533317565918
ASR : 1.0
-------------------------------------------------- 6.103132963180542
ASR : 1.0
-------------------------------------------------- 6.214398384094238
ASR : 1.0
-------------------------------------------------- 6.133122205734253
ASR : 1.0
-------------------------------------------------- 6.48460054397583
ASR : 1.0
-------------------------------------------------- 6.0910913944244385
ASR : 1.0
-------------------------------------------------- 6.616400718688965
ASR : 1.0
-------------------------------------------------- 6.011870622634888
ASR : 1.0
-------------------------------------------------- 6.143734693527222
ASR : 1.0
-------------------------------------------------- 6.465365171432495

-------------Round number: 320-------------

Evaluate personalized models
Averaged Train Loss: nan
Averaged Test Accurancy: 0.0991
Std Test Accurancy: 0.1381
ASR : 1.0
-------------------------------------------------- 19.176808834075928
ASR : 1.0
-------------------------------------------------- 6.433972597122192
ASR : 1.0
-------------------------------------------------- 6.1809210777282715
ASR : 1.0
-------------------------------------------------- 6.161310195922852
ASR : 1.0
-------------------------------------------------- 6.373739004135132
ASR : 1.0
-------------------------------------------------- 6.3355066776275635
ASR : 1.0
-------------------------------------------------- 6.449224233627319
ASR : 1.0
-------------------------------------------------- 6.584330081939697
ASR : 1.0
-------------------------------------------------- 6.168099880218506
ASR : 1.0
-------------------------------------------------- 5.79411768913269

-------------Round number: 330-------------

Evaluate personalized models
Averaged Train Loss: nan
Averaged Test Accurancy: 0.0991
Std Test Accurancy: 0.1381
ASR : 1.0
-------------------------------------------------- 19.015259265899658
ASR : 1.0
-------------------------------------------------- 6.193852186203003
ASR : 1.0
-------------------------------------------------- 6.307778835296631
ASR : 1.0
-------------------------------------------------- 6.302298307418823
ASR : 1.0
-------------------------------------------------- 5.857086181640625
ASR : 1.0
-------------------------------------------------- 6.304441690444946
ASR : 1.0
-------------------------------------------------- 6.191323280334473
ASR : 1.0
-------------------------------------------------- 6.707627296447754
ASR : 1.0
-------------------------------------------------- 6.4448041915893555
ASR : 1.0
-------------------------------------------------- 6.309716463088989

-------------Round number: 340-------------

Evaluate personalized models
Averaged Train Loss: nan
Averaged Test Accurancy: 0.0991
Std Test Accurancy: 0.1381
ASR : 1.0
-------------------------------------------------- 18.727869033813477
ASR : 1.0
-------------------------------------------------- 6.363534688949585
ASR : 1.0
-------------------------------------------------- 6.077965259552002
ASR : 1.0
-------------------------------------------------- 6.312749624252319
ASR : 1.0
-------------------------------------------------- 5.974323511123657
ASR : 1.0
-------------------------------------------------- 6.267189264297485
ASR : 1.0
-------------------------------------------------- 6.0352582931518555
ASR : 1.0
-------------------------------------------------- 6.160157680511475
ASR : 1.0
-------------------------------------------------- 6.2796807289123535
ASR : 1.0
-------------------------------------------------- 6.322095632553101

-------------Round number: 350-------------

Evaluate personalized models
Averaged Train Loss: nan
Averaged Test Accurancy: 0.0991
Std Test Accurancy: 0.1381
ASR : 1.0
-------------------------------------------------- 18.849682092666626
ASR : 1.0
-------------------------------------------------- 5.987174987792969
ASR : 1.0
-------------------------------------------------- 6.14045524597168
ASR : 1.0
-------------------------------------------------- 6.44178318977356
ASR : 1.0
-------------------------------------------------- 6.479384660720825
ASR : 1.0
-------------------------------------------------- 6.21375298500061
ASR : 1.0
-------------------------------------------------- 6.0373265743255615
ASR : 1.0
-------------------------------------------------- 6.323389291763306
ASR : 1.0
-------------------------------------------------- 6.099786281585693
ASR : 1.0
-------------------------------------------------- 6.192266464233398

-------------Round number: 360-------------

Evaluate personalized models
Averaged Train Loss: nan
Averaged Test Accurancy: 0.0991
Std Test Accurancy: 0.1381
ASR : 1.0
-------------------------------------------------- 19.07834029197693
ASR : 1.0
-------------------------------------------------- 6.309259653091431
ASR : 1.0
-------------------------------------------------- 6.191045045852661
ASR : 1.0
-------------------------------------------------- 5.841921329498291
ASR : 1.0
-------------------------------------------------- 6.212422609329224
ASR : 1.0
-------------------------------------------------- 6.468398571014404
ASR : 1.0
-------------------------------------------------- 6.126868724822998
ASR : 1.0
-------------------------------------------------- 6.489754915237427
ASR : 1.0
-------------------------------------------------- 6.134506464004517
ASR : 1.0
-------------------------------------------------- 6.412507772445679

-------------Round number: 370-------------

Evaluate personalized models
Averaged Train Loss: nan
Averaged Test Accurancy: 0.0991
Std Test Accurancy: 0.1381
ASR : 1.0
-------------------------------------------------- 18.500526666641235
ASR : 1.0
-------------------------------------------------- 6.309112548828125
ASR : 1.0
-------------------------------------------------- 6.361221075057983
ASR : 1.0
-------------------------------------------------- 6.181939363479614
ASR : 1.0
-------------------------------------------------- 6.302865982055664
ASR : 1.0
-------------------------------------------------- 6.1479175090789795
ASR : 1.0
-------------------------------------------------- 6.080652236938477
ASR : 1.0
-------------------------------------------------- 6.5466413497924805
ASR : 1.0
-------------------------------------------------- 6.439870595932007
ASR : 1.0
-------------------------------------------------- 6.363200664520264

-------------Round number: 380-------------

Evaluate personalized models
Averaged Train Loss: nan
Averaged Test Accurancy: 0.0991
Std Test Accurancy: 0.1381
ASR : 1.0
-------------------------------------------------- 18.62663435935974
ASR : 1.0
-------------------------------------------------- 6.122994422912598
ASR : 1.0
-------------------------------------------------- 6.167390584945679
ASR : 1.0
-------------------------------------------------- 6.425352096557617
ASR : 1.0
-------------------------------------------------- 6.3486833572387695
ASR : 1.0
-------------------------------------------------- 6.219134330749512
ASR : 1.0
-------------------------------------------------- 6.285656452178955
ASR : 1.0
-------------------------------------------------- 6.057016372680664
ASR : 1.0
-------------------------------------------------- 6.100033283233643
ASR : 1.0
-------------------------------------------------- 6.142590522766113

-------------Round number: 390-------------

Evaluate personalized models
Averaged Train Loss: nan
Averaged Test Accurancy: 0.0991
Std Test Accurancy: 0.1381
ASR : 1.0
-------------------------------------------------- 18.840751886367798
ASR : 1.0
-------------------------------------------------- 6.335989713668823
ASR : 1.0
-------------------------------------------------- 6.01593542098999
ASR : 1.0
-------------------------------------------------- 6.188642263412476
ASR : 1.0
-------------------------------------------------- 6.35383939743042
ASR : 1.0
-------------------------------------------------- 6.14557957649231
ASR : 1.0
-------------------------------------------------- 6.00214147567749
ASR : 1.0
-------------------------------------------------- 6.447340488433838
ASR : 1.0
-------------------------------------------------- 6.411585330963135
ASR : 1.0
-------------------------------------------------- 5.913054704666138

-------------Round number: 400-------------

Evaluate personalized models
Averaged Train Loss: nan
Averaged Test Accurancy: 0.0991
Std Test Accurancy: 0.1381
ASR : 1.0
-------------------------------------------------- 18.51807713508606
ASR : 1.0
-------------------------------------------------- 6.240473747253418
ASR : 1.0
-------------------------------------------------- 6.0068652629852295
ASR : 1.0
-------------------------------------------------- 6.015074014663696
ASR : 1.0
-------------------------------------------------- 6.018497467041016
ASR : 1.0
-------------------------------------------------- 6.301779747009277
ASR : 1.0
-------------------------------------------------- 6.019770622253418
ASR : 1.0
-------------------------------------------------- 6.45649266242981
ASR : 1.0
-------------------------------------------------- 6.19991135597229
ASR : 1.0
-------------------------------------------------- 6.011901140213013

-------------Round number: 410-------------

Evaluate personalized models
Averaged Train Loss: nan
Averaged Test Accurancy: 0.0991
Std Test Accurancy: 0.1381
ASR : 1.0
-------------------------------------------------- 18.74673843383789
ASR : 1.0
-------------------------------------------------- 6.185917377471924
ASR : 1.0
-------------------------------------------------- 6.094765901565552
ASR : 1.0
-------------------------------------------------- 5.866635322570801
ASR : 1.0
-------------------------------------------------- 6.56412935256958
ASR : 1.0
-------------------------------------------------- 6.5131049156188965
ASR : 1.0
-------------------------------------------------- 6.377099514007568
ASR : 1.0
-------------------------------------------------- 5.940141916275024
ASR : 1.0
-------------------------------------------------- 6.216542720794678
ASR : 1.0
-------------------------------------------------- 6.5252697467803955

-------------Round number: 420-------------

Evaluate personalized models
Averaged Train Loss: nan
Averaged Test Accurancy: 0.0991
Std Test Accurancy: 0.1381
ASR : 1.0
-------------------------------------------------- 18.665330171585083
ASR : 1.0
-------------------------------------------------- 6.265113115310669
ASR : 1.0
-------------------------------------------------- 6.399903059005737
ASR : 1.0
-------------------------------------------------- 6.4278528690338135
ASR : 1.0
-------------------------------------------------- 6.062190294265747
ASR : 1.0
-------------------------------------------------- 6.300077199935913
ASR : 1.0
-------------------------------------------------- 6.309813499450684
ASR : 1.0
-------------------------------------------------- 6.1418962478637695
ASR : 1.0
-------------------------------------------------- 6.239369630813599
ASR : 1.0
-------------------------------------------------- 5.824880123138428

-------------Round number: 430-------------

Evaluate personalized models
Averaged Train Loss: nan
Averaged Test Accurancy: 0.0991
Std Test Accurancy: 0.1381
ASR : 1.0
-------------------------------------------------- 18.821398973464966
ASR : 1.0
-------------------------------------------------- 6.039442300796509
ASR : 1.0
-------------------------------------------------- 6.1817851066589355
ASR : 1.0
-------------------------------------------------- 6.10526704788208
ASR : 1.0
-------------------------------------------------- 6.417986154556274
ASR : 1.0
-------------------------------------------------- 6.036012172698975
ASR : 1.0
-------------------------------------------------- 6.146814346313477
ASR : 1.0
-------------------------------------------------- 6.103071212768555
ASR : 1.0
-------------------------------------------------- 6.34270715713501
ASR : 1.0
-------------------------------------------------- 6.376290798187256

-------------Round number: 440-------------

Evaluate personalized models
Averaged Train Loss: nan
Averaged Test Accurancy: 0.0991
Std Test Accurancy: 0.1381
ASR : 1.0
-------------------------------------------------- 18.79933452606201
ASR : 1.0
-------------------------------------------------- 6.35405707359314
ASR : 1.0
-------------------------------------------------- 6.1250081062316895
ASR : 1.0
-------------------------------------------------- 6.492295265197754
ASR : 1.0
-------------------------------------------------- 6.199751138687134
ASR : 1.0
-------------------------------------------------- 6.120837450027466
ASR : 1.0
-------------------------------------------------- 6.187561273574829
ASR : 1.0
-------------------------------------------------- 5.928686618804932
ASR : 1.0
-------------------------------------------------- 6.4074437618255615
ASR : 1.0
-------------------------------------------------- 6.219654321670532

-------------Round number: 450-------------

Evaluate personalized models
Averaged Train Loss: nan
Averaged Test Accurancy: 0.0991
Std Test Accurancy: 0.1381
ASR : 1.0
-------------------------------------------------- 18.608010053634644
ASR : 1.0
-------------------------------------------------- 6.485194206237793
ASR : 1.0
-------------------------------------------------- 6.240528583526611
ASR : 1.0
-------------------------------------------------- 6.1997997760772705
ASR : 1.0
-------------------------------------------------- 6.392604112625122
ASR : 1.0
-------------------------------------------------- 6.3644022941589355
ASR : 1.0
-------------------------------------------------- 6.108923673629761
ASR : 1.0
-------------------------------------------------- 5.99283766746521
ASR : 1.0
-------------------------------------------------- 6.150516510009766
ASR : 1.0
-------------------------------------------------- 6.39868688583374

-------------Round number: 460-------------

Evaluate personalized models
Averaged Train Loss: nan
Averaged Test Accurancy: 0.0991
Std Test Accurancy: 0.1381
ASR : 1.0
-------------------------------------------------- 18.6366183757782
ASR : 1.0
-------------------------------------------------- 6.347693681716919
ASR : 1.0
-------------------------------------------------- 6.178324222564697
ASR : 1.0
-------------------------------------------------- 5.8116302490234375
ASR : 1.0
-------------------------------------------------- 6.36333966255188
ASR : 1.0
-------------------------------------------------- 6.43842887878418
ASR : 1.0
-------------------------------------------------- 6.1869590282440186
ASR : 1.0
-------------------------------------------------- 6.177088975906372
ASR : 1.0
-------------------------------------------------- 6.327610492706299
ASR : 1.0
-------------------------------------------------- 6.3032543659210205

-------------Round number: 470-------------

Evaluate personalized models
Averaged Train Loss: nan
Averaged Test Accurancy: 0.0991
Std Test Accurancy: 0.1381
ASR : 1.0
-------------------------------------------------- 18.46956443786621
ASR : 1.0
-------------------------------------------------- 6.282484292984009
ASR : 1.0
-------------------------------------------------- 6.317118406295776
ASR : 1.0
-------------------------------------------------- 6.013369560241699
ASR : 1.0
-------------------------------------------------- 6.1753904819488525
ASR : 1.0
-------------------------------------------------- 5.969484806060791
ASR : 1.0
-------------------------------------------------- 6.028834819793701
ASR : 1.0
-------------------------------------------------- 6.405375719070435
ASR : 1.0
-------------------------------------------------- 6.018262624740601
ASR : 1.0
-------------------------------------------------- 6.323671579360962

-------------Round number: 480-------------

Evaluate personalized models
Averaged Train Loss: nan
Averaged Test Accurancy: 0.0991
Std Test Accurancy: 0.1381
ASR : 1.0
-------------------------------------------------- 18.906877994537354
ASR : 1.0
-------------------------------------------------- 5.902867794036865
ASR : 1.0
-------------------------------------------------- 6.321002244949341
ASR : 1.0
-------------------------------------------------- 6.2607762813568115
ASR : 1.0
-------------------------------------------------- 6.043615341186523
ASR : 1.0
-------------------------------------------------- 6.314908504486084
ASR : 1.0
-------------------------------------------------- 6.284718036651611
ASR : 1.0
-------------------------------------------------- 6.2087624073028564
ASR : 1.0
-------------------------------------------------- 6.062692642211914
ASR : 1.0
-------------------------------------------------- 6.18852424621582

-------------Round number: 490-------------

Evaluate personalized models
Averaged Train Loss: nan
Averaged Test Accurancy: 0.0991
Std Test Accurancy: 0.1381
ASR : 1.0
-------------------------------------------------- 18.751878261566162
ASR : 1.0
-------------------------------------------------- 6.18140721321106
ASR : 1.0
-------------------------------------------------- 6.266806602478027
ASR : 1.0
-------------------------------------------------- 6.2147276401519775
ASR : 1.0
-------------------------------------------------- 6.306128025054932
ASR : 1.0
-------------------------------------------------- 6.056553840637207
ASR : 1.0
-------------------------------------------------- 6.262169599533081
ASR : 1.0
-------------------------------------------------- 6.395330905914307
ASR : 1.0
-------------------------------------------------- 6.043304443359375
ASR : 1.0
-------------------------------------------------- 6.328955888748169

-------------Round number: 500-------------

Evaluate personalized models
Averaged Train Loss: nan
Averaged Test Accurancy: 0.0991
Std Test Accurancy: 0.1381
ASR : 1.0
-------------------------------------------------- 18.807703733444214
ASR : 1.0
-------------------------------------------------- 6.416780710220337
ASR : 1.0
-------------------------------------------------- 6.405383110046387
ASR : 1.0
-------------------------------------------------- 6.362447500228882
ASR : 1.0
-------------------------------------------------- 6.066478252410889
ASR : 1.0
-------------------------------------------------- 6.158223390579224
ASR : 1.0
-------------------------------------------------- 6.28329873085022
ASR : 1.0
-------------------------------------------------- 6.076665639877319
ASR : 1.0
-------------------------------------------------- 6.197140455245972
ASR : 1.0
-------------------------------------------------- 5.7132744789123535

-------------Round number: 510-------------

Evaluate personalized models
Averaged Train Loss: nan
Averaged Test Accurancy: 0.0991
Std Test Accurancy: 0.1381
ASR : 1.0
-------------------------------------------------- 18.8304386138916
ASR : 1.0
-------------------------------------------------- 6.185645580291748
ASR : 1.0
-------------------------------------------------- 6.234335422515869
ASR : 1.0
-------------------------------------------------- 5.998403787612915
ASR : 1.0
-------------------------------------------------- 6.262732744216919
ASR : 1.0
-------------------------------------------------- 6.296086072921753
ASR : 1.0
-------------------------------------------------- 6.3116614818573
ASR : 1.0
-------------------------------------------------- 6.135662794113159
ASR : 1.0
-------------------------------------------------- 6.419296026229858
ASR : 1.0
-------------------------------------------------- 6.199640512466431

-------------Round number: 520-------------

Evaluate personalized models
Averaged Train Loss: nan
Averaged Test Accurancy: 0.0991
Std Test Accurancy: 0.1381
ASR : 1.0
-------------------------------------------------- 18.458749055862427
ASR : 1.0
-------------------------------------------------- 6.4607319831848145
ASR : 1.0
-------------------------------------------------- 6.070882320404053
ASR : 1.0
-------------------------------------------------- 6.451703310012817
ASR : 1.0
-------------------------------------------------- 6.203948259353638
ASR : 1.0
-------------------------------------------------- 6.1908018589019775
ASR : 1.0
-------------------------------------------------- 6.0073769092559814
ASR : 1.0
-------------------------------------------------- 6.278253555297852
ASR : 1.0
-------------------------------------------------- 6.356421232223511
ASR : 1.0
-------------------------------------------------- 6.3947179317474365

-------------Round number: 530-------------

Evaluate personalized models
Averaged Train Loss: nan
Averaged Test Accurancy: 0.0991
Std Test Accurancy: 0.1381
ASR : 1.0
-------------------------------------------------- 18.962714910507202
ASR : 1.0
-------------------------------------------------- 5.953237771987915
ASR : 1.0
-------------------------------------------------- 5.9572765827178955
ASR : 1.0
-------------------------------------------------- 6.573896169662476
ASR : 1.0
-------------------------------------------------- 6.2024922370910645
ASR : 1.0
-------------------------------------------------- 6.591053009033203
ASR : 1.0
-------------------------------------------------- 5.904794692993164
ASR : 1.0
-------------------------------------------------- 6.456825494766235
ASR : 1.0
-------------------------------------------------- 6.21715784072876
ASR : 1.0
-------------------------------------------------- 5.996955871582031

-------------Round number: 540-------------

Evaluate personalized models
Averaged Train Loss: nan
Averaged Test Accurancy: 0.0991
Std Test Accurancy: 0.1381
ASR : 1.0
-------------------------------------------------- 18.842557191848755
ASR : 1.0
-------------------------------------------------- 6.056666374206543
ASR : 1.0
-------------------------------------------------- 6.642945766448975
ASR : 1.0
-------------------------------------------------- 6.196590423583984
ASR : 1.0
-------------------------------------------------- 6.198318243026733
ASR : 1.0
-------------------------------------------------- 6.051513195037842
ASR : 1.0
-------------------------------------------------- 6.318596839904785
ASR : 1.0
-------------------------------------------------- 6.246312856674194
ASR : 1.0
-------------------------------------------------- 6.299714088439941
ASR : 1.0
-------------------------------------------------- 6.303148031234741

-------------Round number: 550-------------

Evaluate personalized models
Averaged Train Loss: nan
Averaged Test Accurancy: 0.0991
Std Test Accurancy: 0.1381
ASR : 1.0
-------------------------------------------------- 18.463386297225952
ASR : 1.0
-------------------------------------------------- 6.155717611312866
ASR : 1.0
-------------------------------------------------- 6.281432867050171
ASR : 1.0
-------------------------------------------------- 6.246744632720947
ASR : 1.0
-------------------------------------------------- 6.1469597816467285
ASR : 1.0
-------------------------------------------------- 6.409990072250366
ASR : 1.0
-------------------------------------------------- 6.363363027572632
ASR : 1.0
-------------------------------------------------- 6.046122789382935
ASR : 1.0
-------------------------------------------------- 6.3640828132629395
ASR : 1.0
-------------------------------------------------- 6.315493583679199

-------------Round number: 560-------------

Evaluate personalized models
Averaged Train Loss: nan
Averaged Test Accurancy: 0.0991
Std Test Accurancy: 0.1381
ASR : 1.0
-------------------------------------------------- 18.75101089477539
ASR : 1.0
-------------------------------------------------- 6.470043659210205
ASR : 1.0
-------------------------------------------------- 6.242461919784546
ASR : 1.0
-------------------------------------------------- 6.035965204238892
ASR : 1.0
-------------------------------------------------- 6.107440233230591
ASR : 1.0
-------------------------------------------------- 6.268863677978516
ASR : 1.0
-------------------------------------------------- 6.123833417892456
ASR : 1.0
-------------------------------------------------- 6.4702489376068115
ASR : 1.0
-------------------------------------------------- 6.426809310913086
ASR : 1.0
-------------------------------------------------- 5.979297876358032

-------------Round number: 570-------------

Evaluate personalized models
Averaged Train Loss: nan
Averaged Test Accurancy: 0.0991
Std Test Accurancy: 0.1381
ASR : 1.0
-------------------------------------------------- 18.74221396446228
ASR : 1.0
-------------------------------------------------- 6.13027286529541
ASR : 1.0
-------------------------------------------------- 6.082262277603149
ASR : 1.0
-------------------------------------------------- 6.60709023475647
ASR : 1.0
-------------------------------------------------- 6.097809076309204
ASR : 1.0
-------------------------------------------------- 6.28495454788208
ASR : 1.0
-------------------------------------------------- 6.230116128921509
ASR : 1.0
-------------------------------------------------- 6.248835802078247
ASR : 1.0
-------------------------------------------------- 6.36020827293396
ASR : 1.0
-------------------------------------------------- 6.133884906768799

-------------Round number: 580-------------

Evaluate personalized models
Averaged Train Loss: nan
Averaged Test Accurancy: 0.0991
Std Test Accurancy: 0.1381
ASR : 1.0
-------------------------------------------------- 18.92884874343872
ASR : 1.0
-------------------------------------------------- 6.115628480911255
ASR : 1.0
-------------------------------------------------- 5.822509288787842
ASR : 1.0
-------------------------------------------------- 6.222380876541138
ASR : 1.0
-------------------------------------------------- 6.243155241012573
ASR : 1.0
-------------------------------------------------- 6.085128545761108
ASR : 1.0
-------------------------------------------------- 6.4810638427734375
ASR : 1.0
-------------------------------------------------- 6.027071237564087
ASR : 1.0
-------------------------------------------------- 6.3262879848480225
ASR : 1.0
-------------------------------------------------- 5.954064130783081

-------------Round number: 590-------------

Evaluate personalized models
Averaged Train Loss: nan
Averaged Test Accurancy: 0.0991
Std Test Accurancy: 0.1381
ASR : 1.0
-------------------------------------------------- 18.948326110839844
ASR : 1.0
-------------------------------------------------- 6.497055292129517
ASR : 1.0
-------------------------------------------------- 5.9233338832855225
ASR : 1.0
-------------------------------------------------- 6.285362243652344
ASR : 1.0
-------------------------------------------------- 6.346895217895508
ASR : 1.0
-------------------------------------------------- 6.095596075057983
ASR : 1.0
-------------------------------------------------- 6.472316741943359
ASR : 1.0
-------------------------------------------------- 6.163475275039673
ASR : 1.0
-------------------------------------------------- 6.428093433380127
ASR : 1.0
-------------------------------------------------- 6.054082870483398

-------------Round number: 600-------------

Evaluate personalized models
Averaged Train Loss: nan
Averaged Test Accurancy: 0.0991
Std Test Accurancy: 0.1381
ASR : 1.0
-------------------------------------------------- 18.813279390335083
ASR : 1.0
-------------------------------------------------- 6.122298955917358
ASR : 1.0
-------------------------------------------------- 6.054474592208862
ASR : 1.0
-------------------------------------------------- 6.53308892250061
ASR : 1.0
-------------------------------------------------- 6.197913885116577
ASR : 1.0
-------------------------------------------------- 6.090496778488159
ASR : 1.0
-------------------------------------------------- 6.456528425216675
ASR : 1.0
-------------------------------------------------- 6.2800679206848145
ASR : 1.0
-------------------------------------------------- 6.02873969078064
ASR : 1.0
-------------------------------------------------- 6.06488823890686

-------------Round number: 610-------------

Evaluate personalized models
Averaged Train Loss: nan
Averaged Test Accurancy: 0.0991
Std Test Accurancy: 0.1381
ASR : 1.0
-------------------------------------------------- 18.63298535346985
ASR : 1.0
-------------------------------------------------- 5.9376068115234375
ASR : 1.0
-------------------------------------------------- 6.5535783767700195
ASR : 1.0
-------------------------------------------------- 6.120065689086914
ASR : 1.0
-------------------------------------------------- 5.94629430770874
ASR : 1.0
-------------------------------------------------- 6.442458391189575
ASR : 1.0
-------------------------------------------------- 5.992720365524292
ASR : 1.0
-------------------------------------------------- 6.2767088413238525
ASR : 1.0
-------------------------------------------------- 6.1187968254089355
ASR : 1.0
-------------------------------------------------- 6.104961633682251

-------------Round number: 620-------------

Evaluate personalized models
Averaged Train Loss: nan
Averaged Test Accurancy: 0.0991
Std Test Accurancy: 0.1381
ASR : 1.0
-------------------------------------------------- 18.685246229171753
ASR : 1.0
-------------------------------------------------- 5.94073486328125
ASR : 1.0
-------------------------------------------------- 6.261535882949829
ASR : 1.0
-------------------------------------------------- 6.21161150932312
ASR : 1.0
-------------------------------------------------- 6.244026184082031
ASR : 1.0
-------------------------------------------------- 6.521280527114868
ASR : 1.0
-------------------------------------------------- 6.265608549118042
ASR : 1.0
-------------------------------------------------- 5.905723571777344
ASR : 1.0
-------------------------------------------------- 6.287905693054199
ASR : 1.0
-------------------------------------------------- 6.225416421890259

-------------Round number: 630-------------

Evaluate personalized models
Averaged Train Loss: nan
Averaged Test Accurancy: 0.0991
Std Test Accurancy: 0.1381
ASR : 1.0
-------------------------------------------------- 18.94777202606201
ASR : 1.0
-------------------------------------------------- 6.578939437866211
ASR : 1.0
-------------------------------------------------- 5.941380739212036
ASR : 1.0
-------------------------------------------------- 6.048641681671143
ASR : 1.0
-------------------------------------------------- 6.30362343788147
ASR : 1.0
-------------------------------------------------- 6.306968927383423
ASR : 1.0
-------------------------------------------------- 6.176376581192017
ASR : 1.0
-------------------------------------------------- 6.424352169036865
ASR : 1.0
-------------------------------------------------- 6.119590997695923
ASR : 1.0
-------------------------------------------------- 6.097790718078613

-------------Round number: 640-------------

Evaluate personalized models
Averaged Train Loss: nan
Averaged Test Accurancy: 0.0991
Std Test Accurancy: 0.1381
ASR : 1.0
-------------------------------------------------- 18.621114253997803
ASR : 1.0
-------------------------------------------------- 6.262941837310791
ASR : 1.0
-------------------------------------------------- 6.259103775024414
ASR : 1.0
-------------------------------------------------- 6.247000217437744
ASR : 1.0
-------------------------------------------------- 6.137113571166992
ASR : 1.0
-------------------------------------------------- 5.791787624359131
ASR : 1.0
-------------------------------------------------- 6.3624351024627686
ASR : 1.0
-------------------------------------------------- 6.227515697479248
ASR : 1.0
-------------------------------------------------- 5.996173620223999
ASR : 1.0
-------------------------------------------------- 6.3130903244018555

-------------Round number: 650-------------

Evaluate personalized models
Averaged Train Loss: nan
Averaged Test Accurancy: 0.0991
Std Test Accurancy: 0.1381
ASR : 1.0
-------------------------------------------------- 18.90810465812683
ASR : 1.0
-------------------------------------------------- 5.989147186279297
ASR : 1.0
-------------------------------------------------- 6.193730354309082
ASR : 1.0
-------------------------------------------------- 6.2273688316345215
ASR : 1.0
-------------------------------------------------- 6.017115831375122
ASR : 1.0
-------------------------------------------------- 6.331310987472534
ASR : 1.0
-------------------------------------------------- 5.944491624832153
ASR : 1.0
-------------------------------------------------- 6.393553018569946
ASR : 1.0
-------------------------------------------------- 5.940271615982056
ASR : 1.0
-------------------------------------------------- 6.346374988555908

-------------Round number: 660-------------

Evaluate personalized models
Averaged Train Loss: nan
Averaged Test Accurancy: 0.0991
Std Test Accurancy: 0.1381
ASR : 1.0
-------------------------------------------------- 19.02633237838745
ASR : 1.0
-------------------------------------------------- 6.143734931945801
ASR : 1.0
-------------------------------------------------- 6.044589281082153
ASR : 1.0
-------------------------------------------------- 6.387490510940552
ASR : 1.0
-------------------------------------------------- 6.065758228302002
ASR : 1.0
-------------------------------------------------- 6.43462872505188
ASR : 1.0
-------------------------------------------------- 6.030449628829956
ASR : 1.0
-------------------------------------------------- 6.28973388671875
ASR : 1.0
-------------------------------------------------- 6.633311748504639
ASR : 1.0
-------------------------------------------------- 6.056415319442749

-------------Round number: 670-------------

Evaluate personalized models
Averaged Train Loss: nan
Averaged Test Accurancy: 0.0991
Std Test Accurancy: 0.1381
ASR : 1.0
-------------------------------------------------- 18.59358048439026
ASR : 1.0
-------------------------------------------------- 6.575089693069458
ASR : 1.0
-------------------------------------------------- 6.212596654891968
ASR : 1.0
-------------------------------------------------- 6.3446433544158936
ASR : 1.0
-------------------------------------------------- 6.008169412612915
ASR : 1.0
-------------------------------------------------- 6.209961652755737
ASR : 1.0
-------------------------------------------------- 6.327502965927124
ASR : 1.0
-------------------------------------------------- 6.137834310531616
ASR : 1.0
-------------------------------------------------- 6.271712779998779
ASR : 1.0
-------------------------------------------------- 6.100788593292236

-------------Round number: 680-------------

Evaluate personalized models
Averaged Train Loss: nan
Averaged Test Accurancy: 0.0991
Std Test Accurancy: 0.1381
ASR : 1.0
-------------------------------------------------- 18.777588367462158
ASR : 1.0
-------------------------------------------------- 6.173438549041748
ASR : 1.0
-------------------------------------------------- 6.0710766315460205
ASR : 1.0
-------------------------------------------------- 6.23130464553833
ASR : 1.0
-------------------------------------------------- 6.354834079742432
ASR : 1.0
-------------------------------------------------- 6.1641316413879395
ASR : 1.0
-------------------------------------------------- 6.352432727813721
ASR : 1.0
-------------------------------------------------- 6.09637713432312
ASR : 1.0
-------------------------------------------------- 6.1632280349731445
ASR : 1.0
-------------------------------------------------- 6.155901908874512

-------------Round number: 690-------------

Evaluate personalized models
Averaged Train Loss: nan
Averaged Test Accurancy: 0.0991
Std Test Accurancy: 0.1381
ASR : 1.0
-------------------------------------------------- 18.837527751922607
ASR : 1.0
-------------------------------------------------- 6.124666213989258
ASR : 1.0
-------------------------------------------------- 6.15740180015564
ASR : 1.0
-------------------------------------------------- 6.541393995285034
ASR : 1.0
-------------------------------------------------- 6.1096086502075195
ASR : 1.0
-------------------------------------------------- 5.861351251602173
ASR : 1.0
-------------------------------------------------- 6.527472496032715
ASR : 1.0
-------------------------------------------------- 6.421008586883545
ASR : 1.0
-------------------------------------------------- 6.491304874420166
ASR : 1.0
-------------------------------------------------- 6.701957941055298

-------------Round number: 700-------------

Evaluate personalized models
Averaged Train Loss: nan
Averaged Test Accurancy: 0.0991
Std Test Accurancy: 0.1381
ASR : 1.0
-------------------------------------------------- 19.593231439590454
ASR : 1.0
-------------------------------------------------- 6.438498497009277
ASR : 1.0
-------------------------------------------------- 6.566633701324463
ASR : 1.0
-------------------------------------------------- 6.729702472686768
ASR : 1.0
-------------------------------------------------- 6.6105334758758545
ASR : 1.0
-------------------------------------------------- 6.304050445556641
ASR : 1.0
-------------------------------------------------- 6.710439443588257
ASR : 1.0
-------------------------------------------------- 6.391493320465088
ASR : 1.0
-------------------------------------------------- 6.407270669937134
ASR : 1.0
-------------------------------------------------- 6.435245037078857

-------------Round number: 710-------------

Evaluate personalized models
Averaged Train Loss: nan
Averaged Test Accurancy: 0.0991
Std Test Accurancy: 0.1381
ASR : 1.0
-------------------------------------------------- 19.38009738922119
ASR : 1.0
-------------------------------------------------- 6.449256420135498
ASR : 1.0
-------------------------------------------------- 6.3895227909088135
ASR : 1.0
-------------------------------------------------- 6.414749622344971
ASR : 1.0
-------------------------------------------------- 6.553703308105469
ASR : 1.0
-------------------------------------------------- 6.260390996932983
ASR : 1.0
-------------------------------------------------- 6.466982841491699
ASR : 1.0
-------------------------------------------------- 6.588502645492554
ASR : 1.0
-------------------------------------------------- 6.441990375518799
ASR : 1.0
-------------------------------------------------- 6.430111408233643

-------------Round number: 720-------------

Evaluate personalized models
Averaged Train Loss: nan
Averaged Test Accurancy: 0.0991
Std Test Accurancy: 0.1381
ASR : 1.0
-------------------------------------------------- 19.452239274978638
ASR : 1.0
-------------------------------------------------- 6.210883378982544
ASR : 1.0
-------------------------------------------------- 6.64499306678772
ASR : 1.0
-------------------------------------------------- 6.44423246383667
ASR : 1.0
-------------------------------------------------- 6.452505350112915
ASR : 1.0
-------------------------------------------------- 6.233220100402832
ASR : 1.0
-------------------------------------------------- 6.3572423458099365
ASR : 1.0
-------------------------------------------------- 6.465142250061035
ASR : 1.0
-------------------------------------------------- 6.598790884017944
ASR : 1.0
-------------------------------------------------- 6.527209997177124

-------------Round number: 730-------------

Evaluate personalized models
Averaged Train Loss: nan
Averaged Test Accurancy: 0.0991
Std Test Accurancy: 0.1381
ASR : 1.0
-------------------------------------------------- 19.205204963684082
ASR : 1.0
-------------------------------------------------- 6.282119274139404
ASR : 1.0
-------------------------------------------------- 6.346632719039917
ASR : 1.0
-------------------------------------------------- 6.443818807601929
ASR : 1.0
-------------------------------------------------- 6.396601676940918
ASR : 1.0
-------------------------------------------------- 6.221033811569214
ASR : 1.0
-------------------------------------------------- 6.560480356216431
ASR : 1.0
-------------------------------------------------- 6.492398977279663
ASR : 1.0
-------------------------------------------------- 6.64542293548584
ASR : 1.0
-------------------------------------------------- 6.359233856201172

-------------Round number: 740-------------

Evaluate personalized models
Averaged Train Loss: nan
Averaged Test Accurancy: 0.0991
Std Test Accurancy: 0.1381
ASR : 1.0
-------------------------------------------------- 19.232597589492798
ASR : 1.0
-------------------------------------------------- 6.455951452255249
ASR : 1.0
-------------------------------------------------- 6.758883476257324
ASR : 1.0
-------------------------------------------------- 6.405702590942383
ASR : 1.0
-------------------------------------------------- 6.324218988418579
ASR : 1.0
-------------------------------------------------- 6.434669733047485
ASR : 1.0
-------------------------------------------------- 6.493652582168579
ASR : 1.0
-------------------------------------------------- 6.414498567581177
ASR : 1.0
-------------------------------------------------- 6.377180814743042
ASR : 1.0
-------------------------------------------------- 6.679945945739746

-------------Round number: 750-------------

Evaluate personalized models
Averaged Train Loss: nan
Averaged Test Accurancy: 0.0991
Std Test Accurancy: 0.1381
ASR : 1.0
-------------------------------------------------- 19.1322603225708
ASR : 1.0
-------------------------------------------------- 6.507586479187012
ASR : 1.0
-------------------------------------------------- 6.492797374725342
ASR : 1.0
-------------------------------------------------- 6.410096645355225
ASR : 1.0
-------------------------------------------------- 6.593896389007568
ASR : 1.0
-------------------------------------------------- 6.377549409866333
ASR : 1.0
-------------------------------------------------- 6.2707602977752686
ASR : 1.0
-------------------------------------------------- 6.614311695098877
ASR : 1.0
-------------------------------------------------- 6.642072439193726
ASR : 1.0
-------------------------------------------------- 6.753303527832031

-------------Round number: 760-------------

Evaluate personalized models
Averaged Train Loss: nan
Averaged Test Accurancy: 0.0991
Std Test Accurancy: 0.1381
ASR : 1.0
-------------------------------------------------- 19.553691625595093
ASR : 1.0
-------------------------------------------------- 6.1357948780059814
ASR : 1.0
-------------------------------------------------- 6.533510446548462
ASR : 1.0
-------------------------------------------------- 6.333898067474365
ASR : 1.0
-------------------------------------------------- 6.647887706756592
ASR : 1.0
-------------------------------------------------- 6.505536317825317
ASR : 1.0
-------------------------------------------------- 6.361779451370239
ASR : 1.0
-------------------------------------------------- 6.489790678024292
ASR : 1.0
-------------------------------------------------- 6.540723562240601
ASR : 1.0
-------------------------------------------------- 6.2385172843933105

-------------Round number: 770-------------

Evaluate personalized models
Averaged Train Loss: nan
Averaged Test Accurancy: 0.0991
Std Test Accurancy: 0.1381
ASR : 1.0
-------------------------------------------------- 18.938746690750122
ASR : 1.0
-------------------------------------------------- 6.333228826522827
ASR : 1.0
-------------------------------------------------- 6.417574882507324
ASR : 1.0
-------------------------------------------------- 6.190178871154785
ASR : 1.0
-------------------------------------------------- 6.7231690883636475
ASR : 1.0
-------------------------------------------------- 6.314343452453613
ASR : 1.0
-------------------------------------------------- 6.421234130859375
ASR : 1.0
-------------------------------------------------- 6.360882759094238
ASR : 1.0
-------------------------------------------------- 6.445806980133057
ASR : 1.0
-------------------------------------------------- 6.462984800338745

-------------Round number: 780-------------

Evaluate personalized models
Averaged Train Loss: nan
Averaged Test Accurancy: 0.0991
Std Test Accurancy: 0.1381
ASR : 1.0
-------------------------------------------------- 19.088892936706543
ASR : 1.0
-------------------------------------------------- 6.405298948287964
ASR : 1.0
-------------------------------------------------- 6.754559278488159
ASR : 1.0
-------------------------------------------------- 6.394299268722534
ASR : 1.0
-------------------------------------------------- 6.354333877563477
ASR : 1.0
-------------------------------------------------- 6.433576583862305
ASR : 1.0
-------------------------------------------------- 6.240885972976685
ASR : 1.0
-------------------------------------------------- 6.364205598831177
ASR : 1.0
-------------------------------------------------- 6.250527381896973
ASR : 1.0
-------------------------------------------------- 6.52392315864563

-------------Round number: 790-------------

Evaluate personalized models
Averaged Train Loss: nan
Averaged Test Accurancy: 0.0991
Std Test Accurancy: 0.1381
ASR : 1.0
-------------------------------------------------- 19.02046537399292
ASR : 1.0
-------------------------------------------------- 6.593686580657959
ASR : 1.0
-------------------------------------------------- 6.465326309204102
ASR : 1.0
-------------------------------------------------- 6.433451890945435
ASR : 1.0
-------------------------------------------------- 6.221345663070679
ASR : 1.0
-------------------------------------------------- 6.500568628311157
ASR : 1.0
-------------------------------------------------- 6.503911733627319
ASR : 1.0
-------------------------------------------------- 6.559589147567749
ASR : 1.0
-------------------------------------------------- 6.50658655166626
ASR : 1.0
-------------------------------------------------- 6.459821701049805

-------------Round number: 800-------------

Evaluate personalized models
Averaged Train Loss: nan
Averaged Test Accurancy: 0.0991
Std Test Accurancy: 0.1381
ASR : 1.0
-------------------------------------------------- 19.02418828010559

Best accuracy.
0.11567845872778608
7.528379064798355
File path: ./results/Cifar10_dir0.5_bdoor0.2_nclient_100_badnet_adv10_FedPD_PFL04_FEDPD_BADNET_0.h5

Average time cost: 6036.58s.
Length:  81
std for best accurancy: 0.0
mean for best accurancy: 0.11567845872778608
All done!
