==================================================
goal = PFL01_FEDPROTO_BADNET
device = cuda
join_ratio = 0.1
device_id = 3
dataset = Cifar10_dir0.5_bdoor0.2_nclient_100_badnet_adv10
num_classes = 10
model = ResNet18
batch_size = 64
local_learning_rate = 0.1
learning_rate_decay = False
learning_rate_decay_gamma = 0.99
global_rounds = 800
top_cnt = 100
local_epochs = 1
algorithm = FedProto
num_clients = 100
eval_gap = 10
save_folder_name = items
auto_break = False
batch_num_per_client = 2
feature_dim = 512
vocab_size = 32000
max_len = 200
client_drop_rate = 0.0
time_select = False
time_threthold = 10000
send_slow_rate = 0.0
beta = 0.0
lamda = 1.0
mu = 0.0
K = 5
p_learning_rate = 0.01
M = 5
itk = 4000
alphaK = 1.0
sigma = 1.0
alpha = 1.0
plocal_epochs = 1
lr_head = 0.1
tau = 1.0
fine_tuning_epochs = 10
dr_learning_rate = 0.0
L = 1.0
noise_dim = 512
generator_learning_rate = 0.005
hidden_dim = 512
server_epochs = 1000
localize_feature_extractor = False
server_learning_rate = 1.0
eta = 1.0
rand_percent = 80
layer_idx = 2
mentee_learning_rate = 0.005
T_start = 0.95
T_end = 0.98
momentum = 0.1
kl_weight = 0.0
disti_epochs = 1
protect_id = 1
adv_eps = 0.0
adv_num_iter = 0
defense_epochs = 1
clean_data = 5000
sdmk_m = 7
sdmk_k = 5
delta = 0.5
sim_threshold = 0.7
rt_beta = 0.2
num_adv_clients = 10
lambda_cl = 0.2
aug_strength = 0.1
mask_tau = 6.0
mask_alpha = 0.3
enable_channel_mask = True
cosine_gate = False
cosine_gate_threshold = 0.3
cosine_gate_alpha = 0.5
trim_high_layers = 
trim_beta_high = None
trim_beta_low = None
purify_enable = False
purify_beta = 0.0
purify_feature_beta = 0.0
purify_logit_beta = 0.0
purify_temperature = 2.0
purify_start_round = 1
purify_layers = layer4
purify_teacher_momentum = 0.9
purify_teacher_cpu_half = True
attack = none
ba_target_label = 0
ba_poison_rate = 0.2
ba_trigger_gen_steps = 30
ba_trigger_gen_lr = 0.01
ba_pgd_eps = 0.0314
ba_trigger_scale = 8.0
pfedba_target_label = 0
pfedba_poison_rate = 0.5
pfedba_poison_count = -1
pfedba_poison_before_start = False
pfedba_attack_start = 30
pfedba_trigger_opt_steps = 15
pfedba_trigger_lr = 0.1
pfedba_init_value = 0.5
pfedba_patch_size = 8
pfedba_patch_position = center
pfedba_img_c = 3
pfedba_img_h = 32
pfedba_img_w = 32
pfedba_align_grad_weight = 1.0
pfedba_align_loss_weight = 1.0
pfedba_attack_loss_weight = 1.0
pfedba_opt_samples_per_class = 100
pfedba_opt_batch_size = 64
pfedba_opt_max_batches_per_client = 20
logit_analysis = False
logit_reject_thresholds = 0.5,0.6,0.7,0.8
logit_entropy_thresholds = 1.0,1.5,2.0
logit_margin_thresholds = 0.1,0.2,0.3
==================================================

============= Running time: 0th =============
Creating server and clients ...
ResNet(
  (conv1): Conv2d(3, 64, kernel_size=(3, 3), stride=(1, 1), padding=(1, 1), bias=False)
  (bn1): BatchNorm2d(64, eps=1e-05, momentum=0.1, affine=True, track_running_stats=True)
  (relu): ReLU(inplace=True)
  (layer1): Sequential(
    (0): BasicBlock(
      (conv1): Conv2d(64, 64, kernel_size=(3, 3), stride=(1, 1), padding=(1, 1), bias=False)
      (bn1): BatchNorm2d(64, eps=1e-05, momentum=0.1, affine=True, track_running_stats=True)
      (relu): ReLU(inplace=True)
      (conv2): Conv2d(64, 64, kernel_size=(3, 3), stride=(1, 1), padding=(1, 1), bias=False)
      (bn2): BatchNorm2d(64, eps=1e-05, momentum=0.1, affine=True, track_running_stats=True)
    )
    (1): BasicBlock(
      (conv1): Conv2d(64, 64, kernel_size=(3, 3), stride=(1, 1), padding=(1, 1), bias=False)
      (bn1): BatchNorm2d(64, eps=1e-05, momentum=0.1, affine=True, track_running_stats=True)
      (relu): ReLU(inplace=True)
      (conv2): Conv2d(64, 64, kernel_size=(3, 3), stride=(1, 1), padding=(1, 1), bias=False)
      (bn2): BatchNorm2d(64, eps=1e-05, momentum=0.1, affine=True, track_running_stats=True)
    )
  )
  (layer2): Sequential(
    (0): BasicBlock(
      (conv1): Conv2d(64, 128, kernel_size=(3, 3), stride=(2, 2), padding=(1, 1), bias=False)
      (bn1): BatchNorm2d(128, eps=1e-05, momentum=0.1, affine=True, track_running_stats=True)
      (relu): ReLU(inplace=True)
      (conv2): Conv2d(128, 128, kernel_size=(3, 3), stride=(1, 1), padding=(1, 1), bias=False)
      (bn2): BatchNorm2d(128, eps=1e-05, momentum=0.1, affine=True, track_running_stats=True)
      (downsample): Sequential(
        (0): Conv2d(64, 128, kernel_size=(1, 1), stride=(2, 2), bias=False)
        (1): BatchNorm2d(128, eps=1e-05, momentum=0.1, affine=True, track_running_stats=True)
      )
    )
    (1): BasicBlock(
      (conv1): Conv2d(128, 128, kernel_size=(3, 3), stride=(1, 1), padding=(1, 1), bias=False)
      (bn1): BatchNorm2d(128, eps=1e-05, momentum=0.1, affine=True, track_running_stats=True)
      (relu): ReLU(inplace=True)
      (conv2): Conv2d(128, 128, kernel_size=(3, 3), stride=(1, 1), padding=(1, 1), bias=False)
      (bn2): BatchNorm2d(128, eps=1e-05, momentum=0.1, affine=True, track_running_stats=True)
    )
  )
  (layer3): Sequential(
    (0): BasicBlock(
      (conv1): Conv2d(128, 256, kernel_size=(3, 3), stride=(2, 2), padding=(1, 1), bias=False)
      (bn1): BatchNorm2d(256, eps=1e-05, momentum=0.1, affine=True, track_running_stats=True)
      (relu): ReLU(inplace=True)
      (conv2): Conv2d(256, 256, kernel_size=(3, 3), stride=(1, 1), padding=(1, 1), bias=False)
      (bn2): BatchNorm2d(256, eps=1e-05, momentum=0.1, affine=True, track_running_stats=True)
      (downsample): Sequential(
        (0): Conv2d(128, 256, kernel_size=(1, 1), stride=(2, 2), bias=False)
        (1): BatchNorm2d(256, eps=1e-05, momentum=0.1, affine=True, track_running_stats=True)
      )
    )
    (1): BasicBlock(
      (conv1): Conv2d(256, 256, kernel_size=(3, 3), stride=(1, 1), padding=(1, 1), bias=False)
      (bn1): BatchNorm2d(256, eps=1e-05, momentum=0.1, affine=True, track_running_stats=True)
      (relu): ReLU(inplace=True)
      (conv2): Conv2d(256, 256, kernel_size=(3, 3), stride=(1, 1), padding=(1, 1), bias=False)
      (bn2): BatchNorm2d(256, eps=1e-05, momentum=0.1, affine=True, track_running_stats=True)
    )
  )
  (layer4): Sequential(
    (0): BasicBlock(
      (conv1): Conv2d(256, 512, kernel_size=(3, 3), stride=(2, 2), padding=(1, 1), bias=False)
      (bn1): BatchNorm2d(512, eps=1e-05, momentum=0.1, affine=True, track_running_stats=True)
      (relu): ReLU(inplace=True)
      (conv2): Conv2d(512, 512, kernel_size=(3, 3), stride=(1, 1), padding=(1, 1), bias=False)
      (bn2): BatchNorm2d(512, eps=1e-05, momentum=0.1, affine=True, track_running_stats=True)
      (downsample): Sequential(
        (0): Conv2d(256, 512, kernel_size=(1, 1), stride=(2, 2), bias=False)
        (1): BatchNorm2d(512, eps=1e-05, momentum=0.1, affine=True, track_running_stats=True)
      )
    )
    (1): BasicBlock(
      (conv1): Conv2d(512, 512, kernel_size=(3, 3), stride=(1, 1), padding=(1, 1), bias=False)
      (bn1): BatchNorm2d(512, eps=1e-05, momentum=0.1, affine=True, track_running_stats=True)
      (relu): ReLU(inplace=True)
      (conv2): Conv2d(512, 512, kernel_size=(3, 3), stride=(1, 1), padding=(1, 1), bias=False)
      (bn2): BatchNorm2d(512, eps=1e-05, momentum=0.1, affine=True, track_running_stats=True)
    )
  )
  (avgpool): AdaptiveAvgPool2d(output_size=(1, 1))
  (fc): Linear(in_features=512, out_features=10, bias=True)
)

Join ratio / total clients: 0.1 / 100
Finished creating server and clients.

-------------Round number: 0-------------

Evaluate personalized models
Averaged Train Loss: 2.4222
Averaged Test Accurancy: 0.0000
Std Test Accurancy: 0.0000
ASR : 0.0
-------------------------------------------------- 8.556771993637085
ASR : 0.0015785695533090181
-------------------------------------------------- 6.433343172073364
ASR : 0.13954343626842453
-------------------------------------------------- 6.147800922393799
ASR : 0.0027711632123701207
-------------------------------------------------- 6.090984106063843
ASR : 0.036642964806897986
-------------------------------------------------- 6.262577533721924
ASR : 0.09414406575473439
-------------------------------------------------- 6.015640497207642
ASR : 0.43816827992016566
-------------------------------------------------- 6.038044691085815
ASR : 0.028884793867459145
-------------------------------------------------- 6.004595994949341
ASR : 0.4613808088401659
-------------------------------------------------- 6.109837055206299
ASR : 0.12403864120978282
-------------------------------------------------- 6.162708044052124

-------------Round number: 10-------------

Evaluate personalized models
Averaged Train Loss: 15.0589
Averaged Test Accurancy: 0.1172
Std Test Accurancy: 0.1203
ASR : 0.4284789284627647
-------------------------------------------------- 18.672255754470825
ASR : 0.4160347022254344
-------------------------------------------------- 6.308724403381348
ASR : 0.0065421100847327975
-------------------------------------------------- 6.010455369949341
ASR : 0.40152127666255016
-------------------------------------------------- 5.90349817276001
ASR : 0.02473015382772953
-------------------------------------------------- 6.3407979011535645
ASR : 0.0040975685948996384
-------------------------------------------------- 5.930411338806152
ASR : 0.31845816249793496
-------------------------------------------------- 6.178006649017334
ASR : 0.01786698973546243
-------------------------------------------------- 6.192597150802612
ASR : 0.04910440920124293
-------------------------------------------------- 6.127239465713501
ASR : 0.007739627364041391
-------------------------------------------------- 6.0490686893463135

-------------Round number: 20-------------

Evaluate personalized models
Averaged Train Loss: 7.4383
Averaged Test Accurancy: 0.1322
Std Test Accurancy: 0.1238
ASR : 0.25820886174420665
-------------------------------------------------- 18.548973560333252
ASR : 0.25425599622286826
-------------------------------------------------- 5.902456998825073
ASR : 0.242166496750163
-------------------------------------------------- 5.92879843711853
ASR : 0.18703969140208285
-------------------------------------------------- 5.9515700340271
ASR : 0.21179160091084656
-------------------------------------------------- 5.717602491378784
ASR : 0.19302211802388924
-------------------------------------------------- 5.991281747817993
ASR : 0.021438335163955397
-------------------------------------------------- 6.0142741203308105
ASR : 0.1940685246375235
-------------------------------------------------- 6.2078680992126465
ASR : 0.19265731652459245
-------------------------------------------------- 6.147336959838867
ASR : 0.1870452663375599
-------------------------------------------------- 5.906126022338867

-------------Round number: 30-------------

Evaluate personalized models
Averaged Train Loss: 6.0419
Averaged Test Accurancy: 0.1819
Std Test Accurancy: 0.1548
ASR : 0.09414118993857336
-------------------------------------------------- 18.833070516586304
ASR : 0.15825791945914502
-------------------------------------------------- 5.902571678161621
ASR : 0.16326698792719152
-------------------------------------------------- 6.164855241775513
ASR : 0.09782340764574544
-------------------------------------------------- 6.0874950885772705
ASR : 0.10846137997178876
-------------------------------------------------- 6.033629894256592
ASR : 0.024899005221100032
-------------------------------------------------- 5.8665807247161865
ASR : 0.10340482658080077
-------------------------------------------------- 6.19603967666626
ASR : 0.0829284230319263
-------------------------------------------------- 5.928868055343628
ASR : 0.09014534460081211
-------------------------------------------------- 6.025247573852539
ASR : 0.07889364857675785
-------------------------------------------------- 6.053739070892334

-------------Round number: 40-------------

Evaluate personalized models
Averaged Train Loss: 2.4965
Averaged Test Accurancy: 0.2912
Std Test Accurancy: 0.1395
ASR : 0.08178385469516657
-------------------------------------------------- 18.73514223098755
ASR : 0.05453868067222986
-------------------------------------------------- 5.974240064620972
ASR : 0.08907546608387243
-------------------------------------------------- 6.108269214630127
ASR : 0.036535076535003284
-------------------------------------------------- 5.677494525909424
ASR : 0.07635146694999032
-------------------------------------------------- 5.88749361038208
ASR : 0.03997222030925216
-------------------------------------------------- 6.1540069580078125
ASR : 0.03938478414197623
-------------------------------------------------- 5.995434999465942
ASR : 0.04041618887182924
-------------------------------------------------- 6.096617698669434
ASR : 0.044163499397990476
-------------------------------------------------- 6.0115556716918945
ASR : 0.03902118332218647
-------------------------------------------------- 6.077157258987427

-------------Round number: 50-------------

Evaluate personalized models
Averaged Train Loss: 2.4476
Averaged Test Accurancy: 0.2939
Std Test Accurancy: 0.1637
ASR : 0.0329953934180459
-------------------------------------------------- 18.741594076156616
ASR : 0.030366384712307713
-------------------------------------------------- 6.0830912590026855
ASR : 0.06390948825182405
-------------------------------------------------- 6.1541619300842285
ASR : 0.024960851806966982
-------------------------------------------------- 5.928603172302246
ASR : 0.057129385086132224
-------------------------------------------------- 5.840099573135376
ASR : 0.06123180517491429
-------------------------------------------------- 5.952655792236328
ASR : 0.03662834817724573
-------------------------------------------------- 5.798820495605469
ASR : 0.07078767917626905
-------------------------------------------------- 5.87605094909668
ASR : 0.063056655150912
-------------------------------------------------- 5.924539089202881
ASR : 0.046444127362789495
-------------------------------------------------- 6.273690223693848

-------------Round number: 60-------------

Evaluate personalized models
Averaged Train Loss: 2.3247
Averaged Test Accurancy: 0.2835
Std Test Accurancy: 0.1479
ASR : 0.023912001106882276
-------------------------------------------------- 19.182357788085938
ASR : 0.05234610806321218
-------------------------------------------------- 5.897259712219238
ASR : 0.036307688097309915
-------------------------------------------------- 5.961417198181152
ASR : 0.09050958679457949
-------------------------------------------------- 6.015764951705933
ASR : 0.06904681810800568
-------------------------------------------------- 6.374440670013428
ASR : 0.046891834155634485
-------------------------------------------------- 6.022952556610107
ASR : 0.0668011785486914
-------------------------------------------------- 6.148754358291626
ASR : 0.07127747250683214
-------------------------------------------------- 6.0482401847839355
ASR : 0.03112573309457226
-------------------------------------------------- 5.809627294540405
ASR : 0.042649549225853046
-------------------------------------------------- 6.19542121887207

-------------Round number: 70-------------

Evaluate personalized models
Averaged Train Loss: 1.7601
Averaged Test Accurancy: 0.3762
Std Test Accurancy: 0.1397
ASR : 0.09682921246287027
-------------------------------------------------- 18.738932371139526
ASR : 0.06349271155224755
-------------------------------------------------- 6.075855016708374
ASR : 0.03271307036568042
-------------------------------------------------- 6.186393737792969
ASR : 0.04258372297394197
-------------------------------------------------- 6.100881576538086
ASR : 0.05517099029795018
-------------------------------------------------- 5.8899054527282715
ASR : 0.0559025621759117
-------------------------------------------------- 6.13816499710083
ASR : 0.04895437919626278
-------------------------------------------------- 5.884892702102661
ASR : 0.04346295571416412
-------------------------------------------------- 5.972592353820801
ASR : 0.0496986714397203
-------------------------------------------------- 5.891855478286743
ASR : 0.07712660564130082
-------------------------------------------------- 6.268996477127075

-------------Round number: 80-------------

Evaluate personalized models
Averaged Train Loss: 1.1130
Averaged Test Accurancy: 0.3759
Std Test Accurancy: 0.1439
ASR : 0.05691993156104103
-------------------------------------------------- 18.932220220565796
ASR : 0.08782697440675422
-------------------------------------------------- 6.08210825920105
ASR : 0.04028599501597363
-------------------------------------------------- 5.916303634643555
ASR : 0.029023887177860475
-------------------------------------------------- 6.061988592147827
ASR : 0.045680437829810086
-------------------------------------------------- 6.093132019042969
ASR : 0.03970641550501432
-------------------------------------------------- 6.068968296051025
ASR : 0.05799942798639306
-------------------------------------------------- 5.936303615570068
ASR : 0.033149024185700766
-------------------------------------------------- 6.187727928161621
ASR : 0.03883314463477942
-------------------------------------------------- 6.176657199859619
ASR : 0.05248986062134746
-------------------------------------------------- 6.057832479476929

-------------Round number: 90-------------

Evaluate personalized models
Averaged Train Loss: 0.9757
Averaged Test Accurancy: 0.3984
Std Test Accurancy: 0.1366
ASR : 0.039083815935660335
-------------------------------------------------- 19.0672128200531
ASR : 0.06222633326460069
-------------------------------------------------- 6.14275598526001
ASR : 0.03582839941407689
-------------------------------------------------- 6.125452518463135
ASR : 0.04978250810912329
-------------------------------------------------- 6.078927993774414
ASR : 0.0256836500683866
-------------------------------------------------- 6.206881523132324
ASR : 0.03296651290299506
-------------------------------------------------- 6.07597017288208
ASR : 0.05011243789956402
-------------------------------------------------- 6.019050598144531
ASR : 0.030361001518437368
-------------------------------------------------- 5.92913818359375
ASR : 0.04214628712651372
-------------------------------------------------- 5.94933009147644
ASR : 0.036860783895470726
-------------------------------------------------- 6.127610683441162

-------------Round number: 100-------------

Evaluate personalized models
Averaged Train Loss: 0.9165
Averaged Test Accurancy: 0.3947
Std Test Accurancy: 0.1458
ASR : 0.06770696552978867
-------------------------------------------------- 18.66477870941162
ASR : 0.05746139833695444
-------------------------------------------------- 5.958463191986084
ASR : 0.029632844612667172
-------------------------------------------------- 6.009015083312988
ASR : 0.02288587462127232
-------------------------------------------------- 6.152416706085205
ASR : 0.0269523976925884
-------------------------------------------------- 5.726789951324463
ASR : 0.04056628524050529
-------------------------------------------------- 5.917334079742432
ASR : 0.06938020648416242
-------------------------------------------------- 5.911740779876709
ASR : 0.033071454083731924
-------------------------------------------------- 6.292456865310669
ASR : 0.040177026573197966
-------------------------------------------------- 5.891117334365845
ASR : 0.0515040470013663
-------------------------------------------------- 5.736907005310059

-------------Round number: 110-------------

Evaluate personalized models
Averaged Train Loss: 0.8161
Averaged Test Accurancy: 0.4490
Std Test Accurancy: 0.1397
ASR : 0.08297371883889577
-------------------------------------------------- 18.698942184448242
ASR : 0.048867623197735376
-------------------------------------------------- 5.977375507354736
ASR : 0.042911703145278035
-------------------------------------------------- 6.369187831878662
ASR : 0.08867721045322097
-------------------------------------------------- 6.101367235183716
ASR : 0.06035881701778775
-------------------------------------------------- 6.131531000137329
ASR : 0.04806134099569008
-------------------------------------------------- 6.0778021812438965
ASR : 0.044577440370469366
-------------------------------------------------- 5.966893672943115
ASR : 0.06533853413776661
-------------------------------------------------- 5.927163362503052
ASR : 0.051746622570830465
-------------------------------------------------- 6.3079400062561035
ASR : 0.053784655595692565
-------------------------------------------------- 5.99088191986084

-------------Round number: 120-------------

Evaluate personalized models
Averaged Train Loss: 0.7282
Averaged Test Accurancy: 0.4479
Std Test Accurancy: 0.1339
ASR : 0.03230614702833187
-------------------------------------------------- 18.577088117599487
ASR : 0.06713296576415059
-------------------------------------------------- 5.806949853897095
ASR : 0.0470754955777804
-------------------------------------------------- 6.16155743598938
ASR : 0.07995270780165298
-------------------------------------------------- 5.917317152023315
ASR : 0.06509261844518018
-------------------------------------------------- 5.952324151992798
ASR : 0.04234694669577568
-------------------------------------------------- 5.941064119338989
ASR : 0.13051879033152317
-------------------------------------------------- 6.330218553543091
ASR : 0.051480160844256474
-------------------------------------------------- 6.037998199462891
ASR : 0.028938369671022254
-------------------------------------------------- 6.163668870925903
ASR : 0.0570420384072827
-------------------------------------------------- 5.98169732093811

-------------Round number: 130-------------

Evaluate personalized models
Averaged Train Loss: 0.7242
Averaged Test Accurancy: 0.4312
Std Test Accurancy: 0.1240
ASR : 0.06337504068881887
-------------------------------------------------- 18.620495557785034
ASR : 0.030863056835911937
-------------------------------------------------- 6.148592472076416
ASR : 0.07262217442481177
-------------------------------------------------- 6.017939329147339
ASR : 0.03360086763043817
-------------------------------------------------- 5.950453996658325
ASR : 0.043992635676150874
-------------------------------------------------- 5.848998546600342
ASR : 0.030136836200881884
-------------------------------------------------- 5.763293981552124
ASR : 0.038728109022608634
-------------------------------------------------- 5.935394763946533
ASR : 0.039000543741035
-------------------------------------------------- 6.3037309646606445
ASR : 0.04746695651997759
-------------------------------------------------- 5.913392066955566
ASR : 0.053369483653702886
-------------------------------------------------- 5.972461938858032

-------------Round number: 140-------------

Evaluate personalized models
Averaged Train Loss: 0.6047
Averaged Test Accurancy: 0.4619
Std Test Accurancy: 0.1272
ASR : 0.05164787524520176
-------------------------------------------------- 18.767659902572632
ASR : 0.08345313660336766
-------------------------------------------------- 6.286031246185303
ASR : 0.036968872409650314
-------------------------------------------------- 6.034470081329346
ASR : 0.038671312563043375
-------------------------------------------------- 6.114325046539307
ASR : 0.08720062711024967
-------------------------------------------------- 6.1506452560424805
ASR : 0.047669691117751135
-------------------------------------------------- 5.781955003738403
ASR : 0.05587499656568147
-------------------------------------------------- 5.9194581508636475
ASR : 0.09008978947178913
-------------------------------------------------- 5.802810430526733
ASR : 0.06817145262624985
-------------------------------------------------- 6.042123794555664
ASR : 0.091399982115099
-------------------------------------------------- 5.769785642623901

-------------Round number: 150-------------

Evaluate personalized models
Averaged Train Loss: 0.5825
Averaged Test Accurancy: 0.4415
Std Test Accurancy: 0.1264
ASR : 0.0799332413266262
-------------------------------------------------- 18.848527431488037
ASR : 0.044186933086940466
-------------------------------------------------- 5.953537464141846
ASR : 0.04549854342392418
-------------------------------------------------- 6.344837188720703
ASR : 0.05517371096416926
-------------------------------------------------- 6.168816089630127
ASR : 0.0750979663486525
-------------------------------------------------- 6.180155277252197
ASR : 0.05098577750883911
-------------------------------------------------- 6.518199682235718
ASR : 0.06720263718386567
-------------------------------------------------- 6.333678960800171
ASR : 0.04799472822523978
-------------------------------------------------- 5.970272779464722
ASR : 0.07624882679253331
-------------------------------------------------- 6.018012762069702
ASR : 0.02714209219720879
-------------------------------------------------- 6.110768795013428

-------------Round number: 160-------------

Evaluate personalized models
Averaged Train Loss: 0.3936
Averaged Test Accurancy: 0.4828
Std Test Accurancy: 0.1257
ASR : 0.054768651140821134
-------------------------------------------------- 18.890608310699463
ASR : 0.04726139127050059
-------------------------------------------------- 6.14607310295105
ASR : 0.058279956439078205
-------------------------------------------------- 5.9155120849609375
ASR : 0.03457952844994557
-------------------------------------------------- 6.23975133895874
ASR : 0.0702208231308813
-------------------------------------------------- 6.188362121582031
ASR : 0.0409671243788267
-------------------------------------------------- 6.1736671924591064
ASR : 0.037394108069765244
-------------------------------------------------- 5.9267871379852295
ASR : 0.038204355071030954
-------------------------------------------------- 5.927272081375122
ASR : 0.09073355890721017
-------------------------------------------------- 6.644626140594482
ASR : 0.03479045822385231
-------------------------------------------------- 6.16254734992981

-------------Round number: 170-------------

Evaluate personalized models
Averaged Train Loss: 0.3485
Averaged Test Accurancy: 0.4583
Std Test Accurancy: 0.1257
ASR : 0.039368050722893726
-------------------------------------------------- 19.051794052124023
ASR : 0.059972050947685
-------------------------------------------------- 5.980390787124634
ASR : 0.03412040806948556
-------------------------------------------------- 6.1897618770599365
ASR : 0.06959915650303426
-------------------------------------------------- 6.2215282917022705
ASR : 0.06576102781906508
-------------------------------------------------- 6.178032875061035
ASR : 0.06441224359243579
-------------------------------------------------- 6.05035138130188
ASR : 0.050136545198059136
-------------------------------------------------- 6.05562686920166
ASR : 0.04199707504577555
-------------------------------------------------- 6.023449420928955
ASR : 0.09888970362063687
-------------------------------------------------- 6.237227201461792
ASR : 0.07059932478638195
-------------------------------------------------- 5.976928949356079

-------------Round number: 180-------------

Evaluate personalized models
Averaged Train Loss: 0.3307
Averaged Test Accurancy: 0.4695
Std Test Accurancy: 0.1147
ASR : 0.039600995663194756
-------------------------------------------------- 18.62598180770874
ASR : 0.0809039001204466
-------------------------------------------------- 6.203291654586792
ASR : 0.08949346808532567
-------------------------------------------------- 6.0399134159088135
ASR : 0.0779197281277588
-------------------------------------------------- 5.772473096847534
ASR : 0.10189846992261532
-------------------------------------------------- 5.820958375930786
ASR : 0.051366639764383465
-------------------------------------------------- 5.773228168487549
ASR : 0.05311950030596877
-------------------------------------------------- 6.185090065002441
ASR : 0.07310005169603112
-------------------------------------------------- 6.084342956542969
ASR : 0.044348177993167155
-------------------------------------------------- 6.177805185317993
ASR : 0.04978366150620387
-------------------------------------------------- 6.005947113037109

-------------Round number: 190-------------

Evaluate personalized models
Averaged Train Loss: 0.3112
Averaged Test Accurancy: 0.4694
Std Test Accurancy: 0.1169
ASR : 0.08244323493987828
-------------------------------------------------- 18.487364053726196
ASR : 0.04124992427512609
-------------------------------------------------- 5.993246555328369
ASR : 0.058614960898625716
-------------------------------------------------- 6.0230772495269775
ASR : 0.06928116796795397
-------------------------------------------------- 6.060832500457764
ASR : 0.06986659137253565
-------------------------------------------------- 6.2283713817596436
ASR : 0.03717260783519854
-------------------------------------------------- 6.21184515953064
ASR : 0.046708022613126156
-------------------------------------------------- 5.846164226531982
ASR : 0.04282484940405822
-------------------------------------------------- 6.164372444152832
ASR : 0.04377911066771342
-------------------------------------------------- 6.102865934371948
ASR : 0.03511630287252198
-------------------------------------------------- 6.300538778305054

-------------Round number: 200-------------

Evaluate personalized models
Averaged Train Loss: 0.2336
Averaged Test Accurancy: 0.5007
Std Test Accurancy: 0.1137
ASR : 0.10462464799646935
-------------------------------------------------- 18.64783215522766
ASR : 0.04094918964397297
-------------------------------------------------- 6.007668733596802
ASR : 0.05911318143739962
-------------------------------------------------- 6.1727705001831055
ASR : 0.06591564089518262
-------------------------------------------------- 5.9217588901519775
ASR : 0.04299168865091555
-------------------------------------------------- 6.009585380554199
ASR : 0.05916804163248694
-------------------------------------------------- 5.940298795700073
ASR : 0.07801050595093312
-------------------------------------------------- 5.915711164474487
ASR : 0.0554735447349983
-------------------------------------------------- 6.090784549713135
ASR : 0.04180088337842703
-------------------------------------------------- 6.166805028915405
ASR : 0.04873792544473636
-------------------------------------------------- 6.1093854904174805

-------------Round number: 210-------------

Evaluate personalized models
Averaged Train Loss: 0.1545
Averaged Test Accurancy: 0.4980
Std Test Accurancy: 0.1069
ASR : 0.09212041219297304
-------------------------------------------------- 18.56388235092163
ASR : 0.0793768126769837
-------------------------------------------------- 6.222272634506226
ASR : 0.04726271389111437
-------------------------------------------------- 6.024580240249634
ASR : 0.043614420621730605
-------------------------------------------------- 5.9704670906066895
ASR : 0.05824198820631809
-------------------------------------------------- 5.921780824661255
ASR : 0.0609145874342564
-------------------------------------------------- 6.188894033432007
ASR : 0.036736633194278195
-------------------------------------------------- 6.07191014289856
ASR : 0.07413877131021995
-------------------------------------------------- 6.093340158462524
ASR : 0.04956386077207439
-------------------------------------------------- 5.825574159622192
ASR : 0.05941431784652224
-------------------------------------------------- 6.1141345500946045

-------------Round number: 220-------------

Evaluate personalized models
Averaged Train Loss: 0.1345
Averaged Test Accurancy: 0.4812
Std Test Accurancy: 0.1205
ASR : 0.04691309485304585
-------------------------------------------------- 18.725141525268555
ASR : 0.0715851718903877
-------------------------------------------------- 6.029195785522461
ASR : 0.04287980821236859
-------------------------------------------------- 6.16882848739624
ASR : 0.032504726620074476
-------------------------------------------------- 6.181867361068726
ASR : 0.03755374656424114
-------------------------------------------------- 6.131282806396484
ASR : 0.04650943955719217
-------------------------------------------------- 6.175855875015259
ASR : 0.03981308516631406
-------------------------------------------------- 5.985875844955444
ASR : 0.038914131285905436
-------------------------------------------------- 5.972208499908447
ASR : 0.05129112144878973
-------------------------------------------------- 6.156761169433594
ASR : 0.0747590332711019
-------------------------------------------------- 6.073928594589233

-------------Round number: 230-------------

Evaluate personalized models
Averaged Train Loss: 0.1128
Averaged Test Accurancy: 0.5062
Std Test Accurancy: 0.1210
ASR : 0.04597890814456378
-------------------------------------------------- 18.633861541748047
ASR : 0.09392806011434861
-------------------------------------------------- 5.991281747817993
ASR : 0.08260468566596216
-------------------------------------------------- 6.120172500610352
ASR : 0.04728650218364626
-------------------------------------------------- 6.24916410446167
ASR : 0.0436168822905988
-------------------------------------------------- 6.089765310287476
ASR : 0.05051574298713067
-------------------------------------------------- 6.042585611343384
ASR : 0.08266181188359843
-------------------------------------------------- 5.948202610015869
ASR : 0.0822946827453912
-------------------------------------------------- 6.215372323989868
ASR : 0.052870749788985004
-------------------------------------------------- 6.061384201049805
ASR : 0.04242363356701999
-------------------------------------------------- 5.847689867019653

-------------Round number: 240-------------

Evaluate personalized models
Averaged Train Loss: 0.0970
Averaged Test Accurancy: 0.5021
Std Test Accurancy: 0.1174
ASR : 0.09330474522721852
-------------------------------------------------- 18.59620952606201
ASR : 0.07135489998736805
-------------------------------------------------- 5.980943918228149
ASR : 0.0558096851391155
-------------------------------------------------- 5.941823720932007
ASR : 0.04512304747609403
-------------------------------------------------- 5.87645149230957
ASR : 0.051372522396070076
-------------------------------------------------- 5.997021675109863
ASR : 0.05889495642525702
-------------------------------------------------- 6.053266763687134
ASR : 0.08981023070792526
-------------------------------------------------- 6.074707984924316
ASR : 0.13180834684984283
-------------------------------------------------- 6.181326866149902
ASR : 0.03758400025928844
-------------------------------------------------- 5.922152996063232
ASR : 0.06001558297252785
-------------------------------------------------- 5.909117937088013

-------------Round number: 250-------------

Evaluate personalized models
Averaged Train Loss: 0.0775
Averaged Test Accurancy: 0.5283
Std Test Accurancy: 0.1152
ASR : 0.0920171956039827
-------------------------------------------------- 18.672253370285034
ASR : 0.07714037830333713
-------------------------------------------------- 6.071352958679199
ASR : 0.0537362343962041
-------------------------------------------------- 6.238395690917969
ASR : 0.05508824937080424
-------------------------------------------------- 6.327704906463623
ASR : 0.08210620227501679
-------------------------------------------------- 6.079259634017944
ASR : 0.041427372142470324
-------------------------------------------------- 5.894780158996582
ASR : 0.06713552758553712
-------------------------------------------------- 6.360191822052002
ASR : 0.04734569811635643
-------------------------------------------------- 6.185105800628662
ASR : 0.06040998983330954
-------------------------------------------------- 6.319857358932495
ASR : 0.042751944734963465
-------------------------------------------------- 5.834063291549683

-------------Round number: 260-------------

Evaluate personalized models
Averaged Train Loss: 0.0717
Averaged Test Accurancy: 0.5261
Std Test Accurancy: 0.1171
ASR : 0.05952887674979179
-------------------------------------------------- 18.707686185836792
ASR : 0.06279482433701336
-------------------------------------------------- 6.396491527557373
ASR : 0.0505680068686798
-------------------------------------------------- 6.193612337112427
ASR : 0.06733234086063049
-------------------------------------------------- 6.005105495452881
ASR : 0.10050484340003284
-------------------------------------------------- 5.913936138153076
ASR : 0.05684112645388676
-------------------------------------------------- 6.117683410644531
ASR : 0.047522300499442824
-------------------------------------------------- 6.086724758148193
ASR : 0.053103593216408555
-------------------------------------------------- 6.124906301498413
ASR : 0.0667876570104806
-------------------------------------------------- 5.90884804725647
ASR : 0.06843607999167547
-------------------------------------------------- 6.343012809753418

-------------Round number: 270-------------

Evaluate personalized models
Averaged Train Loss: 0.0687
Averaged Test Accurancy: 0.5350
Std Test Accurancy: 0.1160
ASR : 0.07435298153932943
-------------------------------------------------- 18.660630702972412
ASR : 0.06501159724129611
-------------------------------------------------- 6.162259101867676
ASR : 0.04750128038977322
-------------------------------------------------- 5.866040468215942
ASR : 0.05118832386170615
-------------------------------------------------- 6.046443223953247
ASR : 0.04148021706115556
-------------------------------------------------- 5.982232570648193
ASR : 0.06941824658171358
-------------------------------------------------- 6.123963117599487
ASR : 0.08557857464305939
-------------------------------------------------- 5.967263698577881
ASR : 0.047329966297613574
-------------------------------------------------- 6.69095778465271
ASR : 0.04183405202608155
-------------------------------------------------- 6.3061535358428955
ASR : 0.07981231428887654
-------------------------------------------------- 5.931636333465576

-------------Round number: 280-------------

Evaluate personalized models
Averaged Train Loss: 0.0654
Averaged Test Accurancy: 0.5438
Std Test Accurancy: 0.1178
ASR : 0.03971256203797625
-------------------------------------------------- 18.493931770324707
ASR : 0.08253070794329402
-------------------------------------------------- 6.0364673137664795
ASR : 0.058858160147904855
-------------------------------------------------- 6.370235919952393
ASR : 0.07171023171650087
-------------------------------------------------- 6.150705337524414
ASR : 0.0512422147055983
-------------------------------------------------- 5.785098552703857
ASR : 0.06807615994377123
-------------------------------------------------- 6.202401638031006
ASR : 0.05574744977975581
-------------------------------------------------- 6.25702166557312
ASR : 0.043563085520621304
-------------------------------------------------- 6.007466554641724
ASR : 0.0625016005477673
-------------------------------------------------- 6.053165912628174
ASR : 0.04394986889111712
-------------------------------------------------- 6.045310020446777

-------------Round number: 290-------------

Evaluate personalized models
Averaged Train Loss: 0.0667
Averaged Test Accurancy: 0.5300
Std Test Accurancy: 0.1150
ASR : 0.05445424682111803
-------------------------------------------------- 18.558950901031494
ASR : 0.052569600807145345
-------------------------------------------------- 6.042609930038452
ASR : 0.05555469192263757
-------------------------------------------------- 6.342668771743774
ASR : 0.04581336168678628
-------------------------------------------------- 5.937248229980469
ASR : 0.06296076494905171
-------------------------------------------------- 5.969848871231079
ASR : 0.03585066866921963
-------------------------------------------------- 6.112329483032227
ASR : 0.06190100121982632
-------------------------------------------------- 5.967101335525513
ASR : 0.05963016631364137
-------------------------------------------------- 6.018776178359985
ASR : 0.04639819096632923
-------------------------------------------------- 5.952709674835205
ASR : 0.08089902994456191
-------------------------------------------------- 6.075706958770752

-------------Round number: 300-------------

Evaluate personalized models
Averaged Train Loss: 0.0684
Averaged Test Accurancy: 0.5399
Std Test Accurancy: 0.1124
ASR : 0.0605201416970199
-------------------------------------------------- 18.601046085357666
ASR : 0.04317704279121168
-------------------------------------------------- 6.256394863128662
ASR : 0.0757009466422835
-------------------------------------------------- 6.370743989944458
ASR : 0.06426280100258924
-------------------------------------------------- 5.851667404174805
ASR : 0.09601996979276962
-------------------------------------------------- 6.165483713150024
ASR : 0.07998850414150337
-------------------------------------------------- 6.040406703948975
ASR : 0.05444066803416099
-------------------------------------------------- 6.007997751235962
ASR : 0.08588902839372
-------------------------------------------------- 6.03633975982666
ASR : 0.058301695839980364
-------------------------------------------------- 6.064439535140991
ASR : 0.04513878538657492
-------------------------------------------------- 6.166582822799683

-------------Round number: 310-------------

Evaluate personalized models
Averaged Train Loss: 0.0639
Averaged Test Accurancy: 0.5310
Std Test Accurancy: 0.1153
ASR : 0.08155671482169688
-------------------------------------------------- 18.75629472732544
ASR : 0.07003319622878804
-------------------------------------------------- 6.2218101024627686
ASR : 0.07307654353442783
-------------------------------------------------- 6.047501564025879
ASR : 0.05822226145320677
-------------------------------------------------- 5.969581365585327
ASR : 0.05534934169610157
-------------------------------------------------- 6.019653797149658
ASR : 0.05230726100142194
-------------------------------------------------- 5.855856895446777
ASR : 0.07111781659271264
-------------------------------------------------- 6.254789113998413
ASR : 0.0566431081747002
-------------------------------------------------- 6.164738893508911
ASR : 0.047478325566848306
-------------------------------------------------- 5.9601359367370605
ASR : 0.08527374320721706
-------------------------------------------------- 5.826132535934448

-------------Round number: 320-------------

Evaluate personalized models
Averaged Train Loss: 0.0683
Averaged Test Accurancy: 0.5403
Std Test Accurancy: 0.1216
ASR : 0.08387700786015982
-------------------------------------------------- 18.6786892414093
ASR : 0.07429616055760174
-------------------------------------------------- 6.114525556564331
ASR : 0.05625504136466814
-------------------------------------------------- 5.771395206451416
ASR : 0.06866047710445237
-------------------------------------------------- 5.884873390197754
ASR : 0.06035212605050312
-------------------------------------------------- 5.988933563232422
ASR : 0.0648688461654964
-------------------------------------------------- 6.109833717346191
ASR : 0.06129652702653924
-------------------------------------------------- 5.956319808959961
ASR : 0.051575563916041796
-------------------------------------------------- 6.232825756072998
ASR : 0.10203930735142992
-------------------------------------------------- 6.056904554367065
ASR : 0.08023591764123135
-------------------------------------------------- 5.963464021682739

-------------Round number: 330-------------

Evaluate personalized models
Averaged Train Loss: 0.1055
Averaged Test Accurancy: 0.5422
Std Test Accurancy: 0.1230
ASR : 0.0571965375131126
-------------------------------------------------- 18.699304342269897
ASR : 0.05687051425535848
-------------------------------------------------- 6.025021076202393
ASR : 0.048515437046531176
-------------------------------------------------- 5.719358444213867
ASR : 0.05430421202869994
-------------------------------------------------- 5.995882034301758
ASR : 0.04680988869712207
-------------------------------------------------- 5.934675216674805
ASR : 0.061697484302084146
-------------------------------------------------- 5.986680746078491
ASR : 0.05826907201138426
-------------------------------------------------- 6.208993434906006
ASR : 0.05916528414252574
-------------------------------------------------- 6.15096116065979
ASR : 0.05776071634675247
-------------------------------------------------- 6.05202579498291
ASR : 0.07694181412986448
-------------------------------------------------- 6.01153039932251

-------------Round number: 340-------------

Evaluate personalized models
Averaged Train Loss: 0.0475
Averaged Test Accurancy: 0.5474
Std Test Accurancy: 0.1227
ASR : 0.04820569805721042
-------------------------------------------------- 18.516522645950317
ASR : 0.07907180857111161
-------------------------------------------------- 6.028943777084351
ASR : 0.05848361378961981
-------------------------------------------------- 6.111211061477661
ASR : 0.06813883809123623
-------------------------------------------------- 5.968814849853516
ASR : 0.04534187738930958
-------------------------------------------------- 5.684854507446289
ASR : 0.05927261509466575
-------------------------------------------------- 6.0135509967803955
ASR : 0.07245554939791138
-------------------------------------------------- 6.0978522300720215
ASR : 0.07813974110896553
-------------------------------------------------- 5.974566459655762
ASR : 0.07341137754025838
-------------------------------------------------- 6.00651478767395
ASR : 0.07321802261117238
-------------------------------------------------- 6.061523199081421

-------------Round number: 350-------------

Evaluate personalized models
Averaged Train Loss: 0.0448
Averaged Test Accurancy: 0.5553
Std Test Accurancy: 0.1209
ASR : 0.05263335866547293
-------------------------------------------------- 18.602869510650635
ASR : 0.05242320657013734
-------------------------------------------------- 6.117417335510254
ASR : 0.07033095791036799
-------------------------------------------------- 6.0953168869018555
ASR : 0.06032173633314669
-------------------------------------------------- 5.983341455459595
ASR : 0.06123056872909577
-------------------------------------------------- 6.026515483856201
ASR : 0.07017777256029646
-------------------------------------------------- 6.103606939315796
ASR : 0.04446957024493327
-------------------------------------------------- 6.053529262542725
ASR : 0.04885530437491537
-------------------------------------------------- 6.262779712677002
ASR : 0.06073352140938432
-------------------------------------------------- 5.796749830245972
ASR : 0.06483872953151913
-------------------------------------------------- 5.844696521759033

-------------Round number: 360-------------

Evaluate personalized models
Averaged Train Loss: 0.0437
Averaged Test Accurancy: 0.5406
Std Test Accurancy: 0.1203
ASR : 0.10909812734704845
-------------------------------------------------- 18.617640733718872
ASR : 0.05136006678777693
-------------------------------------------------- 5.889875650405884
ASR : 0.09233727089569559
-------------------------------------------------- 5.94373083114624
ASR : 0.05515651944447553
-------------------------------------------------- 5.934444904327393
ASR : 0.05918358803022763
-------------------------------------------------- 5.907559633255005
ASR : 0.06926499781792224
-------------------------------------------------- 6.13847279548645
ASR : 0.05737102964975601
-------------------------------------------------- 6.18824315071106
ASR : 0.05999197193102232
-------------------------------------------------- 5.786999464035034
ASR : 0.06228482973227656
-------------------------------------------------- 5.861363410949707
ASR : 0.06472119806607904
-------------------------------------------------- 6.034664154052734

-------------Round number: 370-------------

Evaluate personalized models
Averaged Train Loss: 0.0424
Averaged Test Accurancy: 0.5494
Std Test Accurancy: 0.1175
ASR : 0.06820530340353069
-------------------------------------------------- 18.534003019332886
ASR : 0.06259332251334519
-------------------------------------------------- 6.049218654632568
ASR : 0.07228404141582094
-------------------------------------------------- 6.06794810295105
ASR : 0.06478552146816156
-------------------------------------------------- 5.862163782119751
ASR : 0.06103163885757161
-------------------------------------------------- 5.9538726806640625
ASR : 0.06541492264159901
-------------------------------------------------- 5.9936723709106445
ASR : 0.07146554009825637
-------------------------------------------------- 6.190848112106323
ASR : 0.059740849851156526
-------------------------------------------------- 6.067686557769775
ASR : 0.06855283741615231
-------------------------------------------------- 5.949709177017212
ASR : 0.04695096725847148
-------------------------------------------------- 5.978280305862427

-------------Round number: 380-------------

Evaluate personalized models
Averaged Train Loss: 0.0546
Averaged Test Accurancy: 0.5564
Std Test Accurancy: 0.1245
ASR : 0.0577169005744295
-------------------------------------------------- 19.259021282196045
ASR : 0.05019099206594983
-------------------------------------------------- 5.879574537277222
ASR : 0.07354134391013036
-------------------------------------------------- 6.201733589172363
ASR : 0.06990530935996567
-------------------------------------------------- 6.1073503494262695
ASR : 0.05182526090386692
-------------------------------------------------- 6.238143682479858
ASR : 0.054908739717153585
-------------------------------------------------- 6.0363242626190186
ASR : 0.06160032512879911
-------------------------------------------------- 5.882797956466675
ASR : 0.07666565144886792
-------------------------------------------------- 5.9753258228302
ASR : 0.0595195985961134
-------------------------------------------------- 6.238951206207275
ASR : 0.09433636940576766
-------------------------------------------------- 6.2577290534973145

-------------Round number: 390-------------

Evaluate personalized models
Averaged Train Loss: 0.0392
Averaged Test Accurancy: 0.5665
Std Test Accurancy: 0.1200
ASR : 0.06286772808213287
-------------------------------------------------- 18.74964427947998
ASR : 0.05244959863827069
-------------------------------------------------- 6.195686101913452
ASR : 0.052572730970395526
-------------------------------------------------- 6.217851161956787
ASR : 0.0496682782216463
-------------------------------------------------- 6.312444448471069
ASR : 0.05006084458893157
-------------------------------------------------- 6.333184242248535
ASR : 0.0654255348296609
-------------------------------------------------- 6.095130443572998
ASR : 0.046592692272275325
-------------------------------------------------- 6.021033048629761
ASR : 0.06422310997994565
-------------------------------------------------- 6.113105297088623
ASR : 0.056251893980156946
-------------------------------------------------- 6.1875693798065186
ASR : 0.05426275696543121
-------------------------------------------------- 5.908029556274414

-------------Round number: 400-------------

Evaluate personalized models
Averaged Train Loss: 0.0389
Averaged Test Accurancy: 0.5615
Std Test Accurancy: 0.1207
ASR : 0.04972910365497958
-------------------------------------------------- 18.74448561668396
ASR : 0.08018126452692396
-------------------------------------------------- 6.0611326694488525
ASR : 0.05878617852686628
-------------------------------------------------- 6.004770517349243
ASR : 0.07957753311299347
-------------------------------------------------- 6.278343677520752
ASR : 0.0502267154296724
-------------------------------------------------- 6.029588937759399
ASR : 0.06738030927297803
-------------------------------------------------- 6.259406805038452
ASR : 0.049084950329737864
-------------------------------------------------- 6.269203424453735
ASR : 0.049694624563281053
-------------------------------------------------- 5.992922306060791
ASR : 0.08217774877043021
-------------------------------------------------- 5.9762208461761475
ASR : 0.07429073486709932
-------------------------------------------------- 6.095666885375977

-------------Round number: 410-------------

Evaluate personalized models
Averaged Train Loss: 0.0468
Averaged Test Accurancy: 0.5585
Std Test Accurancy: 0.1194
ASR : 0.04979903695890574
-------------------------------------------------- 19.009703159332275
ASR : 0.05101239711154997
-------------------------------------------------- 6.170485734939575
ASR : 0.050103940797453866
-------------------------------------------------- 6.104915380477905
ASR : 0.049203265639800854
-------------------------------------------------- 6.2142980098724365
ASR : 0.0556273650853685
-------------------------------------------------- 6.051566123962402
ASR : 0.05730994326905289
-------------------------------------------------- 6.110415458679199
ASR : 0.0648805927175719
-------------------------------------------------- 6.02111554145813
ASR : 0.05381051061110764
-------------------------------------------------- 5.892877817153931
ASR : 0.04364869668500352
-------------------------------------------------- 6.225297212600708
ASR : 0.05553341240368541
-------------------------------------------------- 6.141572713851929

-------------Round number: 420-------------

Evaluate personalized models
Averaged Train Loss: 0.0416
Averaged Test Accurancy: 0.5653
Std Test Accurancy: 0.1222
ASR : 0.07849861557181895
-------------------------------------------------- 19.014153480529785
ASR : 0.10051056495589682
-------------------------------------------------- 5.995823621749878
ASR : 0.0770555931201491
-------------------------------------------------- 6.0055320262908936
ASR : 0.04471150346470342
-------------------------------------------------- 6.002718210220337
ASR : 0.06617711464704047
-------------------------------------------------- 5.959014415740967
ASR : 0.04212965302920327
-------------------------------------------------- 6.056593894958496
ASR : 0.06383541314191794
-------------------------------------------------- 6.160719156265259
ASR : 0.07348164781836392
-------------------------------------------------- 6.1103515625
ASR : 0.05587743013775535
-------------------------------------------------- 6.100959539413452
ASR : 0.049576687883391674
-------------------------------------------------- 6.16530966758728

-------------Round number: 430-------------

Evaluate personalized models
Averaged Train Loss: 0.0421
Averaged Test Accurancy: 0.5478
Std Test Accurancy: 0.1196
ASR : 0.09029828792986411
-------------------------------------------------- 19.056862115859985
ASR : 0.07178906427456182
-------------------------------------------------- 6.049602508544922
ASR : 0.07549501747060489
-------------------------------------------------- 6.180947303771973
ASR : 0.05975129697970168
-------------------------------------------------- 6.18915581703186
ASR : 0.05871169886137809
-------------------------------------------------- 5.835563898086548
ASR : 0.05942190032676023
-------------------------------------------------- 5.951327085494995
ASR : 0.0663424591765057
-------------------------------------------------- 5.894237041473389
ASR : 0.05163006810409753
-------------------------------------------------- 6.046050310134888
ASR : 0.04801401759121105
-------------------------------------------------- 5.960674524307251
ASR : 0.07762817204431356
-------------------------------------------------- 6.002364158630371

-------------Round number: 440-------------

Evaluate personalized models
Averaged Train Loss: 0.0679
Averaged Test Accurancy: 0.5594
Std Test Accurancy: 0.1210
ASR : 0.05104675456235601
-------------------------------------------------- 19.126704692840576
ASR : 0.04961176672776686
-------------------------------------------------- 5.986845970153809
ASR : 0.04752934806041268
-------------------------------------------------- 6.028190851211548
ASR : 0.06083450695355586
-------------------------------------------------- 6.210045099258423
ASR : 0.04420621052619583
-------------------------------------------------- 6.163251638412476
ASR : 0.060455963898490804
-------------------------------------------------- 6.448246240615845
ASR : 0.05098303081868454
-------------------------------------------------- 6.116448163986206
ASR : 0.05606990534697923
-------------------------------------------------- 5.691457986831665
ASR : 0.07392142597298874
-------------------------------------------------- 6.109029054641724
ASR : 0.05503401494713548
-------------------------------------------------- 6.11681866645813

-------------Round number: 450-------------

Evaluate personalized models
Averaged Train Loss: 0.0586
Averaged Test Accurancy: 0.5649
Std Test Accurancy: 0.1221
ASR : 0.07048616834928213
-------------------------------------------------- 18.94948697090149
ASR : 0.04586598065046128
-------------------------------------------------- 6.077117919921875
ASR : 0.05822662413939271
-------------------------------------------------- 6.021220684051514
ASR : 0.058234761405007426
-------------------------------------------------- 6.0560338497161865
ASR : 0.0501714200807262
-------------------------------------------------- 5.8992369174957275
ASR : 0.06692952646862917
-------------------------------------------------- 6.035802841186523
ASR : 0.05760057225544113
-------------------------------------------------- 5.91872501373291
ASR : 0.08712754079064353
-------------------------------------------------- 6.038922548294067
ASR : 0.07607932176966539
-------------------------------------------------- 6.06144118309021
ASR : 0.0697966596296535
-------------------------------------------------- 6.1927385330200195

-------------Round number: 460-------------

Evaluate personalized models
Averaged Train Loss: 0.0368
Averaged Test Accurancy: 0.5693
Std Test Accurancy: 0.1229
ASR : 0.06448911648280069
-------------------------------------------------- 18.1480655670166
ASR : 0.08076017385749079
-------------------------------------------------- 5.946873664855957
ASR : 0.05344035164083876
-------------------------------------------------- 6.096217632293701
ASR : 0.06495005635051287
-------------------------------------------------- 6.020752191543579
ASR : 0.07168561774949107
-------------------------------------------------- 6.073186635971069
ASR : 0.04933621155649948
-------------------------------------------------- 6.007990598678589
ASR : 0.057543152996889786
-------------------------------------------------- 6.058161497116089
ASR : 0.07070474475489755
-------------------------------------------------- 6.023754358291626
ASR : 0.06050536401809982
-------------------------------------------------- 6.026427984237671
ASR : 0.05490330388949913
-------------------------------------------------- 6.006890535354614

-------------Round number: 470-------------

Evaluate personalized models
Averaged Train Loss: 0.0441
Averaged Test Accurancy: 0.5726
Std Test Accurancy: 0.1201
ASR : 0.06593316774787271
-------------------------------------------------- 18.44192337989807
ASR : 0.08607607285398229
-------------------------------------------------- 5.959085941314697
ASR : 0.05686030301526879
-------------------------------------------------- 6.1878650188446045
ASR : 0.05249380840711015
-------------------------------------------------- 6.091577768325806
ASR : 0.04858082115503778
-------------------------------------------------- 6.16733193397522
ASR : 0.04721691625771333
-------------------------------------------------- 5.918205738067627
ASR : 0.04042830570270606
-------------------------------------------------- 5.881399154663086
ASR : 0.08204039760385264
-------------------------------------------------- 5.861133575439453
ASR : 0.0544606375150324
-------------------------------------------------- 6.0659589767456055
ASR : 0.044537304276435444
-------------------------------------------------- 5.713395357131958

-------------Round number: 480-------------

Evaluate personalized models
Averaged Train Loss: 0.0334
Averaged Test Accurancy: 0.5699
Std Test Accurancy: 0.1226
ASR : 0.07443782806738741
-------------------------------------------------- 18.375867128372192
ASR : 0.05808660487178458
-------------------------------------------------- 6.213371753692627
ASR : 0.04738562687092088
-------------------------------------------------- 5.772954225540161
ASR : 0.055482573065610205
-------------------------------------------------- 5.959500551223755
ASR : 0.058978623415629074
-------------------------------------------------- 5.784823894500732
ASR : 0.05861422920719857
-------------------------------------------------- 5.84393835067749
ASR : 0.06887027248726017
-------------------------------------------------- 6.150493860244751
ASR : 0.05484747555551999
-------------------------------------------------- 5.989981412887573
ASR : 0.050072204582152884
-------------------------------------------------- 6.1896162033081055
ASR : 0.0609418993033584
-------------------------------------------------- 5.874051570892334

-------------Round number: 490-------------

Evaluate personalized models
Averaged Train Loss: 0.0430
Averaged Test Accurancy: 0.5654
Std Test Accurancy: 0.1202
ASR : 0.05107498782902729
-------------------------------------------------- 18.642717838287354
ASR : 0.05354191922844313
-------------------------------------------------- 5.850310564041138
ASR : 0.06439409651516886
-------------------------------------------------- 5.789409637451172
ASR : 0.05768801781338971
-------------------------------------------------- 6.185819149017334
ASR : 0.08238376210735869
-------------------------------------------------- 5.841919660568237
ASR : 0.04807928260581368
-------------------------------------------------- 5.997131586074829
ASR : 0.06607153286945293
-------------------------------------------------- 6.114335775375366
ASR : 0.05833879197981077
-------------------------------------------------- 6.0871899127960205
ASR : 0.052504110887605746
-------------------------------------------------- 5.742327690124512
ASR : 0.06445774948758959
-------------------------------------------------- 5.80381441116333

-------------Round number: 500-------------

Evaluate personalized models
Averaged Train Loss: 0.0407
Averaged Test Accurancy: 0.5714
Std Test Accurancy: 0.1237
ASR : 0.052452943585948486
-------------------------------------------------- 18.735974073410034
ASR : 0.060266899420932676
-------------------------------------------------- 5.973278284072876
ASR : 0.05023048943899221
-------------------------------------------------- 6.282799005508423
ASR : 0.06691922185782119
-------------------------------------------------- 6.280508756637573
ASR : 0.06072183442830479
-------------------------------------------------- 6.107139587402344
ASR : 0.049062047252920175
-------------------------------------------------- 6.1891210079193115
ASR : 0.04522335507270881
-------------------------------------------------- 6.124463796615601
ASR : 0.04943228722288345
-------------------------------------------------- 5.783266544342041
ASR : 0.05698199636524399
-------------------------------------------------- 6.2745091915130615
ASR : 0.05426067069561018
-------------------------------------------------- 5.8185670375823975

-------------Round number: 510-------------

Evaluate personalized models
Averaged Train Loss: 0.0311
Averaged Test Accurancy: 0.5739
Std Test Accurancy: 0.1219
ASR : 0.06178705382422845
-------------------------------------------------- 18.638929843902588
ASR : 0.04223370784414836
-------------------------------------------------- 5.73136043548584
ASR : 0.05521273143158089
-------------------------------------------------- 6.230804681777954
ASR : 0.0624478309171663
-------------------------------------------------- 5.978395700454712
ASR : 0.056169214022558034
-------------------------------------------------- 6.110329627990723
ASR : 0.050942442061342734
-------------------------------------------------- 5.910116910934448
ASR : 0.05821375707679429
-------------------------------------------------- 6.236464023590088
ASR : 0.046715216577896575
-------------------------------------------------- 5.935569763183594
ASR : 0.06151596594574026
-------------------------------------------------- 6.2034010887146
ASR : 0.04815061195702283
-------------------------------------------------- 6.244093179702759

-------------Round number: 520-------------

Evaluate personalized models
Averaged Train Loss: 0.0327
Averaged Test Accurancy: 0.5689
Std Test Accurancy: 0.1262
ASR : 0.046283376846033876
-------------------------------------------------- 18.59438681602478
ASR : 0.058434164284159096
-------------------------------------------------- 6.20554780960083
ASR : 0.0484215328527105
-------------------------------------------------- 6.231355428695679
ASR : 0.05030451483884406
-------------------------------------------------- 6.115272760391235
ASR : 0.04841806589277544
-------------------------------------------------- 6.2133941650390625
ASR : 0.055453566662186454
-------------------------------------------------- 6.028749704360962
ASR : 0.05678633253564701
-------------------------------------------------- 6.039229393005371
ASR : 0.06638386070159194
-------------------------------------------------- 6.107483625411987
ASR : 0.05048567279066058
-------------------------------------------------- 5.98576545715332
ASR : 0.05971966298792779
-------------------------------------------------- 6.034091234207153

-------------Round number: 530-------------

Evaluate personalized models
Averaged Train Loss: 0.0303
Averaged Test Accurancy: 0.5765
Std Test Accurancy: 0.1223
ASR : 0.059107434912726575
-------------------------------------------------- 18.65561866760254
ASR : 0.04938762803118274
-------------------------------------------------- 6.106356620788574
ASR : 0.07004147610061323
-------------------------------------------------- 5.854259729385376
ASR : 0.061327482205060346
-------------------------------------------------- 5.668754816055298
ASR : 0.07011222056523295
-------------------------------------------------- 6.0117714405059814
ASR : 0.06420436236104872
-------------------------------------------------- 6.0155251026153564
ASR : 0.06781263793676694
-------------------------------------------------- 6.136267900466919
ASR : 0.058773226285727904
-------------------------------------------------- 5.916778564453125
ASR : 0.05447641645735476
-------------------------------------------------- 5.7362189292907715
ASR : 0.0821050054300329
-------------------------------------------------- 6.0351433753967285

-------------Round number: 540-------------

Evaluate personalized models
Averaged Train Loss: 0.0304
Averaged Test Accurancy: 0.5693
Std Test Accurancy: 0.1229
ASR : 0.05582882289628242
-------------------------------------------------- 18.884846448898315
ASR : 0.06861239629575773
-------------------------------------------------- 5.847078084945679
ASR : 0.07120323764085772
-------------------------------------------------- 5.951555967330933
ASR : 0.049750439771530285
-------------------------------------------------- 5.780679702758789
ASR : 0.04955209293372495
-------------------------------------------------- 6.101056814193726
ASR : 0.07319792692604665
-------------------------------------------------- 6.033472537994385
ASR : 0.08678420707125457
-------------------------------------------------- 5.9934704303741455
ASR : 0.05944408452771983
-------------------------------------------------- 5.866917133331299
ASR : 0.06339072841576926
-------------------------------------------------- 5.903105974197388
ASR : 0.06494672304539299
-------------------------------------------------- 6.440412282943726

-------------Round number: 550-------------

Evaluate personalized models
Averaged Train Loss: 0.0295
Averaged Test Accurancy: 0.5771
Std Test Accurancy: 0.1221
ASR : 0.048386131912245015
-------------------------------------------------- 18.629659175872803
ASR : 0.056123678787575654
-------------------------------------------------- 6.1010072231292725
ASR : 0.058568741989274246
-------------------------------------------------- 5.92522931098938
ASR : 0.05248922057515022
-------------------------------------------------- 6.163912296295166
ASR : 0.060315208891381436
-------------------------------------------------- 6.094649076461792
ASR : 0.0518016911595966
-------------------------------------------------- 5.905872583389282
ASR : 0.06353944440990379
-------------------------------------------------- 6.327362060546875
ASR : 0.05108586664545
-------------------------------------------------- 6.1692304611206055
ASR : 0.05078068461046416
-------------------------------------------------- 6.128471612930298
ASR : 0.05189961495539769
-------------------------------------------------- 5.752972841262817

-------------Round number: 560-------------

Evaluate personalized models
Averaged Train Loss: 0.0331
Averaged Test Accurancy: 0.5788
Std Test Accurancy: 0.1172
ASR : 0.05064003665257947
-------------------------------------------------- 18.34861993789673
ASR : 0.059818532857835095
-------------------------------------------------- 6.251239061355591
ASR : 0.06277729765437953
-------------------------------------------------- 6.382333517074585
ASR : 0.056148497772242026
-------------------------------------------------- 5.996398687362671
ASR : 0.047973768857878074
-------------------------------------------------- 6.176233768463135
ASR : 0.03872264315390529
-------------------------------------------------- 6.381159782409668
ASR : 0.05612952422183965
-------------------------------------------------- 6.102262735366821
ASR : 0.06782603391726706
-------------------------------------------------- 5.974684715270996
ASR : 0.06348453887342452
-------------------------------------------------- 5.888509035110474
ASR : 0.05725979812981324
-------------------------------------------------- 6.100697755813599

-------------Round number: 570-------------

Evaluate personalized models
Averaged Train Loss: 0.0279
Averaged Test Accurancy: 0.5765
Std Test Accurancy: 0.1213
ASR : 0.0712858262187577
-------------------------------------------------- 18.706100702285767
ASR : 0.06201895707323203
-------------------------------------------------- 6.1562042236328125
ASR : 0.04741550393090186
-------------------------------------------------- 6.144012928009033
ASR : 0.05376471771762195
-------------------------------------------------- 6.079289197921753
ASR : 0.061635173704432146
-------------------------------------------------- 6.004978179931641
ASR : 0.05843460991204301
-------------------------------------------------- 6.050755977630615
ASR : 0.052894515701513975
-------------------------------------------------- 6.104616641998291
ASR : 0.049309707684899735
-------------------------------------------------- 6.134985446929932
ASR : 0.07471258474157515
-------------------------------------------------- 5.943825960159302
ASR : 0.07266622943082171
-------------------------------------------------- 6.174482822418213

-------------Round number: 580-------------

Evaluate personalized models
Averaged Train Loss: 0.0581
Averaged Test Accurancy: 0.5762
Std Test Accurancy: 0.1229
ASR : 0.06175781778059027
-------------------------------------------------- 18.701846837997437
ASR : 0.05737623499853931
-------------------------------------------------- 5.89342474937439
ASR : 0.050182386332218096
-------------------------------------------------- 6.015698671340942
ASR : 0.04482829817257608
-------------------------------------------------- 5.954699277877808
ASR : 0.054387165216939495
-------------------------------------------------- 5.838640451431274
ASR : 0.059534470528638334
-------------------------------------------------- 6.174631118774414
ASR : 0.044372129998304456
-------------------------------------------------- 6.022629499435425
ASR : 0.05846655386014879
-------------------------------------------------- 6.094301462173462
ASR : 0.053552696326611166
-------------------------------------------------- 6.039900541305542
ASR : 0.06595718053118546
-------------------------------------------------- 5.998199701309204

-------------Round number: 590-------------

Evaluate personalized models
Averaged Train Loss: 0.0562
Averaged Test Accurancy: 0.5762
Std Test Accurancy: 0.1218
ASR : 0.06903042151433136
-------------------------------------------------- 18.572828769683838
ASR : 0.05767950246580288
-------------------------------------------------- 5.956522464752197
ASR : 0.05400854678153718
-------------------------------------------------- 5.911240577697754
ASR : 0.05612013607448958
-------------------------------------------------- 6.194179058074951
ASR : 0.06558410864668819
-------------------------------------------------- 6.040766477584839
ASR : 0.0655839525094399
-------------------------------------------------- 5.748250246047974
ASR : 0.06498323086970914
-------------------------------------------------- 5.888760328292847
ASR : 0.05692616973266118
-------------------------------------------------- 5.896792650222778
ASR : 0.062281228126532556
-------------------------------------------------- 6.0224409103393555
ASR : 0.062046122527596635
-------------------------------------------------- 6.2404115200042725

-------------Round number: 600-------------

Evaluate personalized models
Averaged Train Loss: 0.0684
Averaged Test Accurancy: 0.5800
Std Test Accurancy: 0.1211
ASR : 0.05494853416541912
-------------------------------------------------- 18.617067575454712
ASR : 0.04871940584767082
-------------------------------------------------- 5.949095726013184
ASR : 0.06114104601116997
-------------------------------------------------- 6.115485191345215
ASR : 0.05104902357123099
-------------------------------------------------- 6.054134845733643
ASR : 0.04130921224998268
-------------------------------------------------- 6.293798446655273
ASR : 0.06136860883915052
-------------------------------------------------- 6.179657936096191
ASR : 0.05138450147541455
-------------------------------------------------- 6.060577630996704
ASR : 0.044413088814601626
-------------------------------------------------- 5.92011284828186
ASR : 0.06781075573758569
-------------------------------------------------- 5.970012903213501
ASR : 0.0532368886811481
-------------------------------------------------- 6.189586639404297

-------------Round number: 610-------------

Evaluate personalized models
Averaged Train Loss: 0.0596
Averaged Test Accurancy: 0.5805
Std Test Accurancy: 0.1195
ASR : 0.046449291190596
-------------------------------------------------- 18.59860634803772
ASR : 0.053716436780530175
-------------------------------------------------- 5.956701993942261
ASR : 0.07386896489541359
-------------------------------------------------- 6.160090923309326
ASR : 0.06357592481200738
-------------------------------------------------- 6.14628529548645
ASR : 0.04571818379889778
-------------------------------------------------- 6.179953336715698
ASR : 0.04859386746361266
-------------------------------------------------- 6.303249835968018
ASR : 0.05244842132115103
-------------------------------------------------- 6.167426109313965
ASR : 0.044077696523342286
-------------------------------------------------- 6.1188764572143555
ASR : 0.04623604448594143
-------------------------------------------------- 6.327143430709839
ASR : 0.043182930640886394
-------------------------------------------------- 5.967785596847534

-------------Round number: 620-------------

Evaluate personalized models
Averaged Train Loss: 0.0590
Averaged Test Accurancy: 0.5796
Std Test Accurancy: 0.1218
ASR : 0.05938918547262284
-------------------------------------------------- 18.89218759536743
ASR : 0.05783192652128756
-------------------------------------------------- 6.2194507122039795
ASR : 0.05361093705234924
-------------------------------------------------- 6.168839454650879
ASR : 0.0596783211981343
-------------------------------------------------- 5.848322629928589
ASR : 0.071452829023096
-------------------------------------------------- 6.110952377319336
ASR : 0.052602782885213265
-------------------------------------------------- 5.907916307449341
ASR : 0.0513260364641075
-------------------------------------------------- 6.201233386993408
ASR : 0.05520068588934335
-------------------------------------------------- 6.043627500534058
ASR : 0.08747001432523513
-------------------------------------------------- 6.044053792953491
ASR : 0.05259639235514326
-------------------------------------------------- 6.169719696044922

-------------Round number: 630-------------

Evaluate personalized models
Averaged Train Loss: 0.0571
Averaged Test Accurancy: 0.5807
Std Test Accurancy: 0.1225
ASR : 0.04985591524633592
-------------------------------------------------- 18.312580347061157
ASR : 0.052458744578932175
-------------------------------------------------- 6.219927072525024
ASR : 0.05475258342008647
-------------------------------------------------- 5.706282138824463
ASR : 0.046059508025839836
-------------------------------------------------- 6.364133358001709
ASR : 0.045419162019292414
-------------------------------------------------- 5.914453506469727
ASR : 0.06195944709035201
-------------------------------------------------- 5.956638336181641
ASR : 0.05839482767049572
-------------------------------------------------- 6.083812236785889
ASR : 0.05382338295995848
-------------------------------------------------- 5.84166145324707
ASR : 0.07007481271183495
-------------------------------------------------- 6.002471208572388
ASR : 0.05061215187840654
-------------------------------------------------- 5.877569675445557

-------------Round number: 640-------------

Evaluate personalized models
Averaged Train Loss: 0.0281
Averaged Test Accurancy: 0.5815
Std Test Accurancy: 0.1203
ASR : 0.06921021424963442
-------------------------------------------------- 18.612105131149292
ASR : 0.05215819506338198
-------------------------------------------------- 6.050407886505127
ASR : 0.05048858095387877
-------------------------------------------------- 6.068993330001831
ASR : 0.0675971075660443
-------------------------------------------------- 5.783062219619751
ASR : 0.061478440194284466
-------------------------------------------------- 6.001871347427368
ASR : 0.055461094117814615
-------------------------------------------------- 5.880277395248413
ASR : 0.06173989905979082
-------------------------------------------------- 5.702733278274536
ASR : 0.04816298049379681
-------------------------------------------------- 5.804744482040405
ASR : 0.042441557535140916
-------------------------------------------------- 6.291787385940552
ASR : 0.06298493451217417
-------------------------------------------------- 5.755648374557495

-------------Round number: 650-------------

Evaluate personalized models
Averaged Train Loss: 0.0459
Averaged Test Accurancy: 0.5797
Std Test Accurancy: 0.1216
ASR : 0.05763276376322487
-------------------------------------------------- 18.35784101486206
ASR : 0.04893987803479276
-------------------------------------------------- 6.177529335021973
ASR : 0.06470829345118209
-------------------------------------------------- 6.23359227180481
ASR : 0.07890057174133329
-------------------------------------------------- 6.296939373016357
ASR : 0.07230024786275312
-------------------------------------------------- 6.077891111373901
ASR : 0.041457250182058515
-------------------------------------------------- 5.86303186416626
ASR : 0.05671650197570999
-------------------------------------------------- 6.185142278671265
ASR : 0.05733862975104193
-------------------------------------------------- 6.098643064498901
ASR : 0.059247889569781165
-------------------------------------------------- 6.125079870223999
ASR : 0.048692086433756464
-------------------------------------------------- 5.848761320114136

-------------Round number: 660-------------

Evaluate personalized models
Averaged Train Loss: 0.0251
Averaged Test Accurancy: 0.5815
Std Test Accurancy: 0.1200
ASR : 0.06803981305454206
-------------------------------------------------- 18.295457363128662
ASR : 0.05365142227450571
-------------------------------------------------- 5.888474702835083
ASR : 0.05957830220830242
-------------------------------------------------- 6.216180801391602
ASR : 0.05402022083355453
-------------------------------------------------- 5.93979287147522
ASR : 0.04918867657285952
-------------------------------------------------- 6.011892318725586
ASR : 0.056787744702647185
-------------------------------------------------- 6.110129356384277
ASR : 0.05856963047708609
-------------------------------------------------- 5.874194622039795
ASR : 0.08724817561081154
-------------------------------------------------- 6.145078420639038
ASR : 0.056647742028168246
-------------------------------------------------- 5.97735071182251
ASR : 0.057824024388341805
-------------------------------------------------- 6.130099534988403

-------------Round number: 670-------------

Evaluate personalized models
Averaged Train Loss: 0.0239
Averaged Test Accurancy: 0.5839
Std Test Accurancy: 0.1220
ASR : 0.060980220119320985
-------------------------------------------------- 18.601755619049072
ASR : 0.05480122009316995
-------------------------------------------------- 5.797564744949341
ASR : 0.05038568973758735
-------------------------------------------------- 6.127395153045654
ASR : 0.05319522393054041
-------------------------------------------------- 6.207300424575806
ASR : 0.05394403836547788
-------------------------------------------------- 6.081789493560791
ASR : 0.06005290820840311
-------------------------------------------------- 5.938200950622559
ASR : 0.054975647882522065
-------------------------------------------------- 6.189244508743286
ASR : 0.04901404297222781
-------------------------------------------------- 5.8626203536987305
ASR : 0.05381501624911808
-------------------------------------------------- 6.114971160888672
ASR : 0.047536028409574965
-------------------------------------------------- 6.075016498565674

-------------Round number: 680-------------

Evaluate personalized models
Averaged Train Loss: 0.0242
Averaged Test Accurancy: 0.5841
Std Test Accurancy: 0.1205
ASR : 0.06139822090400781
-------------------------------------------------- 18.6134090423584
ASR : 0.05364052019635288
-------------------------------------------------- 6.164745092391968
ASR : 0.07586862221715733
-------------------------------------------------- 5.9249982833862305
ASR : 0.05160216754734337
-------------------------------------------------- 6.133572816848755
ASR : 0.062104413173897366
-------------------------------------------------- 6.0062689781188965
ASR : 0.05666298239620872
-------------------------------------------------- 5.987784147262573
ASR : 0.06651806107540638
-------------------------------------------------- 6.011263608932495
ASR : 0.04264280072895335
-------------------------------------------------- 5.834987163543701
ASR : 0.048116951496101484
-------------------------------------------------- 5.960609436035156
ASR : 0.04695606673991648
-------------------------------------------------- 6.132391452789307

-------------Round number: 690-------------

Evaluate personalized models
Averaged Train Loss: 0.0277
Averaged Test Accurancy: 0.5853
Std Test Accurancy: 0.1241
ASR : 0.04799918003825817
-------------------------------------------------- 18.40044379234314
ASR : 0.0609634643085729
-------------------------------------------------- 6.157144784927368
ASR : 0.0556669893889545
-------------------------------------------------- 6.384090900421143
ASR : 0.05378518722104928
-------------------------------------------------- 6.019148826599121
ASR : 0.05125869209527345
-------------------------------------------------- 5.912881851196289
ASR : 0.05339395505887805
-------------------------------------------------- 5.793987512588501
ASR : 0.05515037054836673
-------------------------------------------------- 5.968068361282349
ASR : 0.06908404067835408
-------------------------------------------------- 6.101180553436279
ASR : 0.04006679463690232
-------------------------------------------------- 5.955451726913452
ASR : 0.06554530649796113
-------------------------------------------------- 6.148949861526489

-------------Round number: 700-------------

Evaluate personalized models
Averaged Train Loss: 0.0280
Averaged Test Accurancy: 0.5783
Std Test Accurancy: 0.1201
ASR : 0.061202197358511304
-------------------------------------------------- 18.43131136894226
ASR : 0.053679735813057336
-------------------------------------------------- 5.936744689941406
ASR : 0.062208994872355185
-------------------------------------------------- 6.245634317398071
ASR : 0.053864208540393185
-------------------------------------------------- 6.0908191204071045
ASR : 0.052538128589490085
-------------------------------------------------- 6.143678903579712
ASR : 0.048559342717408444
-------------------------------------------------- 5.92883563041687
ASR : 0.061170573524493684
-------------------------------------------------- 6.076864242553711
ASR : 0.06499876622773008
-------------------------------------------------- 5.996438026428223
ASR : 0.06656035204216454
-------------------------------------------------- 6.027221202850342
ASR : 0.07212769058306692
-------------------------------------------------- 6.069067001342773

-------------Round number: 710-------------

Evaluate personalized models
Averaged Train Loss: 0.0230
Averaged Test Accurancy: 0.5838
Std Test Accurancy: 0.1188
ASR : 0.058514067541326605
-------------------------------------------------- 18.344728469848633
ASR : 0.06658723971151284
-------------------------------------------------- 6.239880084991455
ASR : 0.05350700811483938
-------------------------------------------------- 5.940469026565552
ASR : 0.06038883278236088
-------------------------------------------------- 6.051861763000488
ASR : 0.05725499721640761
-------------------------------------------------- 5.794239282608032
ASR : 0.06785948275343673
-------------------------------------------------- 6.0115883350372314
ASR : 0.05485802778226217
-------------------------------------------------- 5.785247087478638
ASR : 0.062113503631773766
-------------------------------------------------- 5.932119131088257
ASR : 0.06716267993025071
-------------------------------------------------- 6.190994024276733
ASR : 0.05607094955678193
-------------------------------------------------- 5.8447277545928955

-------------Round number: 720-------------

Evaluate personalized models
Averaged Train Loss: 0.0228
Averaged Test Accurancy: 0.5866
Std Test Accurancy: 0.1175
ASR : 0.05695352505603791
-------------------------------------------------- 18.549617052078247
ASR : 0.047939945854983686
-------------------------------------------------- 6.184467315673828
ASR : 0.04551234855220059
-------------------------------------------------- 6.0213236808776855
ASR : 0.046737248929024894
-------------------------------------------------- 5.9037017822265625
ASR : 0.053377398981453945
-------------------------------------------------- 6.096527338027954
ASR : 0.05548094064419773
-------------------------------------------------- 6.14122200012207
ASR : 0.04941798113741989
-------------------------------------------------- 6.0031418800354
ASR : 0.059682428740076364
-------------------------------------------------- 6.065372943878174
ASR : 0.05072753087777725
-------------------------------------------------- 5.971021413803101
ASR : 0.05826781780076759
-------------------------------------------------- 5.871894836425781

-------------Round number: 730-------------

Evaluate personalized models
Averaged Train Loss: 0.0227
Averaged Test Accurancy: 0.5840
Std Test Accurancy: 0.1208
ASR : 0.05539251402585174
-------------------------------------------------- 18.897108793258667
ASR : 0.0511485960445636
-------------------------------------------------- 5.937641620635986
ASR : 0.06473730769335181
-------------------------------------------------- 6.162787914276123
ASR : 0.0601783971278808
-------------------------------------------------- 6.115919351577759
ASR : 0.054194008135933086
-------------------------------------------------- 5.847690105438232
ASR : 0.05864340446275622
-------------------------------------------------- 6.109287738800049
ASR : 0.0515088125739574
-------------------------------------------------- 6.050168037414551
ASR : 0.04744275108922391
-------------------------------------------------- 6.142881870269775
ASR : 0.048394839440618335
-------------------------------------------------- 5.803375959396362
ASR : 0.07356827851639809
-------------------------------------------------- 5.999630928039551

-------------Round number: 740-------------

Evaluate personalized models
Averaged Train Loss: 0.0323
Averaged Test Accurancy: 0.5757
Std Test Accurancy: 0.1222
ASR : 0.06804481588781458
-------------------------------------------------- 18.419667959213257
ASR : 0.08869047104375594
-------------------------------------------------- 5.827003240585327
ASR : 0.05695558050936901
-------------------------------------------------- 5.746931791305542
ASR : 0.06476605392676511
-------------------------------------------------- 6.08681058883667
ASR : 0.0859020762050705
-------------------------------------------------- 6.163897752761841
ASR : 0.06919183793404722
-------------------------------------------------- 5.83715558052063
ASR : 0.06043988193731694
-------------------------------------------------- 5.956761837005615
ASR : 0.06448238112930607
-------------------------------------------------- 6.197738170623779
ASR : 0.06197124112477286
-------------------------------------------------- 6.074683427810669
ASR : 0.0628591300081606
-------------------------------------------------- 5.82635235786438

-------------Round number: 750-------------

Evaluate personalized models
Averaged Train Loss: 0.0304
Averaged Test Accurancy: 0.5788
Std Test Accurancy: 0.1223
ASR : 0.06489076892180465
-------------------------------------------------- 18.327924728393555
ASR : 0.06024887133862978
-------------------------------------------------- 6.074088096618652
ASR : 0.05620184857526179
-------------------------------------------------- 5.888768196105957
ASR : 0.06069348871515349
-------------------------------------------------- 5.999253511428833
ASR : 0.05672754407512684
-------------------------------------------------- 6.1915881633758545
ASR : 0.04844453652173114
-------------------------------------------------- 6.274661302566528
ASR : 0.061111462715793846
-------------------------------------------------- 6.235228538513184
ASR : 0.04877466320951394
-------------------------------------------------- 5.941920280456543
ASR : 0.04743741088369573
-------------------------------------------------- 6.052881479263306
ASR : 0.05422550499285741
-------------------------------------------------- 6.09191370010376

-------------Round number: 760-------------

Evaluate personalized models
Averaged Train Loss: 0.0263
Averaged Test Accurancy: 0.5815
Std Test Accurancy: 0.1237
ASR : 0.07036519813810925
-------------------------------------------------- 18.25768256187439
ASR : 0.055778135662881194
-------------------------------------------------- 5.889455318450928
ASR : 0.05931234855279646
-------------------------------------------------- 6.025454521179199
ASR : 0.05979807559937605
-------------------------------------------------- 6.021655321121216
ASR : 0.05121460403396712
-------------------------------------------------- 5.781154155731201
ASR : 0.0740341900803502
-------------------------------------------------- 5.971895933151245
ASR : 0.060966576456556995
-------------------------------------------------- 6.017198801040649
ASR : 0.056882412522358025
-------------------------------------------------- 6.209793567657471
ASR : 0.043778711839511424
-------------------------------------------------- 6.059239149093628
ASR : 0.05792192279833375
-------------------------------------------------- 5.814344644546509

-------------Round number: 770-------------

Evaluate personalized models
Averaged Train Loss: 0.0216
Averaged Test Accurancy: 0.5841
Std Test Accurancy: 0.1205
ASR : 0.05575311519384045
-------------------------------------------------- 18.541964530944824
ASR : 0.060109014287818834
-------------------------------------------------- 6.067583084106445
ASR : 0.06260078363835181
-------------------------------------------------- 5.98435378074646
ASR : 0.07457362107360688
-------------------------------------------------- 5.819758415222168
ASR : 0.06597889882077838
-------------------------------------------------- 5.9443230628967285
ASR : 0.05060834403106433
-------------------------------------------------- 6.002395868301392
ASR : 0.050794758790919534
-------------------------------------------------- 6.084656476974487
ASR : 0.05051806963179091
-------------------------------------------------- 5.864865779876709
ASR : 0.07972030349000553
-------------------------------------------------- 6.16300106048584
ASR : 0.07536813473884811
-------------------------------------------------- 6.078724145889282

-------------Round number: 780-------------

Evaluate personalized models
Averaged Train Loss: 0.0213
Averaged Test Accurancy: 0.5860
Std Test Accurancy: 0.1233
ASR : 0.05542699642693373
-------------------------------------------------- 18.55636501312256
ASR : 0.06177077868222814
-------------------------------------------------- 6.161109447479248
ASR : 0.053617388259209975
-------------------------------------------------- 5.8790411949157715
ASR : 0.06951524167558597
-------------------------------------------------- 5.918875694274902
ASR : 0.07228567872303808
-------------------------------------------------- 6.1534202098846436
ASR : 0.05433332821129509
-------------------------------------------------- 6.027519226074219
ASR : 0.05984367512693334
-------------------------------------------------- 6.079833030700684
ASR : 0.05898786469350459
-------------------------------------------------- 5.943808555603027
ASR : 0.05997718649971472
-------------------------------------------------- 5.992944717407227
ASR : 0.0692797851563805
-------------------------------------------------- 6.055485963821411

-------------Round number: 790-------------

Evaluate personalized models
Averaged Train Loss: 0.0217
Averaged Test Accurancy: 0.5823
Std Test Accurancy: 0.1206
ASR : 0.08553529511123116
-------------------------------------------------- 18.301238298416138
ASR : 0.06807788300179608
-------------------------------------------------- 6.0236241817474365
ASR : 0.0667910237184149
-------------------------------------------------- 6.144902944564819
ASR : 0.06570703831348933
-------------------------------------------------- 6.227330207824707
ASR : 0.058384055302008936
-------------------------------------------------- 6.199483871459961
ASR : 0.048940701892188423
-------------------------------------------------- 6.343524217605591
ASR : 0.052870366698327786
-------------------------------------------------- 6.057085275650024
ASR : 0.051580037620791
-------------------------------------------------- 6.210756778717041
ASR : 0.05422345320114041
-------------------------------------------------- 5.954599618911743
ASR : 0.05451921025894248
-------------------------------------------------- 6.191554307937622

-------------Round number: 800-------------

Evaluate personalized models
Averaged Train Loss: 0.0322
Averaged Test Accurancy: 0.5796
Std Test Accurancy: 0.1260
ASR : 0.061379188260406656
-------------------------------------------------- 18.5272114276886

Best accuracy.
0.5866135193489453
7.308512754142284
File path: ./results/Cifar10_dir0.5_bdoor0.2_nclient_100_badnet_adv10_FedProto_PFL01_FEDPROTO_BADNET_0.h5

Average time cost: 5860.1s.
Length:  81
std for best accurancy: 0.0
mean for best accurancy: 0.5866135193489453
All done!
