==================================================
goal = PFL03_FEDPROTO_SIG
device = cuda
join_ratio = 0.1
device_id = 3
dataset = Cifar10_dir0.5_bdoor0.2_nclient_100_sig_adv10
num_classes = 10
model = ResNet18
batch_size = 64
local_learning_rate = 0.1
learning_rate_decay = False
learning_rate_decay_gamma = 0.99
global_rounds = 800
top_cnt = 100
local_epochs = 1
algorithm = FedProto
num_clients = 100
eval_gap = 10
save_folder_name = items
auto_break = False
batch_num_per_client = 2
feature_dim = 512
vocab_size = 32000
max_len = 200
client_drop_rate = 0.0
time_select = False
time_threthold = 10000
send_slow_rate = 0.0
beta = 0.0
lamda = 1.0
mu = 0.0
K = 5
p_learning_rate = 0.01
M = 5
itk = 4000
alphaK = 1.0
sigma = 1.0
alpha = 1.0
plocal_epochs = 1
lr_head = 0.1
tau = 1.0
fine_tuning_epochs = 10
dr_learning_rate = 0.0
L = 1.0
noise_dim = 512
generator_learning_rate = 0.005
hidden_dim = 512
server_epochs = 1000
localize_feature_extractor = False
server_learning_rate = 1.0
eta = 1.0
rand_percent = 80
layer_idx = 2
mentee_learning_rate = 0.005
T_start = 0.95
T_end = 0.98
momentum = 0.1
kl_weight = 0.0
disti_epochs = 1
protect_id = 1
adv_eps = 0.0
adv_num_iter = 0
defense_epochs = 1
clean_data = 5000
sdmk_m = 7
sdmk_k = 5
delta = 0.5
sim_threshold = 0.7
rt_beta = 0.2
num_adv_clients = 10
lambda_cl = 0.2
aug_strength = 0.1
mask_tau = 6.0
mask_alpha = 0.3
enable_channel_mask = True
cosine_gate = False
cosine_gate_threshold = 0.3
cosine_gate_alpha = 0.5
trim_high_layers = 
trim_beta_high = None
trim_beta_low = None
purify_enable = False
purify_beta = 0.0
purify_feature_beta = 0.0
purify_logit_beta = 0.0
purify_temperature = 2.0
purify_start_round = 1
purify_layers = layer4
purify_teacher_momentum = 0.9
purify_teacher_cpu_half = True
attack = none
ba_target_label = 0
ba_poison_rate = 0.2
ba_trigger_gen_steps = 30
ba_trigger_gen_lr = 0.01
ba_pgd_eps = 0.0314
ba_trigger_scale = 8.0
pfedba_target_label = 0
pfedba_poison_rate = 0.5
pfedba_poison_count = -1
pfedba_poison_before_start = False
pfedba_attack_start = 30
pfedba_trigger_opt_steps = 15
pfedba_trigger_lr = 0.1
pfedba_init_value = 0.5
pfedba_patch_size = 8
pfedba_patch_position = center
pfedba_img_c = 3
pfedba_img_h = 32
pfedba_img_w = 32
pfedba_align_grad_weight = 1.0
pfedba_align_loss_weight = 1.0
pfedba_attack_loss_weight = 1.0
pfedba_opt_samples_per_class = 100
pfedba_opt_batch_size = 64
pfedba_opt_max_batches_per_client = 20
logit_analysis = False
logit_reject_thresholds = 0.5,0.6,0.7,0.8
logit_entropy_thresholds = 1.0,1.5,2.0
logit_margin_thresholds = 0.1,0.2,0.3
==================================================

============= Running time: 0th =============
Creating server and clients ...
ResNet(
  (conv1): Conv2d(3, 64, kernel_size=(3, 3), stride=(1, 1), padding=(1, 1), bias=False)
  (bn1): BatchNorm2d(64, eps=1e-05, momentum=0.1, affine=True, track_running_stats=True)
  (relu): ReLU(inplace=True)
  (layer1): Sequential(
    (0): BasicBlock(
      (conv1): Conv2d(64, 64, kernel_size=(3, 3), stride=(1, 1), padding=(1, 1), bias=False)
      (bn1): BatchNorm2d(64, eps=1e-05, momentum=0.1, affine=True, track_running_stats=True)
      (relu): ReLU(inplace=True)
      (conv2): Conv2d(64, 64, kernel_size=(3, 3), stride=(1, 1), padding=(1, 1), bias=False)
      (bn2): BatchNorm2d(64, eps=1e-05, momentum=0.1, affine=True, track_running_stats=True)
    )
    (1): BasicBlock(
      (conv1): Conv2d(64, 64, kernel_size=(3, 3), stride=(1, 1), padding=(1, 1), bias=False)
      (bn1): BatchNorm2d(64, eps=1e-05, momentum=0.1, affine=True, track_running_stats=True)
      (relu): ReLU(inplace=True)
      (conv2): Conv2d(64, 64, kernel_size=(3, 3), stride=(1, 1), padding=(1, 1), bias=False)
      (bn2): BatchNorm2d(64, eps=1e-05, momentum=0.1, affine=True, track_running_stats=True)
    )
  )
  (layer2): Sequential(
    (0): BasicBlock(
      (conv1): Conv2d(64, 128, kernel_size=(3, 3), stride=(2, 2), padding=(1, 1), bias=False)
      (bn1): BatchNorm2d(128, eps=1e-05, momentum=0.1, affine=True, track_running_stats=True)
      (relu): ReLU(inplace=True)
      (conv2): Conv2d(128, 128, kernel_size=(3, 3), stride=(1, 1), padding=(1, 1), bias=False)
      (bn2): BatchNorm2d(128, eps=1e-05, momentum=0.1, affine=True, track_running_stats=True)
      (downsample): Sequential(
        (0): Conv2d(64, 128, kernel_size=(1, 1), stride=(2, 2), bias=False)
        (1): BatchNorm2d(128, eps=1e-05, momentum=0.1, affine=True, track_running_stats=True)
      )
    )
    (1): BasicBlock(
      (conv1): Conv2d(128, 128, kernel_size=(3, 3), stride=(1, 1), padding=(1, 1), bias=False)
      (bn1): BatchNorm2d(128, eps=1e-05, momentum=0.1, affine=True, track_running_stats=True)
      (relu): ReLU(inplace=True)
      (conv2): Conv2d(128, 128, kernel_size=(3, 3), stride=(1, 1), padding=(1, 1), bias=False)
      (bn2): BatchNorm2d(128, eps=1e-05, momentum=0.1, affine=True, track_running_stats=True)
    )
  )
  (layer3): Sequential(
    (0): BasicBlock(
      (conv1): Conv2d(128, 256, kernel_size=(3, 3), stride=(2, 2), padding=(1, 1), bias=False)
      (bn1): BatchNorm2d(256, eps=1e-05, momentum=0.1, affine=True, track_running_stats=True)
      (relu): ReLU(inplace=True)
      (conv2): Conv2d(256, 256, kernel_size=(3, 3), stride=(1, 1), padding=(1, 1), bias=False)
      (bn2): BatchNorm2d(256, eps=1e-05, momentum=0.1, affine=True, track_running_stats=True)
      (downsample): Sequential(
        (0): Conv2d(128, 256, kernel_size=(1, 1), stride=(2, 2), bias=False)
        (1): BatchNorm2d(256, eps=1e-05, momentum=0.1, affine=True, track_running_stats=True)
      )
    )
    (1): BasicBlock(
      (conv1): Conv2d(256, 256, kernel_size=(3, 3), stride=(1, 1), padding=(1, 1), bias=False)
      (bn1): BatchNorm2d(256, eps=1e-05, momentum=0.1, affine=True, track_running_stats=True)
      (relu): ReLU(inplace=True)
      (conv2): Conv2d(256, 256, kernel_size=(3, 3), stride=(1, 1), padding=(1, 1), bias=False)
      (bn2): BatchNorm2d(256, eps=1e-05, momentum=0.1, affine=True, track_running_stats=True)
    )
  )
  (layer4): Sequential(
    (0): BasicBlock(
      (conv1): Conv2d(256, 512, kernel_size=(3, 3), stride=(2, 2), padding=(1, 1), bias=False)
      (bn1): BatchNorm2d(512, eps=1e-05, momentum=0.1, affine=True, track_running_stats=True)
      (relu): ReLU(inplace=True)
      (conv2): Conv2d(512, 512, kernel_size=(3, 3), stride=(1, 1), padding=(1, 1), bias=False)
      (bn2): BatchNorm2d(512, eps=1e-05, momentum=0.1, affine=True, track_running_stats=True)
      (downsample): Sequential(
        (0): Conv2d(256, 512, kernel_size=(1, 1), stride=(2, 2), bias=False)
        (1): BatchNorm2d(512, eps=1e-05, momentum=0.1, affine=True, track_running_stats=True)
      )
    )
    (1): BasicBlock(
      (conv1): Conv2d(512, 512, kernel_size=(3, 3), stride=(1, 1), padding=(1, 1), bias=False)
      (bn1): BatchNorm2d(512, eps=1e-05, momentum=0.1, affine=True, track_running_stats=True)
      (relu): ReLU(inplace=True)
      (conv2): Conv2d(512, 512, kernel_size=(3, 3), stride=(1, 1), padding=(1, 1), bias=False)
      (bn2): BatchNorm2d(512, eps=1e-05, momentum=0.1, affine=True, track_running_stats=True)
    )
  )
  (avgpool): AdaptiveAvgPool2d(output_size=(1, 1))
  (fc): Linear(in_features=512, out_features=10, bias=True)
)

Join ratio / total clients: 0.1 / 100
Finished creating server and clients.

-------------Round number: 0-------------

Evaluate personalized models
Averaged Train Loss: 2.4220
Averaged Test Accurancy: 0.0000
Std Test Accurancy: 0.0000
ASR : 0.0
-------------------------------------------------- 8.870121002197266
ASR : 0.10122473726582704
-------------------------------------------------- 6.633352756500244
ASR : 0.001721825172983553
-------------------------------------------------- 5.848144054412842
ASR : 0.744689267572296
-------------------------------------------------- 5.927704811096191
ASR : 0.07933341268068547
-------------------------------------------------- 6.182321786880493
ASR : 0.6132543453063614
-------------------------------------------------- 5.85379958152771
ASR : 0.015189098461211152
-------------------------------------------------- 6.042668104171753
ASR : 0.07033181665695537
-------------------------------------------------- 6.158522844314575
ASR : 0.13735591908146502
-------------------------------------------------- 6.142101526260376
ASR : 0.5010340454123743
-------------------------------------------------- 6.1637701988220215

-------------Round number: 10-------------

Evaluate personalized models
Averaged Train Loss: 31.2820
Averaged Test Accurancy: 0.1168
Std Test Accurancy: 0.1132
ASR : 0.5085393223110874
-------------------------------------------------- 18.69995141029358
ASR : 0.00375431803113052
-------------------------------------------------- 6.110694646835327
ASR : 0.021635054146545433
-------------------------------------------------- 6.196483612060547
ASR : 0.0034837932757252714
-------------------------------------------------- 6.092538595199585
ASR : 0.34996850885120295
-------------------------------------------------- 6.4580419063568115
ASR : 0.11810846913699666
-------------------------------------------------- 6.145697832107544
ASR : 0.006683499129012449
-------------------------------------------------- 6.078203916549683
ASR : 0.3177921690689835
-------------------------------------------------- 6.098225355148315
ASR : 0.16177268855306443
-------------------------------------------------- 6.27813196182251
ASR : 0.023231523746435348
-------------------------------------------------- 6.103761434555054

-------------Round number: 20-------------

Evaluate personalized models
Averaged Train Loss: 40.6655
Averaged Test Accurancy: 0.1599
Std Test Accurancy: 0.1343
ASR : 0.020975860333990386
-------------------------------------------------- 18.758289575576782
ASR : 0.03638989156794632
-------------------------------------------------- 6.449997901916504
ASR : 0.2349093209188976
-------------------------------------------------- 6.134593725204468
ASR : 0.23230391228641373
-------------------------------------------------- 6.093094825744629
ASR : 0.1940582903795256
-------------------------------------------------- 6.296687602996826
ASR : 0.02318239151527669
-------------------------------------------------- 6.06295919418335
ASR : 0.18028437491086646
-------------------------------------------------- 6.087477684020996
ASR : 0.010188842276019707
-------------------------------------------------- 5.753993034362793
ASR : 0.15868092944926315
-------------------------------------------------- 6.025702714920044
ASR : 0.028382370354617114
-------------------------------------------------- 6.1531031131744385

-------------Round number: 30-------------

Evaluate personalized models
Averaged Train Loss: 4.6895
Averaged Test Accurancy: 0.1982
Std Test Accurancy: 0.1460
ASR : 0.044554773491561596
-------------------------------------------------- 19.01430058479309
ASR : 0.021172383177256584
-------------------------------------------------- 6.011666297912598
ASR : 0.023766236314471594
-------------------------------------------------- 6.19171404838562
ASR : 0.022251385141333048
-------------------------------------------------- 6.047016382217407
ASR : 0.12566609405581017
-------------------------------------------------- 6.117647409439087
ASR : 0.01087301392097518
-------------------------------------------------- 5.98018217086792
ASR : 0.024990065644709653
-------------------------------------------------- 6.094900369644165
ASR : 0.03647779927409002
-------------------------------------------------- 5.8439695835113525
ASR : 0.026498344019753484
-------------------------------------------------- 5.9644739627838135
ASR : 0.08446656720225829
-------------------------------------------------- 5.9768640995025635

-------------Round number: 40-------------

Evaluate personalized models
Averaged Train Loss: 97.4539
Averaged Test Accurancy: 0.2261
Std Test Accurancy: 0.1512
ASR : 0.04525761373055637
-------------------------------------------------- 18.290626049041748
ASR : 0.020522553270869485
-------------------------------------------------- 6.018061399459839
ASR : 0.017589596068253954
-------------------------------------------------- 6.1738667488098145
ASR : 0.005435824768543864
-------------------------------------------------- 6.0751519203186035
ASR : 0.09977028696629207
-------------------------------------------------- 5.882353067398071
ASR : 0.016023557181011044
-------------------------------------------------- 6.141265869140625
ASR : 0.01441254101233712
-------------------------------------------------- 5.9183189868927
ASR : 0.02437448972942187
-------------------------------------------------- 5.987182855606079
ASR : 0.030418001582522614
-------------------------------------------------- 5.999648094177246
ASR : 0.0645254479611869
-------------------------------------------------- 6.136058330535889

-------------Round number: 50-------------

Evaluate personalized models
Averaged Train Loss: 1.9670
Averaged Test Accurancy: 0.2923
Std Test Accurancy: 0.1633
ASR : 0.04730013764389793
-------------------------------------------------- 18.79541563987732
ASR : 0.02203058422977442
-------------------------------------------------- 6.107330560684204
ASR : 0.02056366935808561
-------------------------------------------------- 6.117875576019287
ASR : 0.03199926967697424
-------------------------------------------------- 6.147814750671387
ASR : 0.028607018937824774
-------------------------------------------------- 6.0345847606658936
ASR : 0.04584769837795213
-------------------------------------------------- 5.987089395523071
ASR : 0.04640500020597652
-------------------------------------------------- 6.253049612045288
ASR : 0.013474018672914322
-------------------------------------------------- 5.895631790161133
ASR : 0.04523048526675663
-------------------------------------------------- 5.969884872436523
ASR : 0.039702015080601435
-------------------------------------------------- 6.206289529800415

-------------Round number: 60-------------

Evaluate personalized models
Averaged Train Loss: 1.5126
Averaged Test Accurancy: 0.3012
Std Test Accurancy: 0.1502
ASR : 0.03458903202961476
-------------------------------------------------- 18.302640914916992
ASR : 0.015468406766296705
-------------------------------------------------- 6.1411707401275635
ASR : 0.04445046050272377
-------------------------------------------------- 6.121297836303711
ASR : 0.05246466202581952
-------------------------------------------------- 6.104346990585327
ASR : 0.03120637293095389
-------------------------------------------------- 6.0897297859191895
ASR : 0.025662326102199096
-------------------------------------------------- 5.984607458114624
ASR : 0.03325986756653808
-------------------------------------------------- 5.969446897506714
ASR : 0.0748228679719396
-------------------------------------------------- 6.085848808288574
ASR : 0.038735223060472286
-------------------------------------------------- 6.137716293334961
ASR : 0.02065830109582953
-------------------------------------------------- 5.978154420852661

-------------Round number: 70-------------

Evaluate personalized models
Averaged Train Loss: 1.2084
Averaged Test Accurancy: 0.3468
Std Test Accurancy: 0.1513
ASR : 0.027675654896129123
-------------------------------------------------- 18.371037244796753
ASR : 0.024766482650615186
-------------------------------------------------- 6.071873664855957
ASR : 0.034007996044811674
-------------------------------------------------- 6.013109922409058
ASR : 0.04665837153070001
-------------------------------------------------- 6.01794695854187
ASR : 0.02623535271354031
-------------------------------------------------- 6.057934045791626
ASR : 0.04706007797819373
-------------------------------------------------- 5.885042428970337
ASR : 0.029692813001753037
-------------------------------------------------- 5.912977457046509
ASR : 0.04840516376892464
-------------------------------------------------- 6.063716888427734
ASR : 0.02627743801165351
-------------------------------------------------- 5.828868389129639
ASR : 0.05036415784519002
-------------------------------------------------- 6.009565114974976

-------------Round number: 80-------------

Evaluate personalized models
Averaged Train Loss: 1.1768
Averaged Test Accurancy: 0.4070
Std Test Accurancy: 0.1477
ASR : 0.06853009235741563
-------------------------------------------------- 18.16805648803711
ASR : 0.03903854654799674
-------------------------------------------------- 5.775612115859985
ASR : 0.04643707366301877
-------------------------------------------------- 5.856617450714111
ASR : 0.06099831806438079
-------------------------------------------------- 6.236876487731934
ASR : 0.0379992256918124
-------------------------------------------------- 6.078330993652344
ASR : 0.04133429556040424
-------------------------------------------------- 6.030099630355835
ASR : 0.06510322151868228
-------------------------------------------------- 5.9507269859313965
ASR : 0.03712117947242293
-------------------------------------------------- 6.398767709732056
ASR : 0.026636892619224837
-------------------------------------------------- 6.335271596908569
ASR : 0.04680348587011184
-------------------------------------------------- 5.944817304611206

-------------Round number: 90-------------

Evaluate personalized models
Averaged Train Loss: 1.0806
Averaged Test Accurancy: 0.4108
Std Test Accurancy: 0.1478
ASR : 0.03537970385841077
-------------------------------------------------- 18.320075750350952
ASR : 0.03302001033506101
-------------------------------------------------- 5.988505125045776
ASR : 0.022161020097492233
-------------------------------------------------- 6.147570848464966
ASR : 0.02768940928653252
-------------------------------------------------- 5.876918792724609
ASR : 0.04880989237958021
-------------------------------------------------- 5.903692245483398
ASR : 0.04477202847892541
-------------------------------------------------- 6.115776777267456
ASR : 0.04857904297533528
-------------------------------------------------- 5.940967559814453
ASR : 0.04948491335353873
-------------------------------------------------- 6.284438848495483
ASR : 0.036037819209190095
-------------------------------------------------- 6.062793493270874
ASR : 0.031209569252876303
-------------------------------------------------- 5.948635816574097

-------------Round number: 100-------------

Evaluate personalized models
Averaged Train Loss: 1.0003
Averaged Test Accurancy: 0.4037
Std Test Accurancy: 0.1502
ASR : 0.029405344504056487
-------------------------------------------------- 18.104682445526123
ASR : 0.028069563570095067
-------------------------------------------------- 5.909658908843994
ASR : 0.020393867159509624
-------------------------------------------------- 6.038449287414551
ASR : 0.0417514678286683
-------------------------------------------------- 5.794016361236572
ASR : 0.0221749702234419
-------------------------------------------------- 5.9296674728393555
ASR : 0.05195402049954278
-------------------------------------------------- 6.186933755874634
ASR : 0.0645722900880672
-------------------------------------------------- 6.065577983856201
ASR : 0.02839341078566271
-------------------------------------------------- 6.00960636138916
ASR : 0.02743357442583216
-------------------------------------------------- 6.01018214225769
ASR : 0.03351639895432525
-------------------------------------------------- 6.277663707733154

-------------Round number: 110-------------

Evaluate personalized models
Averaged Train Loss: 0.8453
Averaged Test Accurancy: 0.4278
Std Test Accurancy: 0.1363
ASR : 0.014802501435450689
-------------------------------------------------- 18.335164070129395
ASR : 0.06210965017444931
-------------------------------------------------- 6.1415464878082275
ASR : 0.07793657631157838
-------------------------------------------------- 6.036349058151245
ASR : 0.04728310466296821
-------------------------------------------------- 6.023545742034912
ASR : 0.05334813114528555
-------------------------------------------------- 6.1699135303497314
ASR : 0.04390142790125796
-------------------------------------------------- 6.136996269226074
ASR : 0.04457004518425969
-------------------------------------------------- 6.306280851364136
ASR : 0.0360061126072373
-------------------------------------------------- 5.941213130950928
ASR : 0.044742729103859354
-------------------------------------------------- 6.1534669399261475
ASR : 0.038450097465542774
-------------------------------------------------- 5.99137020111084

-------------Round number: 120-------------

Evaluate personalized models
Averaged Train Loss: 0.7547
Averaged Test Accurancy: 0.4515
Std Test Accurancy: 0.1245
ASR : 0.02351530641188604
-------------------------------------------------- 18.555545330047607
ASR : 0.07107072297912058
-------------------------------------------------- 6.1307053565979
ASR : 0.017537785582168498
-------------------------------------------------- 6.204999923706055
ASR : 0.016241123118842335
-------------------------------------------------- 6.15362286567688
ASR : 0.03722931177319198
-------------------------------------------------- 5.990052700042725
ASR : 0.07562568570706268
-------------------------------------------------- 5.859004259109497
ASR : 0.06356364557475863
-------------------------------------------------- 6.031134366989136
ASR : 0.02799184134924347
-------------------------------------------------- 5.712943077087402
ASR : 0.031115509381714368
-------------------------------------------------- 6.329390048980713
ASR : 0.023128587745127334
-------------------------------------------------- 6.009690046310425

-------------Round number: 130-------------

Evaluate personalized models
Averaged Train Loss: 0.7287
Averaged Test Accurancy: 0.4456
Std Test Accurancy: 0.1382
ASR : 0.013983948049973787
-------------------------------------------------- 18.709526777267456
ASR : 0.037264437107413485
-------------------------------------------------- 6.253541469573975
ASR : 0.029751986783814285
-------------------------------------------------- 5.8582923412323
ASR : 0.026415660199684714
-------------------------------------------------- 6.037761449813843
ASR : 0.015768280114269482
-------------------------------------------------- 6.125798463821411
ASR : 0.041536410561307864
-------------------------------------------------- 6.031603813171387
ASR : 0.017881029468122773
-------------------------------------------------- 6.062288284301758
ASR : 0.030241286572412162
-------------------------------------------------- 5.908419132232666
ASR : 0.02458614867101004
-------------------------------------------------- 6.237714529037476
ASR : 0.08203771149791117
-------------------------------------------------- 5.798772096633911

-------------Round number: 140-------------

Evaluate personalized models
Averaged Train Loss: 0.5848
Averaged Test Accurancy: 0.4684
Std Test Accurancy: 0.1295
ASR : 0.034551029835937365
-------------------------------------------------- 18.419644594192505
ASR : 0.025428642338571488
-------------------------------------------------- 5.86248254776001
ASR : 0.034000378111203274
-------------------------------------------------- 5.808132171630859
ASR : 0.033837888814971295
-------------------------------------------------- 5.948151350021362
ASR : 0.04383522237235959
-------------------------------------------------- 6.074285268783569
ASR : 0.03778999703192621
-------------------------------------------------- 5.65238094329834
ASR : 0.03170834839103796
-------------------------------------------------- 5.7856125831604
ASR : 0.042610417048698064
-------------------------------------------------- 5.875877857208252
ASR : 0.04467719709554949
-------------------------------------------------- 5.9429237842559814
ASR : 0.030247931678396213
-------------------------------------------------- 6.271312952041626

-------------Round number: 150-------------

Evaluate personalized models
Averaged Train Loss: 0.5265
Averaged Test Accurancy: 0.4729
Std Test Accurancy: 0.1327
ASR : 0.04158817520947155
-------------------------------------------------- 18.613587379455566
ASR : 0.0399081872399237
-------------------------------------------------- 6.272253513336182
ASR : 0.03309697637705428
-------------------------------------------------- 6.004764080047607
ASR : 0.01754000100863921
-------------------------------------------------- 5.833682298660278
ASR : 0.04051300957496117
-------------------------------------------------- 5.817709445953369
ASR : 0.06155647572871239
-------------------------------------------------- 5.862746238708496
ASR : 0.027852615450879088
-------------------------------------------------- 6.12209415435791
ASR : 0.03043989290848376
-------------------------------------------------- 5.897382974624634
ASR : 0.02441850300259766
-------------------------------------------------- 6.096317768096924
ASR : 0.05032060304704075
-------------------------------------------------- 6.058420181274414

-------------Round number: 160-------------

Evaluate personalized models
Averaged Train Loss: 0.4632
Averaged Test Accurancy: 0.4650
Std Test Accurancy: 0.1225
ASR : 0.08639937443307819
-------------------------------------------------- 18.499364137649536
ASR : 0.05192313795416131
-------------------------------------------------- 6.1213250160217285
ASR : 0.04253885262164588
-------------------------------------------------- 6.220344305038452
ASR : 0.08033136345140823
-------------------------------------------------- 5.988017797470093
ASR : 0.04123111340485753
-------------------------------------------------- 5.977942705154419
ASR : 0.05599012752439096
-------------------------------------------------- 6.133820056915283
ASR : 0.048864318150062216
-------------------------------------------------- 5.88675856590271
ASR : 0.043071129578499304
-------------------------------------------------- 5.924871206283569
ASR : 0.06355932863037164
-------------------------------------------------- 6.189707517623901
ASR : 0.054243055286887304
-------------------------------------------------- 6.1941914558410645

-------------Round number: 170-------------

Evaluate personalized models
Averaged Train Loss: 0.3969
Averaged Test Accurancy: 0.4803
Std Test Accurancy: 0.1378
ASR : 0.05005891764429305
-------------------------------------------------- 18.59873342514038
ASR : 0.026698898852343146
-------------------------------------------------- 5.971566438674927
ASR : 0.036205296458768285
-------------------------------------------------- 6.18672513961792
ASR : 0.04083608024337801
-------------------------------------------------- 6.028018236160278
ASR : 0.053975926560578764
-------------------------------------------------- 6.087939500808716
ASR : 0.059185795746813805
-------------------------------------------------- 6.129820108413696
ASR : 0.06328265599365182
-------------------------------------------------- 6.044828414916992
ASR : 0.05302431248043869
-------------------------------------------------- 6.074978828430176
ASR : 0.06590002793634299
-------------------------------------------------- 6.106051921844482
ASR : 0.03847454320456208
-------------------------------------------------- 5.93543553352356

-------------Round number: 180-------------

Evaluate personalized models
Averaged Train Loss: 0.3472
Averaged Test Accurancy: 0.4832
Std Test Accurancy: 0.1227
ASR : 0.0720944313016447
-------------------------------------------------- 18.564884424209595
ASR : 0.031037847863428912
-------------------------------------------------- 6.2221455574035645
ASR : 0.03755820631634931
-------------------------------------------------- 5.745604991912842
ASR : 0.06712700604493724
-------------------------------------------------- 6.3331334590911865
ASR : 0.025985239463144953
-------------------------------------------------- 6.132427930831909
ASR : 0.028398693173074897
-------------------------------------------------- 6.143563747406006
ASR : 0.029610758984307903
-------------------------------------------------- 6.124126195907593
ASR : 0.08124816037205994
-------------------------------------------------- 6.122651815414429
ASR : 0.050277696954677924
-------------------------------------------------- 6.080987930297852
ASR : 0.08380707551680798
-------------------------------------------------- 6.033244371414185

-------------Round number: 190-------------

Evaluate personalized models
Averaged Train Loss: 0.2910
Averaged Test Accurancy: 0.4748
Std Test Accurancy: 0.1235
ASR : 0.04904333757900246
-------------------------------------------------- 18.7410786151886
ASR : 0.031602945578359576
-------------------------------------------------- 6.397367477416992
ASR : 0.04087599813712803
-------------------------------------------------- 6.207569122314453
ASR : 0.05100201869695735
-------------------------------------------------- 6.2207489013671875
ASR : 0.05357566532926618
-------------------------------------------------- 6.034841299057007
ASR : 0.034079831406795304
-------------------------------------------------- 6.130911827087402
ASR : 0.03861318972003778
-------------------------------------------------- 6.066510915756226
ASR : 0.09380436043955714
-------------------------------------------------- 6.0158851146698
ASR : 0.03735067229183198
-------------------------------------------------- 5.953145742416382
ASR : 0.04683700043611383
-------------------------------------------------- 5.828904867172241

-------------Round number: 200-------------

Evaluate personalized models
Averaged Train Loss: 0.2490
Averaged Test Accurancy: 0.4894
Std Test Accurancy: 0.1263
ASR : 0.06598480855513167
-------------------------------------------------- 18.395131826400757
ASR : 0.04385828874608977
-------------------------------------------------- 6.154305458068848
ASR : 0.03931152330743089
-------------------------------------------------- 6.049339771270752
ASR : 0.03744012692053717
-------------------------------------------------- 6.2781662940979
ASR : 0.041327903985776245
-------------------------------------------------- 6.018097877502441
ASR : 0.04321290854872311
-------------------------------------------------- 6.134012937545776
ASR : 0.0319828744544477
-------------------------------------------------- 6.163295745849609
ASR : 0.021615426819894697
-------------------------------------------------- 6.091825008392334
ASR : 0.05135399257074404
-------------------------------------------------- 6.102450847625732
ASR : 0.06271342615317521
-------------------------------------------------- 6.023741722106934

-------------Round number: 210-------------

Evaluate personalized models
Averaged Train Loss: 0.2159
Averaged Test Accurancy: 0.4857
Std Test Accurancy: 0.1181
ASR : 0.026023907007011907
-------------------------------------------------- 18.568259954452515
ASR : 0.03747923852091075
-------------------------------------------------- 5.989529609680176
ASR : 0.024033362643083197
-------------------------------------------------- 5.958228349685669
ASR : 0.03865671699790221
-------------------------------------------------- 6.039491176605225
ASR : 0.047157957028830924
-------------------------------------------------- 5.8016722202301025
ASR : 0.03420972719307305
-------------------------------------------------- 6.0016562938690186
ASR : 0.03619684094963571
-------------------------------------------------- 5.859399795532227
ASR : 0.034155342894106905
-------------------------------------------------- 6.242569446563721
ASR : 0.027523782814398615
-------------------------------------------------- 5.911818265914917
ASR : 0.05587532147628362
-------------------------------------------------- 6.035047769546509

-------------Round number: 220-------------

Evaluate personalized models
Averaged Train Loss: 0.1782
Averaged Test Accurancy: 0.4890
Std Test Accurancy: 0.1289
ASR : 0.01908701911231804
-------------------------------------------------- 18.575998544692993
ASR : 0.06100351749016391
-------------------------------------------------- 6.029533863067627
ASR : 0.028602165759816115
-------------------------------------------------- 5.921518802642822
ASR : 0.028250816957919707
-------------------------------------------------- 5.7862489223480225
ASR : 0.03012205792291363
-------------------------------------------------- 6.1108715534210205
ASR : 0.09368584583695133
-------------------------------------------------- 5.915188789367676
ASR : 0.038593766681460424
-------------------------------------------------- 5.862380027770996
ASR : 0.07530701749671016
-------------------------------------------------- 6.085450887680054
ASR : 0.05092222065096164
-------------------------------------------------- 6.287595510482788
ASR : 0.04568440455249045
-------------------------------------------------- 5.747790098190308

-------------Round number: 230-------------

Evaluate personalized models
Averaged Train Loss: 0.1158
Averaged Test Accurancy: 0.4852
Std Test Accurancy: 0.1191
ASR : 0.06062230155985242
-------------------------------------------------- 18.366443157196045
ASR : 0.03443767010195796
-------------------------------------------------- 6.156052589416504
ASR : 0.03990130860724582
-------------------------------------------------- 6.081838130950928
ASR : 0.05530645689168452
-------------------------------------------------- 6.299535751342773
ASR : 0.023684868429456003
-------------------------------------------------- 5.88538384437561
ASR : 0.04099342653179172
-------------------------------------------------- 6.280440092086792
ASR : 0.039839775715377244
-------------------------------------------------- 5.905725717544556
ASR : 0.05257793717905868
-------------------------------------------------- 6.004697561264038
ASR : 0.01569349190551207
-------------------------------------------------- 5.678402423858643
ASR : 0.03273868042829265
-------------------------------------------------- 6.158071279525757

-------------Round number: 240-------------

Evaluate personalized models
Averaged Train Loss: 0.1011
Averaged Test Accurancy: 0.5086
Std Test Accurancy: 0.1259
ASR : 0.039734206483565696
-------------------------------------------------- 18.503100156784058
ASR : 0.037313948080716024
-------------------------------------------------- 5.837544202804565
ASR : 0.0648684718209833
-------------------------------------------------- 6.175530195236206
ASR : 0.03961000994628747
-------------------------------------------------- 6.208791971206665
ASR : 0.043203990432844876
-------------------------------------------------- 6.257972002029419
ASR : 0.05536890422181533
-------------------------------------------------- 6.128489255905151
ASR : 0.04037013103604421
-------------------------------------------------- 6.043622255325317
ASR : 0.019369737564279066
-------------------------------------------------- 6.013184309005737
ASR : 0.03920555603648344
-------------------------------------------------- 6.05791449546814
ASR : 0.02529747749431766
-------------------------------------------------- 5.802114963531494

-------------Round number: 250-------------

Evaluate personalized models
Averaged Train Loss: 0.0881
Averaged Test Accurancy: 0.5078
Std Test Accurancy: 0.1113
ASR : 0.04397583170188549
-------------------------------------------------- 18.42768168449402
ASR : 0.06887520228891428
-------------------------------------------------- 5.989774227142334
ASR : 0.03973806274584561
-------------------------------------------------- 6.069407939910889
ASR : 0.05285614407851888
-------------------------------------------------- 5.742165803909302
ASR : 0.034442010177532414
-------------------------------------------------- 6.212582588195801
ASR : 0.0254992581589206
-------------------------------------------------- 5.875152111053467
ASR : 0.04842629816716897
-------------------------------------------------- 6.060938835144043
ASR : 0.04846322885912203
-------------------------------------------------- 6.126061201095581
ASR : 0.02305397431268813
-------------------------------------------------- 5.944448947906494
ASR : 0.02419465057591104
-------------------------------------------------- 6.102224349975586

-------------Round number: 260-------------

Evaluate personalized models
Averaged Train Loss: 0.0838
Averaged Test Accurancy: 0.5057
Std Test Accurancy: 0.1144
ASR : 0.037986000368486775
-------------------------------------------------- 18.349903106689453
ASR : 0.030079473627772982
-------------------------------------------------- 5.889480113983154
ASR : 0.030304317771651764
-------------------------------------------------- 6.208581209182739
ASR : 0.04522214653683173
-------------------------------------------------- 6.147909879684448
ASR : 0.03752506437154261
-------------------------------------------------- 6.3553807735443115
ASR : 0.026379053869866557
-------------------------------------------------- 6.150728464126587
ASR : 0.0257347569939079
-------------------------------------------------- 6.316244840621948
ASR : 0.05653679700324646
-------------------------------------------------- 6.0314576625823975
ASR : 0.019975573066133765
-------------------------------------------------- 5.887011766433716
ASR : 0.041099670483878595
-------------------------------------------------- 6.055914402008057

-------------Round number: 270-------------

Evaluate personalized models
Averaged Train Loss: 0.0684
Averaged Test Accurancy: 0.5149
Std Test Accurancy: 0.1072
ASR : 0.05957125474145754
-------------------------------------------------- 18.43602752685547
ASR : 0.06782524870913617
-------------------------------------------------- 6.07768702507019
ASR : 0.0317927196804203
-------------------------------------------------- 5.935114860534668
ASR : 0.0631190282881407
-------------------------------------------------- 5.871256113052368
ASR : 0.02237719404642848
-------------------------------------------------- 5.8571248054504395
ASR : 0.053856564134432856
-------------------------------------------------- 6.164217948913574
ASR : 0.024504147181095583
-------------------------------------------------- 5.966104745864868
ASR : 0.05377700359145298
-------------------------------------------------- 6.042815685272217
ASR : 0.06254781441548911
-------------------------------------------------- 6.1325623989105225
ASR : 0.052509148267215644
-------------------------------------------------- 5.961055278778076

-------------Round number: 280-------------

Evaluate personalized models
Averaged Train Loss: 0.0728
Averaged Test Accurancy: 0.5278
Std Test Accurancy: 0.1099
ASR : 0.035743245419062826
-------------------------------------------------- 18.58635115623474
ASR : 0.03906242845479054
-------------------------------------------------- 6.344683885574341
ASR : 0.034585311610259954
-------------------------------------------------- 6.084773778915405
ASR : 0.054889269096314024
-------------------------------------------------- 5.821910381317139
ASR : 0.03713615501206394
-------------------------------------------------- 6.0452024936676025
ASR : 0.03448057043195822
-------------------------------------------------- 6.252490520477295
ASR : 0.03389921951851409
-------------------------------------------------- 5.933856248855591
ASR : 0.046614321907401376
-------------------------------------------------- 5.964940786361694
ASR : 0.03764060804742919
-------------------------------------------------- 5.783899784088135
ASR : 0.04300103311859703
-------------------------------------------------- 6.264883995056152

-------------Round number: 290-------------

Evaluate personalized models
Averaged Train Loss: 0.0715
Averaged Test Accurancy: 0.5139
Std Test Accurancy: 0.1242
ASR : 0.02217075821004726
-------------------------------------------------- 18.67599844932556
ASR : 0.0379259952706868
-------------------------------------------------- 6.2774200439453125
ASR : 0.022900497207061013
-------------------------------------------------- 5.846664190292358
ASR : 0.02766354053615881
-------------------------------------------------- 6.152144908905029
ASR : 0.05850082700904927
-------------------------------------------------- 6.108558893203735
ASR : 0.020793068940904744
-------------------------------------------------- 6.081066608428955
ASR : 0.06328011880495692
-------------------------------------------------- 6.233744859695435
ASR : 0.032305292315861885
-------------------------------------------------- 5.806401968002319
ASR : 0.04014159831509542
-------------------------------------------------- 6.032331466674805
ASR : 0.024164977809671626
-------------------------------------------------- 5.853739976882935

-------------Round number: 300-------------

Evaluate personalized models
Averaged Train Loss: 0.0663
Averaged Test Accurancy: 0.5370
Std Test Accurancy: 0.1185
ASR : 0.046397642398567245
-------------------------------------------------- 18.51803421974182
ASR : 0.058106696842489015
-------------------------------------------------- 6.117780923843384
ASR : 0.020597819177975048
-------------------------------------------------- 6.032570123672485
ASR : 0.05061361145228121
-------------------------------------------------- 5.982224464416504
ASR : 0.032810421693386216
-------------------------------------------------- 6.0311806201934814
ASR : 0.05145818992991084
-------------------------------------------------- 6.238451242446899
ASR : 0.053314020635569816
-------------------------------------------------- 6.104280948638916
ASR : 0.046221684200087
-------------------------------------------------- 5.9918835163116455
ASR : 0.05637234897980224
-------------------------------------------------- 6.294552803039551
ASR : 0.05029544600560554
-------------------------------------------------- 6.08249306678772

-------------Round number: 310-------------

Evaluate personalized models
Averaged Train Loss: 0.0847
Averaged Test Accurancy: 0.5137
Std Test Accurancy: 0.1227
ASR : 0.03304673878891772
-------------------------------------------------- 18.430155038833618
ASR : 0.04025654408163516
-------------------------------------------------- 5.847752332687378
ASR : 0.05122900838314928
-------------------------------------------------- 6.1679911613464355
ASR : 0.03843373735422314
-------------------------------------------------- 5.913381338119507
ASR : 0.02897949785773742
-------------------------------------------------- 5.9275922775268555
ASR : 0.033339951319905595
-------------------------------------------------- 5.891534090042114
ASR : 0.05563827080203683
-------------------------------------------------- 5.9974045753479
ASR : 0.04632513208316618
-------------------------------------------------- 6.139931678771973
ASR : 0.04302965305292559
-------------------------------------------------- 6.299068927764893
ASR : 0.03612592884553234
-------------------------------------------------- 6.056560516357422

-------------Round number: 320-------------

Evaluate personalized models
Averaged Train Loss: 0.0757
Averaged Test Accurancy: 0.5336
Std Test Accurancy: 0.1226
ASR : 0.03405826714655187
-------------------------------------------------- 18.417256593704224
ASR : 0.05293665771588647
-------------------------------------------------- 6.15883469581604
ASR : 0.0335045974825695
-------------------------------------------------- 6.126347064971924
ASR : 0.06265382537431889
-------------------------------------------------- 5.914703130722046
ASR : 0.056926102400339226
-------------------------------------------------- 6.064231872558594
ASR : 0.04087332113241606
-------------------------------------------------- 5.97172737121582
ASR : 0.04706434643772322
-------------------------------------------------- 5.924648761749268
ASR : 0.06303930030575827
-------------------------------------------------- 6.021909236907959
ASR : 0.05575405768972124
-------------------------------------------------- 6.123029708862305
ASR : 0.046396531765918306
-------------------------------------------------- 6.045400142669678

-------------Round number: 330-------------

Evaluate personalized models
Averaged Train Loss: 0.0682
Averaged Test Accurancy: 0.5175
Std Test Accurancy: 0.1222
ASR : 0.056980338614540785
-------------------------------------------------- 18.10617160797119
ASR : 0.026723370987339883
-------------------------------------------------- 5.976539134979248
ASR : 0.09732681081090636
-------------------------------------------------- 6.009979724884033
ASR : 0.04080682393693448
-------------------------------------------------- 5.988395690917969
ASR : 0.06279420929619703
-------------------------------------------------- 5.974043369293213
ASR : 0.034819514637947406
-------------------------------------------------- 5.912727117538452
ASR : 0.024189405657782596
-------------------------------------------------- 6.116164207458496
ASR : 0.030351533544719207
-------------------------------------------------- 5.955672979354858
ASR : 0.04620251741231599
-------------------------------------------------- 6.132822036743164
ASR : 0.03964534895009485
-------------------------------------------------- 5.973153114318848

-------------Round number: 340-------------

Evaluate personalized models
Averaged Train Loss: 0.0755
Averaged Test Accurancy: 0.5419
Std Test Accurancy: 0.1218
ASR : 0.048759013332264386
-------------------------------------------------- 18.409144163131714
ASR : 0.03597785296570716
-------------------------------------------------- 6.2746734619140625
ASR : 0.0356359383520094
-------------------------------------------------- 5.943702459335327
ASR : 0.04278620315968072
-------------------------------------------------- 6.054662227630615
ASR : 0.03967675527072967
-------------------------------------------------- 6.374278783798218
ASR : 0.03202941914228164
-------------------------------------------------- 5.7788987159729
ASR : 0.05581493550048932
-------------------------------------------------- 6.161667823791504
ASR : 0.07808774684038902
-------------------------------------------------- 6.301750898361206
ASR : 0.03058244782087863
-------------------------------------------------- 6.164277076721191
ASR : 0.04139183529447753
-------------------------------------------------- 5.891076564788818

-------------Round number: 350-------------

Evaluate personalized models
Averaged Train Loss: 0.0464
Averaged Test Accurancy: 0.5428
Std Test Accurancy: 0.1245
ASR : 0.04186499792443213
-------------------------------------------------- 18.352853536605835
ASR : 0.03659717480555842
-------------------------------------------------- 5.763270378112793
ASR : 0.05649552419735621
-------------------------------------------------- 6.162444114685059
ASR : 0.02998025519143235
-------------------------------------------------- 5.82664680480957
ASR : 0.06567882662111652
-------------------------------------------------- 6.1616973876953125
ASR : 0.06961465793395995
-------------------------------------------------- 6.094713449478149
ASR : 0.029213779652945644
-------------------------------------------------- 5.767554998397827
ASR : 0.03128271356320897
-------------------------------------------------- 6.178200721740723
ASR : 0.049987300490881834
-------------------------------------------------- 6.227764129638672
ASR : 0.055584536285649674
-------------------------------------------------- 5.809870958328247

-------------Round number: 360-------------

Evaluate personalized models
Averaged Train Loss: 0.0464
Averaged Test Accurancy: 0.5462
Std Test Accurancy: 0.1223
ASR : 0.04033143569267014
-------------------------------------------------- 18.452659368515015
ASR : 0.040568530851605264
-------------------------------------------------- 6.231365919113159
ASR : 0.04618497996187753
-------------------------------------------------- 5.876166343688965
ASR : 0.05318016672284001
-------------------------------------------------- 6.009335041046143
ASR : 0.033568295037979375
-------------------------------------------------- 5.723892688751221
ASR : 0.034536790142681684
-------------------------------------------------- 5.87352728843689
ASR : 0.06353781775076757
-------------------------------------------------- 6.156318664550781
ASR : 0.026105916947355316
-------------------------------------------------- 6.340158939361572
ASR : 0.049491513378427596
-------------------------------------------------- 6.0615479946136475
ASR : 0.03315569202010124
-------------------------------------------------- 6.0995659828186035

-------------Round number: 370-------------

Evaluate personalized models
Averaged Train Loss: 0.0446
Averaged Test Accurancy: 0.5495
Std Test Accurancy: 0.1221
ASR : 0.0435814965131092
-------------------------------------------------- 18.419376373291016
ASR : 0.07229297964653299
-------------------------------------------------- 6.057237863540649
ASR : 0.026988088492485154
-------------------------------------------------- 6.23354697227478
ASR : 0.030244075118811532
-------------------------------------------------- 6.053913116455078
ASR : 0.05661247905255183
-------------------------------------------------- 5.851771354675293
ASR : 0.06537256489408015
-------------------------------------------------- 5.7833240032196045
ASR : 0.03672266682378026
-------------------------------------------------- 6.182432651519775
ASR : 0.03992273428939685
-------------------------------------------------- 6.199917554855347
ASR : 0.03233529440670562
-------------------------------------------------- 6.030146360397339
ASR : 0.05269025845140307
-------------------------------------------------- 6.730612754821777

-------------Round number: 380-------------

Evaluate personalized models
Averaged Train Loss: 0.0445
Averaged Test Accurancy: 0.5383
Std Test Accurancy: 0.1228
ASR : 0.03408193617440328
-------------------------------------------------- 18.350983142852783
ASR : 0.026259083141886037
-------------------------------------------------- 6.15360426902771
ASR : 0.040498534496323096
-------------------------------------------------- 5.897477388381958
ASR : 0.053348968306311376
-------------------------------------------------- 6.094339370727539
ASR : 0.0524306451590838
-------------------------------------------------- 6.083287715911865
ASR : 0.03901652870947644
-------------------------------------------------- 6.078350067138672
ASR : 0.031130148011998853
-------------------------------------------------- 5.761153697967529
ASR : 0.04165042115519283
-------------------------------------------------- 6.0139617919921875
ASR : 0.047831667464137015
-------------------------------------------------- 5.998519420623779
ASR : 0.09200857828794302
-------------------------------------------------- 6.01419997215271

-------------Round number: 390-------------

Evaluate personalized models
Averaged Train Loss: 0.0473
Averaged Test Accurancy: 0.5481
Std Test Accurancy: 0.1177
ASR : 0.07051408417400694
-------------------------------------------------- 18.347656965255737
ASR : 0.04790633576818188
-------------------------------------------------- 6.343541860580444
ASR : 0.031747450316953585
-------------------------------------------------- 5.827109336853027
ASR : 0.041553036289156506
-------------------------------------------------- 5.985283136367798
ASR : 0.04076005209432536
-------------------------------------------------- 6.078999280929565
ASR : 0.03627920613275685
-------------------------------------------------- 6.177611827850342
ASR : 0.0354657449113396
-------------------------------------------------- 5.962348461151123
ASR : 0.04015376680052302
-------------------------------------------------- 6.1314778327941895
ASR : 0.045283632558445766
-------------------------------------------------- 6.27864933013916
ASR : 0.039332272723730445
-------------------------------------------------- 5.662603139877319

-------------Round number: 400-------------

Evaluate personalized models
Averaged Train Loss: 0.0491
Averaged Test Accurancy: 0.5503
Std Test Accurancy: 0.1243
ASR : 0.07517732194324042
-------------------------------------------------- 18.56828260421753
ASR : 0.08860588536829318
-------------------------------------------------- 5.882023096084595
ASR : 0.03658311121873001
-------------------------------------------------- 6.029353141784668
ASR : 0.03740577629903641
-------------------------------------------------- 6.167277812957764
ASR : 0.03415759164031868
-------------------------------------------------- 6.043321847915649
ASR : 0.049134171375591854
-------------------------------------------------- 6.145703315734863
ASR : 0.032893695377096674
-------------------------------------------------- 6.143733263015747
ASR : 0.03924212308644771
-------------------------------------------------- 5.89891242980957
ASR : 0.05807973381452479
-------------------------------------------------- 6.063748598098755
ASR : 0.03892067904097519
-------------------------------------------------- 6.049093246459961

-------------Round number: 410-------------

Evaluate personalized models
Averaged Train Loss: 0.0695
Averaged Test Accurancy: 0.5511
Std Test Accurancy: 0.1268
ASR : 0.049094550861422406
-------------------------------------------------- 18.544588565826416
ASR : 0.034625658152860526
-------------------------------------------------- 6.09787392616272
ASR : 0.04430187218010309
-------------------------------------------------- 6.042930841445923
ASR : 0.033028464262409
-------------------------------------------------- 5.968320608139038
ASR : 0.03979262897942426
-------------------------------------------------- 5.937221527099609
ASR : 0.043758543792262336
-------------------------------------------------- 6.087628126144409
ASR : 0.0345830771604244
-------------------------------------------------- 6.2301084995269775
ASR : 0.03704397701114009
-------------------------------------------------- 6.112434387207031
ASR : 0.039122083332743876
-------------------------------------------------- 6.2823646068573
ASR : 0.032839048419261885
-------------------------------------------------- 6.179628372192383

-------------Round number: 420-------------

Evaluate personalized models
Averaged Train Loss: 0.0466
Averaged Test Accurancy: 0.5577
Std Test Accurancy: 0.1220
ASR : 0.03381556249072824
-------------------------------------------------- 18.38371515274048
ASR : 0.036530300815066724
-------------------------------------------------- 5.876575469970703
ASR : 0.051926960050381075
-------------------------------------------------- 6.171545505523682
ASR : 0.030322915809932117
-------------------------------------------------- 5.957184314727783
ASR : 0.03966926770869531
-------------------------------------------------- 6.05913519859314
ASR : 0.05184879045749015
-------------------------------------------------- 6.179793834686279
ASR : 0.037494748614088295
-------------------------------------------------- 5.978617429733276
ASR : 0.04968660883090093
-------------------------------------------------- 6.231490850448608
ASR : 0.03661977107897776
-------------------------------------------------- 6.119607925415039
ASR : 0.06557844185486258
-------------------------------------------------- 5.810150146484375

-------------Round number: 430-------------

Evaluate personalized models
Averaged Train Loss: 0.0468
Averaged Test Accurancy: 0.5609
Std Test Accurancy: 0.1236
ASR : 0.038123013628334736
-------------------------------------------------- 18.633270025253296
ASR : 0.042746699788276846
-------------------------------------------------- 5.8188982009887695
ASR : 0.03884171122426526
-------------------------------------------------- 6.186049461364746
ASR : 0.03626622825901618
-------------------------------------------------- 5.992091178894043
ASR : 0.0518626729957862
-------------------------------------------------- 6.100567579269409
ASR : 0.053625620514948596
-------------------------------------------------- 5.843002796173096
ASR : 0.06833476817795595
-------------------------------------------------- 5.829261779785156
ASR : 0.058383566949315714
-------------------------------------------------- 6.266788482666016
ASR : 0.05430810996850367
-------------------------------------------------- 6.113431930541992
ASR : 0.04929219318509093
-------------------------------------------------- 5.95100212097168

-------------Round number: 440-------------

Evaluate personalized models
Averaged Train Loss: 0.0371
Averaged Test Accurancy: 0.5597
Std Test Accurancy: 0.1227
ASR : 0.05180277113997066
-------------------------------------------------- 18.358986854553223
ASR : 0.04911618313991457
-------------------------------------------------- 5.808343410491943
ASR : 0.04882321521923064
-------------------------------------------------- 6.178834915161133
ASR : 0.04812997526045544
-------------------------------------------------- 6.078324794769287
ASR : 0.028287418055599214
-------------------------------------------------- 5.741281270980835
ASR : 0.04314346289075917
-------------------------------------------------- 5.973937749862671
ASR : 0.03714899506709546
-------------------------------------------------- 6.133864402770996
ASR : 0.05131466379455643
-------------------------------------------------- 6.075419187545776
ASR : 0.0577224899832027
-------------------------------------------------- 6.002058506011963
ASR : 0.042348000388945435
-------------------------------------------------- 6.162613391876221

-------------Round number: 450-------------

Evaluate personalized models
Averaged Train Loss: 0.0355
Averaged Test Accurancy: 0.5571
Std Test Accurancy: 0.1228
ASR : 0.038741090714531114
-------------------------------------------------- 18.26480531692505
ASR : 0.043413951023540384
-------------------------------------------------- 5.763993740081787
ASR : 0.04833150711667963
-------------------------------------------------- 6.072783708572388
ASR : 0.04128557581203127
-------------------------------------------------- 6.204791784286499
ASR : 0.04346708195936358
-------------------------------------------------- 6.014157056808472
ASR : 0.04715097314641923
-------------------------------------------------- 6.095121145248413
ASR : 0.05296283769972764
-------------------------------------------------- 5.61990761756897
ASR : 0.034899874783958555
-------------------------------------------------- 6.000678539276123
ASR : 0.0414977145500332
-------------------------------------------------- 6.055455923080444
ASR : 0.04567968471170134
-------------------------------------------------- 6.120864391326904

-------------Round number: 460-------------

Evaluate personalized models
Averaged Train Loss: 0.0348
Averaged Test Accurancy: 0.5641
Std Test Accurancy: 0.1250
ASR : 0.024634106303057655
-------------------------------------------------- 18.458017110824585
ASR : 0.035780078754324866
-------------------------------------------------- 6.260666608810425
ASR : 0.04418472967645219
-------------------------------------------------- 6.10483717918396
ASR : 0.04913773273238058
-------------------------------------------------- 6.038046598434448
ASR : 0.042641576426205266
-------------------------------------------------- 5.895776271820068
ASR : 0.038893252499454314
-------------------------------------------------- 6.182341575622559
ASR : 0.044991870053272265
-------------------------------------------------- 6.151754140853882
ASR : 0.03613989419421793
-------------------------------------------------- 6.160146713256836
ASR : 0.04561931035748701
-------------------------------------------------- 6.206883430480957
ASR : 0.03904604588807557
-------------------------------------------------- 5.745826482772827

-------------Round number: 470-------------

Evaluate personalized models
Averaged Train Loss: 0.0425
Averaged Test Accurancy: 0.5598
Std Test Accurancy: 0.1242
ASR : 0.05350305145596616
-------------------------------------------------- 18.652800798416138
ASR : 0.03682200232172373
-------------------------------------------------- 5.820516586303711
ASR : 0.05555626268653752
-------------------------------------------------- 6.267113447189331
ASR : 0.02847224415568296
-------------------------------------------------- 6.042253732681274
ASR : 0.05179486291490749
-------------------------------------------------- 6.107900381088257
ASR : 0.038251566822405804
-------------------------------------------------- 5.899780988693237
ASR : 0.04117466692472062
-------------------------------------------------- 5.84208345413208
ASR : 0.05895585373369956
-------------------------------------------------- 5.910241603851318
ASR : 0.03367379523258215
-------------------------------------------------- 6.050445795059204
ASR : 0.03678721182669374
-------------------------------------------------- 6.1067280769348145

-------------Round number: 480-------------

Evaluate personalized models
Averaged Train Loss: 0.0383
Averaged Test Accurancy: 0.5610
Std Test Accurancy: 0.1270
ASR : 0.03045591841857698
-------------------------------------------------- 18.477277040481567
ASR : 0.04023151217186618
-------------------------------------------------- 5.993211984634399
ASR : 0.039404217918283385
-------------------------------------------------- 5.940290212631226
ASR : 0.03915279323594165
-------------------------------------------------- 5.963526248931885
ASR : 0.03813033064181351
-------------------------------------------------- 5.881939888000488
ASR : 0.04263998633483149
-------------------------------------------------- 5.769515514373779
ASR : 0.04457814101892039
-------------------------------------------------- 6.220287084579468
ASR : 0.02658306299307319
-------------------------------------------------- 6.041940212249756
ASR : 0.045362766013438166
-------------------------------------------------- 6.095255374908447
ASR : 0.034998084093766105
-------------------------------------------------- 6.056593179702759

-------------Round number: 490-------------

Evaluate personalized models
Averaged Train Loss: 0.0653
Averaged Test Accurancy: 0.5567
Std Test Accurancy: 0.1225
ASR : 0.048233912044083636
-------------------------------------------------- 18.62812566757202
ASR : 0.0441673830044601
-------------------------------------------------- 5.945545434951782
ASR : 0.05168225106195382
-------------------------------------------------- 5.949301719665527
ASR : 0.037094830216942515
-------------------------------------------------- 6.096421718597412
ASR : 0.039827096273460136
-------------------------------------------------- 6.111839771270752
ASR : 0.03445935916751179
-------------------------------------------------- 6.181956052780151
ASR : 0.03748445753674631
-------------------------------------------------- 6.174928903579712
ASR : 0.03805374255616131
-------------------------------------------------- 5.7803449630737305
ASR : 0.03595918072563972
-------------------------------------------------- 6.084427833557129
ASR : 0.03520542337993728
-------------------------------------------------- 6.052804231643677

-------------Round number: 500-------------

Evaluate personalized models
Averaged Train Loss: 0.0470
Averaged Test Accurancy: 0.5665
Std Test Accurancy: 0.1230
ASR : 0.06805100986882716
-------------------------------------------------- 18.2143292427063
ASR : 0.0508036113017482
-------------------------------------------------- 6.095343828201294
ASR : 0.05037137512468227
-------------------------------------------------- 5.905081748962402
ASR : 0.04937371547603876
-------------------------------------------------- 5.9300408363342285
ASR : 0.04809008379374191
-------------------------------------------------- 6.307359457015991
ASR : 0.03429309027152687
-------------------------------------------------- 5.923044443130493
ASR : 0.03165367416823834
-------------------------------------------------- 5.999250888824463
ASR : 0.03869101964520307
-------------------------------------------------- 6.3917152881622314
ASR : 0.033943738866534075
-------------------------------------------------- 5.818405866622925
ASR : 0.06278401335551413
-------------------------------------------------- 5.922318458557129

-------------Round number: 510-------------

Evaluate personalized models
Averaged Train Loss: 0.0322
Averaged Test Accurancy: 0.5662
Std Test Accurancy: 0.1252
ASR : 0.03865318700369497
-------------------------------------------------- 18.522456407546997
ASR : 0.026504500141856395
-------------------------------------------------- 6.016680717468262
ASR : 0.04812035761205354
-------------------------------------------------- 6.27706241607666
ASR : 0.06081915139243553
-------------------------------------------------- 5.679847240447998
ASR : 0.05266659050537223
-------------------------------------------------- 6.359637975692749
ASR : 0.03982370875763426
-------------------------------------------------- 6.0922160148620605
ASR : 0.029740681089042164
-------------------------------------------------- 6.137277364730835
ASR : 0.03867539327988834
-------------------------------------------------- 5.981765985488892
ASR : 0.04416224482672849
-------------------------------------------------- 6.252456426620483
ASR : 0.027634359956997222
-------------------------------------------------- 6.107165098190308

-------------Round number: 520-------------

Evaluate personalized models
Averaged Train Loss: 0.0321
Averaged Test Accurancy: 0.5689
Std Test Accurancy: 0.1262
ASR : 0.03158576078799978
-------------------------------------------------- 18.3528470993042
ASR : 0.05106571031319629
-------------------------------------------------- 6.21710205078125
ASR : 0.030027377310674626
-------------------------------------------------- 5.9891321659088135
ASR : 0.03577651125896843
-------------------------------------------------- 5.955138921737671
ASR : 0.04167807353465029
-------------------------------------------------- 6.001110792160034
ASR : 0.04467975244796499
-------------------------------------------------- 6.036856174468994
ASR : 0.038336104505764676
-------------------------------------------------- 5.95327353477478
ASR : 0.04174935494373834
-------------------------------------------------- 6.04974102973938
ASR : 0.049546392958999125
-------------------------------------------------- 5.832708835601807
ASR : 0.05139234296086513
-------------------------------------------------- 6.006626844406128

-------------Round number: 530-------------

Evaluate personalized models
Averaged Train Loss: 0.0306
Averaged Test Accurancy: 0.5681
Std Test Accurancy: 0.1270
ASR : 0.036200115578017805
-------------------------------------------------- 18.34279155731201
ASR : 0.05248094118447949
-------------------------------------------------- 6.08112907409668
ASR : 0.03752018731501236
-------------------------------------------------- 6.1683735847473145
ASR : 0.03826607409392519
-------------------------------------------------- 6.047891616821289
ASR : 0.04132646846445488
-------------------------------------------------- 5.963862657546997
ASR : 0.037506364554038614
-------------------------------------------------- 5.95243239402771
ASR : 0.05373680852736681
-------------------------------------------------- 5.933448553085327
ASR : 0.031878117693519094
-------------------------------------------------- 5.846607685089111
ASR : 0.04272233233513755
-------------------------------------------------- 6.046720027923584
ASR : 0.0360853057091441
-------------------------------------------------- 6.16195011138916

-------------Round number: 540-------------

Evaluate personalized models
Averaged Train Loss: 0.0304
Averaged Test Accurancy: 0.5695
Std Test Accurancy: 0.1262
ASR : 0.05078956755458466
-------------------------------------------------- 18.36585021018982
ASR : 0.03649939886221764
-------------------------------------------------- 6.353968858718872
ASR : 0.03813320416497478
-------------------------------------------------- 6.031426668167114
ASR : 0.04710424658386504
-------------------------------------------------- 6.011914968490601
ASR : 0.033959594391951106
-------------------------------------------------- 5.839221715927124
ASR : 0.028258653159005127
-------------------------------------------------- 6.034525394439697
ASR : 0.05573932598801993
-------------------------------------------------- 6.127177476882935
ASR : 0.04169333802454241
-------------------------------------------------- 5.937756538391113
ASR : 0.06004496447449604
-------------------------------------------------- 5.923958778381348
ASR : 0.04048126897645876
-------------------------------------------------- 5.922945022583008

-------------Round number: 550-------------

Evaluate personalized models
Averaged Train Loss: 0.0289
Averaged Test Accurancy: 0.5648
Std Test Accurancy: 0.1232
ASR : 0.04883246579087163
-------------------------------------------------- 18.362282276153564
ASR : 0.03796723939771049
-------------------------------------------------- 6.191209554672241
ASR : 0.02942004523840701
-------------------------------------------------- 6.118199825286865
ASR : 0.04040283730539341
-------------------------------------------------- 6.158649206161499
ASR : 0.0416757501801651
-------------------------------------------------- 6.019949436187744
ASR : 0.03500979475946837
-------------------------------------------------- 5.869823932647705
ASR : 0.05432622075498906
-------------------------------------------------- 6.120364665985107
ASR : 0.05378477426820267
-------------------------------------------------- 6.053598403930664
ASR : 0.05446916181765954
-------------------------------------------------- 6.035586595535278
ASR : 0.03996695123945373
-------------------------------------------------- 5.668583154678345

-------------Round number: 560-------------

Evaluate personalized models
Averaged Train Loss: 0.0290
Averaged Test Accurancy: 0.5713
Std Test Accurancy: 0.1268
ASR : 0.042616644889206724
-------------------------------------------------- 18.562204599380493
ASR : 0.04518490443844812
-------------------------------------------------- 5.972162485122681
ASR : 0.036489788652552854
-------------------------------------------------- 6.034648656845093
ASR : 0.044838817049765646
-------------------------------------------------- 5.694566249847412
ASR : 0.035067177841023735
-------------------------------------------------- 6.325068950653076
ASR : 0.029047974894540217
-------------------------------------------------- 6.255194664001465
ASR : 0.0377068131380656
-------------------------------------------------- 6.003265619277954
ASR : 0.05021888982148242
-------------------------------------------------- 6.178064584732056
ASR : 0.040128940802224684
-------------------------------------------------- 6.131605625152588
ASR : 0.040283706745827104
-------------------------------------------------- 5.982203483581543

-------------Round number: 570-------------

Evaluate personalized models
Averaged Train Loss: 0.0278
Averaged Test Accurancy: 0.5756
Std Test Accurancy: 0.1238
ASR : 0.037775940886426364
-------------------------------------------------- 18.478100299835205
ASR : 0.04600993230812074
-------------------------------------------------- 6.1626877784729
ASR : 0.048373995750445334
-------------------------------------------------- 5.839346885681152
ASR : 0.03333316747034248
-------------------------------------------------- 6.189380168914795
ASR : 0.04377403897431549
-------------------------------------------------- 6.116879224777222
ASR : 0.05110741624032329
-------------------------------------------------- 5.931975364685059
ASR : 0.04140555940321519
-------------------------------------------------- 6.3581743240356445
ASR : 0.03391817556192429
-------------------------------------------------- 5.856804847717285
ASR : 0.0429025481642623
-------------------------------------------------- 6.113586664199829
ASR : 0.04801693613935536
-------------------------------------------------- 6.176163673400879

-------------Round number: 580-------------

Evaluate personalized models
Averaged Train Loss: 0.0278
Averaged Test Accurancy: 0.5687
Std Test Accurancy: 0.1261
ASR : 0.0347005409534837
-------------------------------------------------- 18.521541833877563
ASR : 0.050838850468291646
-------------------------------------------------- 6.188279628753662
ASR : 0.03921555588700687
-------------------------------------------------- 6.256760358810425
ASR : 0.028073293764939312
-------------------------------------------------- 5.875348329544067
ASR : 0.04957189493991258
-------------------------------------------------- 6.025951862335205
ASR : 0.04416015934825369
-------------------------------------------------- 6.122028350830078
ASR : 0.03335663270768056
-------------------------------------------------- 5.985167741775513
ASR : 0.04722412812922075
-------------------------------------------------- 6.229026556015015
ASR : 0.03590061568015953
-------------------------------------------------- 6.2489166259765625
ASR : 0.03760456416816458
-------------------------------------------------- 5.924256324768066

-------------Round number: 590-------------

Evaluate personalized models
Averaged Train Loss: 0.0269
Averaged Test Accurancy: 0.5727
Std Test Accurancy: 0.1229
ASR : 0.03520750037351096
-------------------------------------------------- 18.2742702960968
ASR : 0.028577815123376545
-------------------------------------------------- 6.102709531784058
ASR : 0.05768587221689431
-------------------------------------------------- 5.803839445114136
ASR : 0.05873537727363437
-------------------------------------------------- 6.02070164680481
ASR : 0.03573744880641091
-------------------------------------------------- 6.0614001750946045
ASR : 0.04015652497984333
-------------------------------------------------- 5.894181728363037
ASR : 0.05352433092973129
-------------------------------------------------- 6.153947114944458
ASR : 0.044252083537123496
-------------------------------------------------- 6.021880865097046
ASR : 0.04595389819790607
-------------------------------------------------- 6.048360586166382
ASR : 0.03689294382009728
-------------------------------------------------- 6.150430679321289

-------------Round number: 600-------------

Evaluate personalized models
Averaged Train Loss: 0.0268
Averaged Test Accurancy: 0.5725
Std Test Accurancy: 0.1265
ASR : 0.044054570792104515
-------------------------------------------------- 18.687758445739746
ASR : 0.035189944554355236
-------------------------------------------------- 6.022506475448608
ASR : 0.04050507389301185
-------------------------------------------------- 6.066481590270996
ASR : 0.038982008760911874
-------------------------------------------------- 6.046227931976318
ASR : 0.03888874920600336
-------------------------------------------------- 5.975860357284546
ASR : 0.05344529765623146
-------------------------------------------------- 6.116596221923828
ASR : 0.03955125463502112
-------------------------------------------------- 6.067513704299927
ASR : 0.05247791730399808
-------------------------------------------------- 5.932687044143677
ASR : 0.04131837805459556
-------------------------------------------------- 5.860859394073486
ASR : 0.04353664701936904
-------------------------------------------------- 6.044725179672241

-------------Round number: 610-------------

Evaluate personalized models
Averaged Train Loss: 0.0355
Averaged Test Accurancy: 0.5733
Std Test Accurancy: 0.1239
ASR : 0.04335421503754783
-------------------------------------------------- 18.64698362350464
ASR : 0.04405253568769735
-------------------------------------------------- 6.112758159637451
ASR : 0.06518147267468895
-------------------------------------------------- 6.1257219314575195
ASR : 0.037230809561659646
-------------------------------------------------- 5.870420217514038
ASR : 0.0423761324903257
-------------------------------------------------- 5.996817111968994
ASR : 0.03762848612002168
-------------------------------------------------- 6.126134634017944
ASR : 0.04223032793268193
-------------------------------------------------- 5.947272539138794
ASR : 0.03912485263640655
-------------------------------------------------- 5.987228155136108
ASR : 0.037965448897031275
-------------------------------------------------- 5.836497783660889
ASR : 0.05268365324353738
-------------------------------------------------- 5.949397087097168

-------------Round number: 620-------------

Evaluate personalized models
Averaged Train Loss: 0.0256
Averaged Test Accurancy: 0.5774
Std Test Accurancy: 0.1242
ASR : 0.04648834300137235
-------------------------------------------------- 18.287086725234985
ASR : 0.03793319509858943
-------------------------------------------------- 6.191450595855713
ASR : 0.050780551553591124
-------------------------------------------------- 6.1393067836761475
ASR : 0.0396694866095797
-------------------------------------------------- 5.968582391738892
ASR : 0.03649108185167541
-------------------------------------------------- 6.19743275642395
ASR : 0.035669955689458195
-------------------------------------------------- 6.193630218505859
ASR : 0.04708157499395584
-------------------------------------------------- 6.115395784378052
ASR : 0.04519608574468524
-------------------------------------------------- 5.978028297424316
ASR : 0.03688906648058853
-------------------------------------------------- 6.059881687164307
ASR : 0.04834606537074234
-------------------------------------------------- 5.879188299179077

-------------Round number: 630-------------

Evaluate personalized models
Averaged Train Loss: 0.0253
Averaged Test Accurancy: 0.5770
Std Test Accurancy: 0.1228
ASR : 0.04512701552370806
-------------------------------------------------- 18.465445041656494
ASR : 0.038626836039835466
-------------------------------------------------- 6.122728586196899
ASR : 0.039827108332745415
-------------------------------------------------- 5.782041072845459
ASR : 0.03786516886628433
-------------------------------------------------- 6.117265939712524
ASR : 0.043964188174262536
-------------------------------------------------- 6.234458684921265
ASR : 0.025929831611875558
-------------------------------------------------- 5.8003387451171875
ASR : 0.047622898304433094
-------------------------------------------------- 6.400588274002075
ASR : 0.035573409474444755
-------------------------------------------------- 6.142837762832642
ASR : 0.05347254348858899
-------------------------------------------------- 6.370051383972168
ASR : 0.03678003089983069
-------------------------------------------------- 5.976920127868652

-------------Round number: 640-------------

Evaluate personalized models
Averaged Train Loss: 0.0246
Averaged Test Accurancy: 0.5752
Std Test Accurancy: 0.1270
ASR : 0.05302813590577601
-------------------------------------------------- 18.398955821990967
ASR : 0.03882171373905185
-------------------------------------------------- 5.977046012878418
ASR : 0.03814410129728415
-------------------------------------------------- 6.053208589553833
ASR : 0.0430616997288075
-------------------------------------------------- 5.9354248046875
ASR : 0.04078694761553346
-------------------------------------------------- 5.967034578323364
ASR : 0.035568734866006584
-------------------------------------------------- 6.202482223510742
ASR : 0.04448360151538176
-------------------------------------------------- 6.043342590332031
ASR : 0.03640441472297853
-------------------------------------------------- 5.961388111114502
ASR : 0.03680662296429404
-------------------------------------------------- 6.192121267318726
ASR : 0.03398323840377272
-------------------------------------------------- 6.021846294403076

-------------Round number: 650-------------

Evaluate personalized models
Averaged Train Loss: 0.0246
Averaged Test Accurancy: 0.5741
Std Test Accurancy: 0.1269
ASR : 0.0425161687779443
-------------------------------------------------- 18.752740621566772
ASR : 0.04131309058476828
-------------------------------------------------- 6.02223539352417
ASR : 0.03470641133471202
-------------------------------------------------- 6.025252819061279
ASR : 0.031176162124738508
-------------------------------------------------- 5.925289630889893
ASR : 0.03546063480405348
-------------------------------------------------- 6.0324273109436035
ASR : 0.051684047617356496
-------------------------------------------------- 6.029932260513306
ASR : 0.04026149757019603
-------------------------------------------------- 6.036576271057129
ASR : 0.03200515102066461
-------------------------------------------------- 6.052338361740112
ASR : 0.030212453079406502
-------------------------------------------------- 6.229135513305664
ASR : 0.04414432817430613
-------------------------------------------------- 6.092069864273071

-------------Round number: 660-------------

Evaluate personalized models
Averaged Train Loss: 0.0245
Averaged Test Accurancy: 0.5741
Std Test Accurancy: 0.1262
ASR : 0.04450181574052453
-------------------------------------------------- 18.970468282699585
ASR : 0.042889264835494656
-------------------------------------------------- 6.02362060546875
ASR : 0.03394668072150344
-------------------------------------------------- 6.08421778678894
ASR : 0.04269609544262738
-------------------------------------------------- 6.024271488189697
ASR : 0.04698681924782139
-------------------------------------------------- 6.076442003250122
ASR : 0.04096569212970817
-------------------------------------------------- 6.2591023445129395
ASR : 0.0337185552797689
-------------------------------------------------- 6.058777093887329
ASR : 0.04172090360314577
-------------------------------------------------- 6.170341968536377
ASR : 0.03897223354534561
-------------------------------------------------- 5.8597869873046875
ASR : 0.038226145053886704
-------------------------------------------------- 5.790412425994873

-------------Round number: 670-------------

Evaluate personalized models
Averaged Train Loss: 0.0249
Averaged Test Accurancy: 0.5748
Std Test Accurancy: 0.1241
ASR : 0.04820693524243558
-------------------------------------------------- 18.607536554336548
ASR : 0.04143720409350131
-------------------------------------------------- 6.009098052978516
ASR : 0.0448434062777177
-------------------------------------------------- 6.2110595703125
ASR : 0.0376264442322402
-------------------------------------------------- 6.144418001174927
ASR : 0.0619041524248517
-------------------------------------------------- 5.943232297897339
ASR : 0.05218241311399191
-------------------------------------------------- 5.85118293762207
ASR : 0.04110517521616886
-------------------------------------------------- 5.9138171672821045
ASR : 0.033217936894204415
-------------------------------------------------- 5.857162714004517
ASR : 0.03406005156304335
-------------------------------------------------- 6.03033447265625
ASR : 0.031129024684491396
-------------------------------------------------- 5.976492881774902

-------------Round number: 680-------------

Evaluate personalized models
Averaged Train Loss: 0.0364
Averaged Test Accurancy: 0.5721
Std Test Accurancy: 0.1277
ASR : 0.05066180088903388
-------------------------------------------------- 18.378368854522705
ASR : 0.041200953465770365
-------------------------------------------------- 6.10090184211731
ASR : 0.035148601601300414
-------------------------------------------------- 5.881170988082886
ASR : 0.034327689192248365
-------------------------------------------------- 5.981309175491333
ASR : 0.04963774722434354
-------------------------------------------------- 6.015823125839233
ASR : 0.05836879021161847
-------------------------------------------------- 6.0429723262786865
ASR : 0.050735167745891756
-------------------------------------------------- 6.021393537521362
ASR : 0.0448619012677344
-------------------------------------------------- 6.023114204406738
ASR : 0.03484613741356332
-------------------------------------------------- 6.1495020389556885
ASR : 0.047568012352732156
-------------------------------------------------- 5.746766805648804

-------------Round number: 690-------------

Evaluate personalized models
Averaged Train Loss: 0.0245
Averaged Test Accurancy: 0.5737
Std Test Accurancy: 0.1243
ASR : 0.05870455282938319
-------------------------------------------------- 18.539913654327393
ASR : 0.05846021931998201
-------------------------------------------------- 5.930329322814941
ASR : 0.046759453936636504
-------------------------------------------------- 6.089167594909668
ASR : 0.04542804830936843
-------------------------------------------------- 6.125499248504639
ASR : 0.04224819082727841
-------------------------------------------------- 6.475723505020142
ASR : 0.03908160677402774
-------------------------------------------------- 5.828383684158325
ASR : 0.045668786252642216
-------------------------------------------------- 6.136258602142334
ASR : 0.03694887548039382
-------------------------------------------------- 5.930896282196045
ASR : 0.04081160194515289
-------------------------------------------------- 6.058289289474487
ASR : 0.05704188787313343
-------------------------------------------------- 6.086941242218018

-------------Round number: 700-------------

Evaluate personalized models
Averaged Train Loss: 0.0239
Averaged Test Accurancy: 0.5785
Std Test Accurancy: 0.1231
ASR : 0.03086619321116521
-------------------------------------------------- 18.37540102005005
ASR : 0.04871117078331542
-------------------------------------------------- 6.281190395355225
ASR : 0.04306520652580374
-------------------------------------------------- 5.838635683059692
ASR : 0.047151492701046356
-------------------------------------------------- 6.3012306690216064
ASR : 0.04098298723353854
-------------------------------------------------- 5.8275306224823
ASR : 0.042331650048540115
-------------------------------------------------- 6.309920072555542
ASR : 0.03155629380747315
-------------------------------------------------- 5.966941595077515
ASR : 0.047684878769576985
-------------------------------------------------- 6.104308128356934
ASR : 0.04400009126285409
-------------------------------------------------- 6.012049913406372
ASR : 0.05705661237925723
-------------------------------------------------- 6.240943670272827

-------------Round number: 710-------------

Evaluate personalized models
Averaged Train Loss: 0.0238
Averaged Test Accurancy: 0.5803
Std Test Accurancy: 0.1226
ASR : 0.03608509117455056
-------------------------------------------------- 18.189391613006592
ASR : 0.04520957837837283
-------------------------------------------------- 5.791420221328735
ASR : 0.055351876567532286
-------------------------------------------------- 6.0931549072265625
ASR : 0.05278101618672893
-------------------------------------------------- 6.164345741271973
ASR : 0.04001154236720495
-------------------------------------------------- 6.067525863647461
ASR : 0.04492967401436624
-------------------------------------------------- 6.020505428314209
ASR : 0.03828487926389496
-------------------------------------------------- 6.226162672042847
ASR : 0.049743465322884144
-------------------------------------------------- 6.042670726776123
ASR : 0.03865705918603649
-------------------------------------------------- 6.148831844329834
ASR : 0.032397729432438536
-------------------------------------------------- 6.162116527557373

-------------Round number: 720-------------

Evaluate personalized models
Averaged Train Loss: 0.0223
Averaged Test Accurancy: 0.5829
Std Test Accurancy: 0.1243
ASR : 0.04363412183867318
-------------------------------------------------- 18.294183254241943
ASR : 0.0442513014925145
-------------------------------------------------- 6.063905239105225
ASR : 0.04401849141442044
-------------------------------------------------- 5.936305284500122
ASR : 0.044556519397085784
-------------------------------------------------- 6.272653102874756
ASR : 0.03381841133727934
-------------------------------------------------- 5.849107503890991
ASR : 0.035436691229066994
-------------------------------------------------- 6.251946926116943
ASR : 0.03341480900612562
-------------------------------------------------- 6.003795862197876
ASR : 0.052408240584363684
-------------------------------------------------- 6.339248418807983
ASR : 0.05525668384085522
-------------------------------------------------- 6.031660318374634
ASR : 0.036216323523717515
-------------------------------------------------- 5.995290279388428

-------------Round number: 730-------------

Evaluate personalized models
Averaged Train Loss: 0.0220
Averaged Test Accurancy: 0.5796
Std Test Accurancy: 0.1262
ASR : 0.04069150875360718
-------------------------------------------------- 18.6987087726593
ASR : 0.03162822734556401
-------------------------------------------------- 5.964619159698486
ASR : 0.041617509534502155
-------------------------------------------------- 6.1627819538116455
ASR : 0.03636922393347429
-------------------------------------------------- 6.198933124542236
ASR : 0.03140579176499555
-------------------------------------------------- 5.948358774185181
ASR : 0.04628953564633957
-------------------------------------------------- 5.958007097244263
ASR : 0.05038319687568759
-------------------------------------------------- 6.008818864822388
ASR : 0.03799069273473691
-------------------------------------------------- 5.833866596221924
ASR : 0.05007798124876802
-------------------------------------------------- 6.095810413360596
ASR : 0.040701561291402094
-------------------------------------------------- 5.887620687484741

-------------Round number: 740-------------

Evaluate personalized models
Averaged Train Loss: 0.0215
Averaged Test Accurancy: 0.5777
Std Test Accurancy: 0.1258
ASR : 0.04557590087894865
-------------------------------------------------- 18.551047563552856
ASR : 0.06357571498464541
-------------------------------------------------- 6.05822229385376
ASR : 0.04079860722156346
-------------------------------------------------- 5.922555685043335
ASR : 0.03980441107698518
-------------------------------------------------- 6.248191833496094
ASR : 0.033760029554036196
-------------------------------------------------- 6.106518268585205
ASR : 0.03579875682938795
-------------------------------------------------- 5.9428722858428955
ASR : 0.05872710639909025
-------------------------------------------------- 6.1511945724487305
ASR : 0.03562413008958684
-------------------------------------------------- 5.910653114318848
ASR : 0.04245450253301658
-------------------------------------------------- 5.96812891960144
ASR : 0.036830517344457324
-------------------------------------------------- 5.97611141204834

-------------Round number: 750-------------

Evaluate personalized models
Averaged Train Loss: 0.0213
Averaged Test Accurancy: 0.5791
Std Test Accurancy: 0.1246
ASR : 0.04682570958252551
-------------------------------------------------- 18.137837886810303
ASR : 0.031939970360690906
-------------------------------------------------- 6.051107406616211
ASR : 0.040987474391755874
-------------------------------------------------- 5.858327627182007
ASR : 0.04101011902606367
-------------------------------------------------- 6.1127142906188965
ASR : 0.04529694167604001
-------------------------------------------------- 6.311003684997559
ASR : 0.040052875352331936
-------------------------------------------------- 6.30608344078064
ASR : 0.04012504038212299
-------------------------------------------------- 5.9320502281188965
ASR : 0.04171377127949583
-------------------------------------------------- 6.069081544876099
ASR : 0.03632279187585861
-------------------------------------------------- 6.062760591506958
ASR : 0.043583484089434285
-------------------------------------------------- 6.106065511703491

-------------Round number: 760-------------

Evaluate personalized models
Averaged Train Loss: 0.0389
Averaged Test Accurancy: 0.5804
Std Test Accurancy: 0.1258
ASR : 0.03937997299945853
-------------------------------------------------- 18.727497577667236
ASR : 0.04158319037629037
-------------------------------------------------- 5.921656608581543
ASR : 0.04128642730736692
-------------------------------------------------- 6.10611629486084
ASR : 0.04067438911463701
-------------------------------------------------- 6.39652419090271
ASR : 0.044999980669185605
-------------------------------------------------- 6.032324552536011
ASR : 0.039772482488081747
-------------------------------------------------- 6.225364685058594
ASR : 0.03854511487601917
-------------------------------------------------- 6.044702529907227
ASR : 0.03576641988758857
-------------------------------------------------- 6.078106880187988
ASR : 0.05789978686328275
-------------------------------------------------- 6.348237752914429
ASR : 0.040451237006643666
-------------------------------------------------- 5.9200732707977295

-------------Round number: 770-------------

Evaluate personalized models
Averaged Train Loss: 0.0297
Averaged Test Accurancy: 0.5781
Std Test Accurancy: 0.1246
ASR : 0.04747932419381136
-------------------------------------------------- 18.857508182525635
ASR : 0.034337651307224
-------------------------------------------------- 6.097204923629761
ASR : 0.03477210051207369
-------------------------------------------------- 5.975877285003662
ASR : 0.03670202299024916
-------------------------------------------------- 6.227245807647705
ASR : 0.04751627539574178
-------------------------------------------------- 5.8315818309783936
ASR : 0.045816592123780205
-------------------------------------------------- 5.927046537399292
ASR : 0.048483623985132576
-------------------------------------------------- 5.913252830505371
ASR : 0.03880736147880472
-------------------------------------------------- 5.813336133956909
ASR : 0.03864663054692257
-------------------------------------------------- 6.027203559875488
ASR : 0.04991592466729516
-------------------------------------------------- 5.947003602981567

-------------Round number: 780-------------

Evaluate personalized models
Averaged Train Loss: 0.0687
Averaged Test Accurancy: 0.5785
Std Test Accurancy: 0.1298
ASR : 0.03337106891400968
-------------------------------------------------- 18.500816345214844
ASR : 0.04951726358061903
-------------------------------------------------- 6.156036853790283
ASR : 0.03630098677728522
-------------------------------------------------- 6.049453020095825
ASR : 0.03491303016170292
-------------------------------------------------- 5.956789016723633
ASR : 0.045642536480080535
-------------------------------------------------- 5.975139379501343
ASR : 0.052769641269889096
-------------------------------------------------- 5.96382737159729
ASR : 0.07603006913960915
-------------------------------------------------- 6.023876905441284
ASR : 0.040701863263292545
-------------------------------------------------- 5.9043896198272705
ASR : 0.05373049366903251
-------------------------------------------------- 6.1208436489105225
ASR : 0.041838326628140195
-------------------------------------------------- 6.037231922149658

-------------Round number: 790-------------

Evaluate personalized models
Averaged Train Loss: 0.0685
Averaged Test Accurancy: 0.5786
Std Test Accurancy: 0.1311
ASR : 0.034870748044099516
-------------------------------------------------- 18.649489641189575
ASR : 0.02743015312051607
-------------------------------------------------- 6.007938385009766
ASR : 0.05166449644701911
-------------------------------------------------- 6.015933275222778
ASR : 0.04269066958883088
-------------------------------------------------- 6.255188226699829
ASR : 0.04280528034804569
-------------------------------------------------- 6.263187646865845
ASR : 0.047484672047565124
-------------------------------------------------- 6.053414821624756
ASR : 0.04456467538318181
-------------------------------------------------- 6.193172454833984
ASR : 0.03778329326088248
-------------------------------------------------- 6.275166034698486
ASR : 0.041446607852412026
-------------------------------------------------- 6.298033714294434
ASR : 0.031008037509845796
-------------------------------------------------- 5.945409059524536

-------------Round number: 800-------------

Evaluate personalized models
Averaged Train Loss: 0.0661
Averaged Test Accurancy: 0.5796
Std Test Accurancy: 0.1260
ASR : 0.0476825490313478
-------------------------------------------------- 18.62465524673462

Best accuracy.
0.5828765985716658
7.29235847979784
File path: ./results/Cifar10_dir0.5_bdoor0.2_nclient_100_sig_adv10_FedProto_PFL03_FEDPROTO_SIG_0.h5

Average time cost: 5847.38s.
Length:  81
std for best accurancy: 0.0
mean for best accurancy: 0.5828765985716658
All done!
