==================================================
goal = PFL02_FEDPROTO_BLEND
device = cuda
join_ratio = 0.1
device_id = 3
dataset = Cifar10_dir0.5_bdoor0.2_nclient_100_blend_adv10
num_classes = 10
model = ResNet18
batch_size = 64
local_learning_rate = 0.1
learning_rate_decay = False
learning_rate_decay_gamma = 0.99
global_rounds = 800
top_cnt = 100
local_epochs = 1
algorithm = FedProto
num_clients = 100
eval_gap = 10
save_folder_name = items
auto_break = False
batch_num_per_client = 2
feature_dim = 512
vocab_size = 32000
max_len = 200
client_drop_rate = 0.0
time_select = False
time_threthold = 10000
send_slow_rate = 0.0
beta = 0.0
lamda = 1.0
mu = 0.0
K = 5
p_learning_rate = 0.01
M = 5
itk = 4000
alphaK = 1.0
sigma = 1.0
alpha = 1.0
plocal_epochs = 1
lr_head = 0.1
tau = 1.0
fine_tuning_epochs = 10
dr_learning_rate = 0.0
L = 1.0
noise_dim = 512
generator_learning_rate = 0.005
hidden_dim = 512
server_epochs = 1000
localize_feature_extractor = False
server_learning_rate = 1.0
eta = 1.0
rand_percent = 80
layer_idx = 2
mentee_learning_rate = 0.005
T_start = 0.95
T_end = 0.98
momentum = 0.1
kl_weight = 0.0
disti_epochs = 1
protect_id = 1
adv_eps = 0.0
adv_num_iter = 0
defense_epochs = 1
clean_data = 5000
sdmk_m = 7
sdmk_k = 5
delta = 0.5
sim_threshold = 0.7
rt_beta = 0.2
num_adv_clients = 10
lambda_cl = 0.2
aug_strength = 0.1
mask_tau = 6.0
mask_alpha = 0.3
enable_channel_mask = True
cosine_gate = False
cosine_gate_threshold = 0.3
cosine_gate_alpha = 0.5
trim_high_layers = 
trim_beta_high = None
trim_beta_low = None
purify_enable = False
purify_beta = 0.0
purify_feature_beta = 0.0
purify_logit_beta = 0.0
purify_temperature = 2.0
purify_start_round = 1
purify_layers = layer4
purify_teacher_momentum = 0.9
purify_teacher_cpu_half = True
attack = none
ba_target_label = 0
ba_poison_rate = 0.2
ba_trigger_gen_steps = 30
ba_trigger_gen_lr = 0.01
ba_pgd_eps = 0.0314
ba_trigger_scale = 8.0
pfedba_target_label = 0
pfedba_poison_rate = 0.5
pfedba_poison_count = -1
pfedba_poison_before_start = False
pfedba_attack_start = 30
pfedba_trigger_opt_steps = 15
pfedba_trigger_lr = 0.1
pfedba_init_value = 0.5
pfedba_patch_size = 8
pfedba_patch_position = center
pfedba_img_c = 3
pfedba_img_h = 32
pfedba_img_w = 32
pfedba_align_grad_weight = 1.0
pfedba_align_loss_weight = 1.0
pfedba_attack_loss_weight = 1.0
pfedba_opt_samples_per_class = 100
pfedba_opt_batch_size = 64
pfedba_opt_max_batches_per_client = 20
logit_analysis = False
logit_reject_thresholds = 0.5,0.6,0.7,0.8
logit_entropy_thresholds = 1.0,1.5,2.0
logit_margin_thresholds = 0.1,0.2,0.3
==================================================

============= Running time: 0th =============
Creating server and clients ...
ResNet(
  (conv1): Conv2d(3, 64, kernel_size=(3, 3), stride=(1, 1), padding=(1, 1), bias=False)
  (bn1): BatchNorm2d(64, eps=1e-05, momentum=0.1, affine=True, track_running_stats=True)
  (relu): ReLU(inplace=True)
  (layer1): Sequential(
    (0): BasicBlock(
      (conv1): Conv2d(64, 64, kernel_size=(3, 3), stride=(1, 1), padding=(1, 1), bias=False)
      (bn1): BatchNorm2d(64, eps=1e-05, momentum=0.1, affine=True, track_running_stats=True)
      (relu): ReLU(inplace=True)
      (conv2): Conv2d(64, 64, kernel_size=(3, 3), stride=(1, 1), padding=(1, 1), bias=False)
      (bn2): BatchNorm2d(64, eps=1e-05, momentum=0.1, affine=True, track_running_stats=True)
    )
    (1): BasicBlock(
      (conv1): Conv2d(64, 64, kernel_size=(3, 3), stride=(1, 1), padding=(1, 1), bias=False)
      (bn1): BatchNorm2d(64, eps=1e-05, momentum=0.1, affine=True, track_running_stats=True)
      (relu): ReLU(inplace=True)
      (conv2): Conv2d(64, 64, kernel_size=(3, 3), stride=(1, 1), padding=(1, 1), bias=False)
      (bn2): BatchNorm2d(64, eps=1e-05, momentum=0.1, affine=True, track_running_stats=True)
    )
  )
  (layer2): Sequential(
    (0): BasicBlock(
      (conv1): Conv2d(64, 128, kernel_size=(3, 3), stride=(2, 2), padding=(1, 1), bias=False)
      (bn1): BatchNorm2d(128, eps=1e-05, momentum=0.1, affine=True, track_running_stats=True)
      (relu): ReLU(inplace=True)
      (conv2): Conv2d(128, 128, kernel_size=(3, 3), stride=(1, 1), padding=(1, 1), bias=False)
      (bn2): BatchNorm2d(128, eps=1e-05, momentum=0.1, affine=True, track_running_stats=True)
      (downsample): Sequential(
        (0): Conv2d(64, 128, kernel_size=(1, 1), stride=(2, 2), bias=False)
        (1): BatchNorm2d(128, eps=1e-05, momentum=0.1, affine=True, track_running_stats=True)
      )
    )
    (1): BasicBlock(
      (conv1): Conv2d(128, 128, kernel_size=(3, 3), stride=(1, 1), padding=(1, 1), bias=False)
      (bn1): BatchNorm2d(128, eps=1e-05, momentum=0.1, affine=True, track_running_stats=True)
      (relu): ReLU(inplace=True)
      (conv2): Conv2d(128, 128, kernel_size=(3, 3), stride=(1, 1), padding=(1, 1), bias=False)
      (bn2): BatchNorm2d(128, eps=1e-05, momentum=0.1, affine=True, track_running_stats=True)
    )
  )
  (layer3): Sequential(
    (0): BasicBlock(
      (conv1): Conv2d(128, 256, kernel_size=(3, 3), stride=(2, 2), padding=(1, 1), bias=False)
      (bn1): BatchNorm2d(256, eps=1e-05, momentum=0.1, affine=True, track_running_stats=True)
      (relu): ReLU(inplace=True)
      (conv2): Conv2d(256, 256, kernel_size=(3, 3), stride=(1, 1), padding=(1, 1), bias=False)
      (bn2): BatchNorm2d(256, eps=1e-05, momentum=0.1, affine=True, track_running_stats=True)
      (downsample): Sequential(
        (0): Conv2d(128, 256, kernel_size=(1, 1), stride=(2, 2), bias=False)
        (1): BatchNorm2d(256, eps=1e-05, momentum=0.1, affine=True, track_running_stats=True)
      )
    )
    (1): BasicBlock(
      (conv1): Conv2d(256, 256, kernel_size=(3, 3), stride=(1, 1), padding=(1, 1), bias=False)
      (bn1): BatchNorm2d(256, eps=1e-05, momentum=0.1, affine=True, track_running_stats=True)
      (relu): ReLU(inplace=True)
      (conv2): Conv2d(256, 256, kernel_size=(3, 3), stride=(1, 1), padding=(1, 1), bias=False)
      (bn2): BatchNorm2d(256, eps=1e-05, momentum=0.1, affine=True, track_running_stats=True)
    )
  )
  (layer4): Sequential(
    (0): BasicBlock(
      (conv1): Conv2d(256, 512, kernel_size=(3, 3), stride=(2, 2), padding=(1, 1), bias=False)
      (bn1): BatchNorm2d(512, eps=1e-05, momentum=0.1, affine=True, track_running_stats=True)
      (relu): ReLU(inplace=True)
      (conv2): Conv2d(512, 512, kernel_size=(3, 3), stride=(1, 1), padding=(1, 1), bias=False)
      (bn2): BatchNorm2d(512, eps=1e-05, momentum=0.1, affine=True, track_running_stats=True)
      (downsample): Sequential(
        (0): Conv2d(256, 512, kernel_size=(1, 1), stride=(2, 2), bias=False)
        (1): BatchNorm2d(512, eps=1e-05, momentum=0.1, affine=True, track_running_stats=True)
      )
    )
    (1): BasicBlock(
      (conv1): Conv2d(512, 512, kernel_size=(3, 3), stride=(1, 1), padding=(1, 1), bias=False)
      (bn1): BatchNorm2d(512, eps=1e-05, momentum=0.1, affine=True, track_running_stats=True)
      (relu): ReLU(inplace=True)
      (conv2): Conv2d(512, 512, kernel_size=(3, 3), stride=(1, 1), padding=(1, 1), bias=False)
      (bn2): BatchNorm2d(512, eps=1e-05, momentum=0.1, affine=True, track_running_stats=True)
    )
  )
  (avgpool): AdaptiveAvgPool2d(output_size=(1, 1))
  (fc): Linear(in_features=512, out_features=10, bias=True)
)

Join ratio / total clients: 0.1 / 100
Finished creating server and clients.

-------------Round number: 0-------------

Evaluate personalized models
Averaged Train Loss: 2.4226
Averaged Test Accurancy: 0.0000
Std Test Accurancy: 0.0000
ASR : 0.0
-------------------------------------------------- 8.821880578994751
ASR : 0.3467482231052717
-------------------------------------------------- 6.516691207885742
ASR : 0.023314679339444207
-------------------------------------------------- 6.285702466964722
ASR : 0.020513540757037912
-------------------------------------------------- 6.287571668624878
ASR : 0.27726449311858575
-------------------------------------------------- 6.2348737716674805
ASR : 0.00833408808604227
-------------------------------------------------- 6.085050582885742
ASR : 0.28319204272911175
-------------------------------------------------- 6.161736965179443
ASR : 0.002711060381040734
-------------------------------------------------- 6.210952043533325
ASR : 0.01933986544838064
-------------------------------------------------- 6.359407186508179
ASR : 0.004098021364767708
-------------------------------------------------- 6.095984935760498

-------------Round number: 10-------------

Evaluate personalized models
Averaged Train Loss: 71.2659
Averaged Test Accurancy: 0.1175
Std Test Accurancy: 0.1133
ASR : 0.15253076940620525
-------------------------------------------------- 18.872867345809937
ASR : 0.26108514889270823
-------------------------------------------------- 6.004990339279175
ASR : 0.2822272099806365
-------------------------------------------------- 6.247572660446167
ASR : 0.094780158026294
-------------------------------------------------- 5.850829362869263
ASR : 0.07311566503090698
-------------------------------------------------- 6.222640514373779
ASR : 0.1891616411149961
-------------------------------------------------- 6.01588249206543
ASR : 0.2605355729365855
-------------------------------------------------- 5.922407627105713
ASR : 0.01617026922270843
-------------------------------------------------- 6.080400466918945
ASR : 0.22653810275974198
-------------------------------------------------- 6.25887656211853
ASR : 0.0069505881945999964
-------------------------------------------------- 6.219012975692749

-------------Round number: 20-------------

Evaluate personalized models
Averaged Train Loss: 83.4958
Averaged Test Accurancy: 0.1987
Std Test Accurancy: 0.1459
ASR : 0.2301303013972155
-------------------------------------------------- 18.430012941360474
ASR : 0.1748822776394948
-------------------------------------------------- 6.251893520355225
ASR : 0.19088168176454587
-------------------------------------------------- 6.017905235290527
ASR : 0.20180779110117697
-------------------------------------------------- 6.325689315795898
ASR : 0.050044230909925484
-------------------------------------------------- 6.350510835647583
ASR : 0.022217461212272454
-------------------------------------------------- 6.114176988601685
ASR : 0.15168390210238983
-------------------------------------------------- 5.927615165710449
ASR : 0.020814178025506388
-------------------------------------------------- 6.0030517578125
ASR : 0.016271748753307648
-------------------------------------------------- 6.1702752113342285
ASR : 0.013890160391220159
-------------------------------------------------- 6.15851616859436

-------------Round number: 30-------------

Evaluate personalized models
Averaged Train Loss: 6.3897
Averaged Test Accurancy: 0.1736
Std Test Accurancy: 0.1334
ASR : 0.07809686673580953
-------------------------------------------------- 18.901801109313965
ASR : 0.11788314854967322
-------------------------------------------------- 6.036263704299927
ASR : 0.018206415121744073
-------------------------------------------------- 6.264261722564697
ASR : 0.01998344573309525
-------------------------------------------------- 6.127789497375488
ASR : 0.03681061972366507
-------------------------------------------------- 6.126082181930542
ASR : 0.11465852686493928
-------------------------------------------------- 6.1482627391815186
ASR : 0.0632233624297057
-------------------------------------------------- 5.944549798965454
ASR : 0.10580186164655997
-------------------------------------------------- 6.097107887268066
ASR : 0.009135474190469027
-------------------------------------------------- 6.2798590660095215
ASR : 0.0473905817971451
-------------------------------------------------- 6.169587850570679

-------------Round number: 40-------------

Evaluate personalized models
Averaged Train Loss: 14.0271
Averaged Test Accurancy: 0.2353
Std Test Accurancy: 0.1700
ASR : 0.04383669478135388
-------------------------------------------------- 18.715593814849854
ASR : 0.04216054040756419
-------------------------------------------------- 6.104790449142456
ASR : 0.030868880751399565
-------------------------------------------------- 6.158892631530762
ASR : 0.03384137993775434
-------------------------------------------------- 6.065469980239868
ASR : 0.06138046665441086
-------------------------------------------------- 6.184802293777466
ASR : 0.0737314531628159
-------------------------------------------------- 6.320727586746216
ASR : 0.029163860521164507
-------------------------------------------------- 6.204803228378296
ASR : 0.027147654048705276
-------------------------------------------------- 5.891975164413452
ASR : 0.03389716569016027
-------------------------------------------------- 6.409553527832031
ASR : 0.06866867244289145
-------------------------------------------------- 6.267956495285034

-------------Round number: 50-------------

Evaluate personalized models
Averaged Train Loss: 5.6651
Averaged Test Accurancy: 0.2936
Std Test Accurancy: 0.1464
ASR : 0.06730224071665433
-------------------------------------------------- 18.84699535369873
ASR : 0.03579554667981583
-------------------------------------------------- 6.407090663909912
ASR : 0.023459649729552466
-------------------------------------------------- 6.350826740264893
ASR : 0.020967557494387855
-------------------------------------------------- 6.333968877792358
ASR : 0.02959805886473595
-------------------------------------------------- 6.2454564571380615
ASR : 0.06934843697038566
-------------------------------------------------- 5.954575300216675
ASR : 0.05876014588457053
-------------------------------------------------- 6.32305908203125
ASR : 0.06119021401591617
-------------------------------------------------- 6.112003803253174
ASR : 0.04766981678459224
-------------------------------------------------- 6.306084394454956
ASR : 0.029039525338838787
-------------------------------------------------- 6.286390542984009

-------------Round number: 60-------------

Evaluate personalized models
Averaged Train Loss: 1.4393
Averaged Test Accurancy: 0.2970
Std Test Accurancy: 0.1528
ASR : 0.02699044843582333
-------------------------------------------------- 18.82976531982422
ASR : 0.05489652251829315
-------------------------------------------------- 6.109797716140747
ASR : 0.023865397299964192
-------------------------------------------------- 6.106795072555542
ASR : 0.03677245704180514
-------------------------------------------------- 5.8384928703308105
ASR : 0.0393516237024177
-------------------------------------------------- 6.3836140632629395
ASR : 0.02091476242443117
-------------------------------------------------- 5.87000846862793
ASR : 0.03431101096362642
-------------------------------------------------- 6.4311864376068115
ASR : 0.04174250071569225
-------------------------------------------------- 6.22075629234314
ASR : 0.09781689193713108
-------------------------------------------------- 6.185209035873413
ASR : 0.06721912955470398
-------------------------------------------------- 6.209678888320923

-------------Round number: 70-------------

Evaluate personalized models
Averaged Train Loss: 1.5756
Averaged Test Accurancy: 0.3675
Std Test Accurancy: 0.1455
ASR : 0.04954259158070217
-------------------------------------------------- 18.599608898162842
ASR : 0.05317309008957068
-------------------------------------------------- 6.620598316192627
ASR : 0.03636062631250581
-------------------------------------------------- 6.15692138671875
ASR : 0.03763658061135841
-------------------------------------------------- 6.20771861076355
ASR : 0.034616545619351013
-------------------------------------------------- 6.241329669952393
ASR : 0.06394813471169652
-------------------------------------------------- 6.334080457687378
ASR : 0.04110930192224404
-------------------------------------------------- 6.048271417617798
ASR : 0.053977232846091155
-------------------------------------------------- 6.198638916015625
ASR : 0.02354562605282281
-------------------------------------------------- 6.187353610992432
ASR : 0.027787110913673956
-------------------------------------------------- 6.151142835617065

-------------Round number: 80-------------

Evaluate personalized models
Averaged Train Loss: 1.4385
Averaged Test Accurancy: 0.3752
Std Test Accurancy: 0.1548
ASR : 0.033342563581187486
-------------------------------------------------- 18.999143362045288
ASR : 0.09603228837944607
-------------------------------------------------- 6.009453058242798
ASR : 0.028882546728523757
-------------------------------------------------- 6.09140944480896
ASR : 0.05469914552790186
-------------------------------------------------- 6.159396648406982
ASR : 0.051979872174525404
-------------------------------------------------- 6.279149532318115
ASR : 0.04415080219931534
-------------------------------------------------- 6.0915443897247314
ASR : 0.08335142713008949
-------------------------------------------------- 6.279520750045776
ASR : 0.03739566416717367
-------------------------------------------------- 6.146607875823975
ASR : 0.04101058620609142
-------------------------------------------------- 6.253992319107056
ASR : 0.045472915027654624
-------------------------------------------------- 6.371684551239014

-------------Round number: 90-------------

Evaluate personalized models
Averaged Train Loss: 1.0182
Averaged Test Accurancy: 0.3994
Std Test Accurancy: 0.1553
ASR : 0.09234911851696394
-------------------------------------------------- 18.782020807266235
ASR : 0.11554130946904438
-------------------------------------------------- 6.195903301239014
ASR : 0.03831031432123412
-------------------------------------------------- 6.138423919677734
ASR : 0.06134026808202163
-------------------------------------------------- 6.044416427612305
ASR : 0.04757230149468153
-------------------------------------------------- 6.051962375640869
ASR : 0.05764417127793588
-------------------------------------------------- 6.105182409286499
ASR : 0.037650386955923945
-------------------------------------------------- 6.049115896224976
ASR : 0.040235126485454374
-------------------------------------------------- 6.2954630851745605
ASR : 0.0476876113137876
-------------------------------------------------- 6.035188436508179
ASR : 0.034347455465326665
-------------------------------------------------- 6.053756952285767

-------------Round number: 100-------------

Evaluate personalized models
Averaged Train Loss: 1.0437
Averaged Test Accurancy: 0.4212
Std Test Accurancy: 0.1373
ASR : 0.048625303748541064
-------------------------------------------------- 18.74447774887085
ASR : 0.04850319428912364
-------------------------------------------------- 6.036020278930664
ASR : 0.04756569099911015
-------------------------------------------------- 5.923702716827393
ASR : 0.05917324948342241
-------------------------------------------------- 6.056739091873169
ASR : 0.06707050907492625
-------------------------------------------------- 6.551239728927612
ASR : 0.03167366204302215
-------------------------------------------------- 6.270508050918579
ASR : 0.03526795569662862
-------------------------------------------------- 6.305957794189453
ASR : 0.03022374703124742
-------------------------------------------------- 6.1123247146606445
ASR : 0.049482885920304594
-------------------------------------------------- 6.192483901977539
ASR : 0.03347119425387279
-------------------------------------------------- 6.180020093917847

-------------Round number: 110-------------

Evaluate personalized models
Averaged Train Loss: 0.8358
Averaged Test Accurancy: 0.4361
Std Test Accurancy: 0.1451
ASR : 0.04580538683756797
-------------------------------------------------- 18.49443483352661
ASR : 0.03436637160724334
-------------------------------------------------- 6.041409015655518
ASR : 0.03189371221354009
-------------------------------------------------- 6.215068101882935
ASR : 0.1181373279297002
-------------------------------------------------- 6.2461466789245605
ASR : 0.060995196027701565
-------------------------------------------------- 6.031127452850342
ASR : 0.055982161509712636
-------------------------------------------------- 6.250895261764526
ASR : 0.06890154692129595
-------------------------------------------------- 6.037917375564575
ASR : 0.041907298939551633
-------------------------------------------------- 6.276736497879028
ASR : 0.04518663592488197
-------------------------------------------------- 6.037575960159302
ASR : 0.08680166522024223
-------------------------------------------------- 6.160497188568115

-------------Round number: 120-------------

Evaluate personalized models
Averaged Train Loss: 0.7190
Averaged Test Accurancy: 0.4369
Std Test Accurancy: 0.1525
ASR : 0.05343339209990613
-------------------------------------------------- 19.103019952774048
ASR : 0.0353912634807618
-------------------------------------------------- 6.2028374671936035
ASR : 0.0938155706456594
-------------------------------------------------- 6.181555509567261
ASR : 0.059132246497516326
-------------------------------------------------- 5.880784273147583
ASR : 0.07013992754926146
-------------------------------------------------- 6.379185676574707
ASR : 0.03299103347381392
-------------------------------------------------- 6.207028388977051
ASR : 0.05874185012053917
-------------------------------------------------- 6.180775165557861
ASR : 0.08269838890785505
-------------------------------------------------- 6.340578556060791
ASR : 0.08978670916130363
-------------------------------------------------- 6.442065238952637
ASR : 0.08814521788605964
-------------------------------------------------- 6.236849784851074

-------------Round number: 130-------------

Evaluate personalized models
Averaged Train Loss: 0.6142
Averaged Test Accurancy: 0.4524
Std Test Accurancy: 0.1360
ASR : 0.04940067666061793
-------------------------------------------------- 18.980562210083008
ASR : 0.06539204308343984
-------------------------------------------------- 6.199601650238037
ASR : 0.04912261133808497
-------------------------------------------------- 5.979952812194824
ASR : 0.05945943014354682
-------------------------------------------------- 6.080457448959351
ASR : 0.0978928666894263
-------------------------------------------------- 6.1555376052856445
ASR : 0.07717100245237112
-------------------------------------------------- 6.100491285324097
ASR : 0.11250174675682306
-------------------------------------------------- 6.271109580993652
ASR : 0.08175125446222699
-------------------------------------------------- 6.12641167640686
ASR : 0.050608845779009905
-------------------------------------------------- 6.2744669914245605
ASR : 0.08104640900149321
-------------------------------------------------- 5.807305097579956

-------------Round number: 140-------------

Evaluate personalized models
Averaged Train Loss: 0.5185
Averaged Test Accurancy: 0.4713
Std Test Accurancy: 0.1196
ASR : 0.06985771680222681
-------------------------------------------------- 18.86332082748413
ASR : 0.08300386827160665
-------------------------------------------------- 6.269484519958496
ASR : 0.05666498460130068
-------------------------------------------------- 5.889387845993042
ASR : 0.052449392026587424
-------------------------------------------------- 6.199505090713501
ASR : 0.13082941854325694
-------------------------------------------------- 6.101228475570679
ASR : 0.04765784514927718
-------------------------------------------------- 6.397716045379639
ASR : 0.0734735869236338
-------------------------------------------------- 6.150645732879639
ASR : 0.05596600792542279
-------------------------------------------------- 6.519995212554932
ASR : 0.048179537673052525
-------------------------------------------------- 5.9858269691467285
ASR : 0.08368121636417518
-------------------------------------------------- 6.038995742797852

-------------Round number: 150-------------

Evaluate personalized models
Averaged Train Loss: 0.4247
Averaged Test Accurancy: 0.4549
Std Test Accurancy: 0.1267
ASR : 0.09266489719026827
-------------------------------------------------- 19.05614471435547
ASR : 0.07583503040884687
-------------------------------------------------- 6.23745322227478
ASR : 0.033514128602675664
-------------------------------------------------- 6.268187522888184
ASR : 0.10319548072292319
-------------------------------------------------- 5.8139894008636475
ASR : 0.0652107411828304
-------------------------------------------------- 5.95811653137207
ASR : 0.07345225650278966
-------------------------------------------------- 6.163747310638428
ASR : 0.06474632850239817
-------------------------------------------------- 6.08133339881897
ASR : 0.05096747451032475
-------------------------------------------------- 6.050853729248047
ASR : 0.09529502349740822
-------------------------------------------------- 6.414336919784546
ASR : 0.10677632022051865
-------------------------------------------------- 6.1495795249938965

-------------Round number: 160-------------

Evaluate personalized models
Averaged Train Loss: 0.3806
Averaged Test Accurancy: 0.4575
Std Test Accurancy: 0.1254
ASR : 0.03983190795737252
-------------------------------------------------- 18.882054328918457
ASR : 0.1375487130376147
-------------------------------------------------- 6.300708293914795
ASR : 0.06367613246448788
-------------------------------------------------- 6.402839660644531
ASR : 0.044613423964160986
-------------------------------------------------- 5.872721195220947
ASR : 0.05132189808212174
-------------------------------------------------- 6.307062149047852
ASR : 0.08129673568801
-------------------------------------------------- 6.204510927200317
ASR : 0.03789229270210296
-------------------------------------------------- 6.088094711303711
ASR : 0.05424680009242545
-------------------------------------------------- 5.931658744812012
ASR : 0.11277141138021324
-------------------------------------------------- 6.026491641998291
ASR : 0.04534903689054171
-------------------------------------------------- 6.123486518859863

-------------Round number: 170-------------

Evaluate personalized models
Averaged Train Loss: 0.3645
Averaged Test Accurancy: 0.4755
Std Test Accurancy: 0.1289
ASR : 0.0611196849316073
-------------------------------------------------- 18.83232355117798
ASR : 0.06206174430422545
-------------------------------------------------- 6.021638870239258
ASR : 0.07697376211527213
-------------------------------------------------- 6.128301382064819
ASR : 0.07036753551216719
-------------------------------------------------- 6.0568859577178955
ASR : 0.04189694221568318
-------------------------------------------------- 6.116759538650513
ASR : 0.10464364380200539
-------------------------------------------------- 6.193106651306152
ASR : 0.05653596876350351
-------------------------------------------------- 6.075111150741577
ASR : 0.039900531506046756
-------------------------------------------------- 5.98626971244812
ASR : 0.05841768932667812
-------------------------------------------------- 6.098079204559326
ASR : 0.033910591373720586
-------------------------------------------------- 6.398770332336426

-------------Round number: 180-------------

Evaluate personalized models
Averaged Train Loss: 0.2903
Averaged Test Accurancy: 0.4419
Std Test Accurancy: 0.1373
ASR : 0.03793705367266741
-------------------------------------------------- 19.101368188858032
ASR : 0.04814968883302612
-------------------------------------------------- 6.08197808265686
ASR : 0.12723101367223696
-------------------------------------------------- 6.662938833236694
ASR : 0.04383523028900376
-------------------------------------------------- 6.423293113708496
ASR : 0.04784318180917038
-------------------------------------------------- 6.27018404006958
ASR : 0.04299335756087555
-------------------------------------------------- 6.424804925918579
ASR : 0.041502226346778366
-------------------------------------------------- 6.002572774887085
ASR : 0.030236184772099804
-------------------------------------------------- 6.199213266372681
ASR : 0.04910176223080339
-------------------------------------------------- 6.217596769332886
ASR : 0.04638728943033334
-------------------------------------------------- 6.101923227310181

-------------Round number: 190-------------

Evaluate personalized models
Averaged Train Loss: 0.2243
Averaged Test Accurancy: 0.4926
Std Test Accurancy: 0.1167
ASR : 0.0715760922287001
-------------------------------------------------- 18.812589645385742
ASR : 0.03692607036793574
-------------------------------------------------- 6.051475524902344
ASR : 0.10329847192264373
-------------------------------------------------- 6.03008508682251
ASR : 0.06649891559692162
-------------------------------------------------- 6.171593904495239
ASR : 0.0742911373595879
-------------------------------------------------- 6.177510738372803
ASR : 0.09302513703637759
-------------------------------------------------- 6.039119720458984
ASR : 0.03819804735813859
-------------------------------------------------- 5.918957710266113
ASR : 0.022565698589959136
-------------------------------------------------- 6.171241521835327
ASR : 0.07459477860714908
-------------------------------------------------- 6.160090446472168
ASR : 0.06251572970573949
-------------------------------------------------- 6.106118440628052

-------------Round number: 200-------------

Evaluate personalized models
Averaged Train Loss: 0.2134
Averaged Test Accurancy: 0.4966
Std Test Accurancy: 0.1188
ASR : 0.058448476040128865
-------------------------------------------------- 18.85814595222473
ASR : 0.08615947828797323
-------------------------------------------------- 6.057785272598267
ASR : 0.08832938388714959
-------------------------------------------------- 6.111111164093018
ASR : 0.11277447282660338
-------------------------------------------------- 6.086467504501343
ASR : 0.09254095498786759
-------------------------------------------------- 6.148369073867798
ASR : 0.08899512418081801
-------------------------------------------------- 6.182393550872803
ASR : 0.07240781570905636
-------------------------------------------------- 6.231184005737305
ASR : 0.10855160063846128
-------------------------------------------------- 6.153713941574097
ASR : 0.0753811087733566
-------------------------------------------------- 6.3309266567230225
ASR : 0.06132353665126416
-------------------------------------------------- 6.108659505844116

-------------Round number: 210-------------

Evaluate personalized models
Averaged Train Loss: 0.1682
Averaged Test Accurancy: 0.4917
Std Test Accurancy: 0.1250
ASR : 0.036290708381000125
-------------------------------------------------- 19.23033905029297
ASR : 0.05677327309098756
-------------------------------------------------- 6.129243850708008
ASR : 0.054070301844522384
-------------------------------------------------- 6.12268328666687
ASR : 0.0953856070097508
-------------------------------------------------- 6.29710054397583
ASR : 0.0762494072777154
-------------------------------------------------- 6.107079267501831
ASR : 0.061766049539999576
-------------------------------------------------- 5.86978554725647
ASR : 0.049026939813510764
-------------------------------------------------- 5.838149309158325
ASR : 0.09206097824105258
-------------------------------------------------- 6.082423448562622
ASR : 0.054662523096556816
-------------------------------------------------- 5.91480565071106
ASR : 0.05846484455052375
-------------------------------------------------- 6.123882055282593

-------------Round number: 220-------------

Evaluate personalized models
Averaged Train Loss: 0.1313
Averaged Test Accurancy: 0.5090
Std Test Accurancy: 0.1173
ASR : 0.058494815731631136
-------------------------------------------------- 18.655153036117554
ASR : 0.04741293706297071
-------------------------------------------------- 6.201239824295044
ASR : 0.08570759047778853
-------------------------------------------------- 6.177844762802124
ASR : 0.06472160766160384
-------------------------------------------------- 6.211147308349609
ASR : 0.08074331842401854
-------------------------------------------------- 6.335485219955444
ASR : 0.10105882618924263
-------------------------------------------------- 6.123184680938721
ASR : 0.07539374298351367
-------------------------------------------------- 6.028578996658325
ASR : 0.0906694471386506
-------------------------------------------------- 6.443657159805298
ASR : 0.04567386352038261
-------------------------------------------------- 6.130921363830566
ASR : 0.11655426478938335
-------------------------------------------------- 5.9758195877075195

-------------Round number: 230-------------

Evaluate personalized models
Averaged Train Loss: 0.1140
Averaged Test Accurancy: 0.4962
Std Test Accurancy: 0.1210
ASR : 0.07749720412264331
-------------------------------------------------- 18.325788497924805
ASR : 0.07116228233492301
-------------------------------------------------- 6.040060520172119
ASR : 0.05738258340046228
-------------------------------------------------- 6.179743051528931
ASR : 0.08760235739897039
-------------------------------------------------- 5.960374116897583
ASR : 0.11897111982445673
-------------------------------------------------- 6.146137714385986
ASR : 0.07900883362635008
-------------------------------------------------- 6.026162385940552
ASR : 0.07386820383102174
-------------------------------------------------- 5.995280027389526
ASR : 0.10307115130893342
-------------------------------------------------- 6.253765106201172
ASR : 0.05098622610730368
-------------------------------------------------- 6.47466516494751
ASR : 0.11291854305027604
-------------------------------------------------- 6.1252992153167725

-------------Round number: 240-------------

Evaluate personalized models
Averaged Train Loss: 0.1083
Averaged Test Accurancy: 0.5084
Std Test Accurancy: 0.1214
ASR : 0.0826148294645878
-------------------------------------------------- 18.58487892150879
ASR : 0.05783925016724556
-------------------------------------------------- 5.927253723144531
ASR : 0.048053733272138556
-------------------------------------------------- 6.398284912109375
ASR : 0.05338428145596386
-------------------------------------------------- 6.063721656799316
ASR : 0.0935641723733033
-------------------------------------------------- 6.197086334228516
ASR : 0.045192417230580546
-------------------------------------------------- 6.279871225357056
ASR : 0.08086492535838821
-------------------------------------------------- 6.339013338088989
ASR : 0.07860986202535677
-------------------------------------------------- 6.2080278396606445
ASR : 0.07481431568504261
-------------------------------------------------- 6.108237981796265
ASR : 0.044890543573486784
-------------------------------------------------- 6.1755311489105225

-------------Round number: 250-------------

Evaluate personalized models
Averaged Train Loss: 0.0957
Averaged Test Accurancy: 0.5144
Std Test Accurancy: 0.1213
ASR : 0.03562718657630444
-------------------------------------------------- 18.695720434188843
ASR : 0.07953781083656798
-------------------------------------------------- 6.398329734802246
ASR : 0.062478196021775484
-------------------------------------------------- 6.196341276168823
ASR : 0.06991633024694241
-------------------------------------------------- 6.15373158454895
ASR : 0.07192608472585821
-------------------------------------------------- 6.219892740249634
ASR : 0.09753340453596161
-------------------------------------------------- 6.220599174499512
ASR : 0.09322589097524507
-------------------------------------------------- 6.157802104949951
ASR : 0.08474443798020083
-------------------------------------------------- 6.098268747329712
ASR : 0.08185420614365559
-------------------------------------------------- 6.1209094524383545
ASR : 0.10955133648388721
-------------------------------------------------- 6.074148893356323

-------------Round number: 260-------------

Evaluate personalized models
Averaged Train Loss: 0.0851
Averaged Test Accurancy: 0.5078
Std Test Accurancy: 0.1152
ASR : 0.09489570158452568
-------------------------------------------------- 18.805660009384155
ASR : 0.06621052475866783
-------------------------------------------------- 6.543697118759155
ASR : 0.04879673489500742
-------------------------------------------------- 6.136545896530151
ASR : 0.11102357861205044
-------------------------------------------------- 6.349938154220581
ASR : 0.07127068012153787
-------------------------------------------------- 6.175634145736694
ASR : 0.07804707456119234
-------------------------------------------------- 6.1018359661102295
ASR : 0.05469009350020247
-------------------------------------------------- 5.9685587882995605
ASR : 0.06311155334634307
-------------------------------------------------- 6.203845262527466
ASR : 0.05146056660557681
-------------------------------------------------- 6.221956491470337
ASR : 0.07347355244667052
-------------------------------------------------- 6.073373079299927

-------------Round number: 270-------------

Evaluate personalized models
Averaged Train Loss: 0.0801
Averaged Test Accurancy: 0.4893
Std Test Accurancy: 0.1227
ASR : 0.037662333732225814
-------------------------------------------------- 18.632097959518433
ASR : 0.06789657749850661
-------------------------------------------------- 6.35222315788269
ASR : 0.04325196231702485
-------------------------------------------------- 5.7778050899505615
ASR : 0.06247654877328881
-------------------------------------------------- 6.185894250869751
ASR : 0.04989204557687517
-------------------------------------------------- 6.225210189819336
ASR : 0.0687544978528307
-------------------------------------------------- 6.200772762298584
ASR : 0.10684130707935893
-------------------------------------------------- 6.0383994579315186
ASR : 0.09328929856418673
-------------------------------------------------- 5.897436857223511
ASR : 0.05705043541259387
-------------------------------------------------- 6.249763488769531
ASR : 0.035403928772274475
-------------------------------------------------- 6.017513275146484

-------------Round number: 280-------------

Evaluate personalized models
Averaged Train Loss: 0.0813
Averaged Test Accurancy: 0.5115
Std Test Accurancy: 0.1208
ASR : 0.052453003385420346
-------------------------------------------------- 18.243733882904053
ASR : 0.07097085857199144
-------------------------------------------------- 6.1477439403533936
ASR : 0.0601205633612513
-------------------------------------------------- 6.239887237548828
ASR : 0.1376667715726534
-------------------------------------------------- 6.358577013015747
ASR : 0.0700850967574068
-------------------------------------------------- 6.148892879486084
ASR : 0.08293011711429801
-------------------------------------------------- 6.083142995834351
ASR : 0.05858133711817843
-------------------------------------------------- 6.172448635101318
ASR : 0.088841006368619
-------------------------------------------------- 5.964622497558594
ASR : 0.05112035057282061
-------------------------------------------------- 6.3479814529418945
ASR : 0.05036981092840825
-------------------------------------------------- 6.1013078689575195

-------------Round number: 290-------------

Evaluate personalized models
Averaged Train Loss: 0.0861
Averaged Test Accurancy: 0.5242
Std Test Accurancy: 0.1172
ASR : 0.06594634440106896
-------------------------------------------------- 18.564363479614258
ASR : 0.09006493833658731
-------------------------------------------------- 6.254838943481445
ASR : 0.09485520277256257
-------------------------------------------------- 5.955345630645752
ASR : 0.04189452814746887
-------------------------------------------------- 6.019590616226196
ASR : 0.0866759974555834
-------------------------------------------------- 6.002394914627075
ASR : 0.07556730080188263
-------------------------------------------------- 6.054450273513794
ASR : 0.04051931363331139
-------------------------------------------------- 6.057343006134033
ASR : 0.07300601171999187
-------------------------------------------------- 6.09669303894043
ASR : 0.0768995531672552
-------------------------------------------------- 5.825995683670044
ASR : 0.057370019016591535
-------------------------------------------------- 5.833080530166626

-------------Round number: 300-------------

Evaluate personalized models
Averaged Train Loss: 0.0761
Averaged Test Accurancy: 0.5121
Std Test Accurancy: 0.1134
ASR : 0.10871773319887296
-------------------------------------------------- 18.561203718185425
ASR : 0.06503025348128293
-------------------------------------------------- 6.106248378753662
ASR : 0.11610294628458387
-------------------------------------------------- 6.070944547653198
ASR : 0.09410352299409223
-------------------------------------------------- 6.015892267227173
ASR : 0.055960507073970336
-------------------------------------------------- 6.093646049499512
ASR : 0.0646333144492132
-------------------------------------------------- 5.847978591918945
ASR : 0.09243483872282196
-------------------------------------------------- 6.139351844787598
ASR : 0.05165851180583824
-------------------------------------------------- 6.040035724639893
ASR : 0.031313412690731283
-------------------------------------------------- 6.265087127685547
ASR : 0.06852694340793367
-------------------------------------------------- 6.274607181549072

-------------Round number: 310-------------

Evaluate personalized models
Averaged Train Loss: 0.0595
Averaged Test Accurancy: 0.5460
Std Test Accurancy: 0.1172
ASR : 0.0666666612025044
-------------------------------------------------- 18.554342031478882
ASR : 0.07002626939363886
-------------------------------------------------- 6.220686674118042
ASR : 0.052130302911184735
-------------------------------------------------- 5.98299503326416
ASR : 0.06908296261294446
-------------------------------------------------- 6.078615427017212
ASR : 0.06693622607237576
-------------------------------------------------- 6.267988681793213
ASR : 0.050702408409859984
-------------------------------------------------- 6.134699583053589
ASR : 0.06242359927709292
-------------------------------------------------- 6.174772500991821
ASR : 0.07484790803968933
-------------------------------------------------- 6.022148370742798
ASR : 0.05685147791523228
-------------------------------------------------- 6.266370534896851
ASR : 0.039115531160851896
-------------------------------------------------- 6.380464553833008

-------------Round number: 320-------------

Evaluate personalized models
Averaged Train Loss: 0.0556
Averaged Test Accurancy: 0.5280
Std Test Accurancy: 0.1160
ASR : 0.05266062218101742
-------------------------------------------------- 18.684253692626953
ASR : 0.08572632966056053
-------------------------------------------------- 6.275108098983765
ASR : 0.04636365978090493
-------------------------------------------------- 6.219807147979736
ASR : 0.03743144019652516
-------------------------------------------------- 6.448606252670288
ASR : 0.053383031904825205
-------------------------------------------------- 5.932731628417969
ASR : 0.05657752109933712
-------------------------------------------------- 6.220553398132324
ASR : 0.06412818728820514
-------------------------------------------------- 6.332014560699463
ASR : 0.06391294987609122
-------------------------------------------------- 6.263328790664673
ASR : 0.049211246749179774
-------------------------------------------------- 6.163642406463623
ASR : 0.05354796848383864
-------------------------------------------------- 6.18339991569519

-------------Round number: 330-------------

Evaluate personalized models
Averaged Train Loss: 0.0523
Averaged Test Accurancy: 0.5281
Std Test Accurancy: 0.1167
ASR : 0.06824244084697371
-------------------------------------------------- 18.651715517044067
ASR : 0.06665962025908806
-------------------------------------------------- 6.153597116470337
ASR : 0.06977400914416337
-------------------------------------------------- 6.227843284606934
ASR : 0.06077077264041203
-------------------------------------------------- 6.121987581253052
ASR : 0.07995928416617057
-------------------------------------------------- 6.2325825691223145
ASR : 0.040984587957767514
-------------------------------------------------- 6.234192848205566
ASR : 0.058786266503521145
-------------------------------------------------- 6.3032450675964355
ASR : 0.06053246951465153
-------------------------------------------------- 6.116376876831055
ASR : 0.07355331227449226
-------------------------------------------------- 5.963321924209595
ASR : 0.05353020871983176
-------------------------------------------------- 6.199071168899536

-------------Round number: 340-------------

Evaluate personalized models
Averaged Train Loss: 0.0494
Averaged Test Accurancy: 0.5339
Std Test Accurancy: 0.1154
ASR : 0.10879849989371644
-------------------------------------------------- 18.77776837348938
ASR : 0.06399600780114283
-------------------------------------------------- 6.177270412445068
ASR : 0.059788028122508635
-------------------------------------------------- 5.9484336376190186
ASR : 0.06918385639844858
-------------------------------------------------- 6.316878795623779
ASR : 0.0744838447188766
-------------------------------------------------- 6.095705986022949
ASR : 0.05328735136841729
-------------------------------------------------- 6.07183313369751
ASR : 0.05898177491478245
-------------------------------------------------- 6.066726446151733
ASR : 0.10209463879836819
-------------------------------------------------- 5.888402223587036
ASR : 0.05760666650023373
-------------------------------------------------- 5.955122470855713
ASR : 0.1268265167372342
-------------------------------------------------- 6.287317752838135

-------------Round number: 350-------------

Evaluate personalized models
Averaged Train Loss: 0.2541
Averaged Test Accurancy: 0.5384
Std Test Accurancy: 0.1242
ASR : 0.0573712028612249
-------------------------------------------------- 18.643593311309814
ASR : 0.05212697229848689
-------------------------------------------------- 6.085936546325684
ASR : 0.04195048554464624
-------------------------------------------------- 6.284292221069336
ASR : 0.07858616662404645
-------------------------------------------------- 6.100123405456543
ASR : 0.055974967902379616
-------------------------------------------------- 5.98487663269043
ASR : 0.06807611637093987
-------------------------------------------------- 5.9563798904418945
ASR : 0.05786464437930368
-------------------------------------------------- 6.10597825050354
ASR : 0.04877493747037225
-------------------------------------------------- 6.083463907241821
ASR : 0.05930487776249268
-------------------------------------------------- 5.929230213165283
ASR : 0.05244128528423347
-------------------------------------------------- 6.0306642055511475

-------------Round number: 360-------------

Evaluate personalized models
Averaged Train Loss: 0.2570
Averaged Test Accurancy: 0.5380
Std Test Accurancy: 0.1266
ASR : 0.051431727738899806
-------------------------------------------------- 18.877253532409668
ASR : 0.07260594392401773
-------------------------------------------------- 5.868527412414551
ASR : 0.05858722216409718
-------------------------------------------------- 6.314302682876587
ASR : 0.04933449608491199
-------------------------------------------------- 5.925402879714966
ASR : 0.0753938580590108
-------------------------------------------------- 6.0712363719940186
ASR : 0.04668035146014054
-------------------------------------------------- 6.257476806640625
ASR : 0.07307656771841241
-------------------------------------------------- 6.216616153717041
ASR : 0.06777925779649394
-------------------------------------------------- 6.205182075500488
ASR : 0.044265329449978554
-------------------------------------------------- 6.104858636856079
ASR : 0.06264527829354007
-------------------------------------------------- 6.165557384490967

-------------Round number: 370-------------

Evaluate personalized models
Averaged Train Loss: 0.2636
Averaged Test Accurancy: 0.5321
Std Test Accurancy: 0.1271
ASR : 0.061654748328999
-------------------------------------------------- 18.57416343688965
ASR : 0.06632941117261729
-------------------------------------------------- 6.186508893966675
ASR : 0.08243434171124327
-------------------------------------------------- 6.222999095916748
ASR : 0.048321622439787285
-------------------------------------------------- 5.941340446472168
ASR : 0.05571922344963105
-------------------------------------------------- 6.188334703445435
ASR : 0.09152768576323893
-------------------------------------------------- 5.984519958496094
ASR : 0.03999091804044391
-------------------------------------------------- 6.36762547492981
ASR : 0.05968323558018868
-------------------------------------------------- 6.049577236175537
ASR : 0.07594037368674017
-------------------------------------------------- 6.228147983551025
ASR : 0.054083251331867824
-------------------------------------------------- 6.249709844589233

-------------Round number: 380-------------

Evaluate personalized models
Averaged Train Loss: 0.2548
Averaged Test Accurancy: 0.5380
Std Test Accurancy: 0.1238
ASR : 0.06101937399726988
-------------------------------------------------- 18.817952632904053
ASR : 0.06488500720540132
-------------------------------------------------- 6.15012788772583
ASR : 0.06584346606559928
-------------------------------------------------- 6.170907020568848
ASR : 0.0546050131402999
-------------------------------------------------- 6.107861757278442
ASR : 0.07396925800982458
-------------------------------------------------- 6.288661003112793
ASR : 0.09110116458636439
-------------------------------------------------- 6.105690002441406
ASR : 0.06444336442531157
-------------------------------------------------- 6.2575438022613525
ASR : 0.06500113829000095
-------------------------------------------------- 6.06823992729187
ASR : 0.06806728831892919
-------------------------------------------------- 6.02287220954895
ASR : 0.06794671652655308
-------------------------------------------------- 6.059353828430176

-------------Round number: 390-------------

Evaluate personalized models
Averaged Train Loss: 0.2519
Averaged Test Accurancy: 0.5395
Std Test Accurancy: 0.1245
ASR : 0.062163495650567044
-------------------------------------------------- 18.881608247756958
ASR : 0.05690906879360079
-------------------------------------------------- 6.110469579696655
ASR : 0.06119960235787755
-------------------------------------------------- 5.941100835800171
ASR : 0.07453832150850882
-------------------------------------------------- 6.35503888130188
ASR : 0.05944630840607507
-------------------------------------------------- 5.810142993927002
ASR : 0.06305614213212127
-------------------------------------------------- 5.997260570526123
ASR : 0.05774278297897929
-------------------------------------------------- 5.895084381103516
ASR : 0.13478251665671817
-------------------------------------------------- 6.120063781738281
ASR : 0.061660983440464265
-------------------------------------------------- 6.149237394332886
ASR : 0.0543750860600225
-------------------------------------------------- 6.00300669670105

-------------Round number: 400-------------

Evaluate personalized models
Averaged Train Loss: 0.2549
Averaged Test Accurancy: 0.5438
Std Test Accurancy: 0.1273
ASR : 0.06379050826928398
-------------------------------------------------- 18.756192445755005
ASR : 0.06181558871261484
-------------------------------------------------- 6.2272789478302
ASR : 0.056938973299980704
-------------------------------------------------- 6.28424596786499
ASR : 0.06713154748136205
-------------------------------------------------- 6.281119108200073
ASR : 0.06870577470732875
-------------------------------------------------- 5.810315847396851
ASR : 0.06681033040080306
-------------------------------------------------- 5.8473498821258545
ASR : 0.06120632148846763
-------------------------------------------------- 6.027726650238037
ASR : 0.0650911742073518
-------------------------------------------------- 6.1021201610565186
ASR : 0.058952409402010485
-------------------------------------------------- 6.238950967788696
ASR : 0.059007238064399344
-------------------------------------------------- 6.140769720077515

-------------Round number: 410-------------

Evaluate personalized models
Averaged Train Loss: 0.2442
Averaged Test Accurancy: 0.5522
Std Test Accurancy: 0.1289
ASR : 0.06568331507663712
-------------------------------------------------- 18.44849181175232
ASR : 0.055525788447513304
-------------------------------------------------- 6.278733491897583
ASR : 0.09097295719038928
-------------------------------------------------- 5.931149244308472
ASR : 0.0746388005245155
-------------------------------------------------- 6.554450750350952
ASR : 0.07873086883030235
-------------------------------------------------- 6.321569919586182
ASR : 0.07578728314871784
-------------------------------------------------- 5.972773551940918
ASR : 0.0681106969717292
-------------------------------------------------- 6.042074918746948
ASR : 0.05879764964324603
-------------------------------------------------- 6.23091983795166
ASR : 0.07271233206068546
-------------------------------------------------- 6.1511452198028564
ASR : 0.07306378486145783
-------------------------------------------------- 6.281095266342163

-------------Round number: 420-------------

Evaluate personalized models
Averaged Train Loss: 0.0519
Averaged Test Accurancy: 0.5531
Std Test Accurancy: 0.1275
ASR : 0.07497753033981511
-------------------------------------------------- 18.742024421691895
ASR : 0.06266686787190097
-------------------------------------------------- 5.834612131118774
ASR : 0.07372625459197589
-------------------------------------------------- 6.0923027992248535
ASR : 0.06522614160615905
-------------------------------------------------- 6.471268177032471
ASR : 0.06472096717008198
-------------------------------------------------- 6.102960586547852
ASR : 0.06982056571189359
-------------------------------------------------- 5.956697940826416
ASR : 0.0517032383850236
-------------------------------------------------- 6.218581676483154
ASR : 0.05343057057442571
-------------------------------------------------- 6.1293065547943115
ASR : 0.08020071584269653
-------------------------------------------------- 5.89954686164856
ASR : 0.04743349611792877
-------------------------------------------------- 6.18974232673645

-------------Round number: 430-------------

Evaluate personalized models
Averaged Train Loss: 0.0372
Averaged Test Accurancy: 0.5564
Std Test Accurancy: 0.1251
ASR : 0.07770099381419256
-------------------------------------------------- 18.70797109603882
ASR : 0.076244901471175
-------------------------------------------------- 6.000505685806274
ASR : 0.09661781315652605
-------------------------------------------------- 5.8977744579315186
ASR : 0.05760215589823448
-------------------------------------------------- 5.947179794311523
ASR : 0.059095947706705995
-------------------------------------------------- 6.518839597702026
ASR : 0.03606115127556589
-------------------------------------------------- 6.0902886390686035
ASR : 0.08484619731657732
-------------------------------------------------- 6.309869766235352
ASR : 0.04952041788175764
-------------------------------------------------- 6.173887014389038
ASR : 0.07249396406632941
-------------------------------------------------- 6.294311285018921
ASR : 0.081215719079774
-------------------------------------------------- 6.038130760192871

-------------Round number: 440-------------

Evaluate personalized models
Averaged Train Loss: 0.0367
Averaged Test Accurancy: 0.5592
Std Test Accurancy: 0.1272
ASR : 0.07623199057847634
-------------------------------------------------- 18.656550407409668
ASR : 0.0686677430530656
-------------------------------------------------- 6.414405107498169
ASR : 0.04977795696315854
-------------------------------------------------- 6.132542371749878
ASR : 0.05132181755980798
-------------------------------------------------- 6.341529369354248
ASR : 0.07092127365154967
-------------------------------------------------- 6.140575647354126
ASR : 0.06104824056682261
-------------------------------------------------- 6.312641620635986
ASR : 0.05829452396171032
-------------------------------------------------- 5.996197700500488
ASR : 0.05979148287276365
-------------------------------------------------- 6.327709436416626
ASR : 0.05239190594530662
-------------------------------------------------- 6.23924446105957
ASR : 0.04706391681925958
-------------------------------------------------- 5.896077632904053

-------------Round number: 450-------------

Evaluate personalized models
Averaged Train Loss: 0.0369
Averaged Test Accurancy: 0.5603
Std Test Accurancy: 0.1275
ASR : 0.06762927175247409
-------------------------------------------------- 18.71595072746277
ASR : 0.05380098633101215
-------------------------------------------------- 6.104273557662964
ASR : 0.05913960364623127
-------------------------------------------------- 6.0823705196380615
ASR : 0.056996326663521515
-------------------------------------------------- 6.241886138916016
ASR : 0.05513916345092097
-------------------------------------------------- 6.22756814956665
ASR : 0.06474207312321682
-------------------------------------------------- 6.026588678359985
ASR : 0.07414666224178745
-------------------------------------------------- 5.986495733261108
ASR : 0.07104067242239076
-------------------------------------------------- 6.56831169128418
ASR : 0.05467558758600703
-------------------------------------------------- 6.1449363231658936
ASR : 0.05536262392013457
-------------------------------------------------- 6.3148744106292725

-------------Round number: 460-------------

Evaluate personalized models
Averaged Train Loss: 0.0361
Averaged Test Accurancy: 0.5605
Std Test Accurancy: 0.1214
ASR : 0.05271825093074312
-------------------------------------------------- 18.56700849533081
ASR : 0.05992097815737602
-------------------------------------------------- 6.321623086929321
ASR : 0.04731991594277539
-------------------------------------------------- 6.188899517059326
ASR : 0.06396450556799148
-------------------------------------------------- 6.007290363311768
ASR : 0.06738447739200179
-------------------------------------------------- 5.963413238525391
ASR : 0.048748486599024296
-------------------------------------------------- 6.255669832229614
ASR : 0.06328946728709245
-------------------------------------------------- 6.042406320571899
ASR : 0.052785499270151005
-------------------------------------------------- 6.186370849609375
ASR : 0.05712069239754155
-------------------------------------------------- 6.245296239852905
ASR : 0.06194891616234163
-------------------------------------------------- 6.227735280990601

-------------Round number: 470-------------

Evaluate personalized models
Averaged Train Loss: 0.0353
Averaged Test Accurancy: 0.5595
Std Test Accurancy: 0.1268
ASR : 0.0595315248054319
-------------------------------------------------- 18.703590869903564
ASR : 0.06010308149463756
-------------------------------------------------- 5.978561639785767
ASR : 0.05317728804564244
-------------------------------------------------- 6.283273696899414
ASR : 0.07127176253368063
-------------------------------------------------- 6.082912445068359
ASR : 0.07128622063450647
-------------------------------------------------- 6.100476264953613
ASR : 0.06200593483295919
-------------------------------------------------- 6.023959159851074
ASR : 0.08304451884795837
-------------------------------------------------- 6.34978461265564
ASR : 0.05699562351453721
-------------------------------------------------- 6.0812602043151855
ASR : 0.053160016846942514
-------------------------------------------------- 6.140002250671387
ASR : 0.06335193949730913
-------------------------------------------------- 6.177793979644775

-------------Round number: 480-------------

Evaluate personalized models
Averaged Train Loss: 0.0337
Averaged Test Accurancy: 0.5627
Std Test Accurancy: 0.1254
ASR : 0.055760143249604266
-------------------------------------------------- 18.74436664581299
ASR : 0.07976779852382718
-------------------------------------------------- 6.090465545654297
ASR : 0.058199379546532426
-------------------------------------------------- 6.263435363769531
ASR : 0.0654619818402953
-------------------------------------------------- 6.237585783004761
ASR : 0.05797569474343087
-------------------------------------------------- 5.73437762260437
ASR : 0.06845654543447842
-------------------------------------------------- 6.16527533531189
ASR : 0.0922321975583268
-------------------------------------------------- 6.048572540283203
ASR : 0.06340404080223012
-------------------------------------------------- 6.0855348110198975
ASR : 0.05467106511286895
-------------------------------------------------- 6.364268779754639
ASR : 0.058626900737020746
-------------------------------------------------- 6.177791595458984

-------------Round number: 490-------------

Evaluate personalized models
Averaged Train Loss: 0.0401
Averaged Test Accurancy: 0.5665
Std Test Accurancy: 0.1301
ASR : 0.05610454907721158
-------------------------------------------------- 18.93732738494873
ASR : 0.0585454402713984
-------------------------------------------------- 6.378237724304199
ASR : 0.06811167044773209
-------------------------------------------------- 5.878938436508179
ASR : 0.060819491179854496
-------------------------------------------------- 6.129963397979736
ASR : 0.05801573345565406
-------------------------------------------------- 6.247138261795044
ASR : 0.05995651895214217
-------------------------------------------------- 6.168201208114624
ASR : 0.057503584763881406
-------------------------------------------------- 6.088849067687988
ASR : 0.06314009346595642
-------------------------------------------------- 6.318186521530151
ASR : 0.0723211250877725
-------------------------------------------------- 6.002094507217407
ASR : 0.07324477990711115
-------------------------------------------------- 6.025244235992432

-------------Round number: 500-------------

Evaluate personalized models
Averaged Train Loss: 0.0322
Averaged Test Accurancy: 0.5615
Std Test Accurancy: 0.1242
ASR : 0.07987190605634671
-------------------------------------------------- 18.761165857315063
ASR : 0.0582281998454678
-------------------------------------------------- 5.911264181137085
ASR : 0.06145636257299113
-------------------------------------------------- 6.003249168395996
ASR : 0.08679609083345687
-------------------------------------------------- 6.156907081604004
ASR : 0.06325253947728905
-------------------------------------------------- 6.208275556564331
ASR : 0.056831338068462925
-------------------------------------------------- 6.038413047790527
ASR : 0.06673754383551896
-------------------------------------------------- 6.246646881103516
ASR : 0.056389832934667074
-------------------------------------------------- 6.44648551940918
ASR : 0.05260690101756145
-------------------------------------------------- 6.007887363433838
ASR : 0.08582286534848309
-------------------------------------------------- 6.379225969314575

-------------Round number: 510-------------

Evaluate personalized models
Averaged Train Loss: 0.0317
Averaged Test Accurancy: 0.5668
Std Test Accurancy: 0.1290
ASR : 0.060387162830499046
-------------------------------------------------- 18.592190980911255
ASR : 0.07886233489915091
-------------------------------------------------- 6.136856555938721
ASR : 0.0899798647851982
-------------------------------------------------- 6.23380446434021
ASR : 0.07579143689399234
-------------------------------------------------- 6.015604019165039
ASR : 0.06898541809201644
-------------------------------------------------- 6.251150846481323
ASR : 0.06497136024009992
-------------------------------------------------- 6.343402147293091
ASR : 0.06289451179281227
-------------------------------------------------- 6.367230176925659
ASR : 0.07746431381166943
-------------------------------------------------- 5.987877130508423
ASR : 0.0704550833254977
-------------------------------------------------- 6.013645172119141
ASR : 0.06883418411482285
-------------------------------------------------- 6.388347625732422

-------------Round number: 520-------------

Evaluate personalized models
Averaged Train Loss: 0.0312
Averaged Test Accurancy: 0.5668
Std Test Accurancy: 0.1285
ASR : 0.07671157165587064
-------------------------------------------------- 18.72275161743164
ASR : 0.06484243506892289
-------------------------------------------------- 6.192998170852661
ASR : 0.07110530317775016
-------------------------------------------------- 6.153592109680176
ASR : 0.04570477172035146
-------------------------------------------------- 6.3882811069488525
ASR : 0.05922974434749851
-------------------------------------------------- 6.144417762756348
ASR : 0.05973508316037061
-------------------------------------------------- 6.289672374725342
ASR : 0.0564930824602077
-------------------------------------------------- 6.2997095584869385
ASR : 0.04762673583433578
-------------------------------------------------- 6.185283422470093
ASR : 0.07468303183074051
-------------------------------------------------- 6.028429746627808
ASR : 0.06997625418235894
-------------------------------------------------- 6.034571886062622

-------------Round number: 530-------------

Evaluate personalized models
Averaged Train Loss: 0.0309
Averaged Test Accurancy: 0.5675
Std Test Accurancy: 0.1287
ASR : 0.06878331772562975
-------------------------------------------------- 18.492428064346313
ASR : 0.05979759568999035
-------------------------------------------------- 6.041987895965576
ASR : 0.06792506807670343
-------------------------------------------------- 6.138657808303833
ASR : 0.05653119895529377
-------------------------------------------------- 6.091755628585815
ASR : 0.07149269920648904
-------------------------------------------------- 6.233682870864868
ASR : 0.07309066811301906
-------------------------------------------------- 6.346140384674072
ASR : 0.0574419872612027
-------------------------------------------------- 6.324351072311401
ASR : 0.06682177714041793
-------------------------------------------------- 5.836416006088257
ASR : 0.059451650196836764
-------------------------------------------------- 6.33824610710144
ASR : 0.05713391305706266
-------------------------------------------------- 6.039609432220459

-------------Round number: 540-------------

Evaluate personalized models
Averaged Train Loss: 0.0309
Averaged Test Accurancy: 0.5688
Std Test Accurancy: 0.1228
ASR : 0.06621563305895266
-------------------------------------------------- 18.536707401275635
ASR : 0.06617424823185297
-------------------------------------------------- 6.1631691455841064
ASR : 0.0815591728614248
-------------------------------------------------- 6.138309001922607
ASR : 0.05789177464234404
-------------------------------------------------- 6.109353065490723
ASR : 0.05780026683062751
-------------------------------------------------- 6.072468996047974
ASR : 0.053853782514008075
-------------------------------------------------- 6.096798658370972
ASR : 0.0618380254097785
-------------------------------------------------- 6.079786777496338
ASR : 0.06922011915920108
-------------------------------------------------- 6.106840133666992
ASR : 0.06239156007880731
-------------------------------------------------- 6.165134429931641
ASR : 0.076416758128114
-------------------------------------------------- 6.2146525382995605

-------------Round number: 550-------------

Evaluate personalized models
Averaged Train Loss: 0.0286
Averaged Test Accurancy: 0.5694
Std Test Accurancy: 0.1265
ASR : 0.07835338697692994
-------------------------------------------------- 18.786133527755737
ASR : 0.08282052195281558
-------------------------------------------------- 6.018733501434326
ASR : 0.05187789832085502
-------------------------------------------------- 5.842042446136475
ASR : 0.06640583990700463
-------------------------------------------------- 6.151999235153198
ASR : 0.06018992619284501
-------------------------------------------------- 5.9953837394714355
ASR : 0.06187098158598051
-------------------------------------------------- 6.120114088058472
ASR : 0.07270749474647395
-------------------------------------------------- 6.131171703338623
ASR : 0.058087645815544736
-------------------------------------------------- 6.125988960266113
ASR : 0.05611535927293288
-------------------------------------------------- 6.214285850524902
ASR : 0.046333286411176546
-------------------------------------------------- 6.064952611923218

-------------Round number: 560-------------

Evaluate personalized models
Averaged Train Loss: 0.0314
Averaged Test Accurancy: 0.5672
Std Test Accurancy: 0.1273
ASR : 0.060466478774197405
-------------------------------------------------- 18.700971364974976
ASR : 0.06877631342921525
-------------------------------------------------- 6.043276309967041
ASR : 0.06736350038029501
-------------------------------------------------- 6.045177936553955
ASR : 0.057403977468854214
-------------------------------------------------- 6.227136850357056
ASR : 0.07863958891074638
-------------------------------------------------- 5.963596343994141
ASR : 0.05598425422674379
-------------------------------------------------- 6.2324724197387695
ASR : 0.05495450105571964
-------------------------------------------------- 6.3462278842926025
ASR : 0.08228510183426219
-------------------------------------------------- 6.093954086303711
ASR : 0.07288758948909858
-------------------------------------------------- 6.296271085739136
ASR : 0.055176471184230115
-------------------------------------------------- 6.082278728485107

-------------Round number: 570-------------

Evaluate personalized models
Averaged Train Loss: 0.0315
Averaged Test Accurancy: 0.5656
Std Test Accurancy: 0.1271
ASR : 0.0968482621084946
-------------------------------------------------- 18.596075534820557
ASR : 0.06144305620388612
-------------------------------------------------- 6.24908971786499
ASR : 0.0757152617768116
-------------------------------------------------- 6.088963270187378
ASR : 0.07100654463008405
-------------------------------------------------- 6.3121337890625
ASR : 0.06424434369566329
-------------------------------------------------- 6.214584589004517
ASR : 0.06028837412353892
-------------------------------------------------- 5.915808200836182
ASR : 0.04167798998735327
-------------------------------------------------- 5.991567373275757
ASR : 0.0684185705024491
-------------------------------------------------- 5.801295518875122
ASR : 0.07555814027065075
-------------------------------------------------- 6.200366735458374
ASR : 0.05646921426366008
-------------------------------------------------- 6.299248933792114

-------------Round number: 580-------------

Evaluate personalized models
Averaged Train Loss: 0.0288
Averaged Test Accurancy: 0.5711
Std Test Accurancy: 0.1287
ASR : 0.06003632593170471
-------------------------------------------------- 18.67043423652649
ASR : 0.06064954112023673
-------------------------------------------------- 5.86500358581543
ASR : 0.056500819743609536
-------------------------------------------------- 6.171830892562866
ASR : 0.06003089692248625
-------------------------------------------------- 6.2978515625
ASR : 0.08102962313880459
-------------------------------------------------- 6.119717359542847
ASR : 0.0758442998334328
-------------------------------------------------- 5.950233697891235
ASR : 0.07557842726230109
-------------------------------------------------- 6.16119384765625
ASR : 0.07896471267584994
-------------------------------------------------- 6.257273197174072
ASR : 0.05396117057705059
-------------------------------------------------- 6.045518159866333
ASR : 0.04999247462100607
-------------------------------------------------- 6.084845066070557

-------------Round number: 590-------------

Evaluate personalized models
Averaged Train Loss: 0.0283
Averaged Test Accurancy: 0.5649
Std Test Accurancy: 0.1276
ASR : 0.07730432873358206
-------------------------------------------------- 18.565196752548218
ASR : 0.06594785921371112
-------------------------------------------------- 6.155498266220093
ASR : 0.06875664979285721
-------------------------------------------------- 6.036245346069336
ASR : 0.07205840406984822
-------------------------------------------------- 6.24498176574707
ASR : 0.057769006074776134
-------------------------------------------------- 6.315754652023315
ASR : 0.05238824303796996
-------------------------------------------------- 6.18822169303894
ASR : 0.06450083933143792
-------------------------------------------------- 6.002650499343872
ASR : 0.06052126281231701
-------------------------------------------------- 6.019057512283325
ASR : 0.06527698734645063
-------------------------------------------------- 6.237721920013428
ASR : 0.04639506563748058
-------------------------------------------------- 6.139644622802734

-------------Round number: 600-------------

Evaluate personalized models
Averaged Train Loss: 0.0277
Averaged Test Accurancy: 0.5673
Std Test Accurancy: 0.1265
ASR : 0.07461629566284711
-------------------------------------------------- 18.563557386398315
ASR : 0.06272129588378036
-------------------------------------------------- 6.075571537017822
ASR : 0.10687386704247176
-------------------------------------------------- 6.423529624938965
ASR : 0.06533169627772178
-------------------------------------------------- 6.334887504577637
ASR : 0.05790738422800096
-------------------------------------------------- 5.912005424499512
ASR : 0.07039298703796659
-------------------------------------------------- 6.218168497085571
ASR : 0.05632369444870018
-------------------------------------------------- 6.21035361289978
ASR : 0.060467713498019875
-------------------------------------------------- 6.051751375198364
ASR : 0.054725645870804564
-------------------------------------------------- 6.464778900146484
ASR : 0.056620634613660854
-------------------------------------------------- 6.212276220321655

-------------Round number: 610-------------

Evaluate personalized models
Averaged Train Loss: 0.0273
Averaged Test Accurancy: 0.5703
Std Test Accurancy: 0.1259
ASR : 0.07312279835482532
-------------------------------------------------- 18.544488668441772
ASR : 0.07318109536578
-------------------------------------------------- 6.05851674079895
ASR : 0.06540300418697316
-------------------------------------------------- 5.9778852462768555
ASR : 0.05632712304830863
-------------------------------------------------- 6.198644399642944
ASR : 0.06676836557827819
-------------------------------------------------- 5.929166078567505
ASR : 0.0693468249825825
-------------------------------------------------- 5.984769821166992
ASR : 0.059683555368718375
-------------------------------------------------- 5.900918960571289
ASR : 0.07662905826049177
-------------------------------------------------- 6.22509765625
ASR : 0.06385977173932905
-------------------------------------------------- 6.2598466873168945
ASR : 0.07581498409694622
-------------------------------------------------- 6.1804563999176025

-------------Round number: 620-------------

Evaluate personalized models
Averaged Train Loss: 0.0267
Averaged Test Accurancy: 0.5717
Std Test Accurancy: 0.1261
ASR : 0.07572062875756252
-------------------------------------------------- 18.56956672668457
ASR : 0.06868430097309172
-------------------------------------------------- 5.757051706314087
ASR : 0.0729070894010816
-------------------------------------------------- 6.084742546081543
ASR : 0.07264034357438652
-------------------------------------------------- 6.125996351242065
ASR : 0.06216323104626664
-------------------------------------------------- 5.971817493438721
ASR : 0.06493947551170165
-------------------------------------------------- 6.123662710189819
ASR : 0.06755850483508942
-------------------------------------------------- 5.981686592102051
ASR : 0.059092446959475166
-------------------------------------------------- 6.302472352981567
ASR : 0.07963537470668165
-------------------------------------------------- 6.095881938934326
ASR : 0.05821098336206089
-------------------------------------------------- 6.199413776397705

-------------Round number: 630-------------

Evaluate personalized models
Averaged Train Loss: 0.0261
Averaged Test Accurancy: 0.5738
Std Test Accurancy: 0.1284
ASR : 0.0610973542840233
-------------------------------------------------- 18.440012454986572
ASR : 0.07248097444034769
-------------------------------------------------- 6.029602766036987
ASR : 0.07002133609326973
-------------------------------------------------- 6.37265682220459
ASR : 0.06701573029889356
-------------------------------------------------- 5.818637371063232
ASR : 0.06961338255704431
-------------------------------------------------- 6.239096403121948
ASR : 0.05864023008536715
-------------------------------------------------- 5.896932601928711
ASR : 0.06262827990447556
-------------------------------------------------- 6.208033084869385
ASR : 0.06492824663160761
-------------------------------------------------- 5.927874803543091
ASR : 0.056820282912836764
-------------------------------------------------- 6.123865127563477
ASR : 0.07304334155267828
-------------------------------------------------- 6.20283055305481

-------------Round number: 640-------------

Evaluate personalized models
Averaged Train Loss: 0.0254
Averaged Test Accurancy: 0.5735
Std Test Accurancy: 0.1268
ASR : 0.0588495867533999
-------------------------------------------------- 18.50997495651245
ASR : 0.06460787696712894
-------------------------------------------------- 6.526638746261597
ASR : 0.07229523655806959
-------------------------------------------------- 6.201588869094849
ASR : 0.06070547256572944
-------------------------------------------------- 6.2721476554870605
ASR : 0.061603178330742255
-------------------------------------------------- 6.122952699661255
ASR : 0.06406236076754035
-------------------------------------------------- 6.2695841789245605
ASR : 0.056364962551802573
-------------------------------------------------- 6.176593780517578
ASR : 0.05481567187124763
-------------------------------------------------- 6.268220663070679
ASR : 0.05458719890055743
-------------------------------------------------- 6.430465221405029
ASR : 0.059435400627989486
-------------------------------------------------- 6.191153049468994

-------------Round number: 650-------------

Evaluate personalized models
Averaged Train Loss: 0.0309
Averaged Test Accurancy: 0.5721
Std Test Accurancy: 0.1286
ASR : 0.0631135390239454
-------------------------------------------------- 18.50157141685486
ASR : 0.07783233934389096
-------------------------------------------------- 6.030069351196289
ASR : 0.07920500455489683
-------------------------------------------------- 6.208968639373779
ASR : 0.06543313231684118
-------------------------------------------------- 6.267318248748779
ASR : 0.07639905071293963
-------------------------------------------------- 5.982657432556152
ASR : 0.05324722737607028
-------------------------------------------------- 5.844867706298828
ASR : 0.060925429362369145
-------------------------------------------------- 6.161144018173218
ASR : 0.06960588595915963
-------------------------------------------------- 6.362144231796265
ASR : 0.07051391995404349
-------------------------------------------------- 6.274660348892212
ASR : 0.06998946230866253
-------------------------------------------------- 5.948876857757568

-------------Round number: 660-------------

Evaluate personalized models
Averaged Train Loss: 0.0287
Averaged Test Accurancy: 0.5749
Std Test Accurancy: 0.1300
ASR : 0.06412792117202501
-------------------------------------------------- 18.901639699935913
ASR : 0.046171567029516046
-------------------------------------------------- 5.941894292831421
ASR : 0.0802126413730874
-------------------------------------------------- 6.085644245147705
ASR : 0.06784147218340665
-------------------------------------------------- 6.262908220291138
ASR : 0.08091260352862421
-------------------------------------------------- 5.962954759597778
ASR : 0.0576315913454254
-------------------------------------------------- 6.089020729064941
ASR : 0.07424661761679745
-------------------------------------------------- 6.260268211364746
ASR : 0.06647496825206455
-------------------------------------------------- 6.109250783920288
ASR : 0.06105706235093745
-------------------------------------------------- 6.0834338665008545
ASR : 0.0897182863850611
-------------------------------------------------- 6.174585580825806

-------------Round number: 670-------------

Evaluate personalized models
Averaged Train Loss: 0.0237
Averaged Test Accurancy: 0.5755
Std Test Accurancy: 0.1257
ASR : 0.07220993585882127
-------------------------------------------------- 18.575941801071167
ASR : 0.06230029607019414
-------------------------------------------------- 5.991850852966309
ASR : 0.07577544583927401
-------------------------------------------------- 6.15115761756897
ASR : 0.06093755234531503
-------------------------------------------------- 6.025582790374756
ASR : 0.05613313619776267
-------------------------------------------------- 6.285583019256592
ASR : 0.0643860967008169
-------------------------------------------------- 6.083628416061401
ASR : 0.07004817182162583
-------------------------------------------------- 6.014684200286865
ASR : 0.06934577075479065
-------------------------------------------------- 5.720614433288574
ASR : 0.07852075981669687
-------------------------------------------------- 6.110556602478027
ASR : 0.062294267267172916
-------------------------------------------------- 6.31685471534729

-------------Round number: 680-------------

Evaluate personalized models
Averaged Train Loss: 0.0290
Averaged Test Accurancy: 0.5688
Std Test Accurancy: 0.1268
ASR : 0.06030318840691199
-------------------------------------------------- 18.46026873588562
ASR : 0.06657940591664954
-------------------------------------------------- 5.79054594039917
ASR : 0.05611339010854112
-------------------------------------------------- 6.02846884727478
ASR : 0.06854035043189605
-------------------------------------------------- 6.206151008605957
ASR : 0.0681664287702379
-------------------------------------------------- 6.060622453689575
ASR : 0.0751478822235181
-------------------------------------------------- 6.019488573074341
ASR : 0.05247134673631505
-------------------------------------------------- 6.279674768447876
ASR : 0.06904687146700952
-------------------------------------------------- 6.393739938735962
ASR : 0.05554526716508405
-------------------------------------------------- 5.868729114532471
ASR : 0.06520947060789409
-------------------------------------------------- 6.067973375320435

-------------Round number: 690-------------

Evaluate personalized models
Averaged Train Loss: 0.0232
Averaged Test Accurancy: 0.5774
Std Test Accurancy: 0.1258
ASR : 0.07323056623445652
-------------------------------------------------- 18.417337656021118
ASR : 0.09819936497769659
-------------------------------------------------- 6.41426420211792
ASR : 0.05700113429769423
-------------------------------------------------- 6.207195997238159
ASR : 0.07496678224473026
-------------------------------------------------- 6.131898403167725
ASR : 0.07419717728807175
-------------------------------------------------- 6.040607929229736
ASR : 0.07666109137862769
-------------------------------------------------- 6.2641921043396
ASR : 0.09234299545115666
-------------------------------------------------- 6.08089804649353
ASR : 0.06535240736622407
-------------------------------------------------- 6.127871990203857
ASR : 0.07157363015536998
-------------------------------------------------- 6.104600191116333
ASR : 0.054007401850425324
-------------------------------------------------- 6.157713413238525

-------------Round number: 700-------------

Evaluate personalized models
Averaged Train Loss: 0.0349
Averaged Test Accurancy: 0.5689
Std Test Accurancy: 0.1272
ASR : 0.06224486889070427
-------------------------------------------------- 18.760165452957153
ASR : 0.07651287129074655
-------------------------------------------------- 6.348491191864014
ASR : 0.05166248121671473
-------------------------------------------------- 6.215453863143921
ASR : 0.0743143464899809
-------------------------------------------------- 5.840842008590698
ASR : 0.050706406039228
-------------------------------------------------- 6.109997034072876
ASR : 0.06785294079809347
-------------------------------------------------- 6.1309654712677
ASR : 0.0685601368911027
-------------------------------------------------- 6.105575084686279
ASR : 0.07812036615799102
-------------------------------------------------- 6.218793869018555
ASR : 0.05537499405648064
-------------------------------------------------- 6.174327373504639
ASR : 0.05591010008632767
-------------------------------------------------- 6.011861324310303

-------------Round number: 710-------------

Evaluate personalized models
Averaged Train Loss: 0.0233
Averaged Test Accurancy: 0.5755
Std Test Accurancy: 0.1258
ASR : 0.061947455090124275
-------------------------------------------------- 18.727318286895752
ASR : 0.05004236876670306
-------------------------------------------------- 6.030972003936768
ASR : 0.06667817006554377
-------------------------------------------------- 6.38799786567688
ASR : 0.07453396723390164
-------------------------------------------------- 6.0724873542785645
ASR : 0.08251662862552057
-------------------------------------------------- 6.0232720375061035
ASR : 0.05356766607443986
-------------------------------------------------- 6.235889196395874
ASR : 0.0643115559464352
-------------------------------------------------- 6.1726133823394775
ASR : 0.05786279924650053
-------------------------------------------------- 6.280732154846191
ASR : 0.06116496424862979
-------------------------------------------------- 6.0855631828308105
ASR : 0.06284611378827755
-------------------------------------------------- 6.433876991271973

-------------Round number: 720-------------

Evaluate personalized models
Averaged Train Loss: 0.0224
Averaged Test Accurancy: 0.5776
Std Test Accurancy: 0.1260
ASR : 0.055019797108978724
-------------------------------------------------- 18.588717937469482
ASR : 0.06209695001359518
-------------------------------------------------- 6.377976655960083
ASR : 0.07026299067314914
-------------------------------------------------- 6.332444906234741
ASR : 0.05224771600907129
-------------------------------------------------- 6.042345762252808
ASR : 0.05658252622079718
-------------------------------------------------- 6.261027574539185
ASR : 0.045886511050988635
-------------------------------------------------- 5.940602540969849
ASR : 0.06918602171238222
-------------------------------------------------- 5.979655027389526
ASR : 0.08940591962840153
-------------------------------------------------- 6.16911768913269
ASR : 0.05798428559987778
-------------------------------------------------- 5.991609573364258
ASR : 0.09443368401410356
-------------------------------------------------- 5.945154905319214

-------------Round number: 730-------------

Evaluate personalized models
Averaged Train Loss: 0.0224
Averaged Test Accurancy: 0.5730
Std Test Accurancy: 0.1257
ASR : 0.06623752181171469
-------------------------------------------------- 18.6438205242157
ASR : 0.060526220000952514
-------------------------------------------------- 6.248433589935303
ASR : 0.08545457486335525
-------------------------------------------------- 5.77048659324646
ASR : 0.08969834684225511
-------------------------------------------------- 6.072648048400879
ASR : 0.0634834206147553
-------------------------------------------------- 6.117845296859741
ASR : 0.05908894280932721
-------------------------------------------------- 6.058957576751709
ASR : 0.07610278093695076
-------------------------------------------------- 6.083085298538208
ASR : 0.08005480103443109
-------------------------------------------------- 6.097543478012085
ASR : 0.053069879449611945
-------------------------------------------------- 5.806975841522217
ASR : 0.07803816723484482
-------------------------------------------------- 6.111451148986816

-------------Round number: 740-------------

Evaluate personalized models
Averaged Train Loss: 0.0215
Averaged Test Accurancy: 0.5801
Std Test Accurancy: 0.1280
ASR : 0.07053058899584135
-------------------------------------------------- 18.71767783164978
ASR : 0.06395226780136141
-------------------------------------------------- 6.230148553848267
ASR : 0.049740242606507674
-------------------------------------------------- 6.354499578475952
ASR : 0.05153028771161791
-------------------------------------------------- 6.364894866943359
ASR : 0.06134706266991155
-------------------------------------------------- 6.0972278118133545
ASR : 0.0589848545771868
-------------------------------------------------- 6.182097911834717
ASR : 0.05350872443989155
-------------------------------------------------- 5.950225353240967
ASR : 0.06453147647349443
-------------------------------------------------- 5.920740842819214
ASR : 0.07208484926546917
-------------------------------------------------- 6.073674440383911
ASR : 0.05691634283758642
-------------------------------------------------- 6.285996437072754

-------------Round number: 750-------------

Evaluate personalized models
Averaged Train Loss: 0.0218
Averaged Test Accurancy: 0.5784
Std Test Accurancy: 0.1291
ASR : 0.05539821957258307
-------------------------------------------------- 18.593077659606934
ASR : 0.05335506658264625
-------------------------------------------------- 6.033684730529785
ASR : 0.05842895423960993
-------------------------------------------------- 5.892154216766357
ASR : 0.07466414340508659
-------------------------------------------------- 6.065370321273804
ASR : 0.06334778308674706
-------------------------------------------------- 6.1326682567596436
ASR : 0.08012146935796606
-------------------------------------------------- 6.259764909744263
ASR : 0.061642934277367285
-------------------------------------------------- 5.98425555229187
ASR : 0.07312506366447437
-------------------------------------------------- 6.130636215209961
ASR : 0.05809455705330313
-------------------------------------------------- 6.093562126159668
ASR : 0.09813004832161056
-------------------------------------------------- 6.306790351867676

-------------Round number: 760-------------

Evaluate personalized models
Averaged Train Loss: 0.0226
Averaged Test Accurancy: 0.5723
Std Test Accurancy: 0.1281
ASR : 0.06717889050132003
-------------------------------------------------- 18.792106866836548
ASR : 0.06072805719518782
-------------------------------------------------- 6.216053009033203
ASR : 0.08701962554677979
-------------------------------------------------- 6.204961776733398
ASR : 0.05960145585266871
-------------------------------------------------- 6.329553127288818
ASR : 0.055670905146984744
-------------------------------------------------- 6.11289119720459
ASR : 0.06858003537541915
-------------------------------------------------- 6.346369028091431
ASR : 0.06076825156255123
-------------------------------------------------- 6.047245502471924
ASR : 0.05456281201200649
-------------------------------------------------- 6.1567230224609375
ASR : 0.07908621330217261
-------------------------------------------------- 6.477625608444214
ASR : 0.05569910356661761
-------------------------------------------------- 6.072316408157349

-------------Round number: 770-------------

Evaluate personalized models
Averaged Train Loss: 0.0211
Averaged Test Accurancy: 0.5784
Std Test Accurancy: 0.1241
ASR : 0.05188604948290457
-------------------------------------------------- 18.715887308120728
ASR : 0.06530444506489838
-------------------------------------------------- 6.252504348754883
ASR : 0.06668663849991131
-------------------------------------------------- 6.158412933349609
ASR : 0.05653592346967602
-------------------------------------------------- 6.270610570907593
ASR : 0.06905281482074196
-------------------------------------------------- 6.040225028991699
ASR : 0.07219983983082333
-------------------------------------------------- 6.153961181640625
ASR : 0.06931036672681021
-------------------------------------------------- 5.999005556106567
ASR : 0.07199565707521303
-------------------------------------------------- 6.103913068771362
ASR : 0.05453975534132271
-------------------------------------------------- 6.251122713088989
ASR : 0.06802314149492952
-------------------------------------------------- 6.112243413925171

-------------Round number: 780-------------

Evaluate personalized models
Averaged Train Loss: 0.0210
Averaged Test Accurancy: 0.5743
Std Test Accurancy: 0.1283
ASR : 0.07873432099603422
-------------------------------------------------- 18.49093794822693
ASR : 0.07161912026449768
-------------------------------------------------- 5.979351043701172
ASR : 0.05292824321720047
-------------------------------------------------- 5.989987134933472
ASR : 0.06347146504337713
-------------------------------------------------- 6.103826999664307
ASR : 0.06656745875028944
-------------------------------------------------- 6.151280879974365
ASR : 0.05847003873380184
-------------------------------------------------- 5.975238800048828
ASR : 0.08000714839655892
-------------------------------------------------- 6.200525522232056
ASR : 0.06617308640037563
-------------------------------------------------- 6.033028841018677
ASR : 0.06984528288761106
-------------------------------------------------- 6.213664293289185
ASR : 0.07436261307581461
-------------------------------------------------- 6.344278335571289

-------------Round number: 790-------------

Evaluate personalized models
Averaged Train Loss: 0.0211
Averaged Test Accurancy: 0.5813
Std Test Accurancy: 0.1257
ASR : 0.057622426159424506
-------------------------------------------------- 19.045558214187622
ASR : 0.06255741447132669
-------------------------------------------------- 5.948719024658203
ASR : 0.06275506493198481
-------------------------------------------------- 6.220789432525635
ASR : 0.05156353263035654
-------------------------------------------------- 6.0626220703125
ASR : 0.07663804664647858
-------------------------------------------------- 6.220294952392578
ASR : 0.07313234808395647
-------------------------------------------------- 6.088150262832642
ASR : 0.05040110557518634
-------------------------------------------------- 5.995570659637451
ASR : 0.05927508784283454
-------------------------------------------------- 6.197716236114502
ASR : 0.07520161629804593
-------------------------------------------------- 6.245894908905029
ASR : 0.0605259630954333
-------------------------------------------------- 6.375566005706787

-------------Round number: 800-------------

Evaluate personalized models
Averaged Train Loss: 0.0407
Averaged Test Accurancy: 0.5778
Std Test Accurancy: 0.1307
ASR : 0.06404106078031174
-------------------------------------------------- 18.597174644470215

Best accuracy.
0.5812987875768145
7.399844745099545
File path: ./results/Cifar10_dir0.5_bdoor0.2_nclient_100_blend_adv10_FedProto_PFL02_FEDPROTO_BLEND_0.h5

Average time cost: 5933.34s.
Length:  81
std for best accurancy: 0.0
mean for best accurancy: 0.5812987875768145
All done!
