==================================================
goal = PFL05_FEDPD_BLEND
device = cuda
join_ratio = 0.1
device_id = 3
dataset = Cifar10_dir0.5_bdoor0.2_nclient_100_blend_adv10
num_classes = 10
model = ResNet18
batch_size = 64
local_learning_rate = 0.1
learning_rate_decay = False
learning_rate_decay_gamma = 0.99
global_rounds = 800
top_cnt = 100
local_epochs = 1
algorithm = FedPD
num_clients = 100
eval_gap = 10
save_folder_name = items
auto_break = False
batch_num_per_client = 2
feature_dim = 512
vocab_size = 32000
max_len = 200
client_drop_rate = 0.0
time_select = False
time_threthold = 10000
send_slow_rate = 0.0
beta = 0.0
lamda = 1.0
mu = 0.0
K = 5
p_learning_rate = 0.01
M = 5
itk = 4000
alphaK = 1.0
sigma = 1.0
alpha = 1.0
plocal_epochs = 1
lr_head = 0.1
tau = 1.0
fine_tuning_epochs = 10
dr_learning_rate = 0.0
L = 1.0
noise_dim = 512
generator_learning_rate = 0.005
hidden_dim = 512
server_epochs = 1000
localize_feature_extractor = False
server_learning_rate = 1.0
eta = 1.0
rand_percent = 80
layer_idx = 2
mentee_learning_rate = 0.005
T_start = 0.95
T_end = 0.98
momentum = 0.1
kl_weight = 0.0
disti_epochs = 1
protect_id = 1
adv_eps = 0.0
adv_num_iter = 0
defense_epochs = 1
clean_data = 5000
sdmk_m = 7
sdmk_k = 5
delta = 0.5
sim_threshold = 0.7
rt_beta = 0.2
num_adv_clients = 10
lambda_cl = 0.2
aug_strength = 0.1
mask_tau = 6.0
mask_alpha = 0.3
enable_channel_mask = True
cosine_gate = False
cosine_gate_threshold = 0.3
cosine_gate_alpha = 0.5
trim_high_layers = 
trim_beta_high = None
trim_beta_low = None
purify_enable = False
purify_beta = 0.0
purify_feature_beta = 0.0
purify_logit_beta = 0.0
purify_temperature = 2.0
purify_start_round = 1
purify_layers = layer4
purify_teacher_momentum = 0.9
purify_teacher_cpu_half = True
attack = none
ba_target_label = 0
ba_poison_rate = 0.2
ba_trigger_gen_steps = 30
ba_trigger_gen_lr = 0.01
ba_pgd_eps = 0.0314
ba_trigger_scale = 8.0
pfedba_target_label = 0
pfedba_poison_rate = 0.5
pfedba_poison_count = -1
pfedba_poison_before_start = False
pfedba_attack_start = 30
pfedba_trigger_opt_steps = 15
pfedba_trigger_lr = 0.1
pfedba_init_value = 0.5
pfedba_patch_size = 8
pfedba_patch_position = center
pfedba_img_c = 3
pfedba_img_h = 32
pfedba_img_w = 32
pfedba_align_grad_weight = 1.0
pfedba_align_loss_weight = 1.0
pfedba_attack_loss_weight = 1.0
pfedba_opt_samples_per_class = 100
pfedba_opt_batch_size = 64
pfedba_opt_max_batches_per_client = 20
logit_analysis = False
logit_reject_thresholds = 0.5,0.6,0.7,0.8
logit_entropy_thresholds = 1.0,1.5,2.0
logit_margin_thresholds = 0.1,0.2,0.3
==================================================

============= Running time: 0th =============
Creating server and clients ...
ResNet(
  (conv1): Conv2d(3, 64, kernel_size=(3, 3), stride=(1, 1), padding=(1, 1), bias=False)
  (bn1): BatchNorm2d(64, eps=1e-05, momentum=0.1, affine=True, track_running_stats=True)
  (relu): ReLU(inplace=True)
  (layer1): Sequential(
    (0): BasicBlock(
      (conv1): Conv2d(64, 64, kernel_size=(3, 3), stride=(1, 1), padding=(1, 1), bias=False)
      (bn1): BatchNorm2d(64, eps=1e-05, momentum=0.1, affine=True, track_running_stats=True)
      (relu): ReLU(inplace=True)
      (conv2): Conv2d(64, 64, kernel_size=(3, 3), stride=(1, 1), padding=(1, 1), bias=False)
      (bn2): BatchNorm2d(64, eps=1e-05, momentum=0.1, affine=True, track_running_stats=True)
    )
    (1): BasicBlock(
      (conv1): Conv2d(64, 64, kernel_size=(3, 3), stride=(1, 1), padding=(1, 1), bias=False)
      (bn1): BatchNorm2d(64, eps=1e-05, momentum=0.1, affine=True, track_running_stats=True)
      (relu): ReLU(inplace=True)
      (conv2): Conv2d(64, 64, kernel_size=(3, 3), stride=(1, 1), padding=(1, 1), bias=False)
      (bn2): BatchNorm2d(64, eps=1e-05, momentum=0.1, affine=True, track_running_stats=True)
    )
  )
  (layer2): Sequential(
    (0): BasicBlock(
      (conv1): Conv2d(64, 128, kernel_size=(3, 3), stride=(2, 2), padding=(1, 1), bias=False)
      (bn1): BatchNorm2d(128, eps=1e-05, momentum=0.1, affine=True, track_running_stats=True)
      (relu): ReLU(inplace=True)
      (conv2): Conv2d(128, 128, kernel_size=(3, 3), stride=(1, 1), padding=(1, 1), bias=False)
      (bn2): BatchNorm2d(128, eps=1e-05, momentum=0.1, affine=True, track_running_stats=True)
      (downsample): Sequential(
        (0): Conv2d(64, 128, kernel_size=(1, 1), stride=(2, 2), bias=False)
        (1): BatchNorm2d(128, eps=1e-05, momentum=0.1, affine=True, track_running_stats=True)
      )
    )
    (1): BasicBlock(
      (conv1): Conv2d(128, 128, kernel_size=(3, 3), stride=(1, 1), padding=(1, 1), bias=False)
      (bn1): BatchNorm2d(128, eps=1e-05, momentum=0.1, affine=True, track_running_stats=True)
      (relu): ReLU(inplace=True)
      (conv2): Conv2d(128, 128, kernel_size=(3, 3), stride=(1, 1), padding=(1, 1), bias=False)
      (bn2): BatchNorm2d(128, eps=1e-05, momentum=0.1, affine=True, track_running_stats=True)
    )
  )
  (layer3): Sequential(
    (0): BasicBlock(
      (conv1): Conv2d(128, 256, kernel_size=(3, 3), stride=(2, 2), padding=(1, 1), bias=False)
      (bn1): BatchNorm2d(256, eps=1e-05, momentum=0.1, affine=True, track_running_stats=True)
      (relu): ReLU(inplace=True)
      (conv2): Conv2d(256, 256, kernel_size=(3, 3), stride=(1, 1), padding=(1, 1), bias=False)
      (bn2): BatchNorm2d(256, eps=1e-05, momentum=0.1, affine=True, track_running_stats=True)
      (downsample): Sequential(
        (0): Conv2d(128, 256, kernel_size=(1, 1), stride=(2, 2), bias=False)
        (1): BatchNorm2d(256, eps=1e-05, momentum=0.1, affine=True, track_running_stats=True)
      )
    )
    (1): BasicBlock(
      (conv1): Conv2d(256, 256, kernel_size=(3, 3), stride=(1, 1), padding=(1, 1), bias=False)
      (bn1): BatchNorm2d(256, eps=1e-05, momentum=0.1, affine=True, track_running_stats=True)
      (relu): ReLU(inplace=True)
      (conv2): Conv2d(256, 256, kernel_size=(3, 3), stride=(1, 1), padding=(1, 1), bias=False)
      (bn2): BatchNorm2d(256, eps=1e-05, momentum=0.1, affine=True, track_running_stats=True)
    )
  )
  (layer4): Sequential(
    (0): BasicBlock(
      (conv1): Conv2d(256, 512, kernel_size=(3, 3), stride=(2, 2), padding=(1, 1), bias=False)
      (bn1): BatchNorm2d(512, eps=1e-05, momentum=0.1, affine=True, track_running_stats=True)
      (relu): ReLU(inplace=True)
      (conv2): Conv2d(512, 512, kernel_size=(3, 3), stride=(1, 1), padding=(1, 1), bias=False)
      (bn2): BatchNorm2d(512, eps=1e-05, momentum=0.1, affine=True, track_running_stats=True)
      (downsample): Sequential(
        (0): Conv2d(256, 512, kernel_size=(1, 1), stride=(2, 2), bias=False)
        (1): BatchNorm2d(512, eps=1e-05, momentum=0.1, affine=True, track_running_stats=True)
      )
    )
    (1): BasicBlock(
      (conv1): Conv2d(512, 512, kernel_size=(3, 3), stride=(1, 1), padding=(1, 1), bias=False)
      (bn1): BatchNorm2d(512, eps=1e-05, momentum=0.1, affine=True, track_running_stats=True)
      (relu): ReLU(inplace=True)
      (conv2): Conv2d(512, 512, kernel_size=(3, 3), stride=(1, 1), padding=(1, 1), bias=False)
      (bn2): BatchNorm2d(512, eps=1e-05, momentum=0.1, affine=True, track_running_stats=True)
    )
  )
  (avgpool): AdaptiveAvgPool2d(output_size=(1, 1))
  (fc): Linear(in_features=512, out_features=10, bias=True)
)

Join ratio / total clients: 0.1 / 100
Finished creating server and clients.

-------------Round number: 0-------------

Evaluate personalized models
Averaged Train Loss: 2.4226
Averaged Test Accurancy: 0.0000
Std Test Accurancy: 0.0000
ASR : 0.0
-------------------------------------------------- 8.934157609939575
ASR : 0.0017651600403044085
-------------------------------------------------- 7.027536392211914
ASR : 0.25819765175905757
-------------------------------------------------- 6.450756549835205
ASR : 0.2769473423491427
-------------------------------------------------- 6.363698959350586
ASR : 0.0018783509597917038
-------------------------------------------------- 6.562377452850342
ASR : 0.0029080544935479345
-------------------------------------------------- 5.960720777511597
ASR : 0.24866222862886178
-------------------------------------------------- 6.275297164916992
ASR : 0.19460141873191014
-------------------------------------------------- 6.317711591720581
ASR : 0.2539496189087128
-------------------------------------------------- 6.219900608062744
ASR : 0.23050646241447348
-------------------------------------------------- 6.324759244918823

-------------Round number: 10-------------

Evaluate personalized models
Averaged Train Loss: 53.0583
Averaged Test Accurancy: 0.1104
Std Test Accurancy: 0.1139
ASR : 0.024985008373375237
-------------------------------------------------- 18.687625408172607
ASR : 0.004973898922888801
-------------------------------------------------- 6.307925224304199
ASR : 0.10214243049089543
-------------------------------------------------- 6.523061990737915
ASR : 0.18926697134389517
-------------------------------------------------- 6.296041250228882
ASR : 0.039379758858216964
-------------------------------------------------- 6.159862518310547
ASR : 0.027932033886050724
-------------------------------------------------- 6.253287076950073
ASR : 0.20515217843812183
-------------------------------------------------- 6.0978991985321045
ASR : 0.10772006229493694
-------------------------------------------------- 6.151636123657227
ASR : 0.2549741937270858
-------------------------------------------------- 6.010408401489258
ASR : 0.20412425840527856
-------------------------------------------------- 6.474371433258057

-------------Round number: 20-------------

Evaluate personalized models
Averaged Train Loss: 31.6452
Averaged Test Accurancy: 0.1516
Std Test Accurancy: 0.1455
ASR : 0.20838473884263076
-------------------------------------------------- 19.01807713508606
ASR : 0.17775330375648
-------------------------------------------------- 6.4717724323272705
ASR : 0.04500425255607267
-------------------------------------------------- 6.031641244888306
ASR : 0.13369865754256488
-------------------------------------------------- 6.025331735610962
ASR : 0.15945296374967557
-------------------------------------------------- 5.88718318939209
ASR : 0.1659097850638001
-------------------------------------------------- 6.391134023666382
ASR : 0.027177159551354798
-------------------------------------------------- 6.486117124557495
ASR : 0.05299002426247599
-------------------------------------------------- 6.351389169692993
ASR : 0.025961222423487244
-------------------------------------------------- 6.027939796447754
ASR : 0.12658297943958538
-------------------------------------------------- 6.3568115234375

-------------Round number: 30-------------

Evaluate personalized models
Averaged Train Loss: 26.9843
Averaged Test Accurancy: 0.2051
Std Test Accurancy: 0.1723
ASR : 0.01992386319598652
-------------------------------------------------- 18.984880447387695
ASR : 0.0848396246215858
-------------------------------------------------- 6.300738334655762
ASR : 0.07635202894484787
-------------------------------------------------- 6.252681016921997
ASR : 0.09228630623175679
-------------------------------------------------- 6.153353929519653
ASR : 0.06706966721170456
-------------------------------------------------- 6.08929967880249
ASR : 0.047423308887613716
-------------------------------------------------- 6.1771886348724365
ASR : 0.06549445232904298
-------------------------------------------------- 6.28400444984436
ASR : 0.04218139083860676
-------------------------------------------------- 6.079116106033325
ASR : 0.08314636550204567
-------------------------------------------------- 6.345782279968262
ASR : 0.01777597419670163
-------------------------------------------------- 6.09818434715271

-------------Round number: 40-------------

Evaluate personalized models
Averaged Train Loss: 4.3225
Averaged Test Accurancy: 0.2123
Std Test Accurancy: 0.1464
ASR : 0.031331154072230055
-------------------------------------------------- 19.030089139938354
ASR : 0.06983012636098593
-------------------------------------------------- 6.327531099319458
ASR : 0.04992344697387427
-------------------------------------------------- 6.1542067527771
ASR : 0.029636514596825946
-------------------------------------------------- 6.383254766464233
ASR : 0.032277737478631656
-------------------------------------------------- 6.310000896453857
ASR : 0.02409332184765127
-------------------------------------------------- 6.000193357467651
ASR : 0.0468986287429575
-------------------------------------------------- 6.421605110168457
ASR : 0.06166759937421165
-------------------------------------------------- 6.285694599151611
ASR : 0.1111111111111111
-------------------------------------------------- 5.980398178100586
ASR : 1.0
-------------------------------------------------- 6.402436017990112

-------------Round number: 50-------------

Evaluate personalized models
Averaged Train Loss: nan
Averaged Test Accurancy: 0.0991
Std Test Accurancy: 0.1381
ASR : 1.0
-------------------------------------------------- 18.69570231437683
ASR : 1.0
-------------------------------------------------- 6.364346981048584
ASR : 1.0
-------------------------------------------------- 6.39717960357666
ASR : 1.0
-------------------------------------------------- 6.067613124847412
ASR : 1.0
-------------------------------------------------- 6.407921075820923
ASR : 1.0
-------------------------------------------------- 6.021941423416138
ASR : 1.0
-------------------------------------------------- 6.410278081893921
ASR : 1.0
-------------------------------------------------- 6.338887929916382
ASR : 1.0
-------------------------------------------------- 6.21784234046936
ASR : 1.0
-------------------------------------------------- 5.946855545043945

-------------Round number: 60-------------

Evaluate personalized models
Averaged Train Loss: nan
Averaged Test Accurancy: 0.0991
Std Test Accurancy: 0.1381
ASR : 1.0
-------------------------------------------------- 19.000954389572144
ASR : 1.0
-------------------------------------------------- 6.683412551879883
ASR : 1.0
-------------------------------------------------- 6.094444751739502
ASR : 1.0
-------------------------------------------------- 5.94187331199646
ASR : 1.0
-------------------------------------------------- 6.477903842926025
ASR : 1.0
-------------------------------------------------- 6.7670934200286865
ASR : 1.0
-------------------------------------------------- 6.537283420562744
ASR : 1.0
-------------------------------------------------- 6.609203338623047
ASR : 1.0
-------------------------------------------------- 6.421747922897339
ASR : 1.0
-------------------------------------------------- 6.2790515422821045

-------------Round number: 70-------------

Evaluate personalized models
Averaged Train Loss: nan
Averaged Test Accurancy: 0.0991
Std Test Accurancy: 0.1381
ASR : 1.0
-------------------------------------------------- 18.942543983459473
ASR : 1.0
-------------------------------------------------- 6.43359899520874
ASR : 1.0
-------------------------------------------------- 6.245865821838379
ASR : 1.0
-------------------------------------------------- 6.193510293960571
ASR : 1.0
-------------------------------------------------- 6.440831661224365
ASR : 1.0
-------------------------------------------------- 6.358925104141235
ASR : 1.0
-------------------------------------------------- 6.28225040435791
ASR : 1.0
-------------------------------------------------- 6.4920642375946045
ASR : 1.0
-------------------------------------------------- 6.546710729598999
ASR : 1.0
-------------------------------------------------- 6.5840229988098145

-------------Round number: 80-------------

Evaluate personalized models
Averaged Train Loss: nan
Averaged Test Accurancy: 0.0991
Std Test Accurancy: 0.1381
ASR : 1.0
-------------------------------------------------- 19.145933866500854
ASR : 1.0
-------------------------------------------------- 6.156259059906006
ASR : 1.0
-------------------------------------------------- 6.270969390869141
ASR : 1.0
-------------------------------------------------- 6.329786539077759
ASR : 1.0
-------------------------------------------------- 6.310983657836914
ASR : 1.0
-------------------------------------------------- 6.438802480697632
ASR : 1.0
-------------------------------------------------- 6.277262449264526
ASR : 1.0
-------------------------------------------------- 6.2705769538879395
ASR : 1.0
-------------------------------------------------- 6.121842622756958
ASR : 1.0
-------------------------------------------------- 6.431994676589966

-------------Round number: 90-------------

Evaluate personalized models
Averaged Train Loss: nan
Averaged Test Accurancy: 0.0991
Std Test Accurancy: 0.1381
ASR : 1.0
-------------------------------------------------- 19.005757331848145
ASR : 1.0
-------------------------------------------------- 6.167865991592407
ASR : 1.0
-------------------------------------------------- 6.141737699508667
ASR : 1.0
-------------------------------------------------- 6.154174566268921
ASR : 1.0
-------------------------------------------------- 6.308037996292114
ASR : 1.0
-------------------------------------------------- 6.256349563598633
ASR : 1.0
-------------------------------------------------- 6.602296590805054
ASR : 1.0
-------------------------------------------------- 6.3962085247039795
ASR : 1.0
-------------------------------------------------- 6.390939474105835
ASR : 1.0
-------------------------------------------------- 6.677049875259399

-------------Round number: 100-------------

Evaluate personalized models
Averaged Train Loss: nan
Averaged Test Accurancy: 0.0991
Std Test Accurancy: 0.1381
ASR : 1.0
-------------------------------------------------- 18.968093633651733
ASR : 1.0
-------------------------------------------------- 6.224518060684204
ASR : 1.0
-------------------------------------------------- 6.513705730438232
ASR : 1.0
-------------------------------------------------- 6.064296007156372
ASR : 1.0
-------------------------------------------------- 6.239346265792847
ASR : 1.0
-------------------------------------------------- 6.276581048965454
ASR : 1.0
-------------------------------------------------- 5.944295167922974
ASR : 1.0
-------------------------------------------------- 6.487131357192993
ASR : 1.0
-------------------------------------------------- 6.644523620605469
ASR : 1.0
-------------------------------------------------- 6.4357216358184814

-------------Round number: 110-------------

Evaluate personalized models
Averaged Train Loss: nan
Averaged Test Accurancy: 0.0991
Std Test Accurancy: 0.1381
ASR : 1.0
-------------------------------------------------- 19.364685773849487
ASR : 1.0
-------------------------------------------------- 6.213032245635986
ASR : 1.0
-------------------------------------------------- 6.380633592605591
ASR : 1.0
-------------------------------------------------- 6.277830123901367
ASR : 1.0
-------------------------------------------------- 6.2972564697265625
ASR : 1.0
-------------------------------------------------- 6.4436774253845215
ASR : 1.0
-------------------------------------------------- 6.176287651062012
ASR : 1.0
-------------------------------------------------- 6.432347297668457
ASR : 1.0
-------------------------------------------------- 6.386751174926758
ASR : 1.0
-------------------------------------------------- 6.3456032276153564

-------------Round number: 120-------------

Evaluate personalized models
Averaged Train Loss: nan
Averaged Test Accurancy: 0.0991
Std Test Accurancy: 0.1381
ASR : 1.0
-------------------------------------------------- 19.05342960357666
ASR : 1.0
-------------------------------------------------- 6.45585823059082
ASR : 1.0
-------------------------------------------------- 6.478298664093018
ASR : 1.0
-------------------------------------------------- 6.37185263633728
ASR : 1.0
-------------------------------------------------- 5.905562877655029
ASR : 1.0
-------------------------------------------------- 6.321806192398071
ASR : 1.0
-------------------------------------------------- 6.056091785430908
ASR : 1.0
-------------------------------------------------- 6.364117860794067
ASR : 1.0
-------------------------------------------------- 6.364640712738037
ASR : 1.0
-------------------------------------------------- 6.279820919036865

-------------Round number: 130-------------

Evaluate personalized models
Averaged Train Loss: nan
Averaged Test Accurancy: 0.0991
Std Test Accurancy: 0.1381
ASR : 1.0
-------------------------------------------------- 19.068203687667847
ASR : 1.0
-------------------------------------------------- 6.193156480789185
ASR : 1.0
-------------------------------------------------- 6.196556568145752
ASR : 1.0
-------------------------------------------------- 6.23258113861084
ASR : 1.0
-------------------------------------------------- 6.325256109237671
ASR : 1.0
-------------------------------------------------- 6.414074420928955
ASR : 1.0
-------------------------------------------------- 6.348390102386475
ASR : 1.0
-------------------------------------------------- 6.231829881668091
ASR : 1.0
-------------------------------------------------- 6.081959009170532
ASR : 1.0
-------------------------------------------------- 6.325228214263916

-------------Round number: 140-------------

Evaluate personalized models
Averaged Train Loss: nan
Averaged Test Accurancy: 0.0991
Std Test Accurancy: 0.1381
ASR : 1.0
-------------------------------------------------- 18.726698637008667
ASR : 1.0
-------------------------------------------------- 6.206338167190552
ASR : 1.0
-------------------------------------------------- 6.144726514816284
ASR : 1.0
-------------------------------------------------- 6.418305397033691
ASR : 1.0
-------------------------------------------------- 6.354395151138306
ASR : 1.0
-------------------------------------------------- 6.004623889923096
ASR : 1.0
-------------------------------------------------- 6.006012678146362
ASR : 1.0
-------------------------------------------------- 6.456925868988037
ASR : 1.0
-------------------------------------------------- 6.238370418548584
ASR : 1.0
-------------------------------------------------- 6.262498140335083

-------------Round number: 150-------------

Evaluate personalized models
Averaged Train Loss: nan
Averaged Test Accurancy: 0.0991
Std Test Accurancy: 0.1381
ASR : 1.0
-------------------------------------------------- 19.07986354827881
ASR : 1.0
-------------------------------------------------- 6.316282272338867
ASR : 1.0
-------------------------------------------------- 5.946596384048462
ASR : 1.0
-------------------------------------------------- 6.557007789611816
ASR : 1.0
-------------------------------------------------- 6.3943421840667725
ASR : 1.0
-------------------------------------------------- 6.334404706954956
ASR : 1.0
-------------------------------------------------- 6.431338548660278
ASR : 1.0
-------------------------------------------------- 6.251284837722778
ASR : 1.0
-------------------------------------------------- 6.295845031738281
ASR : 1.0
-------------------------------------------------- 6.179240465164185

-------------Round number: 160-------------

Evaluate personalized models
Averaged Train Loss: nan
Averaged Test Accurancy: 0.0991
Std Test Accurancy: 0.1381
ASR : 1.0
-------------------------------------------------- 19.061258554458618
ASR : 1.0
-------------------------------------------------- 6.425105571746826
ASR : 1.0
-------------------------------------------------- 6.327527046203613
ASR : 1.0
-------------------------------------------------- 6.456279754638672
ASR : 1.0
-------------------------------------------------- 6.323981046676636
ASR : 1.0
-------------------------------------------------- 6.322858095169067
ASR : 1.0
-------------------------------------------------- 6.3409483432769775
ASR : 1.0
-------------------------------------------------- 6.263471841812134
ASR : 1.0
-------------------------------------------------- 6.091015338897705
ASR : 1.0
-------------------------------------------------- 6.117130279541016

-------------Round number: 170-------------

Evaluate personalized models
Averaged Train Loss: nan
Averaged Test Accurancy: 0.0991
Std Test Accurancy: 0.1381
ASR : 1.0
-------------------------------------------------- 19.14039421081543
ASR : 1.0
-------------------------------------------------- 6.288363456726074
ASR : 1.0
-------------------------------------------------- 6.281424283981323
ASR : 1.0
-------------------------------------------------- 6.131840229034424
ASR : 1.0
-------------------------------------------------- 6.074207544326782
ASR : 1.0
-------------------------------------------------- 6.29466700553894
ASR : 1.0
-------------------------------------------------- 6.196084022521973
ASR : 1.0
-------------------------------------------------- 5.9494524002075195
ASR : 1.0
-------------------------------------------------- 6.21953010559082
ASR : 1.0
-------------------------------------------------- 6.823872089385986

-------------Round number: 180-------------

Evaluate personalized models
Averaged Train Loss: nan
Averaged Test Accurancy: 0.0991
Std Test Accurancy: 0.1381
ASR : 1.0
-------------------------------------------------- 18.946563720703125
ASR : 1.0
-------------------------------------------------- 6.252601385116577
ASR : 1.0
-------------------------------------------------- 6.324245929718018
ASR : 1.0
-------------------------------------------------- 6.397352457046509
ASR : 1.0
-------------------------------------------------- 6.650615930557251
ASR : 1.0
-------------------------------------------------- 6.4037415981292725
ASR : 1.0
-------------------------------------------------- 6.424768686294556
ASR : 1.0
-------------------------------------------------- 6.172092437744141
ASR : 1.0
-------------------------------------------------- 6.366549491882324
ASR : 1.0
-------------------------------------------------- 6.2384116649627686

-------------Round number: 190-------------

Evaluate personalized models
Averaged Train Loss: nan
Averaged Test Accurancy: 0.0991
Std Test Accurancy: 0.1381
ASR : 1.0
-------------------------------------------------- 19.217756032943726
ASR : 1.0
-------------------------------------------------- 6.2120654582977295
ASR : 1.0
-------------------------------------------------- 6.1670310497283936
ASR : 1.0
-------------------------------------------------- 6.320563793182373
ASR : 1.0
-------------------------------------------------- 6.371191501617432
ASR : 1.0
-------------------------------------------------- 6.2424280643463135
ASR : 1.0
-------------------------------------------------- 6.255324363708496
ASR : 1.0
-------------------------------------------------- 6.533727407455444
ASR : 1.0
-------------------------------------------------- 6.745055437088013
ASR : 1.0
-------------------------------------------------- 6.421557664871216

-------------Round number: 200-------------

Evaluate personalized models
Averaged Train Loss: nan
Averaged Test Accurancy: 0.0991
Std Test Accurancy: 0.1381
ASR : 1.0
-------------------------------------------------- 18.673842430114746
ASR : 1.0
-------------------------------------------------- 6.12998104095459
ASR : 1.0
-------------------------------------------------- 6.561696767807007
ASR : 1.0
-------------------------------------------------- 6.228801965713501
ASR : 1.0
-------------------------------------------------- 6.638076543807983
ASR : 1.0
-------------------------------------------------- 6.083712339401245
ASR : 1.0
-------------------------------------------------- 6.155445575714111
ASR : 1.0
-------------------------------------------------- 6.338917016983032
ASR : 1.0
-------------------------------------------------- 6.380964756011963
ASR : 1.0
-------------------------------------------------- 6.377771377563477

-------------Round number: 210-------------

Evaluate personalized models
Averaged Train Loss: nan
Averaged Test Accurancy: 0.0991
Std Test Accurancy: 0.1381
ASR : 1.0
-------------------------------------------------- 19.013106107711792
ASR : 1.0
-------------------------------------------------- 6.134675979614258
ASR : 1.0
-------------------------------------------------- 6.432096481323242
ASR : 1.0
-------------------------------------------------- 6.357941150665283
ASR : 1.0
-------------------------------------------------- 6.3453826904296875
ASR : 1.0
-------------------------------------------------- 6.51295018196106
ASR : 1.0
-------------------------------------------------- 6.209160566329956
ASR : 1.0
-------------------------------------------------- 6.306313514709473
ASR : 1.0
-------------------------------------------------- 6.222514867782593
ASR : 1.0
-------------------------------------------------- 6.045041084289551

-------------Round number: 220-------------

Evaluate personalized models
Averaged Train Loss: nan
Averaged Test Accurancy: 0.0991
Std Test Accurancy: 0.1381
ASR : 1.0
-------------------------------------------------- 18.748055696487427
ASR : 1.0
-------------------------------------------------- 6.524739027023315
ASR : 1.0
-------------------------------------------------- 6.103382110595703
ASR : 1.0
-------------------------------------------------- 5.9482505321502686
ASR : 1.0
-------------------------------------------------- 6.223110675811768
ASR : 1.0
-------------------------------------------------- 6.3324480056762695
ASR : 1.0
-------------------------------------------------- 6.383172512054443
ASR : 1.0
-------------------------------------------------- 6.357151985168457
ASR : 1.0
-------------------------------------------------- 6.339637517929077
ASR : 1.0
-------------------------------------------------- 6.486249208450317

-------------Round number: 230-------------

Evaluate personalized models
Averaged Train Loss: nan
Averaged Test Accurancy: 0.0991
Std Test Accurancy: 0.1381
ASR : 1.0
-------------------------------------------------- 18.896806240081787
ASR : 1.0
-------------------------------------------------- 5.908517599105835
ASR : 1.0
-------------------------------------------------- 6.27526068687439
ASR : 1.0
-------------------------------------------------- 6.021625995635986
ASR : 1.0
-------------------------------------------------- 6.42296838760376
ASR : 1.0
-------------------------------------------------- 6.368801593780518
ASR : 1.0
-------------------------------------------------- 6.2784340381622314
ASR : 1.0
-------------------------------------------------- 6.302164316177368
ASR : 1.0
-------------------------------------------------- 6.284431219100952
ASR : 1.0
-------------------------------------------------- 6.092498064041138

-------------Round number: 240-------------

Evaluate personalized models
Averaged Train Loss: nan
Averaged Test Accurancy: 0.0991
Std Test Accurancy: 0.1381
ASR : 1.0
-------------------------------------------------- 18.84151816368103
ASR : 1.0
-------------------------------------------------- 6.127533912658691
ASR : 1.0
-------------------------------------------------- 6.351773500442505
ASR : 1.0
-------------------------------------------------- 6.415826320648193
ASR : 1.0
-------------------------------------------------- 6.434844493865967
ASR : 1.0
-------------------------------------------------- 6.291247367858887
ASR : 1.0
-------------------------------------------------- 6.095689535140991
ASR : 1.0
-------------------------------------------------- 5.956295967102051
ASR : 1.0
-------------------------------------------------- 6.13159704208374
ASR : 1.0
-------------------------------------------------- 6.214949607849121

-------------Round number: 250-------------

Evaluate personalized models
Averaged Train Loss: nan
Averaged Test Accurancy: 0.0991
Std Test Accurancy: 0.1381
ASR : 1.0
-------------------------------------------------- 18.710628509521484
ASR : 1.0
-------------------------------------------------- 6.549435138702393
ASR : 1.0
-------------------------------------------------- 6.452254295349121
ASR : 1.0
-------------------------------------------------- 6.161590099334717
ASR : 1.0
-------------------------------------------------- 6.4675397872924805
ASR : 1.0
-------------------------------------------------- 6.310768365859985
ASR : 1.0
-------------------------------------------------- 6.224928855895996
ASR : 1.0
-------------------------------------------------- 6.361737012863159
ASR : 1.0
-------------------------------------------------- 6.557128667831421
ASR : 1.0
-------------------------------------------------- 6.281238317489624

-------------Round number: 260-------------

Evaluate personalized models
Averaged Train Loss: nan
Averaged Test Accurancy: 0.0991
Std Test Accurancy: 0.1381
ASR : 1.0
-------------------------------------------------- 18.800216674804688
ASR : 1.0
-------------------------------------------------- 6.4978203773498535
ASR : 1.0
-------------------------------------------------- 6.323644399642944
ASR : 1.0
-------------------------------------------------- 6.355186939239502
ASR : 1.0
-------------------------------------------------- 6.480412244796753
ASR : 1.0
-------------------------------------------------- 6.333443641662598
ASR : 1.0
-------------------------------------------------- 6.515960693359375
ASR : 1.0
-------------------------------------------------- 6.428659915924072
ASR : 1.0
-------------------------------------------------- 6.249255418777466
ASR : 1.0
-------------------------------------------------- 6.157514810562134

-------------Round number: 270-------------

Evaluate personalized models
Averaged Train Loss: nan
Averaged Test Accurancy: 0.0991
Std Test Accurancy: 0.1381
ASR : 1.0
-------------------------------------------------- 19.002222299575806
ASR : 1.0
-------------------------------------------------- 6.362885475158691
ASR : 1.0
-------------------------------------------------- 6.337168455123901
ASR : 1.0
-------------------------------------------------- 6.180438280105591
ASR : 1.0
-------------------------------------------------- 6.282422304153442
ASR : 1.0
-------------------------------------------------- 6.653497219085693
ASR : 1.0
-------------------------------------------------- 6.2875237464904785
ASR : 1.0
-------------------------------------------------- 6.457175970077515
ASR : 1.0
-------------------------------------------------- 6.546690940856934
ASR : 1.0
-------------------------------------------------- 6.022684574127197

-------------Round number: 280-------------

Evaluate personalized models
Averaged Train Loss: nan
Averaged Test Accurancy: 0.0991
Std Test Accurancy: 0.1381
ASR : 1.0
-------------------------------------------------- 18.74197006225586
ASR : 1.0
-------------------------------------------------- 5.9215087890625
ASR : 1.0
-------------------------------------------------- 6.160698652267456
ASR : 1.0
-------------------------------------------------- 6.270405530929565
ASR : 1.0
-------------------------------------------------- 6.217973232269287
ASR : 1.0
-------------------------------------------------- 6.359731435775757
ASR : 1.0
-------------------------------------------------- 6.228929281234741
ASR : 1.0
-------------------------------------------------- 6.058530330657959
ASR : 1.0
-------------------------------------------------- 6.530854940414429
ASR : 1.0
-------------------------------------------------- 6.062077760696411

-------------Round number: 290-------------

Evaluate personalized models
Averaged Train Loss: nan
Averaged Test Accurancy: 0.0991
Std Test Accurancy: 0.1381
ASR : 1.0
-------------------------------------------------- 18.810171604156494
ASR : 1.0
-------------------------------------------------- 6.245059490203857
ASR : 1.0
-------------------------------------------------- 6.286011219024658
ASR : 1.0
-------------------------------------------------- 6.4146339893341064
ASR : 1.0
-------------------------------------------------- 6.403016567230225
ASR : 1.0
-------------------------------------------------- 6.183885812759399
ASR : 1.0
-------------------------------------------------- 6.3933374881744385
ASR : 1.0
-------------------------------------------------- 6.0906829833984375
ASR : 1.0
-------------------------------------------------- 6.281960487365723
ASR : 1.0
-------------------------------------------------- 6.254317045211792

-------------Round number: 300-------------

Evaluate personalized models
Averaged Train Loss: nan
Averaged Test Accurancy: 0.0991
Std Test Accurancy: 0.1381
ASR : 1.0
-------------------------------------------------- 18.868835926055908
ASR : 1.0
-------------------------------------------------- 6.262636184692383
ASR : 1.0
-------------------------------------------------- 5.9739484786987305
ASR : 1.0
-------------------------------------------------- 6.163917303085327
ASR : 1.0
-------------------------------------------------- 6.230543613433838
ASR : 1.0
-------------------------------------------------- 6.261009454727173
ASR : 1.0
-------------------------------------------------- 6.375239610671997
ASR : 1.0
-------------------------------------------------- 6.375805854797363
ASR : 1.0
-------------------------------------------------- 6.1906633377075195
ASR : 1.0
-------------------------------------------------- 6.635400295257568

-------------Round number: 310-------------

Evaluate personalized models
Averaged Train Loss: nan
Averaged Test Accurancy: 0.0991
Std Test Accurancy: 0.1381
ASR : 1.0
-------------------------------------------------- 19.055790424346924
ASR : 1.0
-------------------------------------------------- 6.279104232788086
ASR : 1.0
-------------------------------------------------- 6.210743188858032
ASR : 1.0
-------------------------------------------------- 6.531505346298218
ASR : 1.0
-------------------------------------------------- 6.435297250747681
ASR : 1.0
-------------------------------------------------- 6.370099306106567
ASR : 1.0
-------------------------------------------------- 6.196377992630005
ASR : 1.0
-------------------------------------------------- 6.039123773574829
ASR : 1.0
-------------------------------------------------- 5.926896095275879
ASR : 1.0
-------------------------------------------------- 6.031486749649048

-------------Round number: 320-------------

Evaluate personalized models
Averaged Train Loss: nan
Averaged Test Accurancy: 0.0991
Std Test Accurancy: 0.1381
ASR : 1.0
-------------------------------------------------- 19.27860713005066
ASR : 1.0
-------------------------------------------------- 6.418081045150757
ASR : 1.0
-------------------------------------------------- 6.041369676589966
ASR : 1.0
-------------------------------------------------- 6.187997341156006
ASR : 1.0
-------------------------------------------------- 6.368396520614624
ASR : 1.0
-------------------------------------------------- 6.313725233078003
ASR : 1.0
-------------------------------------------------- 6.191223859786987
ASR : 1.0
-------------------------------------------------- 6.406229496002197
ASR : 1.0
-------------------------------------------------- 6.2354302406311035
ASR : 1.0
-------------------------------------------------- 6.304122686386108

-------------Round number: 330-------------

Evaluate personalized models
Averaged Train Loss: nan
Averaged Test Accurancy: 0.0991
Std Test Accurancy: 0.1381
ASR : 1.0
-------------------------------------------------- 18.90747880935669
ASR : 1.0
-------------------------------------------------- 6.199440240859985
ASR : 1.0
-------------------------------------------------- 6.242652416229248
ASR : 1.0
-------------------------------------------------- 6.531311988830566
ASR : 1.0
-------------------------------------------------- 6.235496282577515
ASR : 1.0
-------------------------------------------------- 6.276668071746826
ASR : 1.0
-------------------------------------------------- 6.212960243225098
ASR : 1.0
-------------------------------------------------- 6.1026153564453125
ASR : 1.0
-------------------------------------------------- 6.347989559173584
ASR : 1.0
-------------------------------------------------- 6.308804988861084

-------------Round number: 340-------------

Evaluate personalized models
Averaged Train Loss: nan
Averaged Test Accurancy: 0.0991
Std Test Accurancy: 0.1381
ASR : 1.0
-------------------------------------------------- 19.171246767044067
ASR : 1.0
-------------------------------------------------- 6.250274896621704
ASR : 1.0
-------------------------------------------------- 6.144359827041626
ASR : 1.0
-------------------------------------------------- 6.333466529846191
ASR : 1.0
-------------------------------------------------- 6.380326986312866
ASR : 1.0
-------------------------------------------------- 6.261783123016357
ASR : 1.0
-------------------------------------------------- 6.328254222869873
ASR : 1.0
-------------------------------------------------- 6.253219366073608
ASR : 1.0
-------------------------------------------------- 6.702089071273804
ASR : 1.0
-------------------------------------------------- 6.283373594284058

-------------Round number: 350-------------

Evaluate personalized models
Averaged Train Loss: nan
Averaged Test Accurancy: 0.0991
Std Test Accurancy: 0.1381
ASR : 1.0
-------------------------------------------------- 18.95452857017517
ASR : 1.0
-------------------------------------------------- 6.3933796882629395
ASR : 1.0
-------------------------------------------------- 6.327219724655151
ASR : 1.0
-------------------------------------------------- 5.861629009246826
ASR : 1.0
-------------------------------------------------- 6.436276912689209
ASR : 1.0
-------------------------------------------------- 6.50660514831543
ASR : 1.0
-------------------------------------------------- 6.263049125671387
ASR : 1.0
-------------------------------------------------- 6.304752826690674
ASR : 1.0
-------------------------------------------------- 6.323671102523804
ASR : 1.0
-------------------------------------------------- 6.441385507583618

-------------Round number: 360-------------

Evaluate personalized models
Averaged Train Loss: nan
Averaged Test Accurancy: 0.0991
Std Test Accurancy: 0.1381
ASR : 1.0
-------------------------------------------------- 18.71305274963379
ASR : 1.0
-------------------------------------------------- 6.285924196243286
ASR : 1.0
-------------------------------------------------- 6.274170398712158
ASR : 1.0
-------------------------------------------------- 6.1938393115997314
ASR : 1.0
-------------------------------------------------- 6.332669258117676
ASR : 1.0
-------------------------------------------------- 6.382886171340942
ASR : 1.0
-------------------------------------------------- 6.2436792850494385
ASR : 1.0
-------------------------------------------------- 6.278641700744629
ASR : 1.0
-------------------------------------------------- 6.037019491195679
ASR : 1.0
-------------------------------------------------- 6.107499599456787

-------------Round number: 370-------------

Evaluate personalized models
Averaged Train Loss: nan
Averaged Test Accurancy: 0.0991
Std Test Accurancy: 0.1381
ASR : 1.0
-------------------------------------------------- 18.710237741470337
ASR : 1.0
-------------------------------------------------- 5.986164331436157
ASR : 1.0
-------------------------------------------------- 6.236685276031494
ASR : 1.0
-------------------------------------------------- 6.266666889190674
ASR : 1.0
-------------------------------------------------- 6.370520353317261
ASR : 1.0
-------------------------------------------------- 6.471191167831421
ASR : 1.0
-------------------------------------------------- 6.139392137527466
ASR : 1.0
-------------------------------------------------- 6.570931434631348
ASR : 1.0
-------------------------------------------------- 6.54905104637146
ASR : 1.0
-------------------------------------------------- 6.661797523498535

-------------Round number: 380-------------

Evaluate personalized models
Averaged Train Loss: nan
Averaged Test Accurancy: 0.0991
Std Test Accurancy: 0.1381
ASR : 1.0
-------------------------------------------------- 19.106014013290405
ASR : 1.0
-------------------------------------------------- 6.169639587402344
ASR : 1.0
-------------------------------------------------- 6.303959131240845
ASR : 1.0
-------------------------------------------------- 6.147724866867065
ASR : 1.0
-------------------------------------------------- 6.094865083694458
ASR : 1.0
-------------------------------------------------- 6.470122814178467
ASR : 1.0
-------------------------------------------------- 6.6473352909088135
ASR : 1.0
-------------------------------------------------- 6.080485820770264
ASR : 1.0
-------------------------------------------------- 6.137420415878296
ASR : 1.0
-------------------------------------------------- 6.254471302032471

-------------Round number: 390-------------

Evaluate personalized models
Averaged Train Loss: nan
Averaged Test Accurancy: 0.0991
Std Test Accurancy: 0.1381
ASR : 1.0
-------------------------------------------------- 18.65760827064514
ASR : 1.0
-------------------------------------------------- 6.337427854537964
ASR : 1.0
-------------------------------------------------- 6.351020336151123
ASR : 1.0
-------------------------------------------------- 6.390317916870117
ASR : 1.0
-------------------------------------------------- 6.383132696151733
ASR : 1.0
-------------------------------------------------- 6.1141510009765625
ASR : 1.0
-------------------------------------------------- 6.744409799575806
ASR : 1.0
-------------------------------------------------- 6.014773607254028
ASR : 1.0
-------------------------------------------------- 6.511440992355347
ASR : 1.0
-------------------------------------------------- 6.35707688331604

-------------Round number: 400-------------

Evaluate personalized models
Averaged Train Loss: nan
Averaged Test Accurancy: 0.0991
Std Test Accurancy: 0.1381
ASR : 1.0
-------------------------------------------------- 18.517414331436157
ASR : 1.0
-------------------------------------------------- 6.12945818901062
ASR : 1.0
-------------------------------------------------- 6.3011839389801025
ASR : 1.0
-------------------------------------------------- 6.029133558273315
ASR : 1.0
-------------------------------------------------- 6.4621055126190186
ASR : 1.0
-------------------------------------------------- 6.30997896194458
ASR : 1.0
-------------------------------------------------- 6.1368865966796875
ASR : 1.0
-------------------------------------------------- 6.003536939620972
ASR : 1.0
-------------------------------------------------- 6.440372467041016
ASR : 1.0
-------------------------------------------------- 6.03462553024292

-------------Round number: 410-------------

Evaluate personalized models
Averaged Train Loss: nan
Averaged Test Accurancy: 0.0991
Std Test Accurancy: 0.1381
ASR : 1.0
-------------------------------------------------- 18.831995725631714
ASR : 1.0
-------------------------------------------------- 6.388778209686279
ASR : 1.0
-------------------------------------------------- 6.246827125549316
ASR : 1.0
-------------------------------------------------- 6.328510046005249
ASR : 1.0
-------------------------------------------------- 6.238182067871094
ASR : 1.0
-------------------------------------------------- 6.4046666622161865
ASR : 1.0
-------------------------------------------------- 6.162015199661255
ASR : 1.0
-------------------------------------------------- 6.21954345703125
ASR : 1.0
-------------------------------------------------- 6.189981698989868
ASR : 1.0
-------------------------------------------------- 6.386155843734741

-------------Round number: 420-------------

Evaluate personalized models
Averaged Train Loss: nan
Averaged Test Accurancy: 0.0991
Std Test Accurancy: 0.1381
ASR : 1.0
-------------------------------------------------- 19.08287787437439
ASR : 1.0
-------------------------------------------------- 6.127184629440308
ASR : 1.0
-------------------------------------------------- 6.400080919265747
ASR : 1.0
-------------------------------------------------- 6.318753719329834
ASR : 1.0
-------------------------------------------------- 6.106623649597168
ASR : 1.0
-------------------------------------------------- 5.962209463119507
ASR : 1.0
-------------------------------------------------- 6.2227067947387695
ASR : 1.0
-------------------------------------------------- 6.4522178173065186
ASR : 1.0
-------------------------------------------------- 6.203816652297974
ASR : 1.0
-------------------------------------------------- 6.118038892745972

-------------Round number: 430-------------

Evaluate personalized models
Averaged Train Loss: nan
Averaged Test Accurancy: 0.0991
Std Test Accurancy: 0.1381
ASR : 1.0
-------------------------------------------------- 18.81273365020752
ASR : 1.0
-------------------------------------------------- 6.135915994644165
ASR : 1.0
-------------------------------------------------- 6.024052143096924
ASR : 1.0
-------------------------------------------------- 6.01758599281311
ASR : 1.0
-------------------------------------------------- 6.554931640625
ASR : 1.0
-------------------------------------------------- 6.115764141082764
ASR : 1.0
-------------------------------------------------- 6.437537670135498
ASR : 1.0
-------------------------------------------------- 6.3220155239105225
ASR : 1.0
-------------------------------------------------- 6.194291114807129
ASR : 1.0
-------------------------------------------------- 6.169586181640625

-------------Round number: 440-------------

Evaluate personalized models
Averaged Train Loss: nan
Averaged Test Accurancy: 0.0991
Std Test Accurancy: 0.1381
ASR : 1.0
-------------------------------------------------- 19.16899561882019
ASR : 1.0
-------------------------------------------------- 6.321083068847656
ASR : 1.0
-------------------------------------------------- 6.438411712646484
ASR : 1.0
-------------------------------------------------- 6.39591646194458
ASR : 1.0
-------------------------------------------------- 6.551770448684692
ASR : 1.0
-------------------------------------------------- 6.26607871055603
ASR : 1.0
-------------------------------------------------- 6.433555603027344
ASR : 1.0
-------------------------------------------------- 6.243585109710693
ASR : 1.0
-------------------------------------------------- 6.103974342346191
ASR : 1.0
-------------------------------------------------- 6.196478605270386

-------------Round number: 450-------------

Evaluate personalized models
Averaged Train Loss: nan
Averaged Test Accurancy: 0.0991
Std Test Accurancy: 0.1381
ASR : 1.0
-------------------------------------------------- 19.192458391189575
ASR : 1.0
-------------------------------------------------- 6.112229108810425
ASR : 1.0
-------------------------------------------------- 6.037208080291748
ASR : 1.0
-------------------------------------------------- 6.189326047897339
ASR : 1.0
-------------------------------------------------- 6.147126197814941
ASR : 1.0
-------------------------------------------------- 6.383898735046387
ASR : 1.0
-------------------------------------------------- 6.35888934135437
ASR : 1.0
-------------------------------------------------- 6.515161752700806
ASR : 1.0
-------------------------------------------------- 6.539231777191162
ASR : 1.0
-------------------------------------------------- 6.222216606140137

-------------Round number: 460-------------

Evaluate personalized models
Averaged Train Loss: nan
Averaged Test Accurancy: 0.0991
Std Test Accurancy: 0.1381
ASR : 1.0
-------------------------------------------------- 19.01302671432495
ASR : 1.0
-------------------------------------------------- 6.146966934204102
ASR : 1.0
-------------------------------------------------- 6.054435968399048
ASR : 1.0
-------------------------------------------------- 6.2457497119903564
ASR : 1.0
-------------------------------------------------- 6.223327159881592
ASR : 1.0
-------------------------------------------------- 6.285380840301514
ASR : 1.0
-------------------------------------------------- 6.259685516357422
ASR : 1.0
-------------------------------------------------- 6.1386942863464355
ASR : 1.0
-------------------------------------------------- 6.287553071975708
ASR : 1.0
-------------------------------------------------- 6.340918302536011

-------------Round number: 470-------------

Evaluate personalized models
Averaged Train Loss: nan
Averaged Test Accurancy: 0.0991
Std Test Accurancy: 0.1381
ASR : 1.0
-------------------------------------------------- 18.80963706970215
ASR : 1.0
-------------------------------------------------- 6.384073495864868
ASR : 1.0
-------------------------------------------------- 6.281566143035889
ASR : 1.0
-------------------------------------------------- 6.546990871429443
ASR : 1.0
-------------------------------------------------- 6.090449571609497
ASR : 1.0
-------------------------------------------------- 6.334738492965698
ASR : 1.0
-------------------------------------------------- 6.274945020675659
ASR : 1.0
-------------------------------------------------- 6.129234313964844
ASR : 1.0
-------------------------------------------------- 6.526613712310791
ASR : 1.0
-------------------------------------------------- 6.143208265304565

-------------Round number: 480-------------

Evaluate personalized models
Averaged Train Loss: nan
Averaged Test Accurancy: 0.0991
Std Test Accurancy: 0.1381
ASR : 1.0
-------------------------------------------------- 18.586326837539673
ASR : 1.0
-------------------------------------------------- 6.207031011581421
ASR : 1.0
-------------------------------------------------- 6.403995513916016
ASR : 1.0
-------------------------------------------------- 6.32680082321167
ASR : 1.0
-------------------------------------------------- 6.2207911014556885
ASR : 1.0
-------------------------------------------------- 6.509514808654785
ASR : 1.0
-------------------------------------------------- 6.139973402023315
ASR : 1.0
-------------------------------------------------- 6.235706567764282
ASR : 1.0
-------------------------------------------------- 6.3691534996032715
ASR : 1.0
-------------------------------------------------- 6.497033357620239

-------------Round number: 490-------------

Evaluate personalized models
Averaged Train Loss: nan
Averaged Test Accurancy: 0.0991
Std Test Accurancy: 0.1381
ASR : 1.0
-------------------------------------------------- 18.76891589164734
ASR : 1.0
-------------------------------------------------- 6.199603319168091
ASR : 1.0
-------------------------------------------------- 6.412759304046631
ASR : 1.0
-------------------------------------------------- 6.171677350997925
ASR : 1.0
-------------------------------------------------- 6.149744749069214
ASR : 1.0
-------------------------------------------------- 6.279804706573486
ASR : 1.0
-------------------------------------------------- 6.426796913146973
ASR : 1.0
-------------------------------------------------- 6.075483322143555
ASR : 1.0
-------------------------------------------------- 6.098053693771362
ASR : 1.0
-------------------------------------------------- 5.988447904586792

-------------Round number: 500-------------

Evaluate personalized models
Averaged Train Loss: nan
Averaged Test Accurancy: 0.0991
Std Test Accurancy: 0.1381
ASR : 1.0
-------------------------------------------------- 19.112281560897827
ASR : 1.0
-------------------------------------------------- 6.390255689620972
ASR : 1.0
-------------------------------------------------- 6.249907493591309
ASR : 1.0
-------------------------------------------------- 6.20069432258606
ASR : 1.0
-------------------------------------------------- 6.165960073471069
ASR : 1.0
-------------------------------------------------- 6.266043424606323
ASR : 1.0
-------------------------------------------------- 6.145259857177734
ASR : 1.0
-------------------------------------------------- 6.3437299728393555
ASR : 1.0
-------------------------------------------------- 6.085386753082275
ASR : 1.0
-------------------------------------------------- 7.001023054122925

-------------Round number: 510-------------

Evaluate personalized models
Averaged Train Loss: nan
Averaged Test Accurancy: 0.0991
Std Test Accurancy: 0.1381
ASR : 1.0
-------------------------------------------------- 18.62181305885315
ASR : 1.0
-------------------------------------------------- 6.520480632781982
ASR : 1.0
-------------------------------------------------- 6.481169939041138
ASR : 1.0
-------------------------------------------------- 6.157801628112793
ASR : 1.0
-------------------------------------------------- 6.159111976623535
ASR : 1.0
-------------------------------------------------- 6.140858888626099
ASR : 1.0
-------------------------------------------------- 6.342257499694824
ASR : 1.0
-------------------------------------------------- 6.322549104690552
ASR : 1.0
-------------------------------------------------- 5.962682247161865
ASR : 1.0
-------------------------------------------------- 6.228282928466797

-------------Round number: 520-------------

Evaluate personalized models
Averaged Train Loss: nan
Averaged Test Accurancy: 0.0991
Std Test Accurancy: 0.1381
ASR : 1.0
-------------------------------------------------- 18.44805359840393
ASR : 1.0
-------------------------------------------------- 6.1521501541137695
ASR : 1.0
-------------------------------------------------- 6.627004146575928
ASR : 1.0
-------------------------------------------------- 6.263492822647095
ASR : 1.0
-------------------------------------------------- 6.4168524742126465
ASR : 1.0
-------------------------------------------------- 6.1767590045928955
ASR : 1.0
-------------------------------------------------- 6.1329004764556885
ASR : 1.0
-------------------------------------------------- 5.845199823379517
ASR : 1.0
-------------------------------------------------- 5.9554033279418945
ASR : 1.0
-------------------------------------------------- 6.201638460159302

-------------Round number: 530-------------

Evaluate personalized models
Averaged Train Loss: nan
Averaged Test Accurancy: 0.0991
Std Test Accurancy: 0.1381
ASR : 1.0
-------------------------------------------------- 19.167943239212036
ASR : 1.0
-------------------------------------------------- 6.53367018699646
ASR : 1.0
-------------------------------------------------- 6.246814966201782
ASR : 1.0
-------------------------------------------------- 6.352327823638916
ASR : 1.0
-------------------------------------------------- 6.020088195800781
ASR : 1.0
-------------------------------------------------- 6.145039319992065
ASR : 1.0
-------------------------------------------------- 6.373257398605347
ASR : 1.0
-------------------------------------------------- 6.474097967147827
ASR : 1.0
-------------------------------------------------- 5.944313287734985
ASR : 1.0
-------------------------------------------------- 6.296267032623291

-------------Round number: 540-------------

Evaluate personalized models
Averaged Train Loss: nan
Averaged Test Accurancy: 0.0991
Std Test Accurancy: 0.1381
ASR : 1.0
-------------------------------------------------- 18.822777032852173
ASR : 1.0
-------------------------------------------------- 6.410701036453247
ASR : 1.0
-------------------------------------------------- 6.468722581863403
ASR : 1.0
-------------------------------------------------- 6.320352077484131
ASR : 1.0
-------------------------------------------------- 6.583735942840576
ASR : 1.0
-------------------------------------------------- 6.211914777755737
ASR : 1.0
-------------------------------------------------- 6.084104061126709
ASR : 1.0
-------------------------------------------------- 6.274036169052124
ASR : 1.0
-------------------------------------------------- 6.021313428878784
ASR : 1.0
-------------------------------------------------- 6.400032043457031

-------------Round number: 550-------------

Evaluate personalized models
Averaged Train Loss: nan
Averaged Test Accurancy: 0.0991
Std Test Accurancy: 0.1381
ASR : 1.0
-------------------------------------------------- 19.091637134552002
ASR : 1.0
-------------------------------------------------- 6.186450004577637
ASR : 1.0
-------------------------------------------------- 6.391358137130737
ASR : 1.0
-------------------------------------------------- 6.32996678352356
ASR : 1.0
-------------------------------------------------- 6.335155725479126
ASR : 1.0
-------------------------------------------------- 6.298996925354004
ASR : 1.0
-------------------------------------------------- 6.480299234390259
ASR : 1.0
-------------------------------------------------- 6.405532360076904
ASR : 1.0
-------------------------------------------------- 6.379258394241333
ASR : 1.0
-------------------------------------------------- 6.138409376144409

-------------Round number: 560-------------

Evaluate personalized models
Averaged Train Loss: nan
Averaged Test Accurancy: 0.0991
Std Test Accurancy: 0.1381
ASR : 1.0
-------------------------------------------------- 19.272947549819946
ASR : 1.0
-------------------------------------------------- 6.177960395812988
ASR : 1.0
-------------------------------------------------- 6.211014270782471
ASR : 1.0
-------------------------------------------------- 6.21998405456543
ASR : 1.0
-------------------------------------------------- 6.192116022109985
ASR : 1.0
-------------------------------------------------- 6.414823532104492
ASR : 1.0
-------------------------------------------------- 6.434678316116333
ASR : 1.0
-------------------------------------------------- 6.23189640045166
ASR : 1.0
-------------------------------------------------- 6.362947702407837
ASR : 1.0
-------------------------------------------------- 6.372507810592651

-------------Round number: 570-------------

Evaluate personalized models
Averaged Train Loss: nan
Averaged Test Accurancy: 0.0991
Std Test Accurancy: 0.1381
ASR : 1.0
-------------------------------------------------- 18.94340753555298
ASR : 1.0
-------------------------------------------------- 6.431450605392456
ASR : 1.0
-------------------------------------------------- 6.514971494674683
ASR : 1.0
-------------------------------------------------- 6.585263729095459
ASR : 1.0
-------------------------------------------------- 5.926968097686768
ASR : 1.0
-------------------------------------------------- 6.002757549285889
ASR : 1.0
-------------------------------------------------- 6.327883720397949
ASR : 1.0
-------------------------------------------------- 6.226783037185669
ASR : 1.0
-------------------------------------------------- 6.252864837646484
ASR : 1.0
-------------------------------------------------- 6.004668474197388

-------------Round number: 580-------------

Evaluate personalized models
Averaged Train Loss: nan
Averaged Test Accurancy: 0.0991
Std Test Accurancy: 0.1381
ASR : 1.0
-------------------------------------------------- 19.04578399658203
ASR : 1.0
-------------------------------------------------- 6.288320541381836
ASR : 1.0
-------------------------------------------------- 6.053742408752441
ASR : 1.0
-------------------------------------------------- 6.2309534549713135
ASR : 1.0
-------------------------------------------------- 6.34560227394104
ASR : 1.0
-------------------------------------------------- 6.580545425415039
ASR : 1.0
-------------------------------------------------- 6.242643356323242
ASR : 1.0
-------------------------------------------------- 6.257095813751221
ASR : 1.0
-------------------------------------------------- 6.100557327270508
ASR : 1.0
-------------------------------------------------- 6.4271111488342285

-------------Round number: 590-------------

Evaluate personalized models
Averaged Train Loss: nan
Averaged Test Accurancy: 0.0991
Std Test Accurancy: 0.1381
ASR : 1.0
-------------------------------------------------- 18.841281175613403
ASR : 1.0
-------------------------------------------------- 6.21841835975647
ASR : 1.0
-------------------------------------------------- 5.9483115673065186
ASR : 1.0
-------------------------------------------------- 6.084784984588623
ASR : 1.0
-------------------------------------------------- 6.2252819538116455
ASR : 1.0
-------------------------------------------------- 6.1388068199157715
ASR : 1.0
-------------------------------------------------- 6.097491264343262
ASR : 1.0
-------------------------------------------------- 5.992596387863159
ASR : 1.0
-------------------------------------------------- 6.4143054485321045
ASR : 1.0
-------------------------------------------------- 6.329665184020996

-------------Round number: 600-------------

Evaluate personalized models
Averaged Train Loss: nan
Averaged Test Accurancy: 0.0991
Std Test Accurancy: 0.1381
ASR : 1.0
-------------------------------------------------- 19.12261652946472
ASR : 1.0
-------------------------------------------------- 6.487637996673584
ASR : 1.0
-------------------------------------------------- 5.904070138931274
ASR : 1.0
-------------------------------------------------- 6.237765073776245
ASR : 1.0
-------------------------------------------------- 6.456737756729126
ASR : 1.0
-------------------------------------------------- 6.209110975265503
ASR : 1.0
-------------------------------------------------- 6.415152072906494
ASR : 1.0
-------------------------------------------------- 6.4107444286346436
ASR : 1.0
-------------------------------------------------- 6.196327447891235
ASR : 1.0
-------------------------------------------------- 6.0826194286346436

-------------Round number: 610-------------

Evaluate personalized models
Averaged Train Loss: nan
Averaged Test Accurancy: 0.0991
Std Test Accurancy: 0.1381
ASR : 1.0
-------------------------------------------------- 19.05740761756897
ASR : 1.0
-------------------------------------------------- 6.105193376541138
ASR : 1.0
-------------------------------------------------- 6.516267538070679
ASR : 1.0
-------------------------------------------------- 6.5860466957092285
ASR : 1.0
-------------------------------------------------- 6.315824270248413
ASR : 1.0
-------------------------------------------------- 6.127769947052002
ASR : 1.0
-------------------------------------------------- 6.18271279335022
ASR : 1.0
-------------------------------------------------- 6.548233985900879
ASR : 1.0
-------------------------------------------------- 6.3198816776275635
ASR : 1.0
-------------------------------------------------- 6.354612350463867

-------------Round number: 620-------------

Evaluate personalized models
Averaged Train Loss: nan
Averaged Test Accurancy: 0.0991
Std Test Accurancy: 0.1381
ASR : 1.0
-------------------------------------------------- 18.905689001083374
ASR : 1.0
-------------------------------------------------- 6.129735231399536
ASR : 1.0
-------------------------------------------------- 6.369158029556274
ASR : 1.0
-------------------------------------------------- 6.204349994659424
ASR : 1.0
-------------------------------------------------- 6.323038816452026
ASR : 1.0
-------------------------------------------------- 6.113992691040039
ASR : 1.0
-------------------------------------------------- 6.246540546417236
ASR : 1.0
-------------------------------------------------- 6.279784202575684
ASR : 1.0
-------------------------------------------------- 6.182213306427002
ASR : 1.0
-------------------------------------------------- 6.343957424163818

-------------Round number: 630-------------

Evaluate personalized models
Averaged Train Loss: nan
Averaged Test Accurancy: 0.0991
Std Test Accurancy: 0.1381
ASR : 1.0
-------------------------------------------------- 18.996844053268433
ASR : 1.0
-------------------------------------------------- 6.137869596481323
ASR : 1.0
-------------------------------------------------- 6.524351358413696
ASR : 1.0
-------------------------------------------------- 6.29546594619751
ASR : 1.0
-------------------------------------------------- 6.06640625
ASR : 1.0
-------------------------------------------------- 6.190763235092163
ASR : 1.0
-------------------------------------------------- 6.5822975635528564
ASR : 1.0
-------------------------------------------------- 6.246292352676392
ASR : 1.0
-------------------------------------------------- 6.220351219177246
ASR : 1.0
-------------------------------------------------- 6.366912364959717

-------------Round number: 640-------------

Evaluate personalized models
Averaged Train Loss: nan
Averaged Test Accurancy: 0.0991
Std Test Accurancy: 0.1381
ASR : 1.0
-------------------------------------------------- 19.291927576065063
ASR : 1.0
-------------------------------------------------- 6.400870084762573
ASR : 1.0
-------------------------------------------------- 6.15021014213562
ASR : 1.0
-------------------------------------------------- 6.041593551635742
ASR : 1.0
-------------------------------------------------- 6.2750959396362305
ASR : 1.0
-------------------------------------------------- 6.155794382095337
ASR : 1.0
-------------------------------------------------- 6.200937986373901
ASR : 1.0
-------------------------------------------------- 6.104050397872925
ASR : 1.0
-------------------------------------------------- 6.521727800369263
ASR : 1.0
-------------------------------------------------- 6.43563985824585

-------------Round number: 650-------------

Evaluate personalized models
Averaged Train Loss: nan
Averaged Test Accurancy: 0.0991
Std Test Accurancy: 0.1381
ASR : 1.0
-------------------------------------------------- 19.19401526451111
ASR : 1.0
-------------------------------------------------- 6.428450107574463
ASR : 1.0
-------------------------------------------------- 6.261521816253662
ASR : 1.0
-------------------------------------------------- 6.494601249694824
ASR : 1.0
-------------------------------------------------- 6.2270050048828125
ASR : 1.0
-------------------------------------------------- 6.18264102935791
ASR : 1.0
-------------------------------------------------- 6.198063135147095
ASR : 1.0
-------------------------------------------------- 6.170116186141968
ASR : 1.0
-------------------------------------------------- 6.301453590393066
ASR : 1.0
-------------------------------------------------- 6.271437406539917

-------------Round number: 660-------------

Evaluate personalized models
Averaged Train Loss: nan
Averaged Test Accurancy: 0.0991
Std Test Accurancy: 0.1381
ASR : 1.0
-------------------------------------------------- 18.75069260597229
ASR : 1.0
-------------------------------------------------- 6.387282371520996
ASR : 1.0
-------------------------------------------------- 6.329495429992676
ASR : 1.0
-------------------------------------------------- 6.560677766799927
ASR : 1.0
-------------------------------------------------- 6.180175065994263
ASR : 1.0
-------------------------------------------------- 6.334336757659912
ASR : 1.0
-------------------------------------------------- 6.502878904342651
ASR : 1.0
-------------------------------------------------- 6.108841419219971
ASR : 1.0
-------------------------------------------------- 6.424328088760376
ASR : 1.0
-------------------------------------------------- 6.3192479610443115

-------------Round number: 670-------------

Evaluate personalized models
Averaged Train Loss: nan
Averaged Test Accurancy: 0.0991
Std Test Accurancy: 0.1381
ASR : 1.0
-------------------------------------------------- 18.997211694717407
ASR : 1.0
-------------------------------------------------- 6.307126760482788
ASR : 1.0
-------------------------------------------------- 6.450440406799316
ASR : 1.0
-------------------------------------------------- 6.329299449920654
ASR : 1.0
-------------------------------------------------- 6.3536083698272705
ASR : 1.0
-------------------------------------------------- 6.459564208984375
ASR : 1.0
-------------------------------------------------- 6.3073859214782715
ASR : 1.0
-------------------------------------------------- 6.527014255523682
ASR : 1.0
-------------------------------------------------- 6.331183910369873
ASR : 1.0
-------------------------------------------------- 6.383994817733765

-------------Round number: 680-------------

Evaluate personalized models
Averaged Train Loss: nan
Averaged Test Accurancy: 0.0991
Std Test Accurancy: 0.1381
ASR : 1.0
-------------------------------------------------- 19.370041131973267
ASR : 1.0
-------------------------------------------------- 6.572986125946045
ASR : 1.0
-------------------------------------------------- 6.4786155223846436
ASR : 1.0
-------------------------------------------------- 6.392228841781616
ASR : 1.0
-------------------------------------------------- 6.4796531200408936
ASR : 1.0
-------------------------------------------------- 6.4775776863098145
ASR : 1.0
-------------------------------------------------- 6.222151517868042
ASR : 1.0
-------------------------------------------------- 6.22903847694397
ASR : 1.0
-------------------------------------------------- 6.390028953552246
ASR : 1.0
-------------------------------------------------- 6.459178686141968

-------------Round number: 690-------------

Evaluate personalized models
Averaged Train Loss: nan
Averaged Test Accurancy: 0.0991
Std Test Accurancy: 0.1381
ASR : 1.0
-------------------------------------------------- 19.234498023986816
ASR : 1.0
-------------------------------------------------- 6.119845628738403
ASR : 1.0
-------------------------------------------------- 6.3564605712890625
ASR : 1.0
-------------------------------------------------- 6.394056558609009
ASR : 1.0
-------------------------------------------------- 6.179869651794434
ASR : 1.0
-------------------------------------------------- 6.592740774154663
ASR : 1.0
-------------------------------------------------- 6.325631380081177
ASR : 1.0
-------------------------------------------------- 6.224278688430786
ASR : 1.0
-------------------------------------------------- 6.138164758682251
ASR : 1.0
-------------------------------------------------- 6.359090805053711

-------------Round number: 700-------------

Evaluate personalized models
Averaged Train Loss: nan
Averaged Test Accurancy: 0.0991
Std Test Accurancy: 0.1381
ASR : 1.0
-------------------------------------------------- 18.925175666809082
ASR : 1.0
-------------------------------------------------- 6.424781084060669
ASR : 1.0
-------------------------------------------------- 6.570036888122559
ASR : 1.0
-------------------------------------------------- 6.032672166824341
ASR : 1.0
-------------------------------------------------- 6.357335090637207
ASR : 1.0
-------------------------------------------------- 6.179291486740112
ASR : 1.0
-------------------------------------------------- 6.24485445022583
ASR : 1.0
-------------------------------------------------- 6.552639007568359
ASR : 1.0
-------------------------------------------------- 6.242531061172485
ASR : 1.0
-------------------------------------------------- 6.2709057331085205

-------------Round number: 710-------------

Evaluate personalized models
Averaged Train Loss: nan
Averaged Test Accurancy: 0.0991
Std Test Accurancy: 0.1381
ASR : 1.0
-------------------------------------------------- 18.601625680923462
ASR : 1.0
-------------------------------------------------- 6.590309143066406
ASR : 1.0
-------------------------------------------------- 6.116828680038452
ASR : 1.0
-------------------------------------------------- 6.240623950958252
ASR : 1.0
-------------------------------------------------- 6.177640676498413
ASR : 1.0
-------------------------------------------------- 6.239926338195801
ASR : 1.0
-------------------------------------------------- 6.245460271835327
ASR : 1.0
-------------------------------------------------- 6.287809371948242
ASR : 1.0
-------------------------------------------------- 6.397217035293579
ASR : 1.0
-------------------------------------------------- 6.048366546630859

-------------Round number: 720-------------

Evaluate personalized models
Averaged Train Loss: nan
Averaged Test Accurancy: 0.0991
Std Test Accurancy: 0.1381
ASR : 1.0
-------------------------------------------------- 18.955034732818604
ASR : 1.0
-------------------------------------------------- 6.557049751281738
ASR : 1.0
-------------------------------------------------- 6.114673137664795
ASR : 1.0
-------------------------------------------------- 6.265918970108032
ASR : 1.0
-------------------------------------------------- 6.194059610366821
ASR : 1.0
-------------------------------------------------- 6.284453868865967
ASR : 1.0
-------------------------------------------------- 6.356950759887695
ASR : 1.0
-------------------------------------------------- 6.2900848388671875
ASR : 1.0
-------------------------------------------------- 5.977092742919922
ASR : 1.0
-------------------------------------------------- 6.5083534717559814

-------------Round number: 730-------------

Evaluate personalized models
Averaged Train Loss: nan
Averaged Test Accurancy: 0.0991
Std Test Accurancy: 0.1381
ASR : 1.0
-------------------------------------------------- 19.436708688735962
ASR : 1.0
-------------------------------------------------- 6.457170248031616
ASR : 1.0
-------------------------------------------------- 6.204563140869141
ASR : 1.0
-------------------------------------------------- 6.528085470199585
ASR : 1.0
-------------------------------------------------- 6.4415647983551025
ASR : 1.0
-------------------------------------------------- 6.381038665771484
ASR : 1.0
-------------------------------------------------- 6.37751841545105
ASR : 1.0
-------------------------------------------------- 6.317091941833496
ASR : 1.0
-------------------------------------------------- 6.465751647949219
ASR : 1.0
-------------------------------------------------- 6.185466527938843

-------------Round number: 740-------------

Evaluate personalized models
Averaged Train Loss: nan
Averaged Test Accurancy: 0.0991
Std Test Accurancy: 0.1381
ASR : 1.0
-------------------------------------------------- 18.878669023513794
ASR : 1.0
-------------------------------------------------- 6.43964958190918
ASR : 1.0
-------------------------------------------------- 6.2058329582214355
ASR : 1.0
-------------------------------------------------- 6.291555166244507
ASR : 1.0
-------------------------------------------------- 6.420746803283691
ASR : 1.0
-------------------------------------------------- 6.2167181968688965
ASR : 1.0
-------------------------------------------------- 6.293101787567139
ASR : 1.0
-------------------------------------------------- 6.413843631744385
ASR : 1.0
-------------------------------------------------- 6.231929779052734
ASR : 1.0
-------------------------------------------------- 6.398379802703857

-------------Round number: 750-------------

Evaluate personalized models
Averaged Train Loss: nan
Averaged Test Accurancy: 0.0991
Std Test Accurancy: 0.1381
ASR : 1.0
-------------------------------------------------- 19.054358959197998
ASR : 1.0
-------------------------------------------------- 6.2585694789886475
ASR : 1.0
-------------------------------------------------- 6.409778594970703
ASR : 1.0
-------------------------------------------------- 6.308774471282959
ASR : 1.0
-------------------------------------------------- 6.36132550239563
ASR : 1.0
-------------------------------------------------- 6.2338690757751465
ASR : 1.0
-------------------------------------------------- 6.361111879348755
ASR : 1.0
-------------------------------------------------- 6.222302198410034
ASR : 1.0
-------------------------------------------------- 6.072571516036987
ASR : 1.0
-------------------------------------------------- 6.440219879150391

-------------Round number: 760-------------

Evaluate personalized models
Averaged Train Loss: nan
Averaged Test Accurancy: 0.0991
Std Test Accurancy: 0.1381
ASR : 1.0
-------------------------------------------------- 18.974016189575195
ASR : 1.0
-------------------------------------------------- 6.206218957901001
ASR : 1.0
-------------------------------------------------- 6.323729991912842
ASR : 1.0
-------------------------------------------------- 6.294023036956787
ASR : 1.0
-------------------------------------------------- 6.446138858795166
ASR : 1.0
-------------------------------------------------- 6.309534788131714
ASR : 1.0
-------------------------------------------------- 6.246420860290527
ASR : 1.0
-------------------------------------------------- 6.337226390838623
ASR : 1.0
-------------------------------------------------- 6.46060585975647
ASR : 1.0
-------------------------------------------------- 6.187450170516968

-------------Round number: 770-------------

Evaluate personalized models
Averaged Train Loss: nan
Averaged Test Accurancy: 0.0991
Std Test Accurancy: 0.1381
ASR : 1.0
-------------------------------------------------- 19.206433057785034
ASR : 1.0
-------------------------------------------------- 6.292404890060425
ASR : 1.0
-------------------------------------------------- 6.3149590492248535
ASR : 1.0
-------------------------------------------------- 6.016423225402832
ASR : 1.0
-------------------------------------------------- 6.365296840667725
ASR : 1.0
-------------------------------------------------- 6.607942819595337
ASR : 1.0
-------------------------------------------------- 6.494725704193115
ASR : 1.0
-------------------------------------------------- 6.17755651473999
ASR : 1.0
-------------------------------------------------- 6.590411424636841
ASR : 1.0
-------------------------------------------------- 6.38433837890625

-------------Round number: 780-------------

Evaluate personalized models
Averaged Train Loss: nan
Averaged Test Accurancy: 0.0991
Std Test Accurancy: 0.1381
ASR : 1.0
-------------------------------------------------- 18.894809246063232
ASR : 1.0
-------------------------------------------------- 6.120432138442993
ASR : 1.0
-------------------------------------------------- 6.241673469543457
ASR : 1.0
-------------------------------------------------- 6.591425657272339
ASR : 1.0
-------------------------------------------------- 6.221942663192749
ASR : 1.0
-------------------------------------------------- 6.332090377807617
ASR : 1.0
-------------------------------------------------- 6.511647462844849
ASR : 1.0
-------------------------------------------------- 6.24918794631958
ASR : 1.0
-------------------------------------------------- 6.228329420089722
ASR : 1.0
-------------------------------------------------- 6.391472101211548

-------------Round number: 790-------------

Evaluate personalized models
Averaged Train Loss: nan
Averaged Test Accurancy: 0.0991
Std Test Accurancy: 0.1381
ASR : 1.0
-------------------------------------------------- 19.09467649459839
ASR : 1.0
-------------------------------------------------- 6.334090948104858
ASR : 1.0
-------------------------------------------------- 6.241918563842773
ASR : 1.0
-------------------------------------------------- 6.02276611328125
ASR : 1.0
-------------------------------------------------- 6.497370004653931
ASR : 1.0
-------------------------------------------------- 6.386328935623169
ASR : 1.0
-------------------------------------------------- 6.402939081192017
ASR : 1.0
-------------------------------------------------- 6.501343488693237
ASR : 1.0
-------------------------------------------------- 6.620102405548096
ASR : 1.0
-------------------------------------------------- 6.318984270095825

-------------Round number: 800-------------

Evaluate personalized models
Averaged Train Loss: nan
Averaged Test Accurancy: 0.0991
Std Test Accurancy: 0.1381
ASR : 1.0
-------------------------------------------------- 18.891655445098877

Best accuracy.
0.21234014283341637
7.559298273921013
File path: ./results/Cifar10_dir0.5_bdoor0.2_nclient_100_blend_adv10_FedPD_PFL05_FEDPD_BLEND_0.h5

Average time cost: 6061.47s.
Length:  81
std for best accurancy: 0.0
mean for best accurancy: 0.21234014283341637
All done!
