==================================================
goal = FEDREP_RP_OLD_BADNET_ADV10
device = cuda
join_ratio = 0.1
device_id = 3
dataset = Cifar10_dir0.5_bdoor0.2_nclient_100_badnet_adv10
num_classes = 10
model = ResNetP
batch_size = 64
local_learning_rate = 0.003
learning_rate_decay = False
learning_rate_decay_gamma = 0.99
global_rounds = 600
top_cnt = 100
local_epochs = 1
algorithm = FedRep
num_clients = 100
eval_gap = 10
save_folder_name = items
auto_break = False
batch_num_per_client = 2
feature_dim = 512
vocab_size = 32000
max_len = 200
client_drop_rate = 0.0
time_select = False
time_threthold = 10000
send_slow_rate = 0.0
beta = 0.0
lamda = 1.0
mu = 0.0
K = 5
p_learning_rate = 0.01
M = 5
itk = 4000
alphaK = 1.0
sigma = 1.0
alpha = 1.0
plocal_epochs = 1
lr_head = 0.005
tau = 1.0
fine_tuning_epochs = 10
dr_learning_rate = 0.0
L = 1.0
noise_dim = 512
generator_learning_rate = 0.005
hidden_dim = 512
server_epochs = 1000
localize_feature_extractor = False
server_learning_rate = 1.0
eta = 1.0
rand_percent = 80
layer_idx = 2
mentee_learning_rate = 0.005
T_start = 0.95
T_end = 0.98
momentum = 0.1
kl_weight = 0.0
disti_epochs = 1
protect_id = 1
adv_eps = 0.1
adv_num_iter = 5
defense_epochs = 1
clean_data = 5000
sdmk_m = 7
sdmk_k = 5
delta = 0.5
sim_threshold = 0.7
rt_beta = 0.2
num_adv_clients = 10
lambda_cl = 0.5
aug_strength = 0.1
mask_tau = 2.0
mask_alpha = 0.3
enable_channel_mask = True
cosine_gate = False
cosine_gate_threshold = 0.3
cosine_gate_alpha = 0.5
trim_high_layers = 
trim_beta_high = None
trim_beta_low = None
purify_enable = False
purify_beta = 0.0
purify_feature_beta = 0.0
purify_logit_beta = 0.0
purify_temperature = 2.0
purify_start_round = 1
purify_layers = layer4
purify_teacher_momentum = 0.9
purify_teacher_cpu_half = True
attack = none
ba_target_label = 0
ba_poison_rate = 0.2
ba_trigger_gen_steps = 30
ba_trigger_gen_lr = 0.01
ba_pgd_eps = 0.0314
ba_trigger_scale = 8.0
pfedba_target_label = 0
pfedba_poison_rate = 0.5
pfedba_poison_count = -1
pfedba_poison_before_start = False
pfedba_attack_start = 30
pfedba_trigger_opt_steps = 15
pfedba_trigger_lr = 0.1
pfedba_init_value = 0.5
pfedba_patch_size = 8
pfedba_patch_position = center
pfedba_img_c = 3
pfedba_img_h = 32
pfedba_img_w = 32
pfedba_align_grad_weight = 1.0
pfedba_align_loss_weight = 1.0
pfedba_attack_loss_weight = 1.0
pfedba_opt_samples_per_class = 100
pfedba_opt_batch_size = 64
pfedba_opt_max_batches_per_client = 20
logit_analysis = False
logit_reject_thresholds = 0.5,0.6,0.7,0.8
logit_entropy_thresholds = 1.0,1.5,2.0
logit_margin_thresholds = 0.1,0.2,0.3
==================================================

============= Running time: 0th =============
Creating server and clients ...
ResNet(
  (conv1): Conv2d(3, 64, kernel_size=(7, 7), stride=(2, 2), padding=(3, 3), bias=False)
  (bn1): BatchNorm2d(64, eps=1e-05, momentum=0.1, affine=True, track_running_stats=True)
  (relu): ReLU(inplace=True)
  (maxpool): MaxPool2d(kernel_size=3, stride=2, padding=1, dilation=1, ceil_mode=False)
  (layer1): Sequential(
    (0): BasicBlock(
      (conv1): Conv2d(64, 64, kernel_size=(3, 3), stride=(1, 1), padding=(1, 1), bias=False)
      (bn1): BatchNorm2d(64, eps=1e-05, momentum=0.1, affine=True, track_running_stats=True)
      (relu): ReLU(inplace=True)
      (conv2): Conv2d(64, 64, kernel_size=(3, 3), stride=(1, 1), padding=(1, 1), bias=False)
      (bn2): BatchNorm2d(64, eps=1e-05, momentum=0.1, affine=True, track_running_stats=True)
    )
    (1): BasicBlock(
      (conv1): Conv2d(64, 64, kernel_size=(3, 3), stride=(1, 1), padding=(1, 1), bias=False)
      (bn1): BatchNorm2d(64, eps=1e-05, momentum=0.1, affine=True, track_running_stats=True)
      (relu): ReLU(inplace=True)
      (conv2): Conv2d(64, 64, kernel_size=(3, 3), stride=(1, 1), padding=(1, 1), bias=False)
      (bn2): BatchNorm2d(64, eps=1e-05, momentum=0.1, affine=True, track_running_stats=True)
    )
  )
  (layer2): Sequential(
    (0): BasicBlock(
      (conv1): Conv2d(64, 128, kernel_size=(3, 3), stride=(2, 2), padding=(1, 1), bias=False)
      (bn1): BatchNorm2d(128, eps=1e-05, momentum=0.1, affine=True, track_running_stats=True)
      (relu): ReLU(inplace=True)
      (conv2): Conv2d(128, 128, kernel_size=(3, 3), stride=(1, 1), padding=(1, 1), bias=False)
      (bn2): BatchNorm2d(128, eps=1e-05, momentum=0.1, affine=True, track_running_stats=True)
      (downsample): Sequential(
        (0): Conv2d(64, 128, kernel_size=(1, 1), stride=(2, 2), bias=False)
        (1): BatchNorm2d(128, eps=1e-05, momentum=0.1, affine=True, track_running_stats=True)
      )
    )
    (1): BasicBlock(
      (conv1): Conv2d(128, 128, kernel_size=(3, 3), stride=(1, 1), padding=(1, 1), bias=False)
      (bn1): BatchNorm2d(128, eps=1e-05, momentum=0.1, affine=True, track_running_stats=True)
      (relu): ReLU(inplace=True)
      (conv2): Conv2d(128, 128, kernel_size=(3, 3), stride=(1, 1), padding=(1, 1), bias=False)
      (bn2): BatchNorm2d(128, eps=1e-05, momentum=0.1, affine=True, track_running_stats=True)
    )
  )
  (layer3): Sequential(
    (0): BasicBlock(
      (conv1): Conv2d(128, 256, kernel_size=(3, 3), stride=(2, 2), padding=(1, 1), bias=False)
      (bn1): BatchNorm2d(256, eps=1e-05, momentum=0.1, affine=True, track_running_stats=True)
      (relu): ReLU(inplace=True)
      (conv2): Conv2d(256, 256, kernel_size=(3, 3), stride=(1, 1), padding=(1, 1), bias=False)
      (bn2): BatchNorm2d(256, eps=1e-05, momentum=0.1, affine=True, track_running_stats=True)
      (downsample): Sequential(
        (0): Conv2d(128, 256, kernel_size=(1, 1), stride=(2, 2), bias=False)
        (1): BatchNorm2d(256, eps=1e-05, momentum=0.1, affine=True, track_running_stats=True)
      )
    )
    (1): BasicBlock(
      (conv1): Conv2d(256, 256, kernel_size=(3, 3), stride=(1, 1), padding=(1, 1), bias=False)
      (bn1): BatchNorm2d(256, eps=1e-05, momentum=0.1, affine=True, track_running_stats=True)
      (relu): ReLU(inplace=True)
      (conv2): Conv2d(256, 256, kernel_size=(3, 3), stride=(1, 1), padding=(1, 1), bias=False)
      (bn2): BatchNorm2d(256, eps=1e-05, momentum=0.1, affine=True, track_running_stats=True)
    )
  )
  (layer4): Sequential(
    (0): BasicBlock(
      (conv1): Conv2d(256, 512, kernel_size=(3, 3), stride=(2, 2), padding=(1, 1), bias=False)
      (bn1): BatchNorm2d(512, eps=1e-05, momentum=0.1, affine=True, track_running_stats=True)
      (relu): ReLU(inplace=True)
      (conv2): Conv2d(512, 512, kernel_size=(3, 3), stride=(1, 1), padding=(1, 1), bias=False)
      (bn2): BatchNorm2d(512, eps=1e-05, momentum=0.1, affine=True, track_running_stats=True)
      (downsample): Sequential(
        (0): Conv2d(256, 512, kernel_size=(1, 1), stride=(2, 2), bias=False)
        (1): BatchNorm2d(512, eps=1e-05, momentum=0.1, affine=True, track_running_stats=True)
      )
    )
    (1): BasicBlock(
      (conv1): Conv2d(512, 512, kernel_size=(3, 3), stride=(1, 1), padding=(1, 1), bias=False)
      (bn1): BatchNorm2d(512, eps=1e-05, momentum=0.1, affine=True, track_running_stats=True)
      (relu): ReLU(inplace=True)
      (conv2): Conv2d(512, 512, kernel_size=(3, 3), stride=(1, 1), padding=(1, 1), bias=False)
      (bn2): BatchNorm2d(512, eps=1e-05, momentum=0.1, affine=True, track_running_stats=True)
    )
  )
  (avgpool): AdaptiveAvgPool2d(output_size=(1, 1))
  (fc): Linear(in_features=512, out_features=10, bias=True)
)

Join ratio / total clients: 0.1 / 100
Finished creating server and clients.

-------------Round number: 0-------------

Evaluate personalized models
Averaged Train Loss: 2.4320
Averaged Test Accurancy: 0.1119
Averaged Test AUC: 0.4909
Std Test Accurancy: 0.0757
Std Test AUC: 0.1156
ASR : 0.10584221438577504
attack_auc : 0.6983184410041691
------------------------- time cost ------------------------- 9.194961786270142
ASR : 0.10691794901618426
attack_auc : 0.6528926368224991
------------------------- time cost ------------------------- 2.3133726119995117
ASR : 0.10671374206919895
attack_auc : 0.6303650392056077
------------------------- time cost ------------------------- 2.3688249588012695
ASR : 0.09697615561145165
attack_auc : 0.6154056015352871
------------------------- time cost ------------------------- 2.3324661254882812
ASR : 0.08678816695212575
attack_auc : 0.5952044438955735
------------------------- time cost ------------------------- 2.4626009464263916
ASR : 0.08190053154773427
attack_auc : 0.5787633559167976
------------------------- time cost ------------------------- 2.382927894592285
ASR : 0.07285523963792931
attack_auc : 0.5534558857870366
------------------------- time cost ------------------------- 2.28995943069458
ASR : 0.06688987646884247
attack_auc : 0.5439258068682702
------------------------- time cost ------------------------- 2.14510440826416
ASR : 0.0694539422896859
attack_auc : 0.5333584787779799
------------------------- time cost ------------------------- 2.3325109481811523
ASR : 0.06577607202960478
attack_auc : 0.5258244188842853
------------------------- time cost ------------------------- 2.454019069671631

-------------Round number: 10-------------

Evaluate personalized models
Averaged Train Loss: 1.6821
Averaged Test Accurancy: 0.4538
Averaged Test AUC: 0.8161
Std Test Accurancy: 0.1978
Std Test AUC: 0.1189
ASR : 0.05702841220331873
attack_auc : 0.5030574500962337
------------------------- time cost ------------------------- 8.017058849334717
ASR : 0.06341422250871492
attack_auc : 0.5005871132532261
------------------------- time cost ------------------------- 2.446953773498535
ASR : 0.06245247103035487
attack_auc : 0.4999937748976879
------------------------- time cost ------------------------- 2.09977126121521
ASR : 0.0647478801553458
attack_auc : 0.503641028387949
------------------------- time cost ------------------------- 2.294285535812378
ASR : 0.06928477369177524
attack_auc : 0.507154114685869
------------------------- time cost ------------------------- 2.239776849746704
ASR : 0.06525613046569652
attack_auc : 0.5008212916245577
------------------------- time cost ------------------------- 2.165727376937866
ASR : 0.06620749461096263
attack_auc : 0.4949909290731847
------------------------- time cost ------------------------- 2.182236433029175
ASR : 0.0628951537174127
attack_auc : 0.49098968017871675
------------------------- time cost ------------------------- 2.3320772647857666
ASR : 0.06435132550131878
attack_auc : 0.49202169401236157
------------------------- time cost ------------------------- 2.064749002456665
ASR : 0.06285220291581696
attack_auc : 0.4921565280033515
------------------------- time cost ------------------------- 2.4744620323181152

-------------Round number: 20-------------

Evaluate personalized models
Averaged Train Loss: 1.2756
Averaged Test Accurancy: 0.5764
Averaged Test AUC: 0.8912
Std Test Accurancy: 0.1608
Std Test AUC: 0.0722
ASR : 0.06397791154287848
attack_auc : 0.4928359153750194
------------------------- time cost ------------------------- 8.106526374816895
ASR : 0.06227428757890083
attack_auc : 0.49305262176935527
------------------------- time cost ------------------------- 2.4156360626220703
ASR : 0.061442834450433664
attack_auc : 0.49445023839227714
------------------------- time cost ------------------------- 2.146383047103882
ASR : 0.06088462071418122
attack_auc : 0.4982168331296035
------------------------- time cost ------------------------- 2.0141854286193848
ASR : 0.059274457762808055
attack_auc : 0.49657661595758806
------------------------- time cost ------------------------- 2.2422094345092773
ASR : 0.05895375935838648
attack_auc : 0.4951855614579139
------------------------- time cost ------------------------- 2.346439838409424
ASR : 0.055966427886868196
attack_auc : 0.49290814257252663
------------------------- time cost ------------------------- 2.249549388885498
ASR : 0.05791600744855387
attack_auc : 0.49812054966068703
------------------------- time cost ------------------------- 2.223710775375366
ASR : 0.05597518241723759
attack_auc : 0.49693630088136304
------------------------- time cost ------------------------- 2.4588637351989746
ASR : 0.05334644788532854
attack_auc : 0.4930959601488006
------------------------- time cost ------------------------- 2.282045841217041

-------------Round number: 30-------------

Evaluate personalized models
Averaged Train Loss: 1.0038
Averaged Test Accurancy: 0.6526
Averaged Test AUC: 0.9240
Std Test Accurancy: 0.1116
Std Test AUC: 0.0364
ASR : 0.05487248938278443
attack_auc : 0.4963929926146022
------------------------- time cost ------------------------- 7.987178802490234
ASR : 0.05641795653175032
attack_auc : 0.5022425992930551
------------------------- time cost ------------------------- 2.297041654586792
ASR : 0.05508099866293733
attack_auc : 0.500659810931039
------------------------- time cost ------------------------- 2.173758029937744
ASR : 0.05407153264538765
attack_auc : 0.5018806622296239
------------------------- time cost ------------------------- 2.2964515686035156
ASR : 0.052610832524778356
attack_auc : 0.4991088063773512
------------------------- time cost ------------------------- 2.2766122817993164
ASR : 0.052652135569159104
attack_auc : 0.5008569615621248
------------------------- time cost ------------------------- 2.1790246963500977
ASR : 0.05242728264165774
attack_auc : 0.5033296285549489
------------------------- time cost ------------------------- 2.245845079421997
ASR : 0.052140492492381056
attack_auc : 0.505973371594745
------------------------- time cost ------------------------- 2.374952793121338
ASR : 0.052365745127002254
attack_auc : 0.5098831167992431
------------------------- time cost ------------------------- 2.4474196434020996
ASR : 0.05171686644303913
attack_auc : 0.5116979514177363
------------------------- time cost ------------------------- 2.247612714767456

-------------Round number: 40-------------

Evaluate personalized models
Averaged Train Loss: 0.8622
Averaged Test Accurancy: 0.6787
Averaged Test AUC: 0.9315
Std Test Accurancy: 0.1012
Std Test AUC: 0.0283
ASR : 0.05200066266633404
attack_auc : 0.5114207779456805
------------------------- time cost ------------------------- 8.139951944351196
ASR : 0.0510360054155625
attack_auc : 0.5098652401644055
------------------------- time cost ------------------------- 2.204063892364502
ASR : 0.05132036316390609
attack_auc : 0.5097714276126526
------------------------- time cost ------------------------- 2.4206936359405518
ASR : 0.0485724669068692
attack_auc : 0.5066425183793258
------------------------- time cost ------------------------- 2.2496304512023926
ASR : 0.0479652225868972
attack_auc : 0.5012452371056673
------------------------- time cost ------------------------- 2.18326997756958
ASR : 0.047797622333203005
attack_auc : 0.4979719641053509
------------------------- time cost ------------------------- 1.989363431930542
ASR : 0.04627857441440071
attack_auc : 0.4930558100491682
------------------------- time cost ------------------------- 2.323617458343506
ASR : 0.04628964502822862
attack_auc : 0.4961767050987789
------------------------- time cost ------------------------- 2.1412038803100586
ASR : 0.045640711723530715
attack_auc : 0.49500067743627196
------------------------- time cost ------------------------- 2.0791821479797363
ASR : 0.04621737333263582
attack_auc : 0.4951901017189897
------------------------- time cost ------------------------- 2.195078134536743

-------------Round number: 50-------------

Evaluate personalized models
Averaged Train Loss: 0.7780
Averaged Test Accurancy: 0.6935
Averaged Test AUC: 0.9365
Std Test Accurancy: 0.0904
Std Test AUC: 0.0245
ASR : 0.04447825104039856
attack_auc : 0.49658847710361215
------------------------- time cost ------------------------- 8.229271411895752
ASR : 0.04542867275427101
attack_auc : 0.49598156358821294
------------------------- time cost ------------------------- 2.1999764442443848
ASR : 0.044952110183414364
attack_auc : 0.4970084108740182
------------------------- time cost ------------------------- 2.3913772106170654
ASR : 0.04362029036299956
attack_auc : 0.4948019878288781
------------------------- time cost ------------------------- 2.2510366439819336
ASR : 0.044381838412064216
attack_auc : 0.49406934709210926
------------------------- time cost ------------------------- 2.155366897583008
ASR : 0.045436070448100656
attack_auc : 0.4955179417938176
------------------------- time cost ------------------------- 2.169602632522583
ASR : 0.044826772238734935
attack_auc : 0.49735911870542354
------------------------- time cost ------------------------- 2.4531033039093018
ASR : 0.04456841680535225
attack_auc : 0.4988125356624556
------------------------- time cost ------------------------- 2.085366725921631
ASR : 0.04383594970479171
attack_auc : 0.4978249690882848
------------------------- time cost ------------------------- 2.299823760986328
ASR : 0.043586915892475854
attack_auc : 0.4981488234461038
------------------------- time cost ------------------------- 2.0958237648010254

-------------Round number: 60-------------

Evaluate personalized models
Averaged Train Loss: 0.7116
Averaged Test Accurancy: 0.7065
Averaged Test AUC: 0.9402
Std Test Accurancy: 0.0893
Std Test AUC: 0.0238
ASR : 0.04274296517937616
attack_auc : 0.49530155278070476
------------------------- time cost ------------------------- 8.032697200775146
ASR : 0.04231791034919744
attack_auc : 0.4958531761506737
------------------------- time cost ------------------------- 2.271897554397583
ASR : 0.041051879875116735
attack_auc : 0.49501140671007854
------------------------- time cost ------------------------- 2.0827014446258545
ASR : 0.0402347759354723
attack_auc : 0.494302825950684
------------------------- time cost ------------------------- 2.0614850521087646
ASR : 0.040846528476175904
attack_auc : 0.4933135653364646
------------------------- time cost ------------------------- 2.1912662982940674
ASR : 0.04091658460944794
attack_auc : 0.4923258633045286
------------------------- time cost ------------------------- 2.1736972332000732
ASR : 0.04052510067670848
attack_auc : 0.49225404988263166
------------------------- time cost ------------------------- 2.0692334175109863
ASR : 0.03942759582228799
attack_auc : 0.4908718391284721
------------------------- time cost ------------------------- 2.2806687355041504
ASR : 0.038949421681846993
attack_auc : 0.49374332547417155
------------------------- time cost ------------------------- 2.2042603492736816
ASR : 0.03878003115286393
attack_auc : 0.4947802145948895
------------------------- time cost ------------------------- 2.183812141418457

-------------Round number: 70-------------

Evaluate personalized models
Averaged Train Loss: 0.6522
Averaged Test Accurancy: 0.7133
Averaged Test AUC: 0.9426
Std Test Accurancy: 0.0880
Std Test AUC: 0.0231
ASR : 0.0390050791867957
attack_auc : 0.4965352713899118
------------------------- time cost ------------------------- 8.03848123550415
ASR : 0.038573113364514064
attack_auc : 0.49891989677926585
------------------------- time cost ------------------------- 2.183145523071289
ASR : 0.039410826318097725
attack_auc : 0.5000108310543118
------------------------- time cost ------------------------- 2.284168243408203
ASR : 0.03982852725243158
attack_auc : 0.5007469931277073
------------------------- time cost ------------------------- 2.2894439697265625
ASR : 0.03991873710040409
attack_auc : 0.5016523178980766
------------------------- time cost ------------------------- 2.617398262023926
ASR : 0.03937885810776536
attack_auc : 0.4987693019968942
------------------------- time cost ------------------------- 2.0768980979919434
ASR : 0.03904936711376118
attack_auc : 0.49709278456337724
------------------------- time cost ------------------------- 2.4091217517852783
ASR : 0.038359551189756216
attack_auc : 0.49841986989298237
------------------------- time cost ------------------------- 2.229827642440796
ASR : 0.03762329055266356
attack_auc : 0.495882680173229
------------------------- time cost ------------------------- 2.4816734790802
ASR : 0.03705293456372826
attack_auc : 0.49536520686762464
------------------------- time cost ------------------------- 2.3519997596740723

-------------Round number: 80-------------

Evaluate personalized models
Averaged Train Loss: 0.6099
Averaged Test Accurancy: 0.7196
Averaged Test AUC: 0.9448
Std Test Accurancy: 0.0865
Std Test AUC: 0.0225
ASR : 0.03772758888956402
attack_auc : 0.49680395038327674
------------------------- time cost ------------------------- 9.332724332809448
ASR : 0.03727859915580801
attack_auc : 0.49453592474569547
------------------------- time cost ------------------------- 2.295295476913452
ASR : 0.036220113605942995
attack_auc : 0.49451059741277575
------------------------- time cost ------------------------- 2.6689693927764893
ASR : 0.035495019036500715
attack_auc : 0.4948361401623792
------------------------- time cost ------------------------- 2.498670816421509
ASR : 0.036611438123314424
attack_auc : 0.49525179660349394
------------------------- time cost ------------------------- 2.9026310443878174
ASR : 0.03613812589597106
attack_auc : 0.49646962228713315
------------------------- time cost ------------------------- 2.8965837955474854
ASR : 0.03544933944874679
attack_auc : 0.496052813777552
------------------------- time cost ------------------------- 2.8860676288604736
ASR : 0.03662453449926794
attack_auc : 0.4996824414327998
------------------------- time cost ------------------------- 3.0645692348480225
ASR : 0.03751386722232693
attack_auc : 0.5032580190051547
------------------------- time cost ------------------------- 2.858083963394165
ASR : 0.038200564764541416
attack_auc : 0.5028284793030834
------------------------- time cost ------------------------- 2.8159284591674805

-------------Round number: 90-------------

Evaluate personalized models
Averaged Train Loss: 0.5745
Averaged Test Accurancy: 0.7244
Averaged Test AUC: 0.9467
Std Test Accurancy: 0.0851
Std Test AUC: 0.0218
ASR : 0.036662378510278065
attack_auc : 0.502876140633573
------------------------- time cost ------------------------- 11.559123992919922
ASR : 0.0381089968673246
attack_auc : 0.5028246295166198
------------------------- time cost ------------------------- 2.5637056827545166
ASR : 0.038775683198749154
attack_auc : 0.5038365053523872
------------------------- time cost ------------------------- 3.3690431118011475
ASR : 0.039014630704922636
attack_auc : 0.502667117945901
------------------------- time cost ------------------------- 2.5344724655151367
ASR : 0.03851067993956269
attack_auc : 0.5019042745448241
------------------------- time cost ------------------------- 3.1353414058685303
ASR : 0.037718013529722226
attack_auc : 0.49998694654883263
------------------------- time cost ------------------------- 2.758603572845459
ASR : 0.03893719545849467
attack_auc : 0.501257446145632
------------------------- time cost ------------------------- 2.8559792041778564
ASR : 0.037383716245188305
attack_auc : 0.5009730700678582
------------------------- time cost ------------------------- 3.066574811935425
ASR : 0.0375182730084305
attack_auc : 0.4995001316744685
------------------------- time cost ------------------------- 2.434056520462036
ASR : 0.03683756600638583
attack_auc : 0.4981318603396218
------------------------- time cost ------------------------- 2.934671640396118

-------------Round number: 100-------------

Evaluate personalized models
Averaged Train Loss: 0.5426
Averaged Test Accurancy: 0.7325
Averaged Test AUC: 0.9487
Std Test Accurancy: 0.0816
Std Test AUC: 0.0210
ASR : 0.03687314024396447
attack_auc : 0.4979885446314489
------------------------- time cost ------------------------- 10.030508995056152
ASR : 0.03735036595412162
attack_auc : 0.4996791721770636
------------------------- time cost ------------------------- 3.121626615524292
ASR : 0.037535243759970874
attack_auc : 0.5004452160926107
------------------------- time cost ------------------------- 3.5531556606292725
ASR : 0.0378882360072151
attack_auc : 0.5029158288922999
------------------------- time cost ------------------------- 3.684194326400757
ASR : 0.03745598924988032
attack_auc : 0.5035287334309386
------------------------- time cost ------------------------- 3.9258182048797607
ASR : 0.03803366485159322
attack_auc : 0.5049203215293834
------------------------- time cost ------------------------- 2.4748172760009766
ASR : 0.03886334458158834
attack_auc : 0.5063868335280917
------------------------- time cost ------------------------- 4.15919041633606
ASR : 0.03828812027147537
attack_auc : 0.5068105301387913
------------------------- time cost ------------------------- 3.223531723022461
ASR : 0.03892364132162169
attack_auc : 0.5073031217747914
------------------------- time cost ------------------------- 3.0635874271392822
ASR : 0.03815238125944089
attack_auc : 0.5052352282307426
------------------------- time cost ------------------------- 2.855649709701538

-------------Round number: 110-------------

Evaluate personalized models
Averaged Train Loss: 0.5123
Averaged Test Accurancy: 0.7369
Averaged Test AUC: 0.9500
Std Test Accurancy: 0.0802
Std Test AUC: 0.0206
ASR : 0.0387296977022232
attack_auc : 0.504378213920726
------------------------- time cost ------------------------- 10.568834066390991
ASR : 0.0377559477863012
attack_auc : 0.5048602986636361
------------------------- time cost ------------------------- 2.851555585861206
ASR : 0.037278593742891775
attack_auc : 0.5067284268501141
------------------------- time cost ------------------------- 2.7317075729370117
ASR : 0.03779604659219687
attack_auc : 0.5068884960722436
------------------------- time cost ------------------------- 3.089125871658325
ASR : 0.03842867188587567
attack_auc : 0.5076321609907938
------------------------- time cost ------------------------- 2.8240582942962646
ASR : 0.03902769608219533
attack_auc : 0.5091565293235338
------------------------- time cost ------------------------- 2.922305107116699
ASR : 0.03842220201604247
attack_auc : 0.5074052545132041
------------------------- time cost ------------------------- 2.854705333709717
ASR : 0.038600072730133564
attack_auc : 0.506024329353473
------------------------- time cost ------------------------- 2.696784257888794
ASR : 0.03912967186530267
attack_auc : 0.5087121113988519
------------------------- time cost ------------------------- 2.983978033065796
ASR : 0.0385991871520034
attack_auc : 0.5094030738841338
------------------------- time cost ------------------------- 2.9988858699798584

-------------Round number: 120-------------

Evaluate personalized models
Averaged Train Loss: 0.4866
Averaged Test Accurancy: 0.7408
Averaged Test AUC: 0.9510
Std Test Accurancy: 0.0793
Std Test AUC: 0.0206
ASR : 0.03838112615396269
attack_auc : 0.5082302884998177
------------------------- time cost ------------------------- 11.86133074760437
ASR : 0.03793276340987727
attack_auc : 0.5075838499401201
------------------------- time cost ------------------------- 3.186525344848633
ASR : 0.03813546193801198
attack_auc : 0.5056403677576948
------------------------- time cost ------------------------- 4.093094348907471
ASR : 0.036706750992892966
attack_auc : 0.5041040810787426
------------------------- time cost ------------------------- 3.443242073059082
ASR : 0.036024384098479016
attack_auc : 0.5032464320756138
------------------------- time cost ------------------------- 3.0043411254882812
ASR : 0.03644463910217595
attack_auc : 0.5057958718743575
------------------------- time cost ------------------------- 3.3530828952789307
ASR : 0.036397224227197655
attack_auc : 0.5059712496885926
------------------------- time cost ------------------------- 2.8414981365203857
ASR : 0.037264187890201576
attack_auc : 0.5064414658396694
------------------------- time cost ------------------------- 3.974015474319458
ASR : 0.03709078534772964
attack_auc : 0.5058165811019208
------------------------- time cost ------------------------- 3.8940744400024414
ASR : 0.037810658236461965
attack_auc : 0.5057644838793975
------------------------- time cost ------------------------- 4.215090751647949

-------------Round number: 130-------------

Evaluate personalized models
Averaged Train Loss: 0.4650
Averaged Test Accurancy: 0.7443
Averaged Test AUC: 0.9523
Std Test Accurancy: 0.0804
Std Test AUC: 0.0202
ASR : 0.03738248518320938
attack_auc : 0.5058234908228413
------------------------- time cost ------------------------- 9.450477361679077
ASR : 0.03624425548772204
attack_auc : 0.5051941029004442
------------------------- time cost ------------------------- 2.1739351749420166
ASR : 0.03711401540204661
attack_auc : 0.5072956730223109
------------------------- time cost ------------------------- 2.1849138736724854
ASR : 0.03705279428061546
attack_auc : 0.5061275442757468
------------------------- time cost ------------------------- 2.2472269535064697
ASR : 0.037748921820181934
attack_auc : 0.5058820888869203
------------------------- time cost ------------------------- 2.0999186038970947
ASR : 0.037018261433039414
attack_auc : 0.5048545430520682
------------------------- time cost ------------------------- 2.1229257583618164
ASR : 0.03753823689248395
attack_auc : 0.5048779868758356
------------------------- time cost ------------------------- 2.0616519451141357
ASR : 0.03723225780564911
attack_auc : 0.503892208655365
------------------------- time cost ------------------------- 2.401888370513916
ASR : 0.03646249969487328
attack_auc : 0.5039031292057138
------------------------- time cost ------------------------- 2.354160785675049
ASR : 0.03697707799300711
attack_auc : 0.5043152233851307
------------------------- time cost ------------------------- 2.4087321758270264

-------------Round number: 140-------------

Evaluate personalized models
Averaged Train Loss: 0.4452
Averaged Test Accurancy: 0.7476
Averaged Test AUC: 0.9532
Std Test Accurancy: 0.0798
Std Test AUC: 0.0200
ASR : 0.03762928498195054
attack_auc : 0.5049733787661679
------------------------- time cost ------------------------- 8.097536563873291
ASR : 0.03631204122874429
attack_auc : 0.504102094465464
------------------------- time cost ------------------------- 2.2372794151306152
ASR : 0.036655061693965534
attack_auc : 0.5055448774090494
------------------------- time cost ------------------------- 2.297929525375366
ASR : 0.03693399536019433
attack_auc : 0.5069637140022765
------------------------- time cost ------------------------- 2.130882978439331
ASR : 0.03673203795732241
attack_auc : 0.508764561972894
------------------------- time cost ------------------------- 2.1153697967529297
ASR : 0.036493458630232754
attack_auc : 0.5078006185204653
------------------------- time cost ------------------------- 2.0555942058563232
ASR : 0.036426408255325046
attack_auc : 0.508111170297318
------------------------- time cost ------------------------- 2.0290615558624268
ASR : 0.03683834883229715
attack_auc : 0.5071369882348404
------------------------- time cost ------------------------- 2.222569465637207
ASR : 0.036805503151232016
attack_auc : 0.5062825936067307
------------------------- time cost ------------------------- 2.0940165519714355
ASR : 0.035983072441729984
attack_auc : 0.5050579316842355
------------------------- time cost ------------------------- 2.2911133766174316

-------------Round number: 150-------------

Evaluate personalized models
Averaged Train Loss: 0.4245
Averaged Test Accurancy: 0.7512
Averaged Test AUC: 0.9541
Std Test Accurancy: 0.0791
Std Test AUC: 0.0196
ASR : 0.03556812750620374
attack_auc : 0.5057931568871333
------------------------- time cost ------------------------- 7.872144460678101
ASR : 0.03639349221069239
attack_auc : 0.5063738039322169
------------------------- time cost ------------------------- 2.3421778678894043
ASR : 0.03542598224741933
attack_auc : 0.505297091216713
------------------------- time cost ------------------------- 2.223308801651001
ASR : 0.035078742572188244
attack_auc : 0.5041010431330372
------------------------- time cost ------------------------- 2.34489107131958
ASR : 0.03473492345717516
attack_auc : 0.5025329968138815
------------------------- time cost ------------------------- 2.610825538635254
ASR : 0.03417952768493471
attack_auc : 0.5032237626725828
------------------------- time cost ------------------------- 2.3229966163635254
ASR : 0.03511411993781693
attack_auc : 0.5053638061737616
------------------------- time cost ------------------------- 2.317089080810547
ASR : 0.03483368403076747
attack_auc : 0.5046106375620248
------------------------- time cost ------------------------- 2.3249034881591797
ASR : 0.034468817030972314
attack_auc : 0.5037360789669355
------------------------- time cost ------------------------- 2.258413791656494
ASR : 0.03391169198960558
attack_auc : 0.5035207197828627
------------------------- time cost ------------------------- 2.1457436084747314

-------------Round number: 160-------------

Evaluate personalized models
Averaged Train Loss: 0.4079
Averaged Test Accurancy: 0.7524
Averaged Test AUC: 0.9548
Std Test Accurancy: 0.0774
Std Test AUC: 0.0195
ASR : 0.03455160108962917
attack_auc : 0.503291404847226
------------------------- time cost ------------------------- 7.905693531036377
ASR : 0.03340256625950402
attack_auc : 0.501930884050945
------------------------- time cost ------------------------- 2.08498215675354
ASR : 0.03362613092086773
attack_auc : 0.5011514208968371
------------------------- time cost ------------------------- 2.1304304599761963
ASR : 0.03346387981355245
attack_auc : 0.501610886212286
------------------------- time cost ------------------------- 2.230015993118286
ASR : 0.03417315007230494
attack_auc : 0.5031952559578526
------------------------- time cost ------------------------- 2.620236873626709
ASR : 0.03477333102729051
attack_auc : 0.5038782210786518
------------------------- time cost ------------------------- 2.529669761657715
ASR : 0.03457759264511461
attack_auc : 0.5039177642192055
------------------------- time cost ------------------------- 2.2156975269317627
ASR : 0.034592133122233554
attack_auc : 0.5015053267763672
------------------------- time cost ------------------------- 2.217031478881836
ASR : 0.03447026356965782
attack_auc : 0.5016199070894296
------------------------- time cost ------------------------- 2.0109164714813232
ASR : 0.033907292973738186
attack_auc : 0.5023333062714752
------------------------- time cost ------------------------- 2.3381106853485107

-------------Round number: 170-------------

Evaluate personalized models
Averaged Train Loss: 0.3881
Averaged Test Accurancy: 0.7568
Averaged Test AUC: 0.9555
Std Test Accurancy: 0.0756
Std Test AUC: 0.0192
ASR : 0.033821678261560253
attack_auc : 0.5023947597631033
------------------------- time cost ------------------------- 8.009919166564941
ASR : 0.033901457842698435
attack_auc : 0.5038816726291739
------------------------- time cost ------------------------- 2.2559256553649902
ASR : 0.033784480540094405
attack_auc : 0.5044269887492503
------------------------- time cost ------------------------- 2.273560047149658
ASR : 0.03354429214980977
attack_auc : 0.5038781358445745
------------------------- time cost ------------------------- 2.3278515338897705
ASR : 0.033937778995052334
attack_auc : 0.5042080044897966
------------------------- time cost ------------------------- 2.2734906673431396
ASR : 0.03382053123059177
attack_auc : 0.5060042641459256
------------------------- time cost ------------------------- 2.3937878608703613
ASR : 0.03436152276674
attack_auc : 0.5063601997114364
------------------------- time cost ------------------------- 2.26481294631958
ASR : 0.03441994437606574
attack_auc : 0.5073413946967459
------------------------- time cost ------------------------- 1.9665000438690186
ASR : 0.034242490966212756
attack_auc : 0.5078595594083918
------------------------- time cost ------------------------- 2.2973134517669678
ASR : 0.03463941024787974
attack_auc : 0.5075863590231019
------------------------- time cost ------------------------- 2.6641554832458496

-------------Round number: 180-------------

Evaluate personalized models
Averaged Train Loss: 0.3730
Averaged Test Accurancy: 0.7566
Averaged Test AUC: 0.9559
Std Test Accurancy: 0.0775
Std Test AUC: 0.0189
ASR : 0.03412176247341626
attack_auc : 0.5062914837931529
------------------------- time cost ------------------------- 7.848179578781128
ASR : 0.034118315011224726
attack_auc : 0.5070781381836621
------------------------- time cost ------------------------- 2.075033664703369
ASR : 0.03380877089812274
attack_auc : 0.5064835284720647
------------------------- time cost ------------------------- 2.1955583095550537
ASR : 0.03433651092340217
attack_auc : 0.507165896109604
------------------------- time cost ------------------------- 2.1779592037200928
ASR : 0.03392031470198191
attack_auc : 0.5061541441005061
------------------------- time cost ------------------------- 2.2711751461029053
ASR : 0.033552968784636
attack_auc : 0.5048158404768218
------------------------- time cost ------------------------- 2.103865146636963
ASR : 0.03254274127286055
attack_auc : 0.5043223380261487
------------------------- time cost ------------------------- 2.152236223220825
ASR : 0.03365361506354581
attack_auc : 0.5048393040461144
------------------------- time cost ------------------------- 2.2800710201263428
ASR : 0.03369461833860653
attack_auc : 0.5045515693914413
------------------------- time cost ------------------------- 2.106598138809204
ASR : 0.03331664138471527
attack_auc : 0.5056985372501583
------------------------- time cost ------------------------- 2.340909719467163

-------------Round number: 190-------------

Evaluate personalized models
Averaged Train Loss: 0.3582
Averaged Test Accurancy: 0.7597
Averaged Test AUC: 0.9564
Std Test Accurancy: 0.0776
Std Test AUC: 0.0189
ASR : 0.03398970914775872
attack_auc : 0.5072511170890163
------------------------- time cost ------------------------- 7.892945051193237
ASR : 0.03459219105299293
attack_auc : 0.5067318410662446
------------------------- time cost ------------------------- 2.181673765182495
ASR : 0.03375313175372561
attack_auc : 0.5076579375125548
------------------------- time cost ------------------------- 2.243820905685425
ASR : 0.03354223752081948
attack_auc : 0.5071662366326762
------------------------- time cost ------------------------- 2.2049033641815186
ASR : 0.033386572353489276
attack_auc : 0.5072702166558768
------------------------- time cost ------------------------- 2.2866368293762207
ASR : 0.03338544915870646
attack_auc : 0.5074726371125134
------------------------- time cost ------------------------- 2.179159641265869
ASR : 0.03275912696250601
attack_auc : 0.5070577758564483
------------------------- time cost ------------------------- 2.096844434738159
ASR : 0.03276873027486161
attack_auc : 0.5058801961313291
------------------------- time cost ------------------------- 2.1900224685668945
ASR : 0.03169797760432574
attack_auc : 0.5055386079029051
------------------------- time cost ------------------------- 2.127976655960083
ASR : 0.03195632690246197
attack_auc : 0.5044048204216115
------------------------- time cost ------------------------- 2.3092334270477295

-------------Round number: 200-------------

Evaluate personalized models
Averaged Train Loss: 0.3422
Averaged Test Accurancy: 0.7603
Averaged Test AUC: 0.9569
Std Test Accurancy: 0.0778
Std Test AUC: 0.0188
ASR : 0.032421685182245544
attack_auc : 0.5052959420265054
------------------------- time cost ------------------------- 8.110798835754395
ASR : 0.03226521171236536
attack_auc : 0.5059445051248617
------------------------- time cost ------------------------- 2.2222323417663574
ASR : 0.03236801137416393
attack_auc : 0.5063795598259043
------------------------- time cost ------------------------- 2.082460403442383
ASR : 0.03333251162947555
attack_auc : 0.5071133034186803
------------------------- time cost ------------------------- 2.249505043029785
ASR : 0.03234479339683682
attack_auc : 0.5074337009534192
------------------------- time cost ------------------------- 2.405925989151001
ASR : 0.0334021384978258
attack_auc : 0.5082913477030686
------------------------- time cost ------------------------- 2.052734851837158
ASR : 0.03276095075974508
attack_auc : 0.5078889850545707
------------------------- time cost ------------------------- 2.16467547416687
ASR : 0.03196353522712537
attack_auc : 0.5081675965189865
------------------------- time cost ------------------------- 2.145158290863037
ASR : 0.03172071470310368
attack_auc : 0.5070857854932531
------------------------- time cost ------------------------- 2.3325355052948
ASR : 0.031429206860017905
attack_auc : 0.5081890940178012
------------------------- time cost ------------------------- 2.171492338180542

-------------Round number: 210-------------

Evaluate personalized models
Averaged Train Loss: 0.3291
Averaged Test Accurancy: 0.7640
Averaged Test AUC: 0.9575
Std Test Accurancy: 0.0769
Std Test AUC: 0.0187
ASR : 0.031542093448761556
attack_auc : 0.5088339857521309
------------------------- time cost ------------------------- 7.941759347915649
ASR : 0.03127333570510289
attack_auc : 0.5082567327443525
------------------------- time cost ------------------------- 2.2108259201049805
ASR : 0.031748404703081545
attack_auc : 0.5078554484764499
------------------------- time cost ------------------------- 2.0989465713500977
ASR : 0.03149430967692097
attack_auc : 0.50819052653358
------------------------- time cost ------------------------- 2.1639649868011475
ASR : 0.0315772748046851
attack_auc : 0.5085581118710627
------------------------- time cost ------------------------- 2.2906553745269775
ASR : 0.030736507182406916
attack_auc : 0.5085766548432107
------------------------- time cost ------------------------- 2.2659711837768555
ASR : 0.031253320579934005
attack_auc : 0.5084279655686694
------------------------- time cost ------------------------- 2.6623599529266357
ASR : 0.031585580852765666
attack_auc : 0.5082477015949756
------------------------- time cost ------------------------- 2.1364729404449463
ASR : 0.03169916470900664
attack_auc : 0.5076233047899137
------------------------- time cost ------------------------- 2.5177512168884277
ASR : 0.03256935442484565
attack_auc : 0.5076229123156366
------------------------- time cost ------------------------- 2.422718048095703

-------------Round number: 220-------------

Evaluate personalized models
