================================================================================
Summary of training process:
Algorithm: FedRepBDPFL
Attack method:attackall
Defense method:none
Attack goal:attackall
Start attack iteration:30
Batch size: 64
Learing rate       : 0.1
Average Moving       : 1.0
Subset of users      : 10
Number of global rounds       : 400
Number of local rounds       : 10
Dataset       : Cifar10
Local Model       : resnet
ResNet Pretrained : 0
FedRepBDPFL bd_lambda=1.0 bd_tau=1.0 bd_gamma=1.0 bd_use_inter=1 bd_use_em=0
Per_local epoch:1
one shot:0
scale rate:0
================================================================================
['f_00007', 'f_00001', 'f_00062', 'f_00020', 'f_00096', 'f_00085', 'f_00051', 'f_00043', 'f_00037', 'f_00058']
---------------Running time:------------ 0
Loaded cached CIFAR10 Dirichlet split from data/Cifar10/dirichlet_a0.5_u100_v1.pkl
Number of users / total users: 10  /  100
Finished creating FedRep + BDPFL-submodule server.
-------------Round number:  0  -------------
Evaluate global model
Average Global Accurancy:  0.09942142714637228
Average Global Trainning Accurancy:  0.10019349242710673

global benign client acc list:[0.42, 0.043478260869565216, 0.36082474226804123, 0.010869565217391304, 0.024193548387096774, 0.0, 0.34, 0.10344827586206896, 0.010101010101010102, 0.02127659574468085, 0.27314814814814814, 0.16585365853658537, 0.23076923076923078, 0.17557251908396945, 0.09523809523809523, 0.0, 0.47586206896551725, 0.29411764705882354, 0.13986013986013987, 0.022222222222222223, 0.007751937984496124, 0.4260869565217391, 0.013333333333333334, 0.0, 0.0, 0.06310679611650485, 0.41721854304635764, 0.15384615384615385, 0.10869565217391304, 0.06363636363636363, 0.0, 0.04929577464788732, 0.15789473684210525, 0.10236220472440945, 0.10945273631840796, 0.021739130434782608, 0.18359375, 0.0, 0.14285714285714285, 0.01834862385321101, 0.029850746268656716, 0.00546448087431694, 0.041666666666666664, 0.2524271844660194, 0.25732899022801303, 0.05813953488372093, 0.3626373626373626, 0.0, 0.0, 0.0, 0.028708133971291867, 0.0, 0.0, 0.0, 0.30288461538461536, 0.09411764705882353, 0.0425531914893617, 0.022222222222222223, 0.057692307692307696, 0.176056338028169, 0.0, 0.0457516339869281, 0.012121212121212121, 0.005747126436781609, 0.0, 0.008403361344537815, 0.07352941176470588, 0.0, 0.0, 0.008695652173913044, 0.0, 0.11764705882352941, 0.29777777777777775, 0.1262135922330097, 0.0, 0.17777777777777778, 0.05263157894736842, 0.01893939393939394, 0.043478260869565216, 0.14084507042253522, 0.0, 0.017985611510791366, 0.01932367149758454, 0.0, 0.039473684210526314, 0.0, 0.09574468085106383, 0.06829268292682927, 0.007936507936507936, 0.35294117647058826]; mean acc:0.09676735456182077
global malicious client acc list:[0.15789473684210525, 0.22131147540983606, 0.0, 0.01, 0.0, 0.07804878048780488, 0.05181347150259067, 0.27932960893854747, 0.07667731629392971, 0.06077348066298342]; mean acc:0.09358488701377975
Average Global ATTACK ALL ASR:  0.0
Average Global ATTACK ALL train ASR:  0.0
global benign client asr list:[0.0, 0.0, 0.0, 0.0, 0.0, 0.0, 0.0, 0.0, 0.0, 0.0, 0.0, 0.0, 0.0, 0.0, 0.0, 0.0, 0.0, 0.0, 0.0, 0.0, 0.0, 0.0, 0.0, 0.0, 0.0, 0.0, 0.0, 0.0, 0.0, 0.0, 0.0, 0.0, 0.0, 0.0, 0.0, 0.0, 0.0, 0.0, 0.0, 0.0, 0.0, 0.0, 0.0, 0.0, 0.0, 0.0, 0.0, 0.0, 0.0, 0.0, 0.0, 0.0, 0.0, 0.0, 0.0, 0.0, 0.0, 0.0, 0.0, 0.0, 0.0, 0.0, 0.0, 0.0, 0.0, 0.0, 0.0, 0.0, 0.0, 0.0, 0.0, 0.0, 0.0, 0.0, 0.0, 0.0, 0.0, 0.0, 0.0, 0.0, 0.0, 0.0, 0.0, 0.0, 0.0, 0.0, 0.0, 0.0, 0.0, 0.0]; mean asr:0.0
global malicious client asr list:[0.0, 0.0, 0.0, 0.0, 0.0, 0.0, 0.0, 0.0, 0.0, 0.0]; mean asr:0.0

Evaluate global model with a few step updates, which is personalized model
Average Personal Accurancy (k local SGD):  0.26301788920662367
Average Personal Trainning Accurancy (k local SGD):  0.2696439294531059
global benign client acc list:[0.22, 0.2608695652173913, 0.36082474226804123, 0.07065217391304347, 0.07258064516129033, 0.4247787610619469, 0.21, 0.438871473354232, 0.37373737373737376, 0.3404255319148936, 0.3333333333333333, 0.17560975609756097, 0.23076923076923078, 0.17557251908396945, 0.4126984126984127, 0.4057971014492754, 0.47586206896551725, 0.14705882352941177, 0.1888111888111888, 0.044444444444444446, 0.35658914728682173, 0.043478260869565216, 0.44, 0.17164179104477612, 0.6190476190476191, 0.18446601941747573, 0.0728476821192053, 0.15384615384615385, 0.10869565217391304, 0.07272727272727272, 0.06611570247933884, 0.16901408450704225, 0.15789473684210525, 0.2125984251968504, 0.15422885572139303, 0.21739130434782608, 0.29296875, 0.30578512396694213, 0.17857142857142858, 0.1743119266055046, 0.41044776119402987, 0.37158469945355194, 0.46875, 0.24271844660194175, 0.25732899022801303, 0.38372093023255816, 0.17582417582417584, 0.26519337016574585, 0.2671232876712329, 0.30612244897959184, 0.07655502392344497, 0.2129032258064516, 0.4857142857142857, 0.28703703703703703, 0.17307692307692307, 0.24705882352941178, 0.11347517730496454, 0.2814814814814815, 0.3717948717948718, 0.2676056338028169, 0.7087912087912088, 0.16993464052287582, 0.6727272727272727, 0.3045977011494253, 0.1885245901639344, 0.19327731092436976, 0.19607843137254902, 0.3017241379310345, 0.06956521739130435, 0.2608695652173913, 0.059602649006622516, 0.27647058823529413, 0.07555555555555556, 0.30097087378640774, 0.3730886850152905, 0.25555555555555554, 0.14736842105263157, 0.3106060606060606, 0.2782608695652174, 0.31690140845070425, 0.4074074074074074, 0.5431654676258992, 0.30917874396135264, 0.2857142857142857, 0.42105263157894735, 0.30708661417322836, 0.5, 0.1073170731707317, 0.46825396825396826, 0.19117647058823528]; mean acc:0.26868063424332317
global malicious client acc list:[0.10526315789473684, 0.16393442622950818, 0.1518987341772152, 0.27, 0.4126984126984127, 0.28780487804878047, 0.09844559585492228, 0.20670391061452514, 0.2364217252396166, 0.04419889502762431]; mean acc:0.19773697357853418
Average Personal ATTACK ALL ASR (k local SGD):  0.12110128350069828
Average Personal ATTACK ALL Trainning ASR (k local SGD):  0.12178902653292707
person benign client asr list:[0.0, 0.0, 0.0, 0.021739130434782608, 0.0, 0.0, 0.0, 0.0, 0.0, 0.0, 0.0, 1.0, 0.0, 0.0, 0.0, 0.0, 0.0, 0.0, 0.0, 0.0, 0.0, 1.0, 1.0, 0.0, 0.0, 0.0, 0.0, 0.0, 0.0, 0.0, 1.0, 0.0, 0.0, 0.0, 0.0, 0.0, 0.0, 0.0, 0.03571428571428571, 0.0, 1.0, 1.0, 0.0, 0.0, 0.0, 0.0, 0.0, 0.0, 0.0, 0.0, 0.0, 0.0, 0.0, 0.0, 0.0, 0.0, 0.8652482269503546, 0.0, 0.0, 0.0, 0.0, 0.0, 0.0, 0.0, 0.0, 0.0, 0.16176470588235295, 1.0, 0.0, 1.0, 0.0, 0.0, 0.0, 0.0, 0.0, 0.0, 0.0, 0.0, 0.0, 1.0, 0.0, 0.0, 0.0, 0.0, 0.0, 0.0, 0.0, 0.0, 1.0, 0.0]; mean asr:0.12316073721090862
person malicious client asr list:[0.0, 0.0, 0.0, 0.0, 0.0, 1.0, 0.0, 0.0, 0.0, 0.0]; mean asr:0.1
================================================================================
f_00080
ACC :0.30666666666666664
ASR :0.5377777777777778
================================================================================
f_00084
ACC :0.42105263157894735
ASR :0.5473684210526316
================================================================================
f_00033
ACC :0.35537190082644626
ASR :0.0
================================================================================
f_00081
ACC :0.30097087378640774
ASR :0.0
================================================================================
f_00093
ACC :0.42105263157894735
ASR :0.0
================================================================================
f_00017
ACC :0.11594202898550725
ASR :0.0
================================================================================
f_00036
ACC :0.28346456692913385
ASR :0.0
================================================================================
f_00082
ACC :0.42201834862385323
ASR :0.26605504587155965
================================================================================
f_00069
ACC :0.5490196078431373
ASR :0.0
================================================================================
f_00065
ACC :0.2814814814814815
ASR :0.0
-------------Round number:  1  -------------
Evaluate global model
Average Global Accurancy:  0.12449291747024008
Average Global Trainning Accurancy:  0.12855014122723127

global benign client acc list:[0.24, 0.043478260869565216, 0.19072164948453607, 0.02717391304347826, 0.0, 0.008849557522123894, 0.01, 0.07523510971786834, 0.37373737373737376, 0.0, 0.027777777777777776, 0.12682926829268293, 0.0, 0.022900763358778626, 0.07936507936507936, 0.11594202898550725, 0.0, 0.023529411764705882, 0.03496503496503497, 0.13333333333333333, 0.35658914728682173, 0.0, 0.06666666666666667, 0.3805970149253731, 0.15476190476190477, 0.03398058252427184, 0.059602649006622516, 0.10989010989010989, 0.10869565217391304, 0.00909090909090909, 0.23140495867768596, 0.014084507042253521, 0.07017543859649122, 0.4645669291338583, 0.1691542288557214, 0.021739130434782608, 0.1484375, 0.39669421487603307, 0.047619047619047616, 0.045871559633027525, 0.3582089552238806, 0.07103825136612021, 0.010416666666666666, 0.0970873786407767, 0.1563517915309446, 0.12790697674418605, 0.07142857142857142, 0.0, 0.0273972602739726, 0.07653061224489796, 0.06698564593301436, 0.1032258064516129, 0.005714285714285714, 0.28703703703703703, 0.038461538461538464, 0.16470588235294117, 0.20567375886524822, 0.2814814814814815, 0.1346153846153846, 0.007042253521126761, 0.01098901098901099, 0.5490196078431373, 0.012121212121212121, 0.1896551724137931, 0.00819672131147541, 0.19327731092436976, 0.049019607843137254, 0.07758620689655173, 0.0, 0.0, 0.019867549668874173, 0.052941176470588235, 0.26222222222222225, 0.30097087378640774, 0.3730886850152905, 0.25555555555555554, 0.3894736842105263, 0.011363636363636364, 0.034782608695652174, 0.08450704225352113, 0.006172839506172839, 0.4856115107913669, 0.014492753623188406, 0.08866995073891626, 0.42105263157894735, 0.30708661417322836, 0.5, 0.2682926829268293, 0.0, 0.0392156862745098]; mean acc:0.13022225340183496
global malicious client acc list:[0.14736842105263157, 0.0, 0.11392405063291139, 0.0, 0.20634920634920634, 0.014634146341463415, 0.0, 0.00558659217877095, 0.04472843450479233, 0.1712707182320442]; mean acc:0.07038615692918201
Average Global ATTACK ALL ASR:  0.004788189133470772
Average Global ATTACK ALL train ASR:  0.005048595511865312
global benign client asr list:[0.0, 0.0, 0.0, 0.0, 0.0, 0.0, 0.0, 0.0, 0.0, 0.0, 0.0, 0.0, 0.0, 0.0, 0.0, 0.0, 0.0, 0.0, 0.0, 0.0, 0.0, 0.0, 0.0, 0.0, 0.0, 0.0, 0.0, 0.0, 0.0, 0.0, 0.0, 0.0, 0.0, 0.0, 0.0, 0.0, 0.0, 0.0, 0.0, 0.0, 0.0, 0.0, 0.0, 0.0, 0.0, 0.0, 0.0, 0.0, 0.0, 0.0, 0.0, 0.0, 0.0, 0.0, 0.0, 0.0, 0.0, 0.0, 0.0, 0.0, 0.0, 0.0, 0.0, 0.0, 0.0, 0.0, 0.0, 0.0, 0.0, 0.0, 0.0, 0.0, 0.0, 0.0, 0.0, 0.0, 0.7578947368421053, 0.0, 0.0, 0.0, 0.0, 0.0, 0.0, 0.0, 0.0, 0.0, 0.0, 0.0, 0.0, 0.0]; mean asr:0.008421052631578947
global malicious client asr list:[0.0, 0.0, 0.0, 0.0, 0.0, 0.0, 0.0, 0.0, 0.0, 0.0]; mean asr:0.0

Evaluate global model with a few step updates, which is personalized model
Average Personal Accurancy (k local SGD):  0.2815056194719691
Average Personal Trainning Accurancy (k local SGD):  0.28885972911060204
global benign client acc list:[0.22, 0.2608695652173913, 0.19072164948453607, 0.44565217391304346, 0.07258064516129033, 0.4247787610619469, 0.42, 0.44200626959247646, 0.37373737373737376, 0.3900709219858156, 0.3333333333333333, 0.15121951219512195, 0.23076923076923078, 0.17557251908396945, 0.4126984126984127, 0.11594202898550725, 0.4068965517241379, 0.3, 0.1888111888111888, 0.044444444444444446, 0.06201550387596899, 0.10434782608695652, 0.06666666666666667, 0.17164179104477612, 0.15476190476190477, 0.18446601941747573, 0.07947019867549669, 0.15384615384615385, 0.13043478260869565, 0.17272727272727273, 0.23140495867768596, 0.16901408450704225, 0.3157894736842105, 0.2283464566929134, 0.47761194029850745, 0.21739130434782608, 0.29296875, 0.30578512396694213, 0.14285714285714285, 0.1743119266055046, 0.3582089552238806, 0.2896174863387978, 0.46875, 0.2524271844660194, 0.19543973941368079, 0.09302325581395349, 0.13736263736263737, 0.292817679558011, 0.2534246575342466, 0.30612244897959184, 0.5023923444976076, 0.2129032258064516, 0.09142857142857143, 0.28703703703703703, 0.17307692307692307, 0.24705882352941178, 0.1773049645390071, 0.14074074074074075, 0.3717948717948718, 0.2676056338028169, 0.7087912087912088, 0.5490196078431373, 0.6727272727272727, 0.3448275862068966, 0.1885245901639344, 0.40336134453781514, 0.16666666666666666, 0.25, 0.17391304347826086, 0.3826086956521739, 0.1456953642384106, 0.27647058823529413, 0.1688888888888889, 0.30097087378640774, 0.3730886850152905, 0.35555555555555557, 0.18947368421052632, 0.4659090909090909, 0.2782608695652174, 0.2676056338028169, 0.4074074074074074, 0.5431654676258992, 0.30917874396135264, 0.24630541871921183, 0.42105263157894735, 0.30708661417322836, 0.5, 0.2634146341463415, 0.05555555555555555, 0.20588235294117646]; mean acc:0.2719545457875179
global malicious client acc list:[0.14736842105263157, 0.30327868852459017, 0.1518987341772152, 0.37, 0.4126984126984127, 0.35121951219512193, 0.07253886010362694, 0.2122905027932961, 0.23961661341853036, 0.39226519337016574]; mean acc:0.26531749383335906
Average Personal ATTACK ALL ASR (k local SGD):  0.009642880893795305
Average Personal ATTACK ALL Trainning ASR (k local SGD):  0.010586482218713163
person benign client asr list:[0.0, 0.0, 0.0, 0.0, 0.0, 0.0, 0.0, 0.0, 0.0, 0.0, 0.0, 0.03902439024390244, 0.0, 0.0, 0.0, 0.0, 0.0, 0.0, 0.0, 0.0, 0.0, 0.0, 0.0, 0.0, 0.0, 0.0, 0.0, 0.0, 0.0, 0.0, 0.0, 0.0, 0.0, 0.0, 0.0, 0.0, 0.0, 0.0, 0.0, 0.0, 0.0, 0.0, 0.0, 0.0, 0.06188925081433225, 0.0, 0.0, 0.0, 0.0, 0.0, 0.0, 0.0, 0.0, 0.004629629629629629, 0.0, 0.0, 0.24113475177304963, 0.0, 0.0, 0.0, 0.0, 0.0, 0.0, 0.0, 0.0, 0.0, 0.0, 0.0, 0.0, 0.0, 0.0, 0.0, 0.0, 0.0, 0.0, 0.0, 0.0, 0.0, 0.0, 0.31690140845070425, 0.0, 0.0, 0.0, 0.0, 0.0, 0.0, 0.0, 0.0, 0.0, 0.0]; mean asr:0.007373104787906869
person malicious client asr list:[0.0, 0.0, 0.0, 0.0, 0.0, 0.014634146341463415, 0.0, 0.00558659217877095, 0.0, 0.0]; mean asr:0.0020220738520234363
================================================================================
f_00044
ACC :0.29357798165137616
ASR :0.0
================================================================================
f_00096
client is malicious client!
ACC :0.5082872928176796
ASR :0.11602209944751381
================================================================================
f_00001
client is malicious client!
ACC :0.3473684210526316
ASR :0.0
================================================================================
f_00035
ACC :0.3333333333333333
ASR :0.0
================================================================================
f_00026
ACC :0.3283582089552239
ASR :0.0
================================================================================
f_00011
ACC :0.46099290780141844
ASR :0.0070921985815602835
================================================================================
f_00038
ACC :0.5024875621890548
ASR :0.0
================================================================================
f_00082
ACC :0.2996941896024465
ASR :0.4617737003058104
================================================================================
f_00087
ACC :0.5391304347826087
ASR :0.0
================================================================================
f_00003
ACC :0.36082474226804123
ASR :0.0
-------------Round number:  2  -------------
Evaluate global model
Average Global Accurancy:  0.18161867393762055
Average Global Trainning Accurancy:  0.18119342570558014

global benign client acc list:[0.22, 0.0, 0.36082474226804123, 0.07065217391304347, 0.0, 0.017699115044247787, 0.05, 0.10658307210031348, 0.3838383838383838, 0.3900709219858156, 0.004629629629629629, 0.2146341463414634, 0.02197802197802198, 0.05343511450381679, 0.12698412698412698, 0.4057971014492754, 0.041379310344827586, 0.07647058823529412, 0.0979020979020979, 0.13333333333333333, 0.3798449612403101, 0.008695652173913044, 0.05333333333333334, 0.417910447761194, 0.17857142857142858, 0.06310679611650485, 0.12582781456953643, 0.12087912087912088, 0.13043478260869565, 0.10909090909090909, 0.45454545454545453, 0.11971830985915492, 0.3157894736842105, 0.4645669291338583, 0.46766169154228854, 0.043478260869565216, 0.03515625, 0.3884297520661157, 0.047619047619047616, 0.29357798165137616, 0.34328358208955223, 0.2185792349726776, 0.0, 0.10679611650485436, 0.2247557003257329, 0.16279069767441862, 0.21428571428571427, 0.13812154696132597, 0.0821917808219178, 0.12244897959183673, 0.04784688995215311, 0.18064516129032257, 0.22857142857142856, 0.16666666666666666, 0.14903846153846154, 0.17647058823529413, 0.031914893617021274, 0.2814814814814815, 0.28846153846153844, 0.056338028169014086, 0.027472527472527472, 0.5490196078431373, 0.024242424242424242, 0.45977011494252873, 0.10655737704918032, 0.24369747899159663, 0.11764705882352941, 0.07758620689655173, 0.0, 0.008695652173913044, 0.0728476821192053, 0.058823529411764705, 0.3022222222222222, 0.3883495145631068, 0.25688073394495414, 0.25555555555555554, 0.42105263157894735, 0.3939393939393939, 0.34782608695652173, 0.09154929577464789, 0.1111111111111111, 0.08633093525179857, 0.07246376811594203, 0.20689655172413793, 0.42105263157894735, 0.30708661417322836, 0.5, 0.12195121951219512, 0.015873015873015872, 0.29411764705882354]; mean acc:0.18395285952533413
global malicious client acc list:[0.3157894736842105, 0.07377049180327869, 0.02531645569620253, 0.0, 0.4126984126984127, 0.16585365853658537, 0.09326424870466321, 0.24022346368715083, 0.16613418530351437, 0.4861878453038674]; mean acc:0.19792382354178856
Average Global ATTACK ALL ASR:  0.02766509277116446
Average Global ATTACK ALL train ASR:  0.027489268954473678
global benign client asr list:[0.0, 0.0, 0.0, 0.0, 0.0, 0.0, 0.0, 0.0, 0.0, 0.0, 0.0, 0.0, 0.0, 0.0, 0.0, 0.0, 0.0, 0.0, 0.0, 0.0, 0.0, 0.0, 0.0, 0.0, 0.0, 0.0, 0.0, 0.0, 0.0, 0.0, 0.0, 0.0, 0.0, 0.0, 0.0, 0.0, 0.0, 0.0, 0.0, 0.0, 0.0, 0.0, 0.0, 0.0, 0.0, 0.0, 0.0, 0.0, 0.0, 0.0, 0.0, 0.0, 0.0, 0.0, 0.0, 0.0, 0.0, 0.0, 0.0, 0.0, 0.0, 0.0, 0.0, 0.0, 0.0, 0.0, 0.0, 0.0, 0.0, 0.0, 0.0, 0.0, 0.05333333333333334, 0.0, 0.9969418960244648, 0.0, 0.6210526315789474, 0.0, 0.0, 0.0, 0.0, 0.0, 0.0, 0.0, 0.0, 0.0, 0.0, 0.0, 0.0, 0.0]; mean asr:0.01857030956596384
global malicious client asr list:[0.0, 0.0, 0.0, 0.0, 0.0, 0.0, 0.0, 0.0, 0.0, 0.10497237569060773]; mean asr:0.010497237569060774

Evaluate global model with a few step updates, which is personalized model
Average Personal Accurancy (k local SGD):  0.34528163862472566
Average Personal Trainning Accurancy (k local SGD):  0.358605964904477
global benign client acc list:[0.21, 0.2608695652173913, 0.37628865979381443, 0.44565217391304346, 0.3790322580645161, 0.4247787610619469, 0.32, 0.3730407523510972, 0.37373737373737376, 0.3900709219858156, 0.3333333333333333, 0.24390243902439024, 0.23076923076923078, 0.17557251908396945, 0.2777777777777778, 0.17391304347826086, 0.4896551724137931, 0.27647058823529413, 0.23076923076923078, 0.044444444444444446, 0.34108527131782945, 0.4260869565217391, 0.3333333333333333, 0.1791044776119403, 0.6190476190476191, 0.33980582524271846, 0.046357615894039736, 0.15384615384615385, 0.13043478260869565, 0.15454545454545454, 0.24793388429752067, 0.22535211267605634, 0.42105263157894735, 0.4094488188976378, 0.5024875621890548, 0.21739130434782608, 0.328125, 0.39669421487603307, 0.2619047619047619, 0.1743119266055046, 0.4253731343283582, 0.37158469945355194, 0.46875, 0.21359223300970873, 0.36156351791530944, 0.09302325581395349, 0.21978021978021978, 0.3370165745856354, 0.2671232876712329, 0.30612244897959184, 0.5023923444976076, 0.2129032258064516, 0.6228571428571429, 0.25462962962962965, 0.22596153846153846, 0.24705882352941178, 0.17375886524822695, 0.3037037037037037, 0.391025641025641, 0.31690140845070425, 0.7032967032967034, 0.5686274509803921, 0.6727272727272727, 0.5172413793103449, 0.2540983606557377, 0.20168067226890757, 0.5735294117647058, 0.21551724137931033, 0.2782608695652174, 0.43478260869565216, 0.152317880794702, 0.38823529411764707, 0.24, 0.3300970873786408, 0.44036697247706424, 0.34444444444444444, 0.3368421052631579, 0.5568181818181818, 0.3565217391304348, 0.31690140845070425, 0.4444444444444444, 0.5431654676258992, 0.30917874396135264, 0.2955665024630542, 0.42105263157894735, 0.5039370078740157, 0.5, 0.33658536585365856, 0.4126984126984127, 0.29901960784313725]; mean acc:0.33557227684897056
global malicious client acc list:[0.3157894736842105, 0.36065573770491804, 0.16033755274261605, 0.26, 0.4126984126984127, 0.48292682926829267, 0.11917098445595854, 0.329608938547486, 0.28753993610223644, 0.4419889502762431]; mean acc:0.3170716815480374
Average Personal ATTACK ALL ASR (k local SGD):  0.07701004189665492
Average Personal ATTACK ALL Trainning ASR (k local SGD):  0.07681871761225897
person benign client asr list:[0.0, 0.0, 0.0, 0.0, 1.0, 0.0, 0.0, 0.0, 0.0, 0.0, 0.0, 0.32682926829268294, 0.0, 0.0, 0.0, 0.0, 0.0, 0.023529411764705882, 0.04195804195804196, 0.0, 0.0, 0.0, 0.02666666666666667, 0.0, 0.0, 0.0, 0.0, 0.0, 0.0, 0.0, 0.10743801652892562, 0.0, 0.0, 0.0, 0.0, 0.0, 0.0, 0.0, 0.17857142857142858, 0.0, 0.9850746268656716, 0.13114754098360656, 0.0, 0.0, 0.0749185667752443, 0.0, 0.0, 0.0, 0.0, 0.0, 0.0, 0.0, 0.0, 0.0787037037037037, 0.0, 0.0, 0.41843971631205673, 0.0, 0.0, 0.0, 0.03296703296703297, 0.0, 0.0, 0.0, 0.0, 0.0, 0.8823529411764706, 0.0, 0.13043478260869565, 0.043478260869565216, 0.0, 0.16470588235294117, 0.21333333333333335, 0.009708737864077669, 0.1162079510703364, 0.011111111111111112, 0.3263157894736842, 0.0, 0.0, 1.0, 0.0, 0.0, 0.0, 0.0, 0.0, 0.0, 0.0, 0.0, 0.15873015873015872, 0.0]; mean asr:0.07202914411089047
person malicious client asr list:[0.0, 0.0, 0.0, 0.0, 0.0, 0.1951219512195122, 0.0, 0.2849162011173184, 0.0, 0.03867403314917127]; mean asr:0.05187121854860018
================================================================================
f_00095
ACC :0.5
ASR :0.0
================================================================================
f_00067
ACC :0.3591549295774648
ASR :0.0
================================================================================
f_00096
client is malicious client!
ACC :0.5911602209944752
ASR :0.24861878453038674
================================================================================
f_00071
ACC :0.6091954022988506
ASR :0.0
================================================================================
f_00001
client is malicious client!
ACC :0.4
ASR :0.0
================================================================================
f_00080
ACC :0.3466666666666667
ASR :0.8444444444444444
================================================================================
f_00099
ACC :0.47549019607843135
ASR :0.0
================================================================================
f_00045
ACC :0.582089552238806
ASR :0.29850746268656714
================================================================================
f_00052
ACC :0.46153846153846156
ASR :0.0
================================================================================
f_00027
ACC :0.6071428571428571
ASR :0.0
-------------Round number:  3  -------------
Evaluate global model
Average Global Accurancy:  0.22936756001862074
Average Global Trainning Accurancy:  0.22834330449480683

global benign client acc list:[0.23, 0.0, 0.5051546391752577, 0.043478260869565216, 0.008064516129032258, 0.017699115044247787, 0.03, 0.16614420062695925, 0.3838383838383838, 0.3900709219858156, 0.05092592592592592, 0.23414634146341465, 0.03296703296703297, 0.0916030534351145, 0.09523809523809523, 0.4057971014492754, 0.04827586206896552, 0.058823529411764705, 0.16783216783216784, 0.13333333333333333, 0.2713178294573643, 0.05217391304347826, 0.06666666666666667, 0.40298507462686567, 0.6190476190476191, 0.09223300970873786, 0.11258278145695365, 0.13186813186813187, 0.13043478260869565, 0.10909090909090909, 0.4628099173553719, 0.176056338028169, 0.3157894736842105, 0.6062992125984252, 0.5223880597014925, 0.043478260869565216, 0.12890625, 0.39669421487603307, 0.047619047619047616, 0.29357798165137616, 0.6716417910447762, 0.12568306010928962, 0.0, 0.11650485436893204, 0.36482084690553745, 0.16279069767441862, 0.4175824175824176, 0.20441988950276244, 0.0821917808219178, 0.27040816326530615, 0.05263157894736842, 0.15483870967741936, 0.38857142857142857, 0.2962962962962963, 0.1971153846153846, 0.16470588235294117, 0.16312056737588654, 0.31851851851851853, 0.2948717948717949, 0.31690140845070425, 0.23076923076923078, 0.5490196078431373, 0.024242424242424242, 0.5287356321839081, 0.10655737704918032, 0.226890756302521, 0.04411764705882353, 0.07758620689655173, 0.017391304347826087, 0.017391304347826087, 0.052980132450331126, 0.18823529411764706, 0.4577777777777778, 0.34951456310679613, 0.3363914373088685, 0.25555555555555554, 0.30526315789473685, 0.3333333333333333, 0.3652173913043478, 0.16901408450704225, 0.2654320987654321, 0.381294964028777, 0.057971014492753624, 0.3497536945812808, 0.42105263157894735, 0.28346456692913385, 0.5106382978723404, 0.17560975609756097, 0.007936507936507936, 0.44607843137254904]; mean acc:0.22638048008621905
global malicious client acc list:[0.35789473684210527, 0.07377049180327869, 0.12236286919831224, 0.0, 0.4126984126984127, 0.05853658536585366, 0.03626943005181347, 0.12290502793296089, 0.17891373801916932, 0.5966850828729282]; mean acc:0.19600363747848343
Average Global ATTACK ALL ASR:  0.03557890536676199
Average Global ATTACK ALL train ASR:  0.03689700420345617
global benign client asr list:[0.0, 0.0, 0.0, 0.0, 0.0, 0.0, 0.0, 0.0, 0.0, 0.0, 0.0, 0.0, 0.0, 0.0, 0.0, 0.0, 0.0, 0.0, 0.0, 0.0, 0.0, 0.0, 0.0, 0.0, 0.0, 0.0, 0.0, 0.0, 0.0, 0.0, 0.0, 0.0, 0.0, 0.0, 0.0, 0.0, 0.0, 0.0, 0.0, 0.0, 0.47761194029850745, 0.0, 0.0, 0.0, 0.0, 0.0, 0.0, 0.0, 0.0, 0.0, 0.0, 0.0, 0.0, 0.0, 0.0, 0.0, 0.0, 0.0, 0.0, 0.0, 0.0, 0.0, 0.0, 0.0, 0.0, 0.0, 0.0, 0.0, 0.0, 0.0, 0.0, 0.0, 0.4711111111111111, 0.0, 0.8654434250764526, 0.0, 0.3157894736842105, 0.0, 0.0, 0.0, 0.0, 0.0, 0.0, 0.0, 0.0, 0.0, 0.010638297872340425, 0.0, 0.0, 0.0]; mean asr:0.023784380533806913
global malicious client asr list:[0.0, 0.0, 0.0, 0.0, 0.0, 0.0, 0.0, 0.0, 0.0, 0.281767955801105]; mean asr:0.0281767955801105

Evaluate global model with a few step updates, which is personalized model
Average Personal Accurancy (k local SGD):  0.3559220589213274
Average Personal Trainning Accurancy (k local SGD):  0.36536707959878123
global benign client acc list:[0.22, 0.2608695652173913, 0.4381443298969072, 0.29891304347826086, 0.31451612903225806, 0.4247787610619469, 0.31, 0.4482758620689655, 0.37373737373737376, 0.3900709219858156, 0.3333333333333333, 0.25853658536585367, 0.23076923076923078, 0.16030534351145037, 0.25396825396825395, 0.2608695652173913, 0.3448275862068966, 0.3, 0.2517482517482518, 0.044444444444444446, 0.3178294573643411, 0.23478260869565218, 0.32, 0.44029850746268656, 0.5238095238095238, 0.4029126213592233, 0.06622516556291391, 0.14285714285714285, 0.13043478260869565, 0.22727272727272727, 0.38016528925619836, 0.21830985915492956, 0.3508771929824561, 0.48031496062992124, 0.5074626865671642, 0.21739130434782608, 0.4296875, 0.3305785123966942, 0.20238095238095238, 0.1743119266055046, 0.6567164179104478, 0.45901639344262296, 0.46875, 0.17475728155339806, 0.34527687296416937, 0.09302325581395349, 0.21978021978021978, 0.39226519337016574, 0.2328767123287671, 0.27040816326530615, 0.507177033492823, 0.2129032258064516, 0.25142857142857145, 0.11574074074074074, 0.33653846153846156, 0.25882352941176473, 0.18439716312056736, 0.4, 0.4230769230769231, 0.352112676056338, 0.7197802197802198, 0.6209150326797386, 0.6727272727272727, 0.4942528735632184, 0.30327868852459017, 0.20168067226890757, 0.4411764705882353, 0.3103448275862069, 0.30434782608695654, 0.28695652173913044, 0.17218543046357615, 0.4647058823529412, 0.3511111111111111, 0.34951456310679613, 0.41896024464831805, 0.34444444444444444, 0.3473684210526316, 0.5416666666666666, 0.3565217391304348, 0.3873239436619718, 0.5, 0.5431654676258992, 0.3188405797101449, 0.39408866995073893, 0.42105263157894735, 0.33070866141732286, 0.5106382978723404, 0.2926829268292683, 0.4444444444444444, 0.47549019607843135]; mean acc:0.3410161651683464
global malicious client acc list:[0.3157894736842105, 0.32786885245901637, 0.18565400843881857, 0.37, 0.4126984126984127, 0.526829268292683, 0.23834196891191708, 0.3687150837988827, 0.33226837060702874, 0.36464088397790057]; mean acc:0.34428063228688705
Average Personal ATTACK ALL ASR (k local SGD):  0.0778745760457538
Average Personal ATTACK ALL Trainning ASR (k local SGD):  0.07784178101994974
person benign client asr list:[0.0, 0.0, 0.0, 0.0, 0.3870967741935484, 0.0, 0.0, 0.0, 0.0, 0.0, 0.0, 0.48292682926829267, 0.0, 0.0, 0.0, 0.0, 0.0, 0.011764705882352941, 0.14685314685314685, 0.0, 0.0, 0.12173913043478261, 0.02666666666666667, 0.0, 0.0, 0.0, 0.0, 0.0, 0.0, 0.0, 0.03305785123966942, 0.0, 0.0, 0.015748031496062992, 0.0, 0.0, 0.01171875, 0.0, 0.11904761904761904, 0.0, 0.5373134328358209, 0.22404371584699453, 0.0, 0.0, 0.06840390879478828, 0.0, 0.0, 0.0, 0.0, 0.0, 0.0, 0.0, 0.0, 0.125, 0.0, 0.0, 0.5567375886524822, 0.0, 0.0, 0.0, 0.03296703296703297, 0.0, 0.0, 0.0, 0.0, 0.0, 0.27941176470588236, 0.09482758620689655, 0.1565217391304348, 0.8260869565217391, 0.0, 0.2529411764705882, 0.21333333333333335, 0.02912621359223301, 0.0, 0.011111111111111112, 0.15789473684210525, 0.0, 0.0, 0.7323943661971831, 0.0, 0.0, 0.0, 0.0, 0.0, 0.0, 0.010638297872340425, 0.00975609756097561, 0.20634920634920634, 0.0]; mean asr:0.06534975300081433
person malicious client asr list:[0.0, 0.0, 0.0, 0.0, 0.0, 0.3804878048780488, 0.0, 0.5307262569832403, 0.0, 0.24861878453038674]; mean asr:0.11598328463916759
================================================================================
f_00040
ACC :0.3828125
ASR :0.05859375
================================================================================
f_00010
ACC :0.4444444444444444
ASR :0.10101010101010101
================================================================================
f_00096
client is malicious client!
ACC :0.6132596685082873
ASR :0.3701657458563536
================================================================================
f_00066
ACC :0.41025641025641024
ASR :0.0
================================================================================
f_00089
ACC :0.43209876543209874
ASR :0.0
================================================================================
f_00032
ACC :0.4727272727272727
ASR :0.0
================================================================================
f_00095
ACC :0.5425531914893617
ASR :0.010638297872340425
================================================================================
f_00055
ACC :0.27040816326530615
ASR :0.0
================================================================================
f_00025
ACC :0.6133333333333333
ASR :0.48
================================================================================
f_00005
ACC :0.4112903225806452
ASR :0.7741935483870968
-------------Round number:  4  -------------
Evaluate global model
Average Global Accurancy:  0.26860410986233957
Average Global Trainning Accurancy:  0.270333385227854

global benign client acc list:[0.25, 0.0, 0.4690721649484536, 0.11956521739130435, 0.4435483870967742, 0.04424778761061947, 0.04, 0.20376175548589343, 0.43434343434343436, 0.5177304964539007, 0.11574074074074074, 0.3024390243902439, 0.06593406593406594, 0.13740458015267176, 0.15079365079365079, 0.4057971014492754, 0.06206896551724138, 0.07647058823529412, 0.1258741258741259, 0.13333333333333333, 0.3023255813953488, 0.02608695652173913, 0.5466666666666666, 0.43283582089552236, 0.6190476190476191, 0.1262135922330097, 0.15894039735099338, 0.10989010989010989, 0.13043478260869565, 0.4, 0.47107438016528924, 0.13380281690140844, 0.3333333333333333, 0.5984251968503937, 0.5323383084577115, 0.043478260869565216, 0.40625, 0.34710743801652894, 0.047619047619047616, 0.29357798165137616, 0.6567164179104478, 0.2185792349726776, 0.0, 0.1262135922330097, 0.40716612377850164, 0.1744186046511628, 0.43956043956043955, 0.20441988950276244, 0.18493150684931506, 0.42857142857142855, 0.0861244019138756, 0.27741935483870966, 0.24, 0.2824074074074074, 0.21634615384615385, 0.17647058823529413, 0.24113475177304963, 0.28888888888888886, 0.5192307692307693, 0.4154929577464789, 0.02197802197802198, 0.5490196078431373, 0.030303030303030304, 0.6091954022988506, 0.19672131147540983, 0.226890756302521, 0.11764705882352941, 0.07758620689655173, 0.05217391304347826, 0.008695652173913044, 0.1390728476821192, 0.09411764705882353, 0.49333333333333335, 0.4368932038834951, 0.3669724770642202, 0.23333333333333334, 0.3157894736842105, 0.3333333333333333, 0.4434782608695652, 0.1267605633802817, 0.4691358024691358, 0.3920863309352518, 0.07246376811594203, 0.2561576354679803, 0.42105263157894735, 0.2283464566929134, 0.5638297872340425, 0.25853658536585367, 0.047619047619047616, 0.4950980392156863]; mean acc:0.2646587526843524
global malicious client acc list:[0.3473684210526316, 0.11475409836065574, 0.08438818565400844, 0.05, 0.4126984126984127, 0.14634146341463414, 0.08290155440414508, 0.25139664804469275, 0.21725239616613418, 0.6243093922651933]; mean acc:0.23314105720605077
Average Global ATTACK ALL ASR:  0.039303052470572586
Average Global ATTACK ALL train ASR:  0.04021084002401975
global benign client asr list:[0.0, 0.0, 0.0, 0.0, 0.5564516129032258, 0.0, 0.0, 0.0, 0.0707070707070707, 0.0, 0.0, 0.0, 0.0, 0.0, 0.0, 0.0, 0.0, 0.0, 0.0, 0.0, 0.0, 0.0, 0.36, 0.0, 0.0, 0.0, 0.0, 0.0, 0.0, 0.0, 0.0, 0.0, 0.0, 0.0, 0.0, 0.0, 0.0078125, 0.0, 0.0, 0.0, 0.4253731343283582, 0.0, 0.0, 0.0, 0.0, 0.0, 0.0, 0.0, 0.0, 0.0, 0.0, 0.0, 0.0, 0.0, 0.0, 0.0, 0.0, 0.0, 0.0, 0.014084507042253521, 0.0, 0.0, 0.0, 0.0, 0.0, 0.0, 0.0, 0.0, 0.0, 0.0, 0.0, 0.0, 0.4622222222222222, 0.019417475728155338, 0.654434250764526, 0.0, 0.3263157894736842, 0.0, 0.0, 0.0, 0.0, 0.0, 0.0, 0.0, 0.0, 0.0, 0.0425531914893617, 0.0, 0.0, 0.0]; mean asr:0.03265968616287619
global malicious client asr list:[0.010526315789473684, 0.0, 0.0, 0.0, 0.0, 0.0, 0.0, 0.0, 0.0, 0.39226519337016574]; mean asr:0.04027915091596394

Evaluate global model with a few step updates, which is personalized model
Average Personal Accurancy (k local SGD):  0.39728669282436657
Average Personal Trainning Accurancy (k local SGD):  0.4061116918355092
global benign client acc list:[0.24, 0.2608695652173913, 0.4742268041237113, 0.3804347826086957, 0.4032258064516129, 0.4247787610619469, 0.43, 0.4827586206896552, 0.42424242424242425, 0.3900709219858156, 0.4166666666666667, 0.3170731707317073, 0.2857142857142857, 0.1984732824427481, 0.3253968253968254, 0.34782608695652173, 0.4482758620689655, 0.36470588235294116, 0.27972027972027974, 0.044444444444444446, 0.31007751937984496, 0.40869565217391307, 0.48, 0.19402985074626866, 0.5952380952380952, 0.42718446601941745, 0.10596026490066225, 0.2087912087912088, 0.13043478260869565, 0.2818181818181818, 0.371900826446281, 0.2887323943661972, 0.5263157894736842, 0.5590551181102362, 0.5323383084577115, 0.21739130434782608, 0.421875, 0.45454545454545453, 0.2857142857142857, 0.1743119266055046, 0.6865671641791045, 0.5136612021857924, 0.46875, 0.24271844660194175, 0.3745928338762215, 0.09302325581395349, 0.3076923076923077, 0.4088397790055249, 0.3150684931506849, 0.3469387755102041, 0.5119617224880383, 0.2129032258064516, 0.52, 0.1574074074074074, 0.5240384615384616, 0.27058823529411763, 0.17375886524822695, 0.4666666666666667, 0.44871794871794873, 0.4295774647887324, 0.7417582417582418, 0.673202614379085, 0.6727272727272727, 0.5977011494252874, 0.3360655737704918, 0.2773109243697479, 0.47549019607843135, 0.3879310344827586, 0.41739130434782606, 0.3739130434782609, 0.17218543046357615, 0.49411764705882355, 0.4088888888888889, 0.4174757281553398, 0.43119266055045874, 0.3333333333333333, 0.4, 0.5454545454545454, 0.3652173913043478, 0.352112676056338, 0.5185185185185185, 0.5431654676258992, 0.34299516908212563, 0.43842364532019706, 0.42105263157894735, 0.36220472440944884, 0.5319148936170213, 0.3170731707317073, 0.5476190476190477, 0.4362745098039216]; mean acc:0.3857722065886865
global malicious client acc list:[0.3263157894736842, 0.3524590163934426, 0.1940928270042194, 0.42, 0.4126984126984127, 0.551219512195122, 0.3160621761658031, 0.3743016759776536, 0.33226837060702874, 0.4861878453038674]; mean acc:0.3765605625819234
Average Personal ATTACK ALL ASR (k local SGD):  0.09217264081931237
Average Personal ATTACK ALL Trainning ASR (k local SGD):  0.0935213397682539
person benign client asr list:[0.0, 0.0, 0.0, 0.0, 0.5564516129032258, 0.0, 0.0, 0.0, 0.050505050505050504, 0.014184397163120567, 0.0, 0.5560975609756098, 0.0, 0.0, 0.0, 0.0, 0.0, 0.041176470588235294, 0.26573426573426573, 0.0, 0.0, 0.16521739130434782, 0.22666666666666666, 0.0, 0.0, 0.0, 0.0, 0.0, 0.0, 0.0, 0.05785123966942149, 0.0, 0.0, 0.023622047244094488, 0.0, 0.0, 0.015625, 0.0, 0.23809523809523808, 0.0, 0.5373134328358209, 0.3825136612021858, 0.0, 0.0, 0.06188925081433225, 0.0, 0.0, 0.0, 0.0136986301369863, 0.0, 0.0, 0.0, 0.0, 0.18981481481481483, 0.0, 0.0, 0.5283687943262412, 0.0, 0.0, 0.0, 0.07142857142857142, 0.0, 0.0, 0.0, 0.0, 0.0, 0.29901960784313725, 0.12931034482758622, 0.30434782608695654, 0.7391304347826086, 0.0, 0.31176470588235294, 0.21777777777777776, 0.038834951456310676, 0.0, 0.011111111111111112, 0.25263157894736843, 0.0, 0.0, 0.852112676056338, 0.0, 0.0, 0.0, 0.0, 0.0, 0.0, 0.0425531914893617, 0.03414634146341464, 0.3253968253968254, 0.0]; mean asr:0.08393768299477086
person malicious client asr list:[0.0, 0.0, 0.0, 0.04, 0.0, 0.43414634146341463, 0.0, 0.5977653631284916, 0.0, 0.08287292817679558]; mean asr:0.1154784632768702
================================================================================
f_00089
ACC :0.4567901234567901
ASR :0.0
================================================================================
f_00099
ACC :0.49019607843137253
ASR :0.0
================================================================================
f_00045
ACC :0.6865671641791045
ASR :0.41044776119402987
================================================================================
f_00096
client is malicious client!
ACC :0.3701657458563536
ASR :0.2265193370165746
================================================================================
f_00072
ACC :0.319672131147541
ASR :0.0
================================================================================
f_00009
ACC :0.4169278996865204
ASR :0.0
================================================================================
f_00074
ACC :0.6176470588235294
ASR :0.6764705882352942
================================================================================
f_00088
ACC :0.38028169014084506
ASR :0.7112676056338029
================================================================================
f_00001
client is malicious client!
ACC :0.3894736842105263
ASR :0.042105263157894736
================================================================================
f_00038
ACC :0.5174129353233831
ASR :0.0
-------------Round number:  5  -------------
Evaluate global model
Average Global Accurancy:  0.3137593934960431
Average Global Trainning Accurancy:  0.31832840335386875

global benign client acc list:[0.28, 0.0, 0.4329896907216495, 0.15760869565217392, 0.43548387096774194, 0.10619469026548672, 0.06, 0.45141065830721006, 0.4444444444444444, 0.48936170212765956, 0.27314814814814814, 0.36585365853658536, 0.08791208791208792, 0.22137404580152673, 0.16666666666666666, 0.4057971014492754, 0.15862068965517243, 0.22941176470588234, 0.23776223776223776, 0.13333333333333333, 0.2713178294573643, 0.08695652173913043, 0.5866666666666667, 0.44776119402985076, 0.6190476190476191, 0.16990291262135923, 0.3443708609271523, 0.08791208791208792, 0.13043478260869565, 0.4, 0.512396694214876, 0.22535211267605634, 0.3333333333333333, 0.5905511811023622, 0.5373134328358209, 0.34782608695652173, 0.43359375, 0.35537190082644626, 0.05952380952380952, 0.3394495412844037, 0.6567164179104478, 0.22404371584699453, 0.10416666666666667, 0.18446601941747573, 0.4495114006514658, 0.26744186046511625, 0.4175824175824176, 0.23756906077348067, 0.1643835616438356, 0.3979591836734694, 0.0861244019138756, 0.2709677419354839, 0.28, 0.25462962962962965, 0.3894230769230769, 0.3176470588235294, 0.24113475177304963, 0.2962962962962963, 0.5769230769230769, 0.45774647887323944, 0.1043956043956044, 0.5490196078431373, 0.048484848484848485, 0.6149425287356322, 0.319672131147541, 0.21008403361344538, 0.5637254901960784, 0.08620689655172414, 0.09565217391304348, 0.008695652173913044, 0.1390728476821192, 0.22941176470588234, 0.5111111111111111, 0.3883495145631068, 0.3730886850152905, 0.16666666666666666, 0.3684210526315789, 0.3409090909090909, 0.5391304347826087, 0.44366197183098594, 0.5061728395061729, 0.3776978417266187, 0.12077294685990338, 0.26108374384236455, 0.42105263157894735, 0.2204724409448819, 0.5106382978723404, 0.2926829268292683, 0.06349206349206349, 0.5784313725490197]; mean acc:0.30827097593442726
global malicious client acc list:[0.37894736842105264, 0.14754098360655737, 0.09282700421940929, 0.19, 0.38095238095238093, 0.2, 0.08808290155440414, 0.3854748603351955, 0.21405750798722045, 0.574585635359116]; mean acc:0.2652468642435336
Average Global ATTACK ALL ASR:  0.05267008046817849
Average Global ATTACK ALL train ASR:  0.05464493027600471
global benign client asr list:[0.0, 0.0, 0.0, 0.0, 0.5645161290322581, 0.0, 0.0, 0.0, 0.09090909090909091, 0.0, 0.0, 0.0, 0.0, 0.0, 0.0, 0.0, 0.0, 0.0, 0.0, 0.0, 0.0, 0.0, 0.3466666666666667, 0.0, 0.0, 0.0, 0.0, 0.0, 0.0, 0.0, 0.0, 0.0, 0.0, 0.0, 0.0, 0.0, 0.0, 0.0, 0.0, 0.0, 0.43283582089552236, 0.0, 0.0, 0.0, 0.0, 0.0, 0.0, 0.0, 0.0, 0.0, 0.0, 0.0, 0.0, 0.0, 0.0, 0.0, 0.0, 0.0, 0.0, 0.0, 0.0, 0.0, 0.0, 0.0, 0.0, 0.0, 0.9264705882352942, 0.0, 0.0, 0.0, 0.0, 0.0, 0.2, 0.0, 0.654434250764526, 0.0, 0.3684210526315789, 0.0, 0.0, 0.7464788732394366, 0.0, 0.0, 0.0, 0.0, 0.0, 0.0, 0.010638297872340425, 0.0, 0.0, 0.0]; mean asr:0.048237453002741265
global malicious client asr list:[0.06315789473684211, 0.0, 0.0, 0.0, 0.0, 0.0, 0.0, 0.0, 0.0, 0.18232044198895028]; mean asr:0.02454783367257924

Evaluate global model with a few step updates, which is personalized model
Average Personal Accurancy (k local SGD):  0.423289219924187
Average Personal Trainning Accurancy (k local SGD):  0.425661099125948
global benign client acc list:[0.35, 0.2608695652173913, 0.4690721649484536, 0.47282608695652173, 0.4435483870967742, 0.4247787610619469, 0.43, 0.5047021943573667, 0.5151515151515151, 0.41134751773049644, 0.3888888888888889, 0.32682926829268294, 0.46153846153846156, 0.22137404580152673, 0.3333333333333333, 0.4057971014492754, 0.4689655172413793, 0.4823529411764706, 0.3146853146853147, 0.044444444444444446, 0.31007751937984496, 0.5565217391304348, 0.5466666666666666, 0.20149253731343283, 0.5952380952380952, 0.49029126213592233, 0.1456953642384106, 0.18681318681318682, 0.13043478260869565, 0.3090909090909091, 0.4628099173553719, 0.3591549295774648, 0.47368421052631576, 0.6299212598425197, 0.5422885572139303, 0.21739130434782608, 0.45703125, 0.4214876033057851, 0.32142857142857145, 0.1834862385321101, 0.6940298507462687, 0.5136612021857924, 0.46875, 0.34951456310679613, 0.36807817589576547, 0.10465116279069768, 0.3791208791208791, 0.4861878453038674, 0.3972602739726027, 0.33163265306122447, 0.5406698564593302, 0.22580645161290322, 0.4057142857142857, 0.2222222222222222, 0.4567307692307692, 0.32941176470588235, 0.21631205673758866, 0.4888888888888889, 0.41025641025641024, 0.47183098591549294, 0.8186813186813187, 0.6274509803921569, 0.6727272727272727, 0.5114942528735632, 0.36885245901639346, 0.5798319327731093, 0.5637254901960784, 0.41379310344827586, 0.4260869565217391, 0.4782608695652174, 0.18543046357615894, 0.5470588235294118, 0.4577777777777778, 0.4174757281553398, 0.43425076452599387, 0.37777777777777777, 0.3894736842105263, 0.571969696969697, 0.3565217391304348, 0.4225352112676056, 0.5308641975308642, 0.5431654676258992, 0.3285024154589372, 0.5024630541871922, 0.4342105263157895, 0.36220472440944884, 0.5531914893617021, 0.35609756097560974, 0.6111111111111112, 0.43137254901960786]; mean acc:0.4156289012350824
global malicious client acc list:[0.3157894736842105, 0.4180327868852459, 0.189873417721519, 0.44, 0.4126984126984127, 0.5609756097560976, 0.34196891191709844, 0.4022346368715084, 0.3610223642172524, 0.425414364640884]; mean acc:0.3868009978392229
Average Personal ATTACK ALL ASR (k local SGD):  0.09536476690829288
Average Personal ATTACK ALL Trainning ASR (k local SGD):  0.09607899828748082
person benign client asr list:[0.0, 0.0, 0.0, 0.0, 0.5967741935483871, 0.0, 0.0, 0.006269592476489028, 0.04040404040404041, 0.0, 0.0, 0.5853658536585366, 0.0, 0.0, 0.0, 0.0, 0.0, 0.03529411764705882, 0.3356643356643357, 0.0, 0.0, 0.06956521739130435, 0.28, 0.0, 0.0, 0.0, 0.0, 0.0, 0.0, 0.0, 0.024793388429752067, 0.0, 0.0, 0.015748031496062992, 0.0, 0.0, 0.0078125, 0.0, 0.2976190476190476, 0.0, 0.5373134328358209, 0.43169398907103823, 0.0, 0.009708737864077669, 0.048859934853420196, 0.0, 0.0, 0.0, 0.06164383561643835, 0.0, 0.0, 0.0, 0.0, 0.19444444444444445, 0.0, 0.0, 0.524822695035461, 0.0, 0.0, 0.0, 0.027472527472527472, 0.0, 0.0, 0.0, 0.0, 0.0, 0.35294117647058826, 0.14655172413793102, 0.391304347826087, 0.40869565217391307, 0.0, 0.3058823529411765, 0.2088888888888889, 0.02912621359223301, 0.0, 0.011111111111111112, 0.18947368421052632, 0.0, 0.008695652173913044, 0.7464788732394366, 0.0, 0.0, 0.0, 0.0, 0.0, 0.0, 0.031914893617021274, 0.024390243902439025, 0.4365079365079365, 0.0]; mean asr:0.08248036295912717
person malicious client asr list:[0.0, 0.0, 0.0, 0.05, 0.0, 0.5073170731707317, 0.0, 0.6927374301675978, 0.0, 0.23756906077348067]; mean asr:0.14876235641118102
================================================================================
f_00000
ACC :0.65
ASR :0.0
================================================================================
f_00086
ACC :0.5037878787878788
ASR :0.0
================================================================================
f_00004
ACC :0.4891304347826087
ASR :0.0
================================================================================
f_00023
ACC :0.5348837209302325
ASR :0.0
================================================================================
f_00024
ACC :0.5739130434782609
ASR :0.0
================================================================================
f_00001
client is malicious client!
ACC :0.4421052631578947
ASR :0.06315789473684211
================================================================================
f_00062
client is malicious client!
ACC :0.4692737430167598
ASR :0.12849162011173185
================================================================================
f_00083
ACC :0.3888888888888889
ASR :0.0
================================================================================
f_00066
ACC :0.5576923076923077
ASR :0.0
================================================================================
f_00093
ACC :0.6447368421052632
ASR :0.0
-------------Round number:  6  -------------
Evaluate global model
Average Global Accurancy:  0.34993682250448893
Average Global Trainning Accurancy:  0.3560927874029758

global benign client acc list:[0.53, 0.0, 0.4690721649484536, 0.5380434782608695, 0.4596774193548387, 0.18584070796460178, 0.14, 0.438871473354232, 0.48484848484848486, 0.46099290780141844, 0.25, 0.34146341463414637, 0.21978021978021978, 0.1984732824427481, 0.2619047619047619, 0.4057971014492754, 0.2, 0.22941176470588234, 0.3706293706293706, 0.0, 0.5503875968992248, 0.591304347826087, 0.6133333333333333, 0.39552238805970147, 0.6190476190476191, 0.18446601941747573, 0.26490066225165565, 0.23076923076923078, 0.0, 0.4, 0.5867768595041323, 0.3380281690140845, 0.45614035087719296, 0.5433070866141733, 0.6069651741293532, 0.34782608695652173, 0.40625, 0.38016528925619836, 0.23809523809523808, 0.3486238532110092, 0.7089552238805971, 0.19672131147540983, 0.4270833333333333, 0.22330097087378642, 0.44299674267100975, 0.22093023255813954, 0.45604395604395603, 0.2596685082872928, 0.1232876712328767, 0.40816326530612246, 0.04784688995215311, 0.1870967741935484, 0.4685714285714286, 0.32407407407407407, 0.3269230769230769, 0.21176470588235294, 0.2553191489361702, 0.35555555555555557, 0.5897435897435898, 0.47183098591549294, 0.29120879120879123, 0.5490196078431373, 0.03636363636363636, 0.6206896551724138, 0.4180327868852459, 0.20168067226890757, 0.5588235294117647, 0.06896551724137931, 0.1391304347826087, 0.043478260869565216, 0.09933774834437085, 0.27647058823529413, 0.5555555555555556, 0.4174757281553398, 0.3669724770642202, 0.4666666666666667, 0.45263157894736844, 0.6098484848484849, 0.5739130434782609, 0.44366197183098594, 0.4876543209876543, 0.381294964028777, 0.13043478260869565, 0.3891625615763547, 0.6447368421052632, 0.2047244094488189, 0.5319148936170213, 0.1951219512195122, 0.06349206349206349, 0.5245098039215687]; mean acc:0.352617407010347
global malicious client acc list:[0.5157894736842106, 0.319672131147541, 0.13924050632911392, 0.03, 0.14285714285714285, 0.11219512195121951, 0.10362694300518134, 0.4245810055865922, 0.2747603833865815, 0.5082872928176796]; mean acc:0.25710100007652625
Average Global ATTACK ALL ASR:  0.06430804016758662
Average Global ATTACK ALL train ASR:  0.06727753931009942
global benign client asr list:[0.0, 0.0, 0.0, 0.016304347826086956, 0.6370967741935484, 0.0, 0.0, 0.0, 0.20202020202020202, 0.0, 0.0, 0.0, 0.0, 0.0, 0.0, 0.0, 0.0, 0.0, 0.0, 0.0, 0.0, 0.017391304347826087, 0.52, 0.0, 0.0, 0.0, 0.0, 0.0, 0.0, 0.0, 0.0, 0.0, 0.0, 0.0, 0.0, 0.0, 0.0, 0.0, 0.0, 0.0, 0.41044776119402987, 0.0, 0.0, 0.0, 0.0, 0.0, 0.0, 0.0, 0.0, 0.0, 0.0, 0.0, 0.0, 0.0, 0.0, 0.0, 0.0, 0.0, 0.0, 0.0, 0.0, 0.0, 0.0, 0.0, 0.0, 0.0, 0.9803921568627451, 0.0, 0.0, 0.0, 0.0, 0.0, 0.3333333333333333, 0.0, 0.6085626911314985, 0.0, 0.3684210526315789, 0.0, 0.0, 0.7464788732394366, 0.0, 0.0, 0.0, 0.0, 0.0, 0.0, 0.0, 0.0, 0.0, 0.0]; mean asr:0.053782761075336506
global malicious client asr list:[0.06315789473684211, 0.0, 0.0, 0.0, 0.0, 0.0, 0.0, 0.6927374301675978, 0.0, 0.13259668508287292]; mean asr:0.08884920099873128

Evaluate global model with a few step updates, which is personalized model
Average Personal Accurancy (k local SGD):  0.44117842654784867
Average Personal Trainning Accurancy (k local SGD):  0.44954740564464113
global benign client acc list:[0.43, 0.2608695652173913, 0.4690721649484536, 0.5271739130434783, 0.4838709677419355, 0.4247787610619469, 0.44, 0.5235109717868338, 0.5353535353535354, 0.3971631205673759, 0.25925925925925924, 0.34146341463414637, 0.46153846153846156, 0.22900763358778625, 0.40476190476190477, 0.4492753623188406, 0.46206896551724136, 0.5, 0.32167832167832167, 0.044444444444444446, 0.18604651162790697, 0.5130434782608696, 0.6, 0.3805970149253731, 0.6666666666666666, 0.46116504854368934, 0.1456953642384106, 0.18681318681318682, 0.2826086956521739, 0.33636363636363636, 0.49586776859504134, 0.36619718309859156, 0.5263157894736842, 0.6299212598425197, 0.5572139303482587, 0.21739130434782608, 0.46484375, 0.39669421487603307, 0.34523809523809523, 0.1743119266055046, 0.7014925373134329, 0.5191256830601093, 0.4791666666666667, 0.3592233009708738, 0.3713355048859935, 0.23255813953488372, 0.3626373626373626, 0.5082872928176796, 0.4178082191780822, 0.3673469387755102, 0.5789473684210527, 0.2645161290322581, 0.5657142857142857, 0.25462962962962965, 0.47596153846153844, 0.3764705882352941, 0.23049645390070922, 0.5555555555555556, 0.4166666666666667, 0.45774647887323944, 0.8186813186813187, 0.6143790849673203, 0.6727272727272727, 0.6551724137931034, 0.36885245901639346, 0.5714285714285714, 0.6176470588235294, 0.4827586206896552, 0.4434782608695652, 0.5217391304347826, 0.16556291390728478, 0.5647058823529412, 0.4488888888888889, 0.4563106796116505, 0.44036697247706424, 0.3888888888888889, 0.3684210526315789, 0.5568181818181818, 0.34782608695652173, 0.4295774647887324, 0.48148148148148145, 0.5431654676258992, 0.391304347826087, 0.5270935960591133, 0.6578947368421053, 0.3543307086614173, 0.5319148936170213, 0.35609756097560974, 0.626984126984127, 0.43137254901960786]; mean acc:0.43588714006839296
global malicious client acc list:[0.3368421052631579, 0.4344262295081967, 0.18143459915611815, 0.45, 0.4126984126984127, 0.5658536585365853, 0.41968911917098445, 0.45251396648044695, 0.4057507987220447, 0.47513812154696133]; mean acc:0.4134347011082908
Average Personal ATTACK ALL ASR (k local SGD):  0.09895590875839595
Average Personal ATTACK ALL Trainning ASR (k local SGD):  0.09945955563463292
person benign client asr list:[0.0, 0.0, 0.0, 0.0, 0.6209677419354839, 0.0, 0.0, 0.009404388714733543, 0.04040404040404041, 0.0, 0.0, 0.6048780487804878, 0.0, 0.0, 0.0, 0.0, 0.0, 0.058823529411764705, 0.3776223776223776, 0.0, 0.0, 0.08695652173913043, 0.4, 0.0, 0.0, 0.0, 0.0, 0.0, 0.0, 0.0, 0.024793388429752067, 0.0, 0.0, 0.023622047244094488, 0.0, 0.0, 0.00390625, 0.0, 0.39285714285714285, 0.0, 0.4925373134328358, 0.4098360655737705, 0.0, 0.0, 0.05863192182410423, 0.0, 0.0, 0.011049723756906077, 0.0410958904109589, 0.0, 0.0, 0.0, 0.0, 0.24074074074074073, 0.0, 0.0, 0.5141843971631206, 0.0, 0.0, 0.0, 0.03296703296703297, 0.0, 0.0, 0.0, 0.0, 0.0, 0.45098039215686275, 0.13793103448275862, 0.45217391304347826, 0.30434782608695654, 0.0, 0.27647058823529413, 0.23555555555555555, 0.019417475728155338, 0.0, 0.022222222222222223, 0.15789473684210525, 0.0, 0.008695652173913044, 0.7464788732394366, 0.0, 0.0, 0.057971014492753624, 0.0, 0.0, 0.0, 0.02127659574468085, 0.004878048780487805, 0.5714285714285714, 0.0]; mean asr:0.08792223403579677
person malicious client asr list:[0.0, 0.0, 0.0, 0.07, 0.0, 0.44878048780487806, 0.0, 0.5698324022346368, 0.0, 0.3149171270718232]; mean asr:0.1403530017111338
================================================================================
f_00006
ACC :0.46017699115044247
ASR :0.008849557522123894
================================================================================
f_00059
ACC :0.6628571428571428
ASR :0.0
================================================================================
f_00072
ACC :0.22131147540983606
ASR :0.0
================================================================================
f_00030
ACC :0.3076923076923077
ASR :0.03296703296703297
================================================================================
f_00091
ACC :0.4251207729468599
ASR :0.20772946859903382
================================================================================
f_00043
client is malicious client!
ACC :0.5555555555555556
ASR :0.07936507936507936
================================================================================
f_00075
ACC :0.3103448275862069
ASR :0.10344827586206896
================================================================================
f_00076
ACC :0.48695652173913045
ASR :0.4434782608695652
================================================================================
f_00015
ACC :0.46564885496183206
ASR :0.0
================================================================================
f_00061
ACC :0.2692307692307692
ASR :0.0
-------------Round number:  7  -------------
Evaluate global model
Average Global Accurancy:  0.3910354459001131
Average Global Trainning Accurancy:  0.3992393745968908

global benign client acc list:[0.59, 0.0, 0.5309278350515464, 0.5706521739130435, 0.4838709677419355, 0.46017699115044247, 0.14, 0.4827586206896552, 0.494949494949495, 0.46099290780141844, 0.18981481481481483, 0.35121951219512193, 0.23076923076923078, 0.5343511450381679, 0.2777777777777778, 0.4057971014492754, 0.19310344827586207, 0.16470588235294117, 0.35664335664335667, 0.08888888888888889, 0.5426356589147286, 0.6173913043478261, 0.64, 0.47761194029850745, 0.6190476190476191, 0.2087378640776699, 0.26490066225165565, 0.31868131868131866, 0.15217391304347827, 0.4090909090909091, 0.5702479338842975, 0.3380281690140845, 0.5087719298245614, 0.5905511811023622, 0.6218905472636815, 0.34782608695652173, 0.4453125, 0.4132231404958678, 0.21428571428571427, 0.3486238532110092, 0.6567164179104478, 0.22404371584699453, 0.28125, 0.23300970873786409, 0.48534201954397393, 0.29069767441860467, 0.4340659340659341, 0.2983425414364641, 0.136986301369863, 0.4489795918367347, 0.11004784688995216, 0.1935483870967742, 0.68, 0.35648148148148145, 0.47596153846153844, 0.3411764705882353, 0.3262411347517731, 0.4222222222222222, 0.5641025641025641, 0.4507042253521127, 0.2087912087912088, 0.5490196078431373, 0.04242424242424243, 0.6724137931034483, 0.4180327868852459, 0.2857142857142857, 0.5588235294117647, 0.5344827586206896, 0.5130434782608696, 0.06086956521739131, 0.10596026490066225, 0.28823529411764703, 0.5377777777777778, 0.47572815533980584, 0.38837920489296635, 0.5444444444444444, 0.45263157894736844, 0.6325757575757576, 0.5652173913043478, 0.4507042253521127, 0.46296296296296297, 0.5107913669064749, 0.42995169082125606, 0.37438423645320196, 0.6578947368421053, 0.23622047244094488, 0.5638297872340425, 0.3024390243902439, 0.06349206349206349, 0.5245098039215687]; mean acc:0.39420108519775954
global malicious client acc list:[0.5052631578947369, 0.3524590163934426, 0.16455696202531644, 0.11, 0.5396825396825397, 0.16097560975609757, 0.13471502590673576, 0.4134078212290503, 0.28753993610223644, 0.574585635359116]; mean acc:0.3243185704349272
Average Global ATTACK ALL ASR:  0.07594599986699474
Average Global ATTACK ALL train ASR:  0.07713008473633877
global benign client asr list:[0.0, 0.0, 0.0, 0.07065217391304347, 0.5564516129032258, 0.0, 0.0, 0.018808777429467086, 0.2222222222222222, 0.0, 0.0, 0.0, 0.0, 0.0, 0.0, 0.0, 0.0, 0.0, 0.0, 0.0, 0.0, 0.043478260869565216, 0.5733333333333334, 0.0, 0.0, 0.0, 0.0, 0.12087912087912088, 0.0, 0.0, 0.0, 0.0, 0.0, 0.0, 0.0, 0.0, 0.0, 0.0, 0.0, 0.0, 0.3358208955223881, 0.0, 0.0, 0.0, 0.0, 0.0, 0.0, 0.0, 0.0, 0.0, 0.0, 0.0, 0.011428571428571429, 0.0, 0.0, 0.0, 0.0, 0.0, 0.0, 0.0, 0.0, 0.0, 0.0, 0.0, 0.0, 0.0, 0.9803921568627451, 0.28448275862068967, 0.4260869565217391, 0.0, 0.0, 0.0, 0.39555555555555555, 0.0, 0.5443425076452599, 0.0, 0.42105263157894735, 0.0, 0.0, 0.6830985915492958, 0.0, 0.0, 0.3285024154589372, 0.0, 0.0, 0.0, 0.010638297872340425, 0.0, 0.0, 0.0]; mean asr:0.06696918711296053
global malicious client asr list:[0.10526315789473684, 0.0, 0.0, 0.0, 0.0, 0.0, 0.0, 0.6759776536312849, 0.0, 0.22099447513812154]; mean asr:0.10022352866641433

Evaluate global model with a few step updates, which is personalized model
Average Personal Accurancy (k local SGD):  0.4614617277382457
Average Personal Trainning Accurancy (k local SGD):  0.4709427751706959
global benign client acc list:[0.42, 0.2608695652173913, 0.4896907216494845, 0.5434782608695652, 0.5161290322580645, 0.48672566371681414, 0.42, 0.5235109717868338, 0.5454545454545454, 0.49645390070921985, 0.6064814814814815, 0.33658536585365856, 0.3626373626373626, 0.21374045801526717, 0.4126984126984127, 0.43478260869565216, 0.4896551724137931, 0.5352941176470588, 0.35664335664335667, 0.044444444444444446, 0.2713178294573643, 0.5217391304347826, 0.5866666666666667, 0.17164179104477612, 0.6904761904761905, 0.47572815533980584, 0.15894039735099338, 0.24175824175824176, 0.2826086956521739, 0.32727272727272727, 0.49586776859504134, 0.4647887323943662, 0.5263157894736842, 0.6377952755905512, 0.5522388059701493, 0.21739130434782608, 0.46484375, 0.5454545454545454, 0.39285714285714285, 0.1743119266055046, 0.7164179104477612, 0.5245901639344263, 0.5, 0.4174757281553398, 0.3941368078175896, 0.22093023255813954, 0.34615384615384615, 0.5138121546961326, 0.4383561643835616, 0.3877551020408163, 0.5741626794258373, 0.2709677419354839, 0.5542857142857143, 0.2777777777777778, 0.4951923076923077, 0.4117647058823529, 0.24113475177304963, 0.5481481481481482, 0.4807692307692308, 0.5352112676056338, 0.8461538461538461, 0.6274509803921569, 0.6727272727272727, 0.6149425287356322, 0.4098360655737705, 0.6134453781512605, 0.5637254901960784, 0.5172413793103449, 0.4608695652173913, 0.591304347826087, 0.17880794701986755, 0.611764705882353, 0.4666666666666667, 0.47572815533980584, 0.4525993883792049, 0.4111111111111111, 0.43157894736842106, 0.6022727272727273, 0.34782608695652173, 0.44366197183098594, 0.49382716049382713, 0.5431654676258992, 0.3864734299516908, 0.5369458128078818, 0.6447368421052632, 0.4015748031496063, 0.5425531914893617, 0.3804878048780488, 0.6587301587301587, 0.47058823529411764]; mean acc:0.45492366903394943
global malicious client acc list:[0.3368421052631579, 0.48360655737704916, 0.18565400843881857, 0.56, 0.5714285714285714, 0.5756097560975609, 0.43005181347150256, 0.4860335195530726, 0.38338658146964855, 0.47513812154696133]; mean acc:0.4487751034646343
Average Personal ATTACK ALL ASR (k local SGD):  0.09569728004256169
Average Personal ATTACK ALL Trainning ASR (k local SGD):  0.0944109601227676
person benign client asr list:[0.0, 0.0, 0.0, 0.0, 0.5725806451612904, 0.05309734513274336, 0.0, 0.009404388714733543, 0.050505050505050504, 0.0, 0.0, 0.526829268292683, 0.0, 0.0, 0.0, 0.0, 0.0, 0.06470588235294118, 0.3776223776223776, 0.0, 0.0, 0.08695652173913043, 0.4533333333333333, 0.0, 0.0, 0.0, 0.0, 0.0, 0.0, 0.0, 0.049586776859504134, 0.007042253521126761, 0.0, 0.023622047244094488, 0.0, 0.0, 0.0078125, 0.0, 0.5357142857142857, 0.0, 0.44029850746268656, 0.4098360655737705, 0.0, 0.009708737864077669, 0.05863192182410423, 0.0, 0.0, 0.016574585635359115, 0.0958904109589041, 0.0, 0.0, 0.0, 0.0, 0.20833333333333334, 0.0, 0.0, 0.46808510638297873, 0.0, 0.0, 0.0, 0.03296703296703297, 0.0, 0.0, 0.0, 0.0, 0.0, 0.38235294117647056, 0.12931034482758622, 0.4260869565217391, 0.26956521739130435, 0.0, 0.29411764705882354, 0.22666666666666666, 0.02912621359223301, 0.0, 0.022222222222222223, 0.21052631578947367, 0.0, 0.008695652173913044, 0.6971830985915493, 0.0, 0.0, 0.01932367149758454, 0.0, 0.0, 0.0, 0.02127659574468085, 0.024390243902439025, 0.49206349206349204, 0.0]; mean asr:0.0868005073046191
person malicious client asr list:[0.0, 0.0, 0.0, 0.12, 0.09523809523809523, 0.44390243902439025, 0.0, 0.5307262569832403, 0.0, 0.281767955801105]; mean asr:0.14716347470468308
================================================================================
f_00044
ACC :0.2018348623853211
ASR :0.0
================================================================================
f_00088
ACC :0.4154929577464789
ASR :0.09859154929577464
================================================================================
f_00074
ACC :0.5392156862745098
ASR :0.3088235294117647
================================================================================
f_00048
ACC :0.39805825242718446
ASR :0.0
================================================================================
f_00059
ACC :0.6685714285714286
ASR :0.005714285714285714
================================================================================
f_00079
ACC :0.3941176470588235
ASR :0.06470588235294118
================================================================================
f_00025
ACC :0.56
ASR :0.3333333333333333
================================================================================
f_00052
ACC :0.35714285714285715
ASR :0.0
================================================================================
f_00045
ACC :0.5
ASR :0.7089552238805971
================================================================================
f_00055
ACC :0.33163265306122447
ASR :0.0
-------------Round number:  8  -------------
Evaluate global model
Average Global Accurancy:  0.4055330185542329
Average Global Trainning Accurancy:  0.4146965282565665

global benign client acc list:[0.71, 0.08695652173913043, 0.5257731958762887, 0.5380434782608695, 0.5080645161290323, 0.4424778761061947, 0.24, 0.47335423197492166, 0.5555555555555556, 0.425531914893617, 0.3101851851851852, 0.3853658536585366, 0.3516483516483517, 0.5725190839694656, 0.3253968253968254, 0.4057971014492754, 0.35172413793103446, 0.2823529411764706, 0.3146853146853147, 0.13333333333333333, 0.5968992248062015, 0.591304347826087, 0.6, 0.4552238805970149, 0.6190476190476191, 0.21844660194174756, 0.4105960264900662, 0.3516483516483517, 0.32608695652173914, 0.43636363636363634, 0.5785123966942148, 0.29577464788732394, 0.5087719298245614, 0.49606299212598426, 0.6119402985074627, 0.2391304347826087, 0.4453125, 0.47107438016528924, 0.16666666666666666, 0.25688073394495414, 0.6716417910447762, 0.22404371584699453, 0.1875, 0.4174757281553398, 0.4788273615635179, 0.32558139534883723, 0.42857142857142855, 0.23756906077348067, 0.14383561643835616, 0.5255102040816326, 0.11961722488038277, 0.1935483870967742, 0.7142857142857143, 0.2916666666666667, 0.5432692307692307, 0.4117647058823529, 0.35815602836879434, 0.45185185185185184, 0.5769230769230769, 0.5, 0.10989010989010989, 0.5555555555555556, 0.05454545454545454, 0.6954022988505747, 0.4344262295081967, 0.3025210084033613, 0.6519607843137255, 0.5431034482758621, 0.5217391304347826, 0.05217391304347826, 0.12582781456953643, 0.5823529411764706, 0.5733333333333334, 0.5145631067961165, 0.3853211009174312, 0.5777777777777777, 0.5684210526315789, 0.5643939393939394, 0.5739130434782609, 0.43661971830985913, 0.35802469135802467, 0.420863309352518, 0.4492753623188406, 0.29064039408866993, 0.6447368421052632, 0.29133858267716534, 0.5531914893617021, 0.33170731707317075, 0.0873015873015873, 0.5882352941176471]; mean acc:0.4139478318257793
global malicious client acc list:[0.49473684210526314, 0.4098360655737705, 0.11814345991561181, 0.09, 0.5555555555555556, 0.15609756097560976, 0.12435233160621761, 0.5195530726256983, 0.28753993610223644, 0.5524861878453039]; mean acc:0.3308301012305267
Average Global ATTACK ALL ASR:  0.06098290882489858
Average Global ATTACK ALL train ASR:  0.06249582990458822
global benign client asr list:[0.0, 0.0, 0.0, 0.03260869565217391, 0.5725806451612904, 0.008849557522123894, 0.0, 0.003134796238244514, 0.13131313131313133, 0.0, 0.0, 0.0, 0.0, 0.0, 0.0, 0.0, 0.0, 0.0, 0.0, 0.0, 0.0, 0.02608695652173913, 0.48, 0.0, 0.0, 0.0, 0.0, 0.054945054945054944, 0.0, 0.0, 0.0, 0.0, 0.0, 0.0, 0.0, 0.0, 0.0, 0.0, 0.0, 0.0, 0.47761194029850745, 0.0, 0.0, 0.0, 0.0, 0.0, 0.0, 0.0, 0.0, 0.0, 0.0, 0.0, 0.011428571428571429, 0.0, 0.0, 0.0, 0.0, 0.0, 0.0, 0.0, 0.0, 0.0, 0.0, 0.0, 0.0, 0.0, 0.5098039215686274, 0.20689655172413793, 0.3739130434782609, 0.0, 0.0, 0.35294117647058826, 0.24444444444444444, 0.0, 0.5198776758409785, 0.0, 0.4, 0.0, 0.0, 0.23943661971830985, 0.0, 0.0, 0.2753623188405797, 0.0, 0.0, 0.0, 0.0, 0.0, 0.0, 0.0]; mean asr:0.05468039001296405
global malicious client asr list:[0.042105263157894736, 0.0, 0.0, 0.0, 0.0, 0.0, 0.0, 0.5642458100558659, 0.0, 0.13812154696132597]; mean asr:0.07444726201750866

Evaluate global model with a few step updates, which is personalized model
Average Personal Accurancy (k local SGD):  0.4764913214071956
Average Personal Trainning Accurancy (k local SGD):  0.4838867513288704
global benign client acc list:[0.64, 0.2608695652173913, 0.5, 0.5706521739130435, 0.5241935483870968, 0.4690265486725664, 0.41, 0.5329153605015674, 0.5656565656565656, 0.49645390070921985, 0.6111111111111112, 0.33658536585365856, 0.37362637362637363, 0.2748091603053435, 0.5238095238095238, 0.4492753623188406, 0.503448275862069, 0.5588235294117647, 0.3986013986013986, 0.06666666666666667, 0.2713178294573643, 0.5565217391304348, 0.6133333333333333, 0.17164179104477612, 0.6904761904761905, 0.4563106796116505, 0.1390728476821192, 0.3076923076923077, 0.2608695652173913, 0.3090909090909091, 0.512396694214876, 0.5070422535211268, 0.5789473684210527, 0.6456692913385826, 0.5621890547263682, 0.21739130434782608, 0.4453125, 0.5289256198347108, 0.42857142857142855, 0.1834862385321101, 0.7089552238805971, 0.5081967213114754, 0.53125, 0.3883495145631068, 0.38762214983713356, 0.32558139534883723, 0.2802197802197802, 0.5524861878453039, 0.3904109589041096, 0.3979591836734694, 0.6507177033492823, 0.2903225806451613, 0.68, 0.2916666666666667, 0.5288461538461539, 0.4823529411764706, 0.28368794326241137, 0.5703703703703704, 0.48717948717948717, 0.5352112676056338, 0.8626373626373627, 0.6209150326797386, 0.6727272727272727, 0.632183908045977, 0.4344262295081967, 0.6218487394957983, 0.6421568627450981, 0.5086206896551724, 0.4434782608695652, 0.6, 0.16556291390728478, 0.611764705882353, 0.4488888888888889, 0.4854368932038835, 0.45565749235474007, 0.4888888888888889, 0.42105263157894735, 0.5946969696969697, 0.3565217391304348, 0.5140845070422535, 0.5432098765432098, 0.5431654676258992, 0.4251207729468599, 0.5320197044334976, 0.6578947368421053, 0.4094488188976378, 0.5531914893617021, 0.3853658536585366, 0.6666666666666666, 0.4852941176470588]; mean acc:0.47230107889018014
global malicious client acc list:[0.3473684210526316, 0.4672131147540984, 0.16877637130801687, 0.52, 0.5714285714285714, 0.5951219512195122, 0.49740932642487046, 0.5083798882681564, 0.38338658146964855, 0.5193370165745856]; mean acc:0.45784212425000914
Average Personal ATTACK ALL ASR (k local SGD):  0.08598789652191262
Average Personal ATTACK ALL Trainning ASR (k local SGD):  0.08564819963080755
person benign client asr list:[0.0, 0.0, 0.0, 0.0, 0.5564516129032258, 0.04424778761061947, 0.0, 0.009404388714733543, 0.04040404040404041, 0.0, 0.0, 0.48292682926829267, 0.0, 0.0, 0.0, 0.0, 0.0, 0.052941176470588235, 0.3006993006993007, 0.0, 0.0, 0.06956521739130435, 0.41333333333333333, 0.0, 0.0, 0.0, 0.0, 0.0, 0.0, 0.0, 0.01652892561983471, 0.0, 0.0, 0.023622047244094488, 0.0, 0.0, 0.00390625, 0.0, 0.44047619047619047, 0.0, 0.41044776119402987, 0.37158469945355194, 0.0, 0.0, 0.04234527687296417, 0.0, 0.0, 0.011049723756906077, 0.0684931506849315, 0.0, 0.0, 0.0, 0.0, 0.16203703703703703, 0.0, 0.0, 0.45390070921985815, 0.0, 0.0, 0.0, 0.03296703296703297, 0.0, 0.0, 0.0, 0.0, 0.0, 0.4362745098039216, 0.1206896551724138, 0.41739130434782606, 0.21739130434782608, 0.0, 0.27058823529411763, 0.20444444444444446, 0.009708737864077669, 0.0, 0.0, 0.15789473684210525, 0.0, 0.008695652173913044, 0.6267605633802817, 0.0, 0.0, 0.00966183574879227, 0.0, 0.0, 0.0, 0.02127659574468085, 0.01951219512195122, 0.4603174603174603, 0.0]; mean asr:0.07764377468806313
person malicious client asr list:[0.0, 0.0, 0.0, 0.09, 0.047619047619047616, 0.3951219512195122, 0.0, 0.4581005586592179, 0.0, 0.2596685082872928]; mean asr:0.12505100657850704
================================================================================
f_00003
ACC :0.5154639175257731
ASR :0.0
================================================================================
f_00060
ACC :0.26851851851851855
ASR :0.24537037037037038
================================================================================
f_00035
ACC :0.5087719298245614
ASR :0.0
================================================================================
f_00033
ACC :0.5785123966942148
ASR :0.0
================================================================================
f_00022
ACC :0.5777777777777777
ASR :0.0
================================================================================
f_00066
ACC :0.532051282051282
ASR :0.0
================================================================================
f_00045
ACC :0.7313432835820896
ASR :0.5149253731343284
================================================================================
f_00068
ACC :0.7857142857142857
ASR :0.01098901098901099
================================================================================
f_00067
ACC :0.5422535211267606
ASR :0.0
================================================================================
f_00075
ACC :0.39655172413793105
ASR :0.09482758620689655
-------------Round number:  9  -------------
Evaluate global model
Average Global Accurancy:  0.41710447562678726
Average Global Trainning Accurancy:  0.42350376976625226

global benign client acc list:[0.71, 0.08695652173913043, 0.5515463917525774, 0.5543478260869565, 0.5161290322580645, 0.4778761061946903, 0.22, 0.4827586206896552, 0.5151515151515151, 0.44680851063829785, 0.21296296296296297, 0.3951219512195122, 0.34065934065934067, 0.6259541984732825, 0.36507936507936506, 0.4057971014492754, 0.2620689655172414, 0.2647058823529412, 0.34265734265734266, 0.6888888888888889, 0.6201550387596899, 0.6260869565217392, 0.6266666666666667, 0.5223880597014925, 0.6190476190476191, 0.18932038834951456, 0.33774834437086093, 0.2857142857142857, 0.34782608695652173, 0.5545454545454546, 0.4628099173553719, 0.28169014084507044, 0.5263157894736842, 0.5039370078740157, 0.6218905472636815, 0.13043478260869565, 0.4765625, 0.4462809917355372, 0.2261904761904762, 0.25688073394495414, 0.7014925373134329, 0.3005464480874317, 0.17708333333333334, 0.4077669902912621, 0.46254071661237783, 0.3023255813953488, 0.35714285714285715, 0.30386740331491713, 0.1780821917808219, 0.47959183673469385, 0.10047846889952153, 0.2838709677419355, 0.7142857142857143, 0.4305555555555556, 0.5288461538461539, 0.4117647058823529, 0.30141843971631205, 0.4222222222222222, 0.6025641025641025, 0.5070422535211268, 0.7582417582417582, 0.5490196078431373, 0.03636363636363636, 0.6954022988505747, 0.4262295081967213, 0.29411764705882354, 0.6078431372549019, 0.5775862068965517, 0.5304347826086957, 0.06086956521739131, 0.152317880794702, 0.5647058823529412, 0.5377777777777778, 0.5145631067961165, 0.3944954128440367, 0.6222222222222222, 0.43157894736842106, 0.5909090909090909, 0.5826086956521739, 0.5, 0.345679012345679, 0.4352517985611511, 0.3961352657004831, 0.3399014778325123, 0.6710526315789473, 0.2440944881889764, 0.5638297872340425, 0.28292682926829266, 0.09523809523809523, 0.553921568627451]; mean acc:0.4272974323529239
global malicious client acc list:[0.5368421052631579, 0.36065573770491804, 0.12236286919831224, 0.1, 0.5555555555555556, 0.2146341463414634, 0.17616580310880828, 0.4245810055865922, 0.329073482428115, 0.6353591160220995]; mean acc:0.3455229821209022
Average Global ATTACK ALL ASR:  0.08479084923854492
Average Global ATTACK ALL train ASR:  0.08607076929920157
global benign client asr list:[0.0, 0.0, 0.0, 0.10326086956521739, 0.6693548387096774, 0.04424778761061947, 0.0, 0.018808777429467086, 0.29292929292929293, 0.0, 0.004629629629629629, 0.0, 0.0, 0.0, 0.0, 0.0, 0.0, 0.0, 0.0, 0.0, 0.0, 0.0782608695652174, 0.5466666666666666, 0.0, 0.0, 0.0, 0.0, 0.06593406593406594, 0.0, 0.0, 0.06611570247933884, 0.007042253521126761, 0.0, 0.0, 0.0, 0.0, 0.00390625, 0.0, 0.0, 0.0, 0.3582089552238806, 0.0, 0.0, 0.06796116504854369, 0.0, 0.0, 0.0, 0.0, 0.0, 0.0, 0.0, 0.0, 0.022857142857142857, 0.041666666666666664, 0.0, 0.0, 0.0, 0.0, 0.0, 0.028169014084507043, 0.005494505494505495, 0.0, 0.0, 0.0, 0.0, 0.0, 0.4411764705882353, 0.1724137931034483, 0.4608695652173913, 0.0, 0.006622516556291391, 0.5529411764705883, 0.5111111111111111, 0.019417475728155338, 0.6819571865443425, 0.011111111111111112, 0.5263157894736842, 0.0, 0.0, 0.38028169014084506, 0.0, 0.0, 0.4444444444444444, 0.0, 0.0, 0.0, 0.02127659574468085, 0.0, 0.0, 0.0]; mean asr:0.07394948199610994
global malicious client asr list:[0.2, 0.0, 0.0, 0.0, 0.0, 0.0, 0.0, 0.6927374301675978, 0.0, 0.292817679558011]; mean asr:0.1185555109725609

Evaluate global model with a few step updates, which is personalized model
Average Personal Accurancy (k local SGD):  0.4776883686905633
Average Personal Trainning Accurancy (k local SGD):  0.4880012454684963
global benign client acc list:[0.69, 0.2608695652173913, 0.5257731958762887, 0.5543478260869565, 0.4838709677419355, 0.48672566371681414, 0.43, 0.5360501567398119, 0.5757575757575758, 0.475177304964539, 0.6203703703703703, 0.35121951219512193, 0.4065934065934066, 0.2366412213740458, 0.5, 0.4927536231884058, 0.35172413793103446, 0.5588235294117647, 0.36363636363636365, 0.044444444444444446, 0.18604651162790697, 0.5217391304347826, 0.6, 0.16417910447761194, 0.7142857142857143, 0.45145631067961167, 0.15894039735099338, 0.2967032967032967, 0.43478260869565216, 0.32727272727272727, 0.4628099173553719, 0.5, 0.5614035087719298, 0.6614173228346457, 0.5621890547263682, 0.21739130434782608, 0.44140625, 0.5371900826446281, 0.47619047619047616, 0.1834862385321101, 0.7238805970149254, 0.5081967213114754, 0.5, 0.4174757281553398, 0.40390879478827363, 0.37209302325581395, 0.3241758241758242, 0.56353591160221, 0.4178082191780822, 0.40816326530612246, 0.6363636363636364, 0.33548387096774196, 0.6228571428571429, 0.2962962962962963, 0.5432692307692307, 0.4470588235294118, 0.26595744680851063, 0.6148148148148148, 0.41025641025641024, 0.5774647887323944, 0.8626373626373627, 0.6143790849673203, 0.6727272727272727, 0.6896551724137931, 0.4016393442622951, 0.6302521008403361, 0.6323529411764706, 0.5862068965517241, 0.4956521739130435, 0.6, 0.16556291390728478, 0.6, 0.47555555555555556, 0.4854368932038835, 0.45871559633027525, 0.4666666666666667, 0.3894736842105263, 0.5833333333333334, 0.3565217391304348, 0.5422535211267606, 0.4691358024691358, 0.5431654676258992, 0.391304347826087, 0.5517241379310345, 0.6578947368421053, 0.4409448818897638, 0.5531914893617021, 0.3951219512195122, 0.6746031746031746, 0.47549019607843135]; mean acc:0.4739369756351418
global malicious client acc list:[0.3894736842105263, 0.45081967213114754, 0.16455696202531644, 0.58, 0.6031746031746031, 0.5804878048780487, 0.47668393782383417, 0.5251396648044693, 0.41214057507987223, 0.5359116022099447]; mean acc:0.4718388506337763
Average Personal ATTACK ALL ASR (k local SGD):  0.09203963556560484
Average Personal ATTACK ALL Trainning ASR (k local SGD):  0.09267620043146588
person benign client asr list:[0.0, 0.0, 0.0, 0.0, 0.6048387096774194, 0.05309734513274336, 0.0, 0.009404388714733543, 0.04040404040404041, 0.0, 0.0, 0.5317073170731708, 0.0, 0.0, 0.0, 0.0, 0.0, 0.052941176470588235, 0.36363636363636365, 0.0, 0.0, 0.0782608695652174, 0.44, 0.0, 0.0, 0.0, 0.0, 0.0, 0.0, 0.0, 0.049586776859504134, 0.007042253521126761, 0.0, 0.023622047244094488, 0.0, 0.0, 0.0078125, 0.0, 0.44047619047619047, 0.0, 0.44776119402985076, 0.3825136612021858, 0.0, 0.0, 0.04234527687296417, 0.0, 0.0, 0.016574585635359115, 0.04794520547945205, 0.0, 0.0, 0.0, 0.0, 0.14351851851851852, 0.0, 0.0, 0.4219858156028369, 0.0, 0.0, 0.0, 0.03296703296703297, 0.0, 0.0, 0.0, 0.0, 0.0, 0.4362745098039216, 0.19827586206896552, 0.45217391304347826, 0.22608695652173913, 0.0, 0.27058823529411763, 0.23555555555555555, 0.019417475728155338, 0.0, 0.011111111111111112, 0.14736842105263157, 0.0, 0.017391304347826087, 0.6126760563380281, 0.0, 0.0, 0.028985507246376812, 0.0, 0.0, 0.0, 0.031914893617021274, 0.04390243902439024, 0.5079365079365079, 0.0]; mean asr:0.08309000019748021
person malicious client asr list:[0.010526315789473684, 0.0, 0.0, 0.12, 0.09523809523809523, 0.4195121951219512, 0.0, 0.5251396648044693, 0.0, 0.27624309392265195]; mean asr:0.14466593648766413
================================================================================
f_00064
ACC :0.425531914893617
ASR :0.11347517730496454
================================================================================
f_00091
ACC :0.4057971014492754
ASR :0.3285024154589372
================================================================================
f_00012
ACC :0.37037037037037035
ASR :0.0
================================================================================
f_00052
ACC :0.5164835164835165
ASR :0.0
================================================================================
f_00016
ACC :0.47619047619047616
ASR :0.0
================================================================================
f_00065
ACC :0.3111111111111111
ASR :0.0
================================================================================
f_00050
ACC :0.5232558139534884
ASR :0.0
================================================================================
f_00068
ACC :0.7197802197802198
ASR :0.07692307692307693
================================================================================
f_00033
ACC :0.5619834710743802
ASR :0.0
================================================================================
f_00030
ACC :0.37362637362637363
ASR :0.0
-------------Round number:  10  -------------
Evaluate global model
Average Global Accurancy:  0.4471636629646871
Average Global Trainning Accurancy:  0.4506816715966461

global benign client acc list:[0.73, 0.043478260869565216, 0.5773195876288659, 0.592391304347826, 0.5645161290322581, 0.49557522123893805, 0.35, 0.4890282131661442, 0.5151515151515151, 0.44680851063829785, 0.5740740740740741, 0.4195121951219512, 0.3956043956043956, 0.6259541984732825, 0.49206349206349204, 0.4057971014492754, 0.4068965517241379, 0.29411764705882354, 0.3706293706293706, 0.6888888888888889, 0.6434108527131783, 0.6173913043478261, 0.6133333333333333, 0.4552238805970149, 0.6428571428571429, 0.21359223300970873, 0.4370860927152318, 0.34065934065934067, 0.32608695652173914, 0.4636363636363636, 0.5454545454545454, 0.29577464788732394, 0.5614035087719298, 0.49606299212598426, 0.6268656716417911, 0.391304347826087, 0.421875, 0.4793388429752066, 0.23809523809523808, 0.30275229357798167, 0.6716417910447762, 0.2459016393442623, 0.1875, 0.39805825242718446, 0.46905537459283386, 0.5581395348837209, 0.5604395604395604, 0.22099447513812154, 0.1506849315068493, 0.4897959183673469, 0.18660287081339713, 0.25161290322580643, 0.68, 0.5509259259259259, 0.5336538461538461, 0.4470588235294118, 0.41134751773049644, 0.3851851851851852, 0.5897435897435898, 0.4788732394366197, 0.8406593406593407, 0.5490196078431373, 0.09090909090909091, 0.7126436781609196, 0.47540983606557374, 0.29411764705882354, 0.5637254901960784, 0.5948275862068966, 0.5739130434782609, 0.08695652173913043, 0.152317880794702, 0.5764705882352941, 0.6044444444444445, 0.5048543689320388, 0.40672782874617736, 0.5888888888888889, 0.5368421052631579, 0.5984848484848485, 0.5826086956521739, 0.49295774647887325, 0.38271604938271603, 0.5107913669064749, 0.47342995169082125, 0.3645320197044335, 0.6578947368421053, 0.3228346456692913, 0.5638297872340425, 0.33658536585365856, 0.1111111111111111, 0.6323529411764706]; mean acc:0.45822315376895534
global malicious client acc list:[0.5263157894736842, 0.4344262295081967, 0.1729957805907173, 0.1, 0.5555555555555556, 0.18048780487804877, 0.15544041450777202, 0.5195530726256983, 0.30670926517571884, 0.6243093922651933]; mean acc:0.3575793304580585
Average Global ATTACK ALL ASR:  0.07062578971869389
Average Global ATTACK ALL train ASR:  0.07217045125992483
global benign client asr list:[0.01, 0.0, 0.0, 0.10326086956521739, 0.6693548387096774, 0.07964601769911504, 0.0, 0.025078369905956112, 0.25252525252525254, 0.0, 0.004629629629629629, 0.0, 0.0, 0.0, 0.0, 0.0, 0.0, 0.0, 0.0, 0.0, 0.0, 0.09565217391304348, 0.49333333333333335, 0.0, 0.0, 0.0, 0.006622516556291391, 0.02197802197802198, 0.0, 0.0, 0.008264462809917356, 0.007042253521126761, 0.0, 0.0, 0.0, 0.0, 0.0, 0.0, 0.0, 0.0, 0.30597014925373134, 0.0, 0.0, 0.06796116504854369, 0.0, 0.0, 0.0, 0.0, 0.0, 0.0, 0.004784688995215311, 0.0, 0.05142857142857143, 0.06018518518518518, 0.0, 0.0, 0.09929078014184398, 0.0, 0.0, 0.007042253521126761, 0.03296703296703297, 0.0, 0.0, 0.0, 0.0, 0.008403361344537815, 0.2696078431372549, 0.15517241379310345, 0.4782608695652174, 0.0, 0.006622516556291391, 0.3588235294117647, 0.3111111111111111, 0.0, 0.6330275229357798, 0.0, 0.5157894736842106, 0.0, 0.0, 0.2535211267605634, 0.0, 0.0, 0.12077294685990338, 0.0, 0.0, 0.0, 0.0425531914893617, 0.0, 0.007936507936507936, 0.0]; mean asr:0.06187355534748267
global malicious client asr list:[0.18947368421052632, 0.0, 0.008438818565400843, 0.0, 0.0, 0.0, 0.0051813471502590676, 0.6145251396648045, 0.0, 0.23756906077348067]; mean asr:0.10551880503644714

Evaluate global model with a few step updates, which is personalized model
Average Personal Accurancy (k local SGD):  0.49092239143446165
Average Personal Trainning Accurancy (k local SGD):  0.5005671329760025
global benign client acc list:[0.74, 0.2608695652173913, 0.5360824742268041, 0.5597826086956522, 0.5483870967741935, 0.48672566371681414, 0.44, 0.554858934169279, 0.5757575757575758, 0.48936170212765956, 0.49537037037037035, 0.34146341463414637, 0.4945054945054945, 0.3053435114503817, 0.5476190476190477, 0.5217391304347826, 0.4689655172413793, 0.6176470588235294, 0.3986013986013986, 0.044444444444444446, 0.20155038759689922, 0.5391304347826087, 0.6266666666666667, 0.17164179104477612, 0.7261904761904762, 0.46116504854368934, 0.16556291390728478, 0.2967032967032967, 0.391304347826087, 0.33636363636363636, 0.4214876033057851, 0.5492957746478874, 0.543859649122807, 0.6850393700787402, 0.5920398009950248, 0.21739130434782608, 0.4453125, 0.5289256198347108, 0.5, 0.22935779816513763, 0.7686567164179104, 0.5355191256830601, 0.4895833333333333, 0.39805825242718446, 0.42671009771986973, 0.32558139534883723, 0.3241758241758242, 0.56353591160221, 0.4520547945205479, 0.4030612244897959, 0.6602870813397129, 0.2967741935483871, 0.6685714285714286, 0.3055555555555556, 0.5240384615384616, 0.49411764705882355, 0.32269503546099293, 0.5259259259259259, 0.41025641025641024, 0.5422535211267606, 0.8571428571428571, 0.6013071895424836, 0.6727272727272727, 0.6264367816091954, 0.4426229508196721, 0.6050420168067226, 0.6225490196078431, 0.5862068965517241, 0.48695652173913045, 0.6173913043478261, 0.15894039735099338, 0.6058823529411764, 0.4888888888888889, 0.5145631067961165, 0.45565749235474007, 0.5, 0.4631578947368421, 0.6098484848484849, 0.391304347826087, 0.5563380281690141, 0.5493827160493827, 0.5431654676258992, 0.4396135265700483, 0.5320197044334976, 0.6973684210526315, 0.49606299212598426, 0.5531914893617021, 0.37073170731707317, 0.6825396825396826, 0.5490196078431373]; mean acc:0.48633316094178697
global malicious client acc list:[0.4105263157894737, 0.4918032786885246, 0.15611814345991562, 0.6, 0.5873015873015873, 0.6097560975609756, 0.533678756476684, 0.5754189944134078, 0.43130990415335463, 0.5524861878453039]; mean acc:0.49483992656892273
Average Personal ATTACK ALL ASR (k local SGD):  0.0873844516858416
Average Personal ATTACK ALL Trainning ASR (k local SGD):  0.08831706069434869
person benign client asr list:[0.0, 0.0, 0.0, 0.0, 0.5725806451612904, 0.061946902654867256, 0.0, 0.012539184952978056, 0.050505050505050504, 0.0, 0.0, 0.5219512195121951, 0.0, 0.0, 0.0, 0.0, 0.0, 0.09411764705882353, 0.3006993006993007, 0.0, 0.0, 0.11304347826086956, 0.41333333333333333, 0.0, 0.0, 0.0, 0.0, 0.0, 0.0, 0.0, 0.03305785123966942, 0.0, 0.0, 0.023622047244094488, 0.0, 0.0, 0.0078125, 0.0, 0.47619047619047616, 0.0, 0.39552238805970147, 0.3879781420765027, 0.0, 0.019417475728155338, 0.05537459283387622, 0.0, 0.0, 0.022099447513812154, 0.0958904109589041, 0.0, 0.0, 0.0, 0.0, 0.13425925925925927, 0.0, 0.0, 0.3829787234042553, 0.0, 0.0, 0.0, 0.03296703296703297, 0.0, 0.0, 0.0, 0.0, 0.0, 0.35784313725490197, 0.1724137931034483, 0.4260869565217391, 0.25217391304347825, 0.0, 0.24705882352941178, 0.2, 0.02912621359223301, 0.0, 0.011111111111111112, 0.17894736842105263, 0.0, 0.017391304347826087, 0.5563380281690141, 0.0, 0.0, 0.057971014492753624, 0.0, 0.0, 0.0, 0.02127659574468085, 0.03414634146341464, 0.5079365079365079, 0.0]; mean asr:0.08086342464828913
person malicious client asr list:[0.0, 0.0, 0.0, 0.13, 0.12698412698412698, 0.3804878048780488, 0.0, 0.40782122905027934, 0.0, 0.2596685082872928]; mean asr:0.1304961669199748
================================================================================
f_00054
ACC :0.4315068493150685
ASR :0.136986301369863
================================================================================
f_00027
ACC :0.6309523809523809
ASR :0.0
================================================================================
f_00023
ACC :0.16279069767441862
ASR :0.0
================================================================================
f_00037
client is malicious client!
ACC :0.62
ASR :0.09
================================================================================
f_00075
ACC :0.5344827586206896
ASR :0.3017241379310345
================================================================================
f_00033
ACC :0.4793388429752066
ASR :0.01652892561983471
================================================================================
f_00041
ACC :0.5289256198347108
ASR :0.0
================================================================================
f_00046
ACC :0.5901639344262295
ASR :0.5901639344262295
================================================================================
f_00052
ACC :0.510989010989011
ASR :0.0
================================================================================
f_00024
ACC :0.6086956521739131
ASR :0.034782608695652174
-------------Round number:  11  -------------
Evaluate global model
Average Global Accurancy:  0.45640752809735985
Average Global Trainning Accurancy:  0.46398149589662613

global benign client acc list:[0.73, 0.08695652173913043, 0.5927835051546392, 0.6032608695652174, 0.5887096774193549, 0.4690265486725664, 0.38, 0.4702194357366771, 0.5656565656565656, 0.4326241134751773, 0.5972222222222222, 0.4146341463414634, 0.4065934065934066, 0.6412213740458015, 0.49206349206349204, 0.4057971014492754, 0.41379310344827586, 0.31176470588235294, 0.3916083916083916, 0.6888888888888889, 0.5813953488372093, 0.5391304347826087, 0.6133333333333333, 0.48507462686567165, 0.7380952380952381, 0.24757281553398058, 0.4768211920529801, 0.38461538461538464, 0.2608695652173913, 0.5636363636363636, 0.512396694214876, 0.3028169014084507, 0.5789473684210527, 0.5039370078740157, 0.6318407960199005, 0.5, 0.46875, 0.49586776859504134, 0.25, 0.3486238532110092, 0.7014925373134329, 0.6120218579234973, 0.20833333333333334, 0.4174757281553398, 0.46579804560260585, 0.5465116279069767, 0.35714285714285715, 0.2596685082872928, 0.3356164383561644, 0.5255102040816326, 0.15311004784688995, 0.24516129032258063, 0.6857142857142857, 0.5509259259259259, 0.5432692307692307, 0.43529411764705883, 0.3617021276595745, 0.4222222222222222, 0.6089743589743589, 0.4788732394366197, 0.8296703296703297, 0.5620915032679739, 0.05454545454545454, 0.7011494252873564, 0.4672131147540984, 0.29411764705882354, 0.5343137254901961, 0.5258620689655172, 0.5478260869565217, 0.08695652173913043, 0.152317880794702, 0.611764705882353, 0.6, 0.5242718446601942, 0.40672782874617736, 0.5777777777777777, 0.5368421052631579, 0.5984848484848485, 0.591304347826087, 0.4507042253521127, 0.3950617283950617, 0.44244604316546765, 0.4782608695652174, 0.3694581280788177, 0.6447368421052632, 0.29133858267716534, 0.574468085106383, 0.34146341463414637, 0.10317460317460317, 0.6421568627450981]; mean acc:0.466865259438548
global malicious client acc list:[0.5157894736842106, 0.4262295081967213, 0.14767932489451477, 0.64, 0.5238095238095238, 0.17560975609756097, 0.15025906735751296, 0.547486033519553, 0.31309904153354634, 0.6353591160220995]; mean acc:0.40753208451152434
Average Global ATTACK ALL ASR:  0.07069229234554765
Average Global ATTACK ALL train ASR:  0.07185908413584503
global benign client asr list:[0.01, 0.0, 0.0, 0.04891304347826087, 0.6209677419354839, 0.035398230088495575, 0.0, 0.009404388714733543, 0.26262626262626265, 0.0, 0.004629629629629629, 0.0, 0.0, 0.0, 0.0, 0.0, 0.0, 0.0058823529411764705, 0.0, 0.0, 0.0, 0.1565217391304348, 0.4266666666666667, 0.0, 0.0, 0.0, 0.0, 0.0, 0.0, 0.0, 0.01652892561983471, 0.007042253521126761, 0.0, 0.0, 0.0, 0.0, 0.00390625, 0.0, 0.0, 0.0, 0.26119402985074625, 0.4808743169398907, 0.0, 0.038834951456310676, 0.0, 0.0, 0.0, 0.0, 0.07534246575342465, 0.0, 0.0, 0.0, 0.017142857142857144, 0.037037037037037035, 0.0, 0.0, 0.07446808510638298, 0.0, 0.0, 0.02112676056338028, 0.03296703296703297, 0.0, 0.0, 0.0, 0.0, 0.0, 0.22549019607843138, 0.47413793103448276, 0.4260869565217391, 0.0, 0.006622516556291391, 0.31176470588235294, 0.28444444444444444, 0.019417475728155338, 0.5688073394495413, 0.011111111111111112, 0.3684210526315789, 0.0, 0.008695652173913044, 0.19014084507042253, 0.0, 0.0, 0.11594202898550725, 0.0, 0.0, 0.0, 0.02127659574468085, 0.0, 0.0, 0.0]; mean asr:0.06310926525090911
global malicious client asr list:[0.08421052631578947, 0.0, 0.0, 0.15, 0.0, 0.0, 0.0, 0.5363128491620112, 0.0, 0.23756906077348067]; mean asr:0.10080924362512814

Evaluate global model with a few step updates, which is personalized model
