================================================================================
Summary of training process:
Algorithm: FedRepPFLALP
Attack method:attackall
Defense method:none
Attack goal:attackall
Start attack iteration:30
Batch size: 64
Learing rate       : 0.1
Average Moving       : 1.0
Subset of users      : 10
Number of global rounds       : 400
Number of local rounds       : 10
Dataset       : Cifar10
Local Model       : resnet
ResNet Pretrained : 0
FedRepPFLALP alp_use_cluster=1 alp_use_purify=0 purify_beta=1500.0 purify_rounds=1 cluster_max_k=4
Per_local epoch:1
one shot:0
scale rate:0
================================================================================
['f_00007', 'f_00001', 'f_00062', 'f_00020', 'f_00096', 'f_00085', 'f_00051', 'f_00043', 'f_00037', 'f_00058']
---------------Running time:------------ 0
Loaded cached CIFAR10 Dirichlet split from data/Cifar10/dirichlet_a0.5_u100_v1.pkl
Number of users / total users: 10  /  100
Finished creating FedRep + PFL-ALP-submodule server.
-------------Round number:  0  -------------
Evaluate global model
Average Global Accurancy:  0.09942142714637228
Average Global Trainning Accurancy:  0.10019349242710673

global benign client acc list:[0.42, 0.043478260869565216, 0.36082474226804123, 0.010869565217391304, 0.024193548387096774, 0.0, 0.34, 0.10344827586206896, 0.010101010101010102, 0.02127659574468085, 0.27314814814814814, 0.16585365853658537, 0.23076923076923078, 0.17557251908396945, 0.09523809523809523, 0.0, 0.47586206896551725, 0.29411764705882354, 0.13986013986013987, 0.022222222222222223, 0.007751937984496124, 0.4260869565217391, 0.013333333333333334, 0.0, 0.0, 0.06310679611650485, 0.41721854304635764, 0.15384615384615385, 0.10869565217391304, 0.06363636363636363, 0.0, 0.04929577464788732, 0.15789473684210525, 0.10236220472440945, 0.10945273631840796, 0.021739130434782608, 0.18359375, 0.0, 0.14285714285714285, 0.01834862385321101, 0.029850746268656716, 0.00546448087431694, 0.041666666666666664, 0.2524271844660194, 0.25732899022801303, 0.05813953488372093, 0.3626373626373626, 0.0, 0.0, 0.0, 0.028708133971291867, 0.0, 0.0, 0.0, 0.30288461538461536, 0.09411764705882353, 0.0425531914893617, 0.022222222222222223, 0.057692307692307696, 0.176056338028169, 0.0, 0.0457516339869281, 0.012121212121212121, 0.005747126436781609, 0.0, 0.008403361344537815, 0.07352941176470588, 0.0, 0.0, 0.008695652173913044, 0.0, 0.11764705882352941, 0.29777777777777775, 0.1262135922330097, 0.0, 0.17777777777777778, 0.05263157894736842, 0.01893939393939394, 0.043478260869565216, 0.14084507042253522, 0.0, 0.017985611510791366, 0.01932367149758454, 0.0, 0.039473684210526314, 0.0, 0.09574468085106383, 0.06829268292682927, 0.007936507936507936, 0.35294117647058826]; mean acc:0.09676735456182077
global malicious client acc list:[0.15789473684210525, 0.22131147540983606, 0.0, 0.01, 0.0, 0.07804878048780488, 0.05181347150259067, 0.27932960893854747, 0.07667731629392971, 0.06077348066298342]; mean acc:0.09358488701377975
Average Global ATTACK ALL ASR:  0.0
Average Global ATTACK ALL train ASR:  0.0
global benign client asr list:[0.0, 0.0, 0.0, 0.0, 0.0, 0.0, 0.0, 0.0, 0.0, 0.0, 0.0, 0.0, 0.0, 0.0, 0.0, 0.0, 0.0, 0.0, 0.0, 0.0, 0.0, 0.0, 0.0, 0.0, 0.0, 0.0, 0.0, 0.0, 0.0, 0.0, 0.0, 0.0, 0.0, 0.0, 0.0, 0.0, 0.0, 0.0, 0.0, 0.0, 0.0, 0.0, 0.0, 0.0, 0.0, 0.0, 0.0, 0.0, 0.0, 0.0, 0.0, 0.0, 0.0, 0.0, 0.0, 0.0, 0.0, 0.0, 0.0, 0.0, 0.0, 0.0, 0.0, 0.0, 0.0, 0.0, 0.0, 0.0, 0.0, 0.0, 0.0, 0.0, 0.0, 0.0, 0.0, 0.0, 0.0, 0.0, 0.0, 0.0, 0.0, 0.0, 0.0, 0.0, 0.0, 0.0, 0.0, 0.0, 0.0, 0.0]; mean asr:0.0
global malicious client asr list:[0.0, 0.0, 0.0, 0.0, 0.0, 0.0, 0.0, 0.0, 0.0, 0.0]; mean asr:0.0

Evaluate global model with a few step updates, which is personalized model
Average Personal Accurancy (k local SGD):  0.26301788920662367
Average Personal Trainning Accurancy (k local SGD):  0.2696439294531059
global benign client acc list:[0.22, 0.2608695652173913, 0.36082474226804123, 0.07065217391304347, 0.07258064516129033, 0.4247787610619469, 0.21, 0.438871473354232, 0.37373737373737376, 0.3404255319148936, 0.3333333333333333, 0.17560975609756097, 0.23076923076923078, 0.17557251908396945, 0.4126984126984127, 0.4057971014492754, 0.47586206896551725, 0.14705882352941177, 0.1888111888111888, 0.044444444444444446, 0.35658914728682173, 0.043478260869565216, 0.44, 0.17164179104477612, 0.6190476190476191, 0.18446601941747573, 0.0728476821192053, 0.15384615384615385, 0.10869565217391304, 0.07272727272727272, 0.06611570247933884, 0.16901408450704225, 0.15789473684210525, 0.2125984251968504, 0.15422885572139303, 0.21739130434782608, 0.29296875, 0.30578512396694213, 0.17857142857142858, 0.1743119266055046, 0.41044776119402987, 0.37158469945355194, 0.46875, 0.24271844660194175, 0.25732899022801303, 0.38372093023255816, 0.17582417582417584, 0.26519337016574585, 0.2671232876712329, 0.30612244897959184, 0.07655502392344497, 0.2129032258064516, 0.4857142857142857, 0.28703703703703703, 0.17307692307692307, 0.24705882352941178, 0.11347517730496454, 0.2814814814814815, 0.3717948717948718, 0.2676056338028169, 0.7087912087912088, 0.16993464052287582, 0.6727272727272727, 0.3045977011494253, 0.1885245901639344, 0.19327731092436976, 0.19607843137254902, 0.3017241379310345, 0.06956521739130435, 0.2608695652173913, 0.059602649006622516, 0.27647058823529413, 0.07555555555555556, 0.30097087378640774, 0.3730886850152905, 0.25555555555555554, 0.14736842105263157, 0.3106060606060606, 0.2782608695652174, 0.31690140845070425, 0.4074074074074074, 0.5431654676258992, 0.30917874396135264, 0.2857142857142857, 0.42105263157894735, 0.30708661417322836, 0.5, 0.1073170731707317, 0.46825396825396826, 0.19117647058823528]; mean acc:0.26868063424332317
global malicious client acc list:[0.10526315789473684, 0.16393442622950818, 0.1518987341772152, 0.27, 0.4126984126984127, 0.28780487804878047, 0.09844559585492228, 0.20670391061452514, 0.2364217252396166, 0.04419889502762431]; mean acc:0.19773697357853418
Average Personal ATTACK ALL ASR (k local SGD):  0.12110128350069828
Average Personal ATTACK ALL Trainning ASR (k local SGD):  0.12178902653292707
person benign client asr list:[0.0, 0.0, 0.0, 0.021739130434782608, 0.0, 0.0, 0.0, 0.0, 0.0, 0.0, 0.0, 1.0, 0.0, 0.0, 0.0, 0.0, 0.0, 0.0, 0.0, 0.0, 0.0, 1.0, 1.0, 0.0, 0.0, 0.0, 0.0, 0.0, 0.0, 0.0, 1.0, 0.0, 0.0, 0.0, 0.0, 0.0, 0.0, 0.0, 0.03571428571428571, 0.0, 1.0, 1.0, 0.0, 0.0, 0.0, 0.0, 0.0, 0.0, 0.0, 0.0, 0.0, 0.0, 0.0, 0.0, 0.0, 0.0, 0.8652482269503546, 0.0, 0.0, 0.0, 0.0, 0.0, 0.0, 0.0, 0.0, 0.0, 0.16176470588235295, 1.0, 0.0, 1.0, 0.0, 0.0, 0.0, 0.0, 0.0, 0.0, 0.0, 0.0, 0.0, 1.0, 0.0, 0.0, 0.0, 0.0, 0.0, 0.0, 0.0, 0.0, 1.0, 0.0]; mean asr:0.12316073721090862
person malicious client asr list:[0.0, 0.0, 0.0, 0.0, 0.0, 1.0, 0.0, 0.0, 0.0, 0.0]; mean asr:0.1
================================================================================
f_00080
ACC :0.3422222222222222
ASR :0.37777777777777777
================================================================================
f_00084
ACC :0.25263157894736843
ASR :0.29473684210526313
================================================================================
f_00033
ACC :0.3140495867768595
ASR :0.0
================================================================================
f_00081
ACC :0.30097087378640774
ASR :0.0
================================================================================
f_00093
ACC :0.47368421052631576
ASR :0.0
================================================================================
f_00017
ACC :0.14492753623188406
ASR :0.0
================================================================================
f_00036
ACC :0.2677165354330709
ASR :0.0
================================================================================
f_00082
ACC :0.3394495412844037
ASR :0.6207951070336392
================================================================================
f_00069
ACC :0.5490196078431373
ASR :0.0
================================================================================
f_00065
ACC :0.2814814814814815
ASR :0.0
[FedRepPFLALP] cluster labels: [0, 1, 0, 1, 1, 0, 1, 0, 1, 0]
-------------Round number:  1  -------------
Evaluate global model
Average Global Accurancy:  0.1246259227239476
Average Global Trainning Accurancy:  0.12821653359428864

global benign client acc list:[0.27, 0.043478260869565216, 0.20618556701030927, 0.02717391304347826, 0.0, 0.008849557522123894, 0.04, 0.07210031347962383, 0.37373737373737376, 0.0070921985815602835, 0.027777777777777776, 0.12682926829268293, 0.0, 0.022900763358778626, 0.07936507936507936, 0.11594202898550725, 0.0, 0.03529411764705882, 0.04195804195804196, 0.1111111111111111, 0.3488372093023256, 0.034782608695652174, 0.08, 0.373134328358209, 0.15476190476190477, 0.03398058252427184, 0.06622516556291391, 0.12087912087912088, 0.10869565217391304, 0.00909090909090909, 0.256198347107438, 0.014084507042253521, 0.07017543859649122, 0.4645669291338583, 0.16417910447761194, 0.021739130434782608, 0.14453125, 0.39669421487603307, 0.05952380952380952, 0.045871559633027525, 0.3582089552238806, 0.07103825136612021, 0.020833333333333332, 0.13592233009708737, 0.16612377850162866, 0.12790697674418605, 0.10989010989010989, 0.0, 0.0273972602739726, 0.07653061224489796, 0.06220095693779904, 0.1032258064516129, 0.005714285714285714, 0.2777777777777778, 0.04326923076923077, 0.1411764705882353, 0.2127659574468085, 0.2814814814814815, 0.1282051282051282, 0.007042253521126761, 0.01098901098901099, 0.5490196078431373, 0.012121212121212121, 0.1896551724137931, 0.00819672131147541, 0.19327731092436976, 0.04411764705882353, 0.07758620689655173, 0.0, 0.0, 0.019867549668874173, 0.052941176470588235, 0.2088888888888889, 0.30097087378640774, 0.3730886850152905, 0.26666666666666666, 0.3684210526315789, 0.007575757575757576, 0.043478260869565216, 0.09154929577464789, 0.006172839506172839, 0.42805755395683454, 0.014492753623188406, 0.08866995073891626, 0.42105263157894735, 0.2992125984251969, 0.48936170212765956, 0.2634146341463415, 0.0, 0.06372549019607843]; mean acc:0.13141143725210308
global malicious client acc list:[0.15789473684210525, 0.00819672131147541, 0.10126582278481013, 0.0, 0.1746031746031746, 0.01951219512195122, 0.0, 0.0223463687150838, 0.03514376996805112, 0.17679558011049723]; mean acc:0.06957583694571487
Average Global ATTACK ALL ASR:  0.00272660770100419
Average Global ATTACK ALL train ASR:  0.0022907724128728066
global benign client asr list:[0.0, 0.0, 0.0, 0.0, 0.0, 0.0, 0.0, 0.0, 0.0, 0.0, 0.0, 0.0, 0.0, 0.0, 0.0, 0.0, 0.0, 0.0, 0.0, 0.0, 0.0, 0.0, 0.0, 0.0, 0.0, 0.0, 0.0, 0.0, 0.0, 0.0, 0.0, 0.0, 0.0, 0.0, 0.0, 0.0, 0.0, 0.0, 0.0, 0.0, 0.0, 0.0, 0.0, 0.0, 0.0, 0.0, 0.0, 0.0, 0.0, 0.0, 0.0, 0.0, 0.0, 0.0, 0.0, 0.0, 0.0, 0.0, 0.0, 0.0, 0.0, 0.0, 0.0, 0.0, 0.0, 0.0, 0.0, 0.0, 0.0, 0.0, 0.0, 0.0, 0.0, 0.0, 0.0, 0.0, 0.43157894736842106, 0.0, 0.0, 0.0, 0.0, 0.0, 0.0, 0.0, 0.0, 0.0, 0.0, 0.0, 0.0, 0.0]; mean asr:0.0047953216374269
global malicious client asr list:[0.0, 0.0, 0.0, 0.0, 0.0, 0.0, 0.0, 0.0, 0.0, 0.0]; mean asr:0.0

Evaluate global model with a few step updates, which is personalized model
Average Personal Accurancy (k local SGD):  0.27758196448759725
Average Personal Trainning Accurancy (k local SGD):  0.28356648800124545
global benign client acc list:[0.22, 0.2608695652173913, 0.1958762886597938, 0.44565217391304346, 0.07258064516129033, 0.4247787610619469, 0.42, 0.44200626959247646, 0.37373737373737376, 0.3900709219858156, 0.3333333333333333, 0.15121951219512195, 0.23076923076923078, 0.17557251908396945, 0.4126984126984127, 0.11594202898550725, 0.3586206896551724, 0.3, 0.1888111888111888, 0.044444444444444446, 0.06201550387596899, 0.10434782608695652, 0.06666666666666667, 0.17164179104477612, 0.15476190476190477, 0.18446601941747573, 0.07947019867549669, 0.15384615384615385, 0.13043478260869565, 0.17272727272727273, 0.2396694214876033, 0.16901408450704225, 0.3157894736842105, 0.2204724409448819, 0.4925373134328358, 0.21739130434782608, 0.29296875, 0.30578512396694213, 0.14285714285714285, 0.1743119266055046, 0.3582089552238806, 0.2896174863387978, 0.46875, 0.2524271844660194, 0.2964169381107492, 0.09302325581395349, 0.13736263736263737, 0.292817679558011, 0.2671232876712329, 0.2653061224489796, 0.07655502392344497, 0.2129032258064516, 0.09142857142857143, 0.28703703703703703, 0.17307692307692307, 0.24705882352941178, 0.17375886524822695, 0.14814814814814814, 0.3717948717948718, 0.2676056338028169, 0.7087912087912088, 0.5490196078431373, 0.6727272727272727, 0.3275862068965517, 0.1885245901639344, 0.40336134453781514, 0.1568627450980392, 0.25, 0.17391304347826086, 0.3826086956521739, 0.1390728476821192, 0.27647058823529413, 0.17333333333333334, 0.30097087378640774, 0.3730886850152905, 0.25555555555555554, 0.17894736842105263, 0.5037878787878788, 0.2782608695652174, 0.22535211267605634, 0.4074074074074074, 0.5431654676258992, 0.30917874396135264, 0.29064039408866993, 0.42105263157894735, 0.30708661417322836, 0.5, 0.2634146341463415, 0.05555555555555555, 0.20588235294117646]; mean acc:0.26666886401518014
global malicious client acc list:[0.16842105263157894, 0.26229508196721313, 0.15611814345991562, 0.37, 0.4126984126984127, 0.37073170731707317, 0.05699481865284974, 0.21787709497206703, 0.2715654952076677, 0.39226519337016574]; mean acc:0.2678967000276944
Average Personal ATTACK ALL ASR (k local SGD):  0.00824632572986633
Average Personal ATTACK ALL Trainning ASR (k local SGD):  0.009941507461690724
person benign client asr list:[0.0, 0.0, 0.0, 0.0, 0.0, 0.0, 0.0, 0.0, 0.0, 0.0, 0.0, 0.04878048780487805, 0.0, 0.0, 0.0, 0.0, 0.0, 0.0, 0.0, 0.0, 0.0, 0.0, 0.0, 0.0, 0.0, 0.0, 0.0, 0.0, 0.0, 0.0, 0.0, 0.0, 0.0, 0.0, 0.0, 0.0, 0.0, 0.0, 0.0, 0.0, 0.0, 0.0, 0.0, 0.0, 0.006514657980456026, 0.0, 0.0, 0.0, 0.0, 0.0, 0.0, 0.0, 0.0, 0.004629629629629629, 0.0, 0.0, 0.2553191489361702, 0.0, 0.0, 0.0, 0.0, 0.0, 0.0, 0.0, 0.0, 0.0, 0.0, 0.0, 0.0, 0.0, 0.0, 0.0, 0.0044444444444444444, 0.0, 0.0, 0.0, 0.0, 0.0, 0.0, 0.21830985915492956, 0.0, 0.0, 0.0, 0.0, 0.0, 0.0, 0.0, 0.0, 0.0, 0.0]; mean asr:0.0059777580883389764
person malicious client asr list:[0.0, 0.0, 0.0, 0.0, 0.0, 0.02926829268292683, 0.0, 0.00558659217877095, 0.0, 0.0]; mean asr:0.0034854884861697777
================================================================================
f_00044
ACC :0.29357798165137616
ASR :0.0
================================================================================
f_00096
client is malicious client!
ACC :0.4696132596685083
ASR :0.10497237569060773
================================================================================
f_00001
client is malicious client!
ACC :0.42105263157894735
ASR :0.042105263157894736
================================================================================
f_00035
ACC :0.3157894736842105
ASR :0.0
================================================================================
f_00026
ACC :0.3656716417910448
ASR :0.0
================================================================================
f_00011
ACC :0.49645390070921985
ASR :0.0
================================================================================
f_00038
ACC :0.48756218905472637
ASR :0.0
================================================================================
f_00082
ACC :0.2415902140672783
ASR :0.6483180428134556
================================================================================
f_00087
ACC :0.4956521739130435
ASR :0.0
================================================================================
f_00003
ACC :0.39690721649484534
ASR :0.0
[FedRepPFLALP] cluster labels: [0, 1, 0, 1, 1, 1, 0, 1, 0, 0]
-------------Round number:  2  -------------
Evaluate global model
Average Global Accurancy:  0.1928576178759061
Average Global Trainning Accurancy:  0.19218023708382448

global benign client acc list:[0.22, 0.0, 0.4020618556701031, 0.10869565217391304, 0.0, 0.017699115044247787, 0.05, 0.13479623824451412, 0.3838383838383838, 0.3900709219858156, 0.018518518518518517, 0.2048780487804878, 0.02197802197802198, 0.0916030534351145, 0.14285714285714285, 0.4057971014492754, 0.06206896551724138, 0.08235294117647059, 0.11188811188811189, 0.13333333333333333, 0.3798449612403101, 0.008695652173913044, 0.05333333333333334, 0.3358208955223881, 0.17857142857142858, 0.043689320388349516, 0.11920529801324503, 0.13186813186813187, 0.13043478260869565, 0.10909090909090909, 0.4462809917355372, 0.14084507042253522, 0.38596491228070173, 0.4645669291338583, 0.5024875621890548, 0.043478260869565216, 0.09375, 0.3884297520661157, 0.05952380952380952, 0.29357798165137616, 0.3358208955223881, 0.3224043715846995, 0.0, 0.10679611650485436, 0.2247557003257329, 0.1744186046511628, 0.18681318681318682, 0.24861878453038674, 0.10273972602739725, 0.07653061224489796, 0.06698564593301436, 0.33548387096774196, 0.2, 0.2361111111111111, 0.12980769230769232, 0.17647058823529413, 0.10283687943262411, 0.2814814814814815, 0.25, 0.06338028169014084, 0.02197802197802198, 0.5490196078431373, 0.024242424242424242, 0.3850574712643678, 0.12295081967213115, 0.2605042016806723, 0.10784313725490197, 0.07758620689655173, 0.0, 0.008695652173913044, 0.16556291390728478, 0.06470588235294118, 0.3111111111111111, 0.34951456310679613, 0.2691131498470948, 0.25555555555555554, 0.37894736842105264, 0.3143939393939394, 0.34782608695652173, 0.09859154929577464, 0.16049382716049382, 0.09712230215827339, 0.09178743961352658, 0.18719211822660098, 0.42105263157894735, 0.30708661417322836, 0.5, 0.12682926829268293, 0.015873015873015872, 0.3480392156862745]; mean acc:0.19202254481838885
global malicious client acc list:[0.3157894736842105, 0.11475409836065574, 0.06329113924050633, 0.0, 0.4126984126984127, 0.24390243902439024, 0.11917098445595854, 0.2905027932960894, 0.14376996805111822, 0.48066298342541436]; mean acc:0.2184542292236756
Average Global ATTACK ALL ASR:  0.026002527099820445
Average Global ATTACK ALL train ASR:  0.024976091452972443
global benign client asr list:[0.0, 0.0, 0.0, 0.0, 0.0, 0.0, 0.0, 0.0, 0.0, 0.0, 0.0, 0.0, 0.0, 0.0, 0.0, 0.0, 0.0, 0.0, 0.0, 0.0, 0.0, 0.0, 0.0, 0.0, 0.0, 0.0, 0.0, 0.0, 0.0, 0.0, 0.0, 0.0, 0.0, 0.0, 0.0, 0.0, 0.0, 0.0, 0.0, 0.0, 0.0, 0.0, 0.0, 0.0, 0.0, 0.0, 0.0, 0.0, 0.0, 0.0, 0.0, 0.0, 0.0, 0.0, 0.0, 0.0, 0.0, 0.0, 0.0, 0.0, 0.0, 0.0, 0.0, 0.0, 0.0, 0.0, 0.0, 0.0, 0.0, 0.0, 0.0, 0.0, 0.044444444444444446, 0.0, 0.9755351681957186, 0.0, 0.4842105263157895, 0.0, 0.0, 0.0, 0.0, 0.0, 0.0, 0.0, 0.0, 0.0, 0.0, 0.0, 0.0, 0.0]; mean asr:0.01671322376617725
global malicious client asr list:[0.0, 0.0, 0.0, 0.0, 0.0, 0.0, 0.0, 0.0, 0.0, 0.08839779005524862]; mean asr:0.00883977900552486

Evaluate global model with a few step updates, which is personalized model
Average Personal Accurancy (k local SGD):  0.3479417436988761
Average Personal Trainning Accurancy (k local SGD):  0.36149723105664655
global benign client acc list:[0.2, 0.2608695652173913, 0.3402061855670103, 0.30978260869565216, 0.3790322580645161, 0.4247787610619469, 0.27, 0.3542319749216301, 0.37373737373737376, 0.3900709219858156, 0.3333333333333333, 0.25365853658536586, 0.21978021978021978, 0.17557251908396945, 0.29365079365079366, 0.17391304347826086, 0.47586206896551725, 0.27647058823529413, 0.23076923076923078, 0.044444444444444446, 0.3488372093023256, 0.4260869565217391, 0.32, 0.43283582089552236, 0.6071428571428571, 0.34951456310679613, 0.06622516556291391, 0.17582417582417584, 0.13043478260869565, 0.17272727272727273, 0.3140495867768595, 0.21830985915492956, 0.49122807017543857, 0.48031496062992124, 0.4925373134328358, 0.21739130434782608, 0.3671875, 0.4049586776859504, 0.16666666666666666, 0.1743119266055046, 0.6194029850746269, 0.3879781420765027, 0.46875, 0.1941747572815534, 0.32247557003257327, 0.09302325581395349, 0.21978021978021978, 0.35911602209944754, 0.2808219178082192, 0.34183673469387754, 0.49760765550239233, 0.2129032258064516, 0.5828571428571429, 0.14351851851851852, 0.2692307692307692, 0.24705882352941178, 0.1773049645390071, 0.3333333333333333, 0.36538461538461536, 0.29577464788732394, 0.7197802197802198, 0.5686274509803921, 0.6727272727272727, 0.5919540229885057, 0.2540983606557377, 0.19327731092436976, 0.5049019607843137, 0.22413793103448276, 0.2782608695652174, 0.41739130434782606, 0.1986754966887417, 0.40588235294117647, 0.27555555555555555, 0.3592233009708738, 0.3853211009174312, 0.35555555555555557, 0.3157894736842105, 0.5454545454545454, 0.33043478260869563, 0.31690140845070425, 0.4506172839506173, 0.5431654676258992, 0.30917874396135264, 0.35467980295566504, 0.42105263157894735, 0.3464566929133858, 0.5, 0.37073170731707317, 0.38095238095238093, 0.3235294117647059]; mean acc:0.33848218664035323
global malicious client acc list:[0.3263157894736842, 0.36065573770491804, 0.16877637130801687, 0.26, 0.4126984126984127, 0.5073170731707317, 0.11398963730569948, 0.3407821229050279, 0.3194888178913738, 0.44751381215469616]; mean acc:0.3257537774612561
Average Personal ATTACK ALL ASR (k local SGD):  0.06849770565937355
Average Personal ATTACK ALL Trainning ASR (k local SGD):  0.06818940017347597
person benign client asr list:[0.0, 0.0, 0.0, 0.0, 1.0, 0.0, 0.0, 0.0, 0.0, 0.0, 0.0, 0.32195121951219513, 0.0, 0.0, 0.0, 0.0, 0.0, 0.0058823529411764705, 0.04195804195804196, 0.0, 0.0, 0.0, 0.02666666666666667, 0.0, 0.0, 0.0, 0.0, 0.0, 0.0, 0.0, 0.0743801652892562, 0.0, 0.0, 0.0, 0.0, 0.0, 0.0, 0.0, 0.047619047619047616, 0.0, 0.3880597014925373, 0.16939890710382513, 0.0, 0.0, 0.1270358306188925, 0.0, 0.0, 0.0, 0.00684931506849315, 0.0, 0.0, 0.0, 0.0, 0.0787037037037037, 0.0, 0.0, 0.5212765957446809, 0.0, 0.0, 0.0, 0.02197802197802198, 0.0, 0.0, 0.0, 0.0, 0.0, 0.5441176470588235, 0.008620689655172414, 0.13043478260869565, 0.034782608695652174, 0.059602649006622516, 0.18235294117647058, 0.2088888888888889, 0.009708737864077669, 0.0, 0.0, 0.28421052631578947, 0.0, 0.02608695652173913, 1.0, 0.0, 0.0, 0.0, 0.0, 0.0, 0.0, 0.0, 0.004878048780487805, 0.1111111111111111, 0.0]; mean asr:0.060406168415334104
person malicious client asr list:[0.0, 0.0, 0.0, 0.0, 0.0, 0.25365853658536586, 0.0, 0.3407821229050279, 0.0, 0.04419889502762431]; mean asr:0.06386395545180182
================================================================================
f_00095
ACC :0.5
ASR :0.010638297872340425
================================================================================
f_00067
ACC :0.44366197183098594
ASR :0.0
================================================================================
f_00096
client is malicious client!
ACC :0.6298342541436464
ASR :0.292817679558011
================================================================================
f_00071
ACC :0.5747126436781609
ASR :0.0
================================================================================
f_00001
client is malicious client!
ACC :0.2736842105263158
ASR :0.021052631578947368
================================================================================
f_00080
ACC :0.31555555555555553
ASR :0.88
================================================================================
f_00099
ACC :0.47549019607843135
ASR :0.0
================================================================================
f_00045
ACC :0.5298507462686567
ASR :0.2835820895522388
================================================================================
f_00052
ACC :0.45604395604395603
ASR :0.0
================================================================================
f_00027
ACC :0.6309523809523809
ASR :0.0
[FedRepPFLALP] cluster labels: [0, 1, 0, 1, 1, 0, 1, 0, 1, 0]
-------------Round number:  3  -------------
Evaluate global model
Average Global Accurancy:  0.22471237613885747
Average Global Trainning Accurancy:  0.22580788648444278

global benign client acc list:[0.22, 0.0, 0.422680412371134, 0.07065217391304347, 0.016129032258064516, 0.017699115044247787, 0.05, 0.14733542319749215, 0.37373737373737376, 0.3900709219858156, 0.05555555555555555, 0.25853658536585367, 0.054945054945054944, 0.10687022900763359, 0.10317460317460317, 0.4057971014492754, 0.06206896551724138, 0.06470588235294118, 0.2097902097902098, 0.13333333333333333, 0.29457364341085274, 0.06956521739130435, 0.05333333333333334, 0.3805970149253731, 0.6190476190476191, 0.09223300970873786, 0.10596026490066225, 0.13186813186813187, 0.13043478260869565, 0.10909090909090909, 0.45454545454545453, 0.2112676056338028, 0.3684210526315789, 0.5669291338582677, 0.5223880597014925, 0.043478260869565216, 0.12890625, 0.39669421487603307, 0.047619047619047616, 0.29357798165137616, 0.664179104477612, 0.15300546448087432, 0.0, 0.10679611650485436, 0.3811074918566775, 0.1744186046511628, 0.4065934065934066, 0.19337016574585636, 0.0958904109589041, 0.24489795918367346, 0.03827751196172249, 0.15483870967741936, 0.37142857142857144, 0.25462962962962965, 0.1875, 0.17647058823529413, 0.17375886524822695, 0.2814814814814815, 0.3076923076923077, 0.29577464788732394, 0.15384615384615385, 0.5490196078431373, 0.024242424242424242, 0.5632183908045977, 0.1557377049180328, 0.226890756302521, 0.05392156862745098, 0.0603448275862069, 0.043478260869565216, 0.017391304347826087, 0.059602649006622516, 0.21176470588235294, 0.3466666666666667, 0.36893203883495146, 0.3333333333333333, 0.25555555555555554, 0.3368421052631579, 0.32196969696969696, 0.4, 0.19718309859154928, 0.2716049382716049, 0.2841726618705036, 0.043478260869565216, 0.33497536945812806, 0.42105263157894735, 0.2755905511811024, 0.5106382978723404, 0.2048780487804878, 0.015873015873015872, 0.4166666666666667]; mean acc:0.2256066143364475
global malicious client acc list:[0.28421052631578947, 0.10655737704918032, 0.06329113924050633, 0.0, 0.4126984126984127, 0.05365853658536585, 0.04145077720207254, 0.13966480446927373, 0.17891373801916932, 0.580110497237569]; mean acc:0.18605558088173393
Average Global ATTACK ALL ASR:  0.03917004721686507
Average Global ATTACK ALL train ASR:  0.040032915953117004
global benign client asr list:[0.0, 0.0, 0.0, 0.0, 0.0, 0.0, 0.0, 0.0, 0.0, 0.0, 0.0, 0.0, 0.0, 0.0, 0.0, 0.0, 0.0, 0.0, 0.0, 0.0, 0.0, 0.0, 0.0, 0.0, 0.0, 0.0, 0.0, 0.0, 0.0, 0.0, 0.0, 0.0, 0.0, 0.0, 0.0, 0.0, 0.0, 0.0, 0.0, 0.0, 0.5223880597014925, 0.0, 0.0, 0.0, 0.0, 0.0, 0.0, 0.0, 0.0, 0.0, 0.0, 0.0, 0.0, 0.0, 0.0, 0.0, 0.0, 0.0, 0.0, 0.007042253521126761, 0.0, 0.0, 0.0, 0.0, 0.0, 0.0, 0.0, 0.0, 0.0, 0.0, 0.0, 0.0, 0.68, 0.0, 0.8440366972477065, 0.0, 0.3263157894736842, 0.0, 0.0, 0.0, 0.0, 0.0, 0.0, 0.0, 0.0, 0.0, 0.02127659574468085, 0.0, 0.0, 0.0]; mean asr:0.02667843772987434
global malicious client asr list:[0.010526315789473684, 0.0, 0.0, 0.0, 0.0, 0.0, 0.0, 0.0, 0.0, 0.30386740331491713]; mean asr:0.03143937191043908

Evaluate global model with a few step updates, which is personalized model
Average Personal Accurancy (k local SGD):  0.3608432533085057
Average Personal Trainning Accurancy (k local SGD):  0.37010430798656674
global benign client acc list:[0.22, 0.2608695652173913, 0.4381443298969072, 0.30434782608695654, 0.29838709677419356, 0.4247787610619469, 0.19, 0.4482758620689655, 0.37373737373737376, 0.3971631205673759, 0.3333333333333333, 0.2926829268292683, 0.23076923076923078, 0.16030534351145037, 0.25396825396825395, 0.2898550724637681, 0.4068965517241379, 0.3176470588235294, 0.2517482517482518, 0.044444444444444446, 0.32558139534883723, 0.21739130434782608, 0.32, 0.4253731343283582, 0.5, 0.4368932038834951, 0.06622516556291391, 0.12087912087912088, 0.13043478260869565, 0.24545454545454545, 0.38016528925619836, 0.24647887323943662, 0.45614035087719296, 0.49606299212598426, 0.4975124378109453, 0.21739130434782608, 0.44921875, 0.30578512396694213, 0.19047619047619047, 0.1743119266055046, 0.664179104477612, 0.4808743169398907, 0.46875, 0.1650485436893204, 0.34201954397394135, 0.09302325581395349, 0.23076923076923078, 0.39226519337016574, 0.2808219178082192, 0.30612244897959184, 0.5167464114832536, 0.2129032258064516, 0.25142857142857145, 0.14351851851851852, 0.36538461538461536, 0.27058823529411763, 0.1773049645390071, 0.4148148148148148, 0.4166666666666667, 0.39436619718309857, 0.7197802197802198, 0.6535947712418301, 0.6727272727272727, 0.4885057471264368, 0.30327868852459017, 0.2184873949579832, 0.4264705882352941, 0.3103448275862069, 0.33043478260869563, 0.3130434782608696, 0.2119205298013245, 0.4647058823529412, 0.36, 0.36893203883495146, 0.41590214067278286, 0.37777777777777777, 0.37894736842105264, 0.5454545454545454, 0.3565217391304348, 0.4084507042253521, 0.5123456790123457, 0.5431654676258992, 0.3140096618357488, 0.39901477832512317, 0.42105263157894735, 0.33070866141732286, 0.5425531914893617, 0.2926829268292683, 0.4523809523809524, 0.35294117647058826]; mean acc:0.3468095743974884
global malicious client acc list:[0.3157894736842105, 0.3442622950819672, 0.18143459915611815, 0.37, 0.4126984126984127, 0.5365853658536586, 0.23834196891191708, 0.3743016759776536, 0.329073482428115, 0.3701657458563536]; mean acc:0.3472653019648406
Average Personal ATTACK ALL ASR (k local SGD):  0.08326128882090843
Average Personal ATTACK ALL Trainning ASR (k local SGD):  0.08300157907612926
person benign client asr list:[0.0, 0.0, 0.0, 0.0, 0.3951612903225806, 0.0, 0.0, 0.0, 0.0, 0.0, 0.0, 0.5121951219512195, 0.0, 0.0, 0.0, 0.0, 0.0, 0.023529411764705882, 0.15384615384615385, 0.0, 0.0, 0.14782608695652175, 0.02666666666666667, 0.0, 0.0, 0.0, 0.0, 0.0, 0.0, 0.0, 0.03305785123966942, 0.0, 0.0, 0.007874015748031496, 0.0, 0.0, 0.01953125, 0.0, 0.07142857142857142, 0.0, 0.5298507462686567, 0.2786885245901639, 0.0, 0.0, 0.0781758957654723, 0.0, 0.0, 0.0, 0.0, 0.0, 0.0, 0.0, 0.0, 0.1388888888888889, 0.0, 0.0, 0.5886524822695035, 0.0, 0.0, 0.0, 0.027472527472527472, 0.0, 0.0, 0.0, 0.0, 0.0, 0.24019607843137256, 0.08620689655172414, 0.17391304347826086, 0.7304347826086957, 0.0728476821192053, 0.27647058823529413, 0.2222222222222222, 0.02912621359223301, 0.0, 0.011111111111111112, 0.2, 0.0, 0.0, 0.9225352112676056, 0.0, 0.0, 0.0, 0.0, 0.0, 0.0, 0.031914893617021274, 0.014634146341463415, 0.20634920634920634, 0.0]; mean asr:0.06945341734560832
person malicious client asr list:[0.0, 0.0, 0.0, 0.0, 0.0, 0.375609756097561, 0.0, 0.5698324022346368, 0.0, 0.2983425414364641]; mean asr:0.12437846997686619
================================================================================
f_00040
ACC :0.328125
ASR :0.00390625
================================================================================
f_00010
ACC :0.4444444444444444
ASR :0.09090909090909091
================================================================================
f_00096
client is malicious client!
ACC :0.5911602209944752
ASR :0.569060773480663
================================================================================
f_00066
ACC :0.5576923076923077
ASR :0.0
================================================================================
f_00089
ACC :0.4876543209876543
ASR :0.0
================================================================================
f_00032
ACC :0.39090909090909093
ASR :0.0
================================================================================
f_00095
ACC :0.5106382978723404
ASR :0.0
================================================================================
f_00055
ACC :0.2857142857142857
ASR :0.0
================================================================================
f_00025
ACC :0.4533333333333333
ASR :0.18666666666666668
================================================================================
f_00005
ACC :0.43548387096774194
ASR :0.5967741935483871
