================================================================================
Summary of training process:
Algorithm: FedRepBDPFL
Attack method:attackall
Defense method:none
Attack goal:attackall
Start attack iteration:30
Batch size: 64
Learing rate       : 0.1
Average Moving       : 1.0
Subset of users      : 10
Number of global rounds       : 400
Number of local rounds       : 10
Dataset       : Cifar10
Local Model       : resnet
ResNet Pretrained : 0
FedRepBDPFL bd_lambda=1.0 bd_tau=1.0 bd_gamma=1.0 bd_use_inter=1 bd_use_em=0
Per_local epoch:1
one shot:0
scale rate:0
================================================================================
['f_00007', 'f_00001', 'f_00062', 'f_00020', 'f_00096', 'f_00085', 'f_00051', 'f_00043', 'f_00037', 'f_00058']
---------------Running time:------------ 0
Loaded cached CIFAR10 Dirichlet split from data/Cifar10/dirichlet_a0.5_u100_v1.pkl
Number of users / total users: 10  /  100
Finished creating FedRep + BDPFL-submodule server.
-------------Round number:  0  -------------
Evaluate global model
Average Global Accurancy:  0.09942142714637228
Average Global Trainning Accurancy:  0.10019349242710673

global benign client acc list:[0.42, 0.043478260869565216, 0.36082474226804123, 0.010869565217391304, 0.024193548387096774, 0.0, 0.34, 0.10344827586206896, 0.010101010101010102, 0.02127659574468085, 0.27314814814814814, 0.16585365853658537, 0.23076923076923078, 0.17557251908396945, 0.09523809523809523, 0.0, 0.47586206896551725, 0.29411764705882354, 0.13986013986013987, 0.022222222222222223, 0.007751937984496124, 0.4260869565217391, 0.013333333333333334, 0.0, 0.0, 0.06310679611650485, 0.41721854304635764, 0.15384615384615385, 0.10869565217391304, 0.06363636363636363, 0.0, 0.04929577464788732, 0.15789473684210525, 0.10236220472440945, 0.10945273631840796, 0.021739130434782608, 0.18359375, 0.0, 0.14285714285714285, 0.01834862385321101, 0.029850746268656716, 0.00546448087431694, 0.041666666666666664, 0.2524271844660194, 0.25732899022801303, 0.05813953488372093, 0.3626373626373626, 0.0, 0.0, 0.0, 0.028708133971291867, 0.0, 0.0, 0.0, 0.30288461538461536, 0.09411764705882353, 0.0425531914893617, 0.022222222222222223, 0.057692307692307696, 0.176056338028169, 0.0, 0.0457516339869281, 0.012121212121212121, 0.005747126436781609, 0.0, 0.008403361344537815, 0.07352941176470588, 0.0, 0.0, 0.008695652173913044, 0.0, 0.11764705882352941, 0.29777777777777775, 0.1262135922330097, 0.0, 0.17777777777777778, 0.05263157894736842, 0.01893939393939394, 0.043478260869565216, 0.14084507042253522, 0.0, 0.017985611510791366, 0.01932367149758454, 0.0, 0.039473684210526314, 0.0, 0.09574468085106383, 0.06829268292682927, 0.007936507936507936, 0.35294117647058826]; mean acc:0.09676735456182077
global malicious client acc list:[0.15789473684210525, 0.22131147540983606, 0.0, 0.01, 0.0, 0.07804878048780488, 0.05181347150259067, 0.27932960893854747, 0.07667731629392971, 0.06077348066298342]; mean acc:0.09358488701377975
Average Global ATTACK ALL ASR:  0.0
Average Global ATTACK ALL train ASR:  0.0
global benign client asr list:[0.0, 0.0, 0.0, 0.0, 0.0, 0.0, 0.0, 0.0, 0.0, 0.0, 0.0, 0.0, 0.0, 0.0, 0.0, 0.0, 0.0, 0.0, 0.0, 0.0, 0.0, 0.0, 0.0, 0.0, 0.0, 0.0, 0.0, 0.0, 0.0, 0.0, 0.0, 0.0, 0.0, 0.0, 0.0, 0.0, 0.0, 0.0, 0.0, 0.0, 0.0, 0.0, 0.0, 0.0, 0.0, 0.0, 0.0, 0.0, 0.0, 0.0, 0.0, 0.0, 0.0, 0.0, 0.0, 0.0, 0.0, 0.0, 0.0, 0.0, 0.0, 0.0, 0.0, 0.0, 0.0, 0.0, 0.0, 0.0, 0.0, 0.0, 0.0, 0.0, 0.0, 0.0, 0.0, 0.0, 0.0, 0.0, 0.0, 0.0, 0.0, 0.0, 0.0, 0.0, 0.0, 0.0, 0.0, 0.0, 0.0, 0.0]; mean asr:0.0
global malicious client asr list:[0.0, 0.0, 0.0, 0.0, 0.0, 0.0, 0.0, 0.0, 0.0, 0.0]; mean asr:0.0

Evaluate global model with a few step updates, which is personalized model
Average Personal Accurancy (k local SGD):  0.26301788920662367
Average Personal Trainning Accurancy (k local SGD):  0.2696439294531059
global benign client acc list:[0.22, 0.2608695652173913, 0.36082474226804123, 0.07065217391304347, 0.07258064516129033, 0.4247787610619469, 0.21, 0.438871473354232, 0.37373737373737376, 0.3404255319148936, 0.3333333333333333, 0.17560975609756097, 0.23076923076923078, 0.17557251908396945, 0.4126984126984127, 0.4057971014492754, 0.47586206896551725, 0.14705882352941177, 0.1888111888111888, 0.044444444444444446, 0.35658914728682173, 0.043478260869565216, 0.44, 0.17164179104477612, 0.6190476190476191, 0.18446601941747573, 0.0728476821192053, 0.15384615384615385, 0.10869565217391304, 0.07272727272727272, 0.06611570247933884, 0.16901408450704225, 0.15789473684210525, 0.2125984251968504, 0.15422885572139303, 0.21739130434782608, 0.29296875, 0.30578512396694213, 0.17857142857142858, 0.1743119266055046, 0.41044776119402987, 0.37158469945355194, 0.46875, 0.24271844660194175, 0.25732899022801303, 0.38372093023255816, 0.17582417582417584, 0.26519337016574585, 0.2671232876712329, 0.30612244897959184, 0.07655502392344497, 0.2129032258064516, 0.4857142857142857, 0.28703703703703703, 0.17307692307692307, 0.24705882352941178, 0.11347517730496454, 0.2814814814814815, 0.3717948717948718, 0.2676056338028169, 0.7087912087912088, 0.16993464052287582, 0.6727272727272727, 0.3045977011494253, 0.1885245901639344, 0.19327731092436976, 0.19607843137254902, 0.3017241379310345, 0.06956521739130435, 0.2608695652173913, 0.059602649006622516, 0.27647058823529413, 0.07555555555555556, 0.30097087378640774, 0.3730886850152905, 0.25555555555555554, 0.14736842105263157, 0.3106060606060606, 0.2782608695652174, 0.31690140845070425, 0.4074074074074074, 0.5431654676258992, 0.30917874396135264, 0.2857142857142857, 0.42105263157894735, 0.30708661417322836, 0.5, 0.1073170731707317, 0.46825396825396826, 0.19117647058823528]; mean acc:0.26868063424332317
global malicious client acc list:[0.10526315789473684, 0.16393442622950818, 0.1518987341772152, 0.27, 0.4126984126984127, 0.28780487804878047, 0.09844559585492228, 0.20670391061452514, 0.2364217252396166, 0.04419889502762431]; mean acc:0.19773697357853418
Average Personal ATTACK ALL ASR (k local SGD):  0.12110128350069828
Average Personal ATTACK ALL Trainning ASR (k local SGD):  0.12178902653292707
person benign client asr list:[0.0, 0.0, 0.0, 0.021739130434782608, 0.0, 0.0, 0.0, 0.0, 0.0, 0.0, 0.0, 1.0, 0.0, 0.0, 0.0, 0.0, 0.0, 0.0, 0.0, 0.0, 0.0, 1.0, 1.0, 0.0, 0.0, 0.0, 0.0, 0.0, 0.0, 0.0, 1.0, 0.0, 0.0, 0.0, 0.0, 0.0, 0.0, 0.0, 0.03571428571428571, 0.0, 1.0, 1.0, 0.0, 0.0, 0.0, 0.0, 0.0, 0.0, 0.0, 0.0, 0.0, 0.0, 0.0, 0.0, 0.0, 0.0, 0.8652482269503546, 0.0, 0.0, 0.0, 0.0, 0.0, 0.0, 0.0, 0.0, 0.0, 0.16176470588235295, 1.0, 0.0, 1.0, 0.0, 0.0, 0.0, 0.0, 0.0, 0.0, 0.0, 0.0, 0.0, 1.0, 0.0, 0.0, 0.0, 0.0, 0.0, 0.0, 0.0, 0.0, 1.0, 0.0]; mean asr:0.12316073721090862
person malicious client asr list:[0.0, 0.0, 0.0, 0.0, 0.0, 1.0, 0.0, 0.0, 0.0, 0.0]; mean asr:0.1
================================================================================
f_00080
ACC :0.30666666666666664
ASR :0.5377777777777778
================================================================================
f_00084
ACC :0.42105263157894735
ASR :0.5473684210526316
================================================================================
f_00033
ACC :0.35537190082644626
ASR :0.0
================================================================================
f_00081
ACC :0.30097087378640774
ASR :0.0
================================================================================
f_00093
ACC :0.42105263157894735
ASR :0.0
================================================================================
f_00017
ACC :0.11594202898550725
ASR :0.0
================================================================================
f_00036
ACC :0.28346456692913385
ASR :0.0
================================================================================
f_00082
ACC :0.42201834862385323
ASR :0.26605504587155965
================================================================================
f_00069
ACC :0.5490196078431373
ASR :0.0
================================================================================
f_00065
ACC :0.2814814814814815
ASR :0.0
-------------Round number:  1  -------------
Evaluate global model
Average Global Accurancy:  0.12449291747024008
Average Global Trainning Accurancy:  0.12855014122723127

global benign client acc list:[0.24, 0.043478260869565216, 0.19072164948453607, 0.02717391304347826, 0.0, 0.008849557522123894, 0.01, 0.07523510971786834, 0.37373737373737376, 0.0, 0.027777777777777776, 0.12682926829268293, 0.0, 0.022900763358778626, 0.07936507936507936, 0.11594202898550725, 0.0, 0.023529411764705882, 0.03496503496503497, 0.13333333333333333, 0.35658914728682173, 0.0, 0.06666666666666667, 0.3805970149253731, 0.15476190476190477, 0.03398058252427184, 0.059602649006622516, 0.10989010989010989, 0.10869565217391304, 0.00909090909090909, 0.23140495867768596, 0.014084507042253521, 0.07017543859649122, 0.4645669291338583, 0.1691542288557214, 0.021739130434782608, 0.1484375, 0.39669421487603307, 0.047619047619047616, 0.045871559633027525, 0.3582089552238806, 0.07103825136612021, 0.010416666666666666, 0.0970873786407767, 0.1563517915309446, 0.12790697674418605, 0.07142857142857142, 0.0, 0.0273972602739726, 0.07653061224489796, 0.06698564593301436, 0.1032258064516129, 0.005714285714285714, 0.28703703703703703, 0.038461538461538464, 0.16470588235294117, 0.20567375886524822, 0.2814814814814815, 0.1346153846153846, 0.007042253521126761, 0.01098901098901099, 0.5490196078431373, 0.012121212121212121, 0.1896551724137931, 0.00819672131147541, 0.19327731092436976, 0.049019607843137254, 0.07758620689655173, 0.0, 0.0, 0.019867549668874173, 0.052941176470588235, 0.26222222222222225, 0.30097087378640774, 0.3730886850152905, 0.25555555555555554, 0.3894736842105263, 0.011363636363636364, 0.034782608695652174, 0.08450704225352113, 0.006172839506172839, 0.4856115107913669, 0.014492753623188406, 0.08866995073891626, 0.42105263157894735, 0.30708661417322836, 0.5, 0.2682926829268293, 0.0, 0.0392156862745098]; mean acc:0.13022225340183496
global malicious client acc list:[0.14736842105263157, 0.0, 0.11392405063291139, 0.0, 0.20634920634920634, 0.014634146341463415, 0.0, 0.00558659217877095, 0.04472843450479233, 0.1712707182320442]; mean acc:0.07038615692918201
Average Global ATTACK ALL ASR:  0.004788189133470772
Average Global ATTACK ALL train ASR:  0.005048595511865312
global benign client asr list:[0.0, 0.0, 0.0, 0.0, 0.0, 0.0, 0.0, 0.0, 0.0, 0.0, 0.0, 0.0, 0.0, 0.0, 0.0, 0.0, 0.0, 0.0, 0.0, 0.0, 0.0, 0.0, 0.0, 0.0, 0.0, 0.0, 0.0, 0.0, 0.0, 0.0, 0.0, 0.0, 0.0, 0.0, 0.0, 0.0, 0.0, 0.0, 0.0, 0.0, 0.0, 0.0, 0.0, 0.0, 0.0, 0.0, 0.0, 0.0, 0.0, 0.0, 0.0, 0.0, 0.0, 0.0, 0.0, 0.0, 0.0, 0.0, 0.0, 0.0, 0.0, 0.0, 0.0, 0.0, 0.0, 0.0, 0.0, 0.0, 0.0, 0.0, 0.0, 0.0, 0.0, 0.0, 0.0, 0.0, 0.7578947368421053, 0.0, 0.0, 0.0, 0.0, 0.0, 0.0, 0.0, 0.0, 0.0, 0.0, 0.0, 0.0, 0.0]; mean asr:0.008421052631578947
global malicious client asr list:[0.0, 0.0, 0.0, 0.0, 0.0, 0.0, 0.0, 0.0, 0.0, 0.0]; mean asr:0.0

Evaluate global model with a few step updates, which is personalized model
Average Personal Accurancy (k local SGD):  0.2815056194719691
Average Personal Trainning Accurancy (k local SGD):  0.28885972911060204
global benign client acc list:[0.22, 0.2608695652173913, 0.19072164948453607, 0.44565217391304346, 0.07258064516129033, 0.4247787610619469, 0.42, 0.44200626959247646, 0.37373737373737376, 0.3900709219858156, 0.3333333333333333, 0.15121951219512195, 0.23076923076923078, 0.17557251908396945, 0.4126984126984127, 0.11594202898550725, 0.4068965517241379, 0.3, 0.1888111888111888, 0.044444444444444446, 0.06201550387596899, 0.10434782608695652, 0.06666666666666667, 0.17164179104477612, 0.15476190476190477, 0.18446601941747573, 0.07947019867549669, 0.15384615384615385, 0.13043478260869565, 0.17272727272727273, 0.23140495867768596, 0.16901408450704225, 0.3157894736842105, 0.2283464566929134, 0.47761194029850745, 0.21739130434782608, 0.29296875, 0.30578512396694213, 0.14285714285714285, 0.1743119266055046, 0.3582089552238806, 0.2896174863387978, 0.46875, 0.2524271844660194, 0.19543973941368079, 0.09302325581395349, 0.13736263736263737, 0.292817679558011, 0.2534246575342466, 0.30612244897959184, 0.5023923444976076, 0.2129032258064516, 0.09142857142857143, 0.28703703703703703, 0.17307692307692307, 0.24705882352941178, 0.1773049645390071, 0.14074074074074075, 0.3717948717948718, 0.2676056338028169, 0.7087912087912088, 0.5490196078431373, 0.6727272727272727, 0.3448275862068966, 0.1885245901639344, 0.40336134453781514, 0.16666666666666666, 0.25, 0.17391304347826086, 0.3826086956521739, 0.1456953642384106, 0.27647058823529413, 0.1688888888888889, 0.30097087378640774, 0.3730886850152905, 0.35555555555555557, 0.18947368421052632, 0.4659090909090909, 0.2782608695652174, 0.2676056338028169, 0.4074074074074074, 0.5431654676258992, 0.30917874396135264, 0.24630541871921183, 0.42105263157894735, 0.30708661417322836, 0.5, 0.2634146341463415, 0.05555555555555555, 0.20588235294117646]; mean acc:0.2719545457875179
global malicious client acc list:[0.14736842105263157, 0.30327868852459017, 0.1518987341772152, 0.37, 0.4126984126984127, 0.35121951219512193, 0.07253886010362694, 0.2122905027932961, 0.23961661341853036, 0.39226519337016574]; mean acc:0.26531749383335906
Average Personal ATTACK ALL ASR (k local SGD):  0.009642880893795305
Average Personal ATTACK ALL Trainning ASR (k local SGD):  0.010586482218713163
person benign client asr list:[0.0, 0.0, 0.0, 0.0, 0.0, 0.0, 0.0, 0.0, 0.0, 0.0, 0.0, 0.03902439024390244, 0.0, 0.0, 0.0, 0.0, 0.0, 0.0, 0.0, 0.0, 0.0, 0.0, 0.0, 0.0, 0.0, 0.0, 0.0, 0.0, 0.0, 0.0, 0.0, 0.0, 0.0, 0.0, 0.0, 0.0, 0.0, 0.0, 0.0, 0.0, 0.0, 0.0, 0.0, 0.0, 0.06188925081433225, 0.0, 0.0, 0.0, 0.0, 0.0, 0.0, 0.0, 0.0, 0.004629629629629629, 0.0, 0.0, 0.24113475177304963, 0.0, 0.0, 0.0, 0.0, 0.0, 0.0, 0.0, 0.0, 0.0, 0.0, 0.0, 0.0, 0.0, 0.0, 0.0, 0.0, 0.0, 0.0, 0.0, 0.0, 0.0, 0.0, 0.31690140845070425, 0.0, 0.0, 0.0, 0.0, 0.0, 0.0, 0.0, 0.0, 0.0, 0.0]; mean asr:0.007373104787906869
person malicious client asr list:[0.0, 0.0, 0.0, 0.0, 0.0, 0.014634146341463415, 0.0, 0.00558659217877095, 0.0, 0.0]; mean asr:0.0020220738520234363
================================================================================
f_00044
ACC :0.29357798165137616
ASR :0.0
================================================================================
f_00096
client is malicious client!
ACC :0.5082872928176796
ASR :0.11602209944751381
================================================================================
f_00001
client is malicious client!
ACC :0.3473684210526316
ASR :0.0
================================================================================
f_00035
ACC :0.3333333333333333
ASR :0.0
================================================================================
f_00026
ACC :0.3283582089552239
ASR :0.0
================================================================================
f_00011
ACC :0.46099290780141844
ASR :0.0070921985815602835
================================================================================
f_00038
ACC :0.5024875621890548
ASR :0.0
================================================================================
f_00082
ACC :0.2996941896024465
ASR :0.4617737003058104
================================================================================
f_00087
ACC :0.5391304347826087
ASR :0.0
================================================================================
f_00003
ACC :0.36082474226804123
ASR :0.0
-------------Round number:  2  -------------
Evaluate global model
Average Global Accurancy:  0.18161867393762055
Average Global Trainning Accurancy:  0.18119342570558014

global benign client acc list:[0.22, 0.0, 0.36082474226804123, 0.07065217391304347, 0.0, 0.017699115044247787, 0.05, 0.10658307210031348, 0.3838383838383838, 0.3900709219858156, 0.004629629629629629, 0.2146341463414634, 0.02197802197802198, 0.05343511450381679, 0.12698412698412698, 0.4057971014492754, 0.041379310344827586, 0.07647058823529412, 0.0979020979020979, 0.13333333333333333, 0.3798449612403101, 0.008695652173913044, 0.05333333333333334, 0.417910447761194, 0.17857142857142858, 0.06310679611650485, 0.12582781456953643, 0.12087912087912088, 0.13043478260869565, 0.10909090909090909, 0.45454545454545453, 0.11971830985915492, 0.3157894736842105, 0.4645669291338583, 0.46766169154228854, 0.043478260869565216, 0.03515625, 0.3884297520661157, 0.047619047619047616, 0.29357798165137616, 0.34328358208955223, 0.2185792349726776, 0.0, 0.10679611650485436, 0.2247557003257329, 0.16279069767441862, 0.21428571428571427, 0.13812154696132597, 0.0821917808219178, 0.12244897959183673, 0.04784688995215311, 0.18064516129032257, 0.22857142857142856, 0.16666666666666666, 0.14903846153846154, 0.17647058823529413, 0.031914893617021274, 0.2814814814814815, 0.28846153846153844, 0.056338028169014086, 0.027472527472527472, 0.5490196078431373, 0.024242424242424242, 0.45977011494252873, 0.10655737704918032, 0.24369747899159663, 0.11764705882352941, 0.07758620689655173, 0.0, 0.008695652173913044, 0.0728476821192053, 0.058823529411764705, 0.3022222222222222, 0.3883495145631068, 0.25688073394495414, 0.25555555555555554, 0.42105263157894735, 0.3939393939393939, 0.34782608695652173, 0.09154929577464789, 0.1111111111111111, 0.08633093525179857, 0.07246376811594203, 0.20689655172413793, 0.42105263157894735, 0.30708661417322836, 0.5, 0.12195121951219512, 0.015873015873015872, 0.29411764705882354]; mean acc:0.18395285952533413
global malicious client acc list:[0.3157894736842105, 0.07377049180327869, 0.02531645569620253, 0.0, 0.4126984126984127, 0.16585365853658537, 0.09326424870466321, 0.24022346368715083, 0.16613418530351437, 0.4861878453038674]; mean acc:0.19792382354178856
Average Global ATTACK ALL ASR:  0.02766509277116446
Average Global ATTACK ALL train ASR:  0.027489268954473678
global benign client asr list:[0.0, 0.0, 0.0, 0.0, 0.0, 0.0, 0.0, 0.0, 0.0, 0.0, 0.0, 0.0, 0.0, 0.0, 0.0, 0.0, 0.0, 0.0, 0.0, 0.0, 0.0, 0.0, 0.0, 0.0, 0.0, 0.0, 0.0, 0.0, 0.0, 0.0, 0.0, 0.0, 0.0, 0.0, 0.0, 0.0, 0.0, 0.0, 0.0, 0.0, 0.0, 0.0, 0.0, 0.0, 0.0, 0.0, 0.0, 0.0, 0.0, 0.0, 0.0, 0.0, 0.0, 0.0, 0.0, 0.0, 0.0, 0.0, 0.0, 0.0, 0.0, 0.0, 0.0, 0.0, 0.0, 0.0, 0.0, 0.0, 0.0, 0.0, 0.0, 0.0, 0.05333333333333334, 0.0, 0.9969418960244648, 0.0, 0.6210526315789474, 0.0, 0.0, 0.0, 0.0, 0.0, 0.0, 0.0, 0.0, 0.0, 0.0, 0.0, 0.0, 0.0]; mean asr:0.01857030956596384
global malicious client asr list:[0.0, 0.0, 0.0, 0.0, 0.0, 0.0, 0.0, 0.0, 0.0, 0.10497237569060773]; mean asr:0.010497237569060774

Evaluate global model with a few step updates, which is personalized model
Average Personal Accurancy (k local SGD):  0.34528163862472566
Average Personal Trainning Accurancy (k local SGD):  0.358605964904477
global benign client acc list:[0.21, 0.2608695652173913, 0.37628865979381443, 0.44565217391304346, 0.3790322580645161, 0.4247787610619469, 0.32, 0.3730407523510972, 0.37373737373737376, 0.3900709219858156, 0.3333333333333333, 0.24390243902439024, 0.23076923076923078, 0.17557251908396945, 0.2777777777777778, 0.17391304347826086, 0.4896551724137931, 0.27647058823529413, 0.23076923076923078, 0.044444444444444446, 0.34108527131782945, 0.4260869565217391, 0.3333333333333333, 0.1791044776119403, 0.6190476190476191, 0.33980582524271846, 0.046357615894039736, 0.15384615384615385, 0.13043478260869565, 0.15454545454545454, 0.24793388429752067, 0.22535211267605634, 0.42105263157894735, 0.4094488188976378, 0.5024875621890548, 0.21739130434782608, 0.328125, 0.39669421487603307, 0.2619047619047619, 0.1743119266055046, 0.4253731343283582, 0.37158469945355194, 0.46875, 0.21359223300970873, 0.36156351791530944, 0.09302325581395349, 0.21978021978021978, 0.3370165745856354, 0.2671232876712329, 0.30612244897959184, 0.5023923444976076, 0.2129032258064516, 0.6228571428571429, 0.25462962962962965, 0.22596153846153846, 0.24705882352941178, 0.17375886524822695, 0.3037037037037037, 0.391025641025641, 0.31690140845070425, 0.7032967032967034, 0.5686274509803921, 0.6727272727272727, 0.5172413793103449, 0.2540983606557377, 0.20168067226890757, 0.5735294117647058, 0.21551724137931033, 0.2782608695652174, 0.43478260869565216, 0.152317880794702, 0.38823529411764707, 0.24, 0.3300970873786408, 0.44036697247706424, 0.34444444444444444, 0.3368421052631579, 0.5568181818181818, 0.3565217391304348, 0.31690140845070425, 0.4444444444444444, 0.5431654676258992, 0.30917874396135264, 0.2955665024630542, 0.42105263157894735, 0.5039370078740157, 0.5, 0.33658536585365856, 0.4126984126984127, 0.29901960784313725]; mean acc:0.33557227684897056
global malicious client acc list:[0.3157894736842105, 0.36065573770491804, 0.16033755274261605, 0.26, 0.4126984126984127, 0.48292682926829267, 0.11917098445595854, 0.329608938547486, 0.28753993610223644, 0.4419889502762431]; mean acc:0.3170716815480374
Average Personal ATTACK ALL ASR (k local SGD):  0.07701004189665492
Average Personal ATTACK ALL Trainning ASR (k local SGD):  0.07681871761225897
person benign client asr list:[0.0, 0.0, 0.0, 0.0, 1.0, 0.0, 0.0, 0.0, 0.0, 0.0, 0.0, 0.32682926829268294, 0.0, 0.0, 0.0, 0.0, 0.0, 0.023529411764705882, 0.04195804195804196, 0.0, 0.0, 0.0, 0.02666666666666667, 0.0, 0.0, 0.0, 0.0, 0.0, 0.0, 0.0, 0.10743801652892562, 0.0, 0.0, 0.0, 0.0, 0.0, 0.0, 0.0, 0.17857142857142858, 0.0, 0.9850746268656716, 0.13114754098360656, 0.0, 0.0, 0.0749185667752443, 0.0, 0.0, 0.0, 0.0, 0.0, 0.0, 0.0, 0.0, 0.0787037037037037, 0.0, 0.0, 0.41843971631205673, 0.0, 0.0, 0.0, 0.03296703296703297, 0.0, 0.0, 0.0, 0.0, 0.0, 0.8823529411764706, 0.0, 0.13043478260869565, 0.043478260869565216, 0.0, 0.16470588235294117, 0.21333333333333335, 0.009708737864077669, 0.1162079510703364, 0.011111111111111112, 0.3263157894736842, 0.0, 0.0, 1.0, 0.0, 0.0, 0.0, 0.0, 0.0, 0.0, 0.0, 0.0, 0.15873015873015872, 0.0]; mean asr:0.07202914411089047
person malicious client asr list:[0.0, 0.0, 0.0, 0.0, 0.0, 0.1951219512195122, 0.0, 0.2849162011173184, 0.0, 0.03867403314917127]; mean asr:0.05187121854860018
================================================================================
f_00095
ACC :0.5
ASR :0.0
================================================================================
f_00067
ACC :0.3591549295774648
ASR :0.0
================================================================================
f_00096
client is malicious client!
ACC :0.5911602209944752
ASR :0.24861878453038674
================================================================================
f_00071
ACC :0.6091954022988506
ASR :0.0
================================================================================
f_00001
client is malicious client!
ACC :0.4
ASR :0.0
================================================================================
f_00080
ACC :0.3466666666666667
ASR :0.8444444444444444
================================================================================
f_00099
ACC :0.47549019607843135
ASR :0.0
================================================================================
f_00045
ACC :0.582089552238806
ASR :0.29850746268656714
================================================================================
f_00052
ACC :0.46153846153846156
ASR :0.0
================================================================================
f_00027
ACC :0.6071428571428571
ASR :0.0
-------------Round number:  3  -------------
Evaluate global model
Average Global Accurancy:  0.22936756001862074
Average Global Trainning Accurancy:  0.22834330449480683

global benign client acc list:[0.23, 0.0, 0.5051546391752577, 0.043478260869565216, 0.008064516129032258, 0.017699115044247787, 0.03, 0.16614420062695925, 0.3838383838383838, 0.3900709219858156, 0.05092592592592592, 0.23414634146341465, 0.03296703296703297, 0.0916030534351145, 0.09523809523809523, 0.4057971014492754, 0.04827586206896552, 0.058823529411764705, 0.16783216783216784, 0.13333333333333333, 0.2713178294573643, 0.05217391304347826, 0.06666666666666667, 0.40298507462686567, 0.6190476190476191, 0.09223300970873786, 0.11258278145695365, 0.13186813186813187, 0.13043478260869565, 0.10909090909090909, 0.4628099173553719, 0.176056338028169, 0.3157894736842105, 0.6062992125984252, 0.5223880597014925, 0.043478260869565216, 0.12890625, 0.39669421487603307, 0.047619047619047616, 0.29357798165137616, 0.6716417910447762, 0.12568306010928962, 0.0, 0.11650485436893204, 0.36482084690553745, 0.16279069767441862, 0.4175824175824176, 0.20441988950276244, 0.0821917808219178, 0.27040816326530615, 0.05263157894736842, 0.15483870967741936, 0.38857142857142857, 0.2962962962962963, 0.1971153846153846, 0.16470588235294117, 0.16312056737588654, 0.31851851851851853, 0.2948717948717949, 0.31690140845070425, 0.23076923076923078, 0.5490196078431373, 0.024242424242424242, 0.5287356321839081, 0.10655737704918032, 0.226890756302521, 0.04411764705882353, 0.07758620689655173, 0.017391304347826087, 0.017391304347826087, 0.052980132450331126, 0.18823529411764706, 0.4577777777777778, 0.34951456310679613, 0.3363914373088685, 0.25555555555555554, 0.30526315789473685, 0.3333333333333333, 0.3652173913043478, 0.16901408450704225, 0.2654320987654321, 0.381294964028777, 0.057971014492753624, 0.3497536945812808, 0.42105263157894735, 0.28346456692913385, 0.5106382978723404, 0.17560975609756097, 0.007936507936507936, 0.44607843137254904]; mean acc:0.22638048008621905
global malicious client acc list:[0.35789473684210527, 0.07377049180327869, 0.12236286919831224, 0.0, 0.4126984126984127, 0.05853658536585366, 0.03626943005181347, 0.12290502793296089, 0.17891373801916932, 0.5966850828729282]; mean acc:0.19600363747848343
Average Global ATTACK ALL ASR:  0.03557890536676199
Average Global ATTACK ALL train ASR:  0.03689700420345617
global benign client asr list:[0.0, 0.0, 0.0, 0.0, 0.0, 0.0, 0.0, 0.0, 0.0, 0.0, 0.0, 0.0, 0.0, 0.0, 0.0, 0.0, 0.0, 0.0, 0.0, 0.0, 0.0, 0.0, 0.0, 0.0, 0.0, 0.0, 0.0, 0.0, 0.0, 0.0, 0.0, 0.0, 0.0, 0.0, 0.0, 0.0, 0.0, 0.0, 0.0, 0.0, 0.47761194029850745, 0.0, 0.0, 0.0, 0.0, 0.0, 0.0, 0.0, 0.0, 0.0, 0.0, 0.0, 0.0, 0.0, 0.0, 0.0, 0.0, 0.0, 0.0, 0.0, 0.0, 0.0, 0.0, 0.0, 0.0, 0.0, 0.0, 0.0, 0.0, 0.0, 0.0, 0.0, 0.4711111111111111, 0.0, 0.8654434250764526, 0.0, 0.3157894736842105, 0.0, 0.0, 0.0, 0.0, 0.0, 0.0, 0.0, 0.0, 0.0, 0.010638297872340425, 0.0, 0.0, 0.0]; mean asr:0.023784380533806913
global malicious client asr list:[0.0, 0.0, 0.0, 0.0, 0.0, 0.0, 0.0, 0.0, 0.0, 0.281767955801105]; mean asr:0.0281767955801105

Evaluate global model with a few step updates, which is personalized model
Average Personal Accurancy (k local SGD):  0.3559220589213274
Average Personal Trainning Accurancy (k local SGD):  0.36536707959878123
global benign client acc list:[0.22, 0.2608695652173913, 0.4381443298969072, 0.29891304347826086, 0.31451612903225806, 0.4247787610619469, 0.31, 0.4482758620689655, 0.37373737373737376, 0.3900709219858156, 0.3333333333333333, 0.25853658536585367, 0.23076923076923078, 0.16030534351145037, 0.25396825396825395, 0.2608695652173913, 0.3448275862068966, 0.3, 0.2517482517482518, 0.044444444444444446, 0.3178294573643411, 0.23478260869565218, 0.32, 0.44029850746268656, 0.5238095238095238, 0.4029126213592233, 0.06622516556291391, 0.14285714285714285, 0.13043478260869565, 0.22727272727272727, 0.38016528925619836, 0.21830985915492956, 0.3508771929824561, 0.48031496062992124, 0.5074626865671642, 0.21739130434782608, 0.4296875, 0.3305785123966942, 0.20238095238095238, 0.1743119266055046, 0.6567164179104478, 0.45901639344262296, 0.46875, 0.17475728155339806, 0.34527687296416937, 0.09302325581395349, 0.21978021978021978, 0.39226519337016574, 0.2328767123287671, 0.27040816326530615, 0.507177033492823, 0.2129032258064516, 0.25142857142857145, 0.11574074074074074, 0.33653846153846156, 0.25882352941176473, 0.18439716312056736, 0.4, 0.4230769230769231, 0.352112676056338, 0.7197802197802198, 0.6209150326797386, 0.6727272727272727, 0.4942528735632184, 0.30327868852459017, 0.20168067226890757, 0.4411764705882353, 0.3103448275862069, 0.30434782608695654, 0.28695652173913044, 0.17218543046357615, 0.4647058823529412, 0.3511111111111111, 0.34951456310679613, 0.41896024464831805, 0.34444444444444444, 0.3473684210526316, 0.5416666666666666, 0.3565217391304348, 0.3873239436619718, 0.5, 0.5431654676258992, 0.3188405797101449, 0.39408866995073893, 0.42105263157894735, 0.33070866141732286, 0.5106382978723404, 0.2926829268292683, 0.4444444444444444, 0.47549019607843135]; mean acc:0.3410161651683464
global malicious client acc list:[0.3157894736842105, 0.32786885245901637, 0.18565400843881857, 0.37, 0.4126984126984127, 0.526829268292683, 0.23834196891191708, 0.3687150837988827, 0.33226837060702874, 0.36464088397790057]; mean acc:0.34428063228688705
Average Personal ATTACK ALL ASR (k local SGD):  0.0778745760457538
Average Personal ATTACK ALL Trainning ASR (k local SGD):  0.07784178101994974
person benign client asr list:[0.0, 0.0, 0.0, 0.0, 0.3870967741935484, 0.0, 0.0, 0.0, 0.0, 0.0, 0.0, 0.48292682926829267, 0.0, 0.0, 0.0, 0.0, 0.0, 0.011764705882352941, 0.14685314685314685, 0.0, 0.0, 0.12173913043478261, 0.02666666666666667, 0.0, 0.0, 0.0, 0.0, 0.0, 0.0, 0.0, 0.03305785123966942, 0.0, 0.0, 0.015748031496062992, 0.0, 0.0, 0.01171875, 0.0, 0.11904761904761904, 0.0, 0.5373134328358209, 0.22404371584699453, 0.0, 0.0, 0.06840390879478828, 0.0, 0.0, 0.0, 0.0, 0.0, 0.0, 0.0, 0.0, 0.125, 0.0, 0.0, 0.5567375886524822, 0.0, 0.0, 0.0, 0.03296703296703297, 0.0, 0.0, 0.0, 0.0, 0.0, 0.27941176470588236, 0.09482758620689655, 0.1565217391304348, 0.8260869565217391, 0.0, 0.2529411764705882, 0.21333333333333335, 0.02912621359223301, 0.0, 0.011111111111111112, 0.15789473684210525, 0.0, 0.0, 0.7323943661971831, 0.0, 0.0, 0.0, 0.0, 0.0, 0.0, 0.010638297872340425, 0.00975609756097561, 0.20634920634920634, 0.0]; mean asr:0.06534975300081433
person malicious client asr list:[0.0, 0.0, 0.0, 0.0, 0.0, 0.3804878048780488, 0.0, 0.5307262569832403, 0.0, 0.24861878453038674]; mean asr:0.11598328463916759
================================================================================
f_00040
ACC :0.3828125
ASR :0.05859375
================================================================================
f_00010
ACC :0.4444444444444444
ASR :0.10101010101010101
================================================================================
f_00096
client is malicious client!
ACC :0.6132596685082873
ASR :0.3701657458563536
================================================================================
f_00066
ACC :0.41025641025641024
ASR :0.0
================================================================================
f_00089
ACC :0.43209876543209874
ASR :0.0
================================================================================
f_00032
ACC :0.4727272727272727
ASR :0.0
================================================================================
f_00095
ACC :0.5425531914893617
ASR :0.010638297872340425
================================================================================
f_00055
ACC :0.27040816326530615
ASR :0.0
================================================================================
f_00025
ACC :0.6133333333333333
ASR :0.48
================================================================================
f_00005
ACC :0.4112903225806452
ASR :0.7741935483870968
-------------Round number:  4  -------------
Evaluate global model
Average Global Accurancy:  0.26860410986233957
Average Global Trainning Accurancy:  0.270333385227854

global benign client acc list:[0.25, 0.0, 0.4690721649484536, 0.11956521739130435, 0.4435483870967742, 0.04424778761061947, 0.04, 0.20376175548589343, 0.43434343434343436, 0.5177304964539007, 0.11574074074074074, 0.3024390243902439, 0.06593406593406594, 0.13740458015267176, 0.15079365079365079, 0.4057971014492754, 0.06206896551724138, 0.07647058823529412, 0.1258741258741259, 0.13333333333333333, 0.3023255813953488, 0.02608695652173913, 0.5466666666666666, 0.43283582089552236, 0.6190476190476191, 0.1262135922330097, 0.15894039735099338, 0.10989010989010989, 0.13043478260869565, 0.4, 0.47107438016528924, 0.13380281690140844, 0.3333333333333333, 0.5984251968503937, 0.5323383084577115, 0.043478260869565216, 0.40625, 0.34710743801652894, 0.047619047619047616, 0.29357798165137616, 0.6567164179104478, 0.2185792349726776, 0.0, 0.1262135922330097, 0.40716612377850164, 0.1744186046511628, 0.43956043956043955, 0.20441988950276244, 0.18493150684931506, 0.42857142857142855, 0.0861244019138756, 0.27741935483870966, 0.24, 0.2824074074074074, 0.21634615384615385, 0.17647058823529413, 0.24113475177304963, 0.28888888888888886, 0.5192307692307693, 0.4154929577464789, 0.02197802197802198, 0.5490196078431373, 0.030303030303030304, 0.6091954022988506, 0.19672131147540983, 0.226890756302521, 0.11764705882352941, 0.07758620689655173, 0.05217391304347826, 0.008695652173913044, 0.1390728476821192, 0.09411764705882353, 0.49333333333333335, 0.4368932038834951, 0.3669724770642202, 0.23333333333333334, 0.3157894736842105, 0.3333333333333333, 0.4434782608695652, 0.1267605633802817, 0.4691358024691358, 0.3920863309352518, 0.07246376811594203, 0.2561576354679803, 0.42105263157894735, 0.2283464566929134, 0.5638297872340425, 0.25853658536585367, 0.047619047619047616, 0.4950980392156863]; mean acc:0.2646587526843524
global malicious client acc list:[0.3473684210526316, 0.11475409836065574, 0.08438818565400844, 0.05, 0.4126984126984127, 0.14634146341463414, 0.08290155440414508, 0.25139664804469275, 0.21725239616613418, 0.6243093922651933]; mean acc:0.23314105720605077
Average Global ATTACK ALL ASR:  0.039303052470572586
Average Global ATTACK ALL train ASR:  0.04021084002401975
global benign client asr list:[0.0, 0.0, 0.0, 0.0, 0.5564516129032258, 0.0, 0.0, 0.0, 0.0707070707070707, 0.0, 0.0, 0.0, 0.0, 0.0, 0.0, 0.0, 0.0, 0.0, 0.0, 0.0, 0.0, 0.0, 0.36, 0.0, 0.0, 0.0, 0.0, 0.0, 0.0, 0.0, 0.0, 0.0, 0.0, 0.0, 0.0, 0.0, 0.0078125, 0.0, 0.0, 0.0, 0.4253731343283582, 0.0, 0.0, 0.0, 0.0, 0.0, 0.0, 0.0, 0.0, 0.0, 0.0, 0.0, 0.0, 0.0, 0.0, 0.0, 0.0, 0.0, 0.0, 0.014084507042253521, 0.0, 0.0, 0.0, 0.0, 0.0, 0.0, 0.0, 0.0, 0.0, 0.0, 0.0, 0.0, 0.4622222222222222, 0.019417475728155338, 0.654434250764526, 0.0, 0.3263157894736842, 0.0, 0.0, 0.0, 0.0, 0.0, 0.0, 0.0, 0.0, 0.0, 0.0425531914893617, 0.0, 0.0, 0.0]; mean asr:0.03265968616287619
global malicious client asr list:[0.010526315789473684, 0.0, 0.0, 0.0, 0.0, 0.0, 0.0, 0.0, 0.0, 0.39226519337016574]; mean asr:0.04027915091596394

Evaluate global model with a few step updates, which is personalized model
