================================================================================
Summary of training process:
Algorithm: PFLALP
Attack method:attackall
Defense method:none
Attack goal:attackall
Start attack iteration:30
Batch size: 64
Learing rate       : 0.1
Average Moving       : 1.0
Subset of users      : 10
Number of global rounds       : 0
Number of local rounds       : 10
Dataset       : Cifar10
Local Model       : resnet
ResNet Pretrained : 0
PFL-ALP-full purify_beta=1500.0 purify_rounds=1 cluster_max_k=4
Per_local epoch:1
one shot:0
scale rate:0
================================================================================
['f_00007', 'f_00001', 'f_00062', 'f_00020', 'f_00096', 'f_00085', 'f_00051', 'f_00043', 'f_00037', 'f_00058']
---------------Running time:------------ 0
Loaded cached CIFAR10 Dirichlet split from data/Cifar10/dirichlet_a0.5_u100_v1.pkl
Number of users / total users: 10  /  100
Finished creating PFL-ALP-full server.
-------------Round number:  0  -------------
Evaluate global model
Average Global Accurancy:  0.09942142714637228
Average Global Trainning Accurancy:  0.10019349242710673

global benign client acc list:[0.42, 0.043478260869565216, 0.36082474226804123, 0.010869565217391304, 0.024193548387096774, 0.0, 0.34, 0.10344827586206896, 0.010101010101010102, 0.02127659574468085, 0.27314814814814814, 0.16585365853658537, 0.23076923076923078, 0.17557251908396945, 0.09523809523809523, 0.0, 0.47586206896551725, 0.29411764705882354, 0.13986013986013987, 0.022222222222222223, 0.007751937984496124, 0.4260869565217391, 0.013333333333333334, 0.0, 0.0, 0.06310679611650485, 0.41721854304635764, 0.15384615384615385, 0.10869565217391304, 0.06363636363636363, 0.0, 0.04929577464788732, 0.15789473684210525, 0.10236220472440945, 0.10945273631840796, 0.021739130434782608, 0.18359375, 0.0, 0.14285714285714285, 0.01834862385321101, 0.029850746268656716, 0.00546448087431694, 0.041666666666666664, 0.2524271844660194, 0.25732899022801303, 0.05813953488372093, 0.3626373626373626, 0.0, 0.0, 0.0, 0.028708133971291867, 0.0, 0.0, 0.0, 0.30288461538461536, 0.09411764705882353, 0.0425531914893617, 0.022222222222222223, 0.057692307692307696, 0.176056338028169, 0.0, 0.0457516339869281, 0.012121212121212121, 0.005747126436781609, 0.0, 0.008403361344537815, 0.07352941176470588, 0.0, 0.0, 0.008695652173913044, 0.0, 0.11764705882352941, 0.29777777777777775, 0.1262135922330097, 0.0, 0.17777777777777778, 0.05263157894736842, 0.01893939393939394, 0.043478260869565216, 0.14084507042253522, 0.0, 0.017985611510791366, 0.01932367149758454, 0.0, 0.039473684210526314, 0.0, 0.09574468085106383, 0.06829268292682927, 0.007936507936507936, 0.35294117647058826]; mean acc:0.09676735456182077
global malicious client acc list:[0.15789473684210525, 0.22131147540983606, 0.0, 0.01, 0.0, 0.07804878048780488, 0.05181347150259067, 0.27932960893854747, 0.07667731629392971, 0.06077348066298342]; mean acc:0.09358488701377975
Average Global ATTACK ALL ASR:  0.0
Average Global ATTACK ALL train ASR:  0.0
global benign client asr list:[0.0, 0.0, 0.0, 0.0, 0.0, 0.0, 0.0, 0.0, 0.0, 0.0, 0.0, 0.0, 0.0, 0.0, 0.0, 0.0, 0.0, 0.0, 0.0, 0.0, 0.0, 0.0, 0.0, 0.0, 0.0, 0.0, 0.0, 0.0, 0.0, 0.0, 0.0, 0.0, 0.0, 0.0, 0.0, 0.0, 0.0, 0.0, 0.0, 0.0, 0.0, 0.0, 0.0, 0.0, 0.0, 0.0, 0.0, 0.0, 0.0, 0.0, 0.0, 0.0, 0.0, 0.0, 0.0, 0.0, 0.0, 0.0, 0.0, 0.0, 0.0, 0.0, 0.0, 0.0, 0.0, 0.0, 0.0, 0.0, 0.0, 0.0, 0.0, 0.0, 0.0, 0.0, 0.0, 0.0, 0.0, 0.0, 0.0, 0.0, 0.0, 0.0, 0.0, 0.0, 0.0, 0.0, 0.0, 0.0, 0.0, 0.0]; mean asr:0.0
global malicious client asr list:[0.0, 0.0, 0.0, 0.0, 0.0, 0.0, 0.0, 0.0, 0.0, 0.0]; mean asr:0.0

Evaluate global model with a few step updates, which is personalized model
Average Personal Accurancy (k local SGD):  0.26301788920662367
Average Personal Trainning Accurancy (k local SGD):  0.2696439294531059
global benign client acc list:[0.22, 0.2608695652173913, 0.36082474226804123, 0.07065217391304347, 0.07258064516129033, 0.4247787610619469, 0.21, 0.438871473354232, 0.37373737373737376, 0.3404255319148936, 0.3333333333333333, 0.17560975609756097, 0.23076923076923078, 0.17557251908396945, 0.4126984126984127, 0.4057971014492754, 0.47586206896551725, 0.14705882352941177, 0.1888111888111888, 0.044444444444444446, 0.35658914728682173, 0.043478260869565216, 0.44, 0.17164179104477612, 0.6190476190476191, 0.18446601941747573, 0.0728476821192053, 0.15384615384615385, 0.10869565217391304, 0.07272727272727272, 0.06611570247933884, 0.16901408450704225, 0.15789473684210525, 0.2125984251968504, 0.15422885572139303, 0.21739130434782608, 0.29296875, 0.30578512396694213, 0.17857142857142858, 0.1743119266055046, 0.41044776119402987, 0.37158469945355194, 0.46875, 0.24271844660194175, 0.25732899022801303, 0.38372093023255816, 0.17582417582417584, 0.26519337016574585, 0.2671232876712329, 0.30612244897959184, 0.07655502392344497, 0.2129032258064516, 0.4857142857142857, 0.28703703703703703, 0.17307692307692307, 0.24705882352941178, 0.11347517730496454, 0.2814814814814815, 0.3717948717948718, 0.2676056338028169, 0.7087912087912088, 0.16993464052287582, 0.6727272727272727, 0.3045977011494253, 0.1885245901639344, 0.19327731092436976, 0.19607843137254902, 0.3017241379310345, 0.06956521739130435, 0.2608695652173913, 0.059602649006622516, 0.27647058823529413, 0.07555555555555556, 0.30097087378640774, 0.3730886850152905, 0.25555555555555554, 0.14736842105263157, 0.3106060606060606, 0.2782608695652174, 0.31690140845070425, 0.4074074074074074, 0.5431654676258992, 0.30917874396135264, 0.2857142857142857, 0.42105263157894735, 0.30708661417322836, 0.5, 0.1073170731707317, 0.46825396825396826, 0.19117647058823528]; mean acc:0.26868063424332317
global malicious client acc list:[0.10526315789473684, 0.16393442622950818, 0.1518987341772152, 0.27, 0.4126984126984127, 0.28780487804878047, 0.09844559585492228, 0.20670391061452514, 0.2364217252396166, 0.04419889502762431]; mean acc:0.19773697357853418
Average Personal ATTACK ALL ASR (k local SGD):  0.12110128350069828
Average Personal ATTACK ALL Trainning ASR (k local SGD):  0.12178902653292707
person benign client asr list:[0.0, 0.0, 0.0, 0.021739130434782608, 0.0, 0.0, 0.0, 0.0, 0.0, 0.0, 0.0, 1.0, 0.0, 0.0, 0.0, 0.0, 0.0, 0.0, 0.0, 0.0, 0.0, 1.0, 1.0, 0.0, 0.0, 0.0, 0.0, 0.0, 0.0, 0.0, 1.0, 0.0, 0.0, 0.0, 0.0, 0.0, 0.0, 0.0, 0.03571428571428571, 0.0, 1.0, 1.0, 0.0, 0.0, 0.0, 0.0, 0.0, 0.0, 0.0, 0.0, 0.0, 0.0, 0.0, 0.0, 0.0, 0.0, 0.8652482269503546, 0.0, 0.0, 0.0, 0.0, 0.0, 0.0, 0.0, 0.0, 0.0, 0.16176470588235295, 1.0, 0.0, 1.0, 0.0, 0.0, 0.0, 0.0, 0.0, 0.0, 0.0, 0.0, 0.0, 1.0, 0.0, 0.0, 0.0, 0.0, 0.0, 0.0, 0.0, 0.0, 1.0, 0.0]; mean asr:0.12316073721090862
person malicious client asr list:[0.0, 0.0, 0.0, 0.0, 0.0, 1.0, 0.0, 0.0, 0.0, 0.0]; mean asr:0.1
================================================================================
f_00080
ACC :0.3422222222222222
ASR :0.37777777777777777
================================================================================
f_00084
ACC :0.25263157894736843
ASR :0.29473684210526313
================================================================================
f_00033
ACC :0.3140495867768595
ASR :0.0
================================================================================
f_00081
ACC :0.30097087378640774
ASR :0.0
================================================================================
f_00093
ACC :0.47368421052631576
ASR :0.0
================================================================================
f_00017
ACC :0.14492753623188406
ASR :0.0
================================================================================
f_00036
ACC :0.2677165354330709
ASR :0.0
================================================================================
f_00082
ACC :0.3394495412844037
ASR :0.6207951070336392
================================================================================
f_00069
ACC :0.5490196078431373
ASR :0.0
================================================================================
f_00065
ACC :0.2814814814814815
ASR :0.0
[PFL-ALP-full] cluster labels: [0, 1, 0, 1, 1, 0, 1, 0, 1, 0]
tensor([[[0., 0., 0.,  ..., 0., 0., 0.],
         [0., 0., 0.,  ..., 0., 0., 0.],
         [0., 0., 0.,  ..., 0., 0., 0.],
         ...,
         [0., 0., 0.,  ..., 0., 0., 0.],
         [0., 0., 0.,  ..., 0., 0., 0.],
         [0., 0., 0.,  ..., 0., 0., 0.]],

        [[0., 0., 0.,  ..., 0., 0., 0.],
         [0., 0., 0.,  ..., 0., 0., 0.],
         [0., 0., 0.,  ..., 0., 0., 0.],
         ...,
         [0., 0., 0.,  ..., 0., 0., 0.],
         [0., 0., 0.,  ..., 0., 0., 0.],
         [0., 0., 0.,  ..., 0., 0., 0.]],

        [[0., 0., 0.,  ..., 0., 0., 0.],
         [0., 0., 0.,  ..., 0., 0., 0.],
         [0., 0., 0.,  ..., 0., 0., 0.],
         ...,
         [0., 0., 0.,  ..., 0., 0., 0.],
         [0., 0., 0.,  ..., 0., 0., 0.],
         [0., 0., 0.,  ..., 0., 0., 0.]]], device='cuda:0')
Evaluate the final global model
Average Global Accurancy:  0.1246259227239476
Average Global Trainning Accurancy:  0.12821653359428864

global benign client acc list:[0.27, 0.043478260869565216, 0.20618556701030927, 0.02717391304347826, 0.0, 0.008849557522123894, 0.04, 0.07210031347962383, 0.37373737373737376, 0.0070921985815602835, 0.027777777777777776, 0.12682926829268293, 0.0, 0.022900763358778626, 0.07936507936507936, 0.11594202898550725, 0.0, 0.03529411764705882, 0.04195804195804196, 0.1111111111111111, 0.3488372093023256, 0.034782608695652174, 0.08, 0.373134328358209, 0.15476190476190477, 0.03398058252427184, 0.06622516556291391, 0.12087912087912088, 0.10869565217391304, 0.00909090909090909, 0.256198347107438, 0.014084507042253521, 0.07017543859649122, 0.4645669291338583, 0.16417910447761194, 0.021739130434782608, 0.14453125, 0.39669421487603307, 0.05952380952380952, 0.045871559633027525, 0.3582089552238806, 0.07103825136612021, 0.020833333333333332, 0.13592233009708737, 0.16612377850162866, 0.12790697674418605, 0.10989010989010989, 0.0, 0.0273972602739726, 0.07653061224489796, 0.06220095693779904, 0.1032258064516129, 0.005714285714285714, 0.2777777777777778, 0.04326923076923077, 0.1411764705882353, 0.2127659574468085, 0.2814814814814815, 0.1282051282051282, 0.007042253521126761, 0.01098901098901099, 0.5490196078431373, 0.012121212121212121, 0.1896551724137931, 0.00819672131147541, 0.19327731092436976, 0.04411764705882353, 0.07758620689655173, 0.0, 0.0, 0.019867549668874173, 0.052941176470588235, 0.2088888888888889, 0.30097087378640774, 0.3730886850152905, 0.26666666666666666, 0.3684210526315789, 0.007575757575757576, 0.043478260869565216, 0.09154929577464789, 0.006172839506172839, 0.42805755395683454, 0.014492753623188406, 0.08866995073891626, 0.42105263157894735, 0.2992125984251969, 0.48936170212765956, 0.2634146341463415, 0.0, 0.06372549019607843]; mean acc:0.13141143725210308
global malicious client acc list:[0.15789473684210525, 0.00819672131147541, 0.10126582278481013, 0.0, 0.1746031746031746, 0.01951219512195122, 0.0, 0.0223463687150838, 0.03514376996805112, 0.17679558011049723]; mean acc:0.06957583694571487
Average Global ATTACK ALL ASR:  0.00272660770100419
Average Global ATTACK ALL train ASR:  0.0022907724128728066
global benign client asr list:[0.0, 0.0, 0.0, 0.0, 0.0, 0.0, 0.0, 0.0, 0.0, 0.0, 0.0, 0.0, 0.0, 0.0, 0.0, 0.0, 0.0, 0.0, 0.0, 0.0, 0.0, 0.0, 0.0, 0.0, 0.0, 0.0, 0.0, 0.0, 0.0, 0.0, 0.0, 0.0, 0.0, 0.0, 0.0, 0.0, 0.0, 0.0, 0.0, 0.0, 0.0, 0.0, 0.0, 0.0, 0.0, 0.0, 0.0, 0.0, 0.0, 0.0, 0.0, 0.0, 0.0, 0.0, 0.0, 0.0, 0.0, 0.0, 0.0, 0.0, 0.0, 0.0, 0.0, 0.0, 0.0, 0.0, 0.0, 0.0, 0.0, 0.0, 0.0, 0.0, 0.0, 0.0, 0.0, 0.0, 0.43157894736842106, 0.0, 0.0, 0.0, 0.0, 0.0, 0.0, 0.0, 0.0, 0.0, 0.0, 0.0, 0.0, 0.0]; mean asr:0.0047953216374269
global malicious client asr list:[0.0, 0.0, 0.0, 0.0, 0.0, 0.0, 0.0, 0.0, 0.0, 0.0]; mean asr:0.0

Evaluate the final global model with a few step update, which is personalized model
Average Personal Accurancy (k local SGD):  0.27758196448759725
Average Personal Trainning Accurancy (k local SGD):  0.28356648800124545
global benign client acc list:[0.22, 0.2608695652173913, 0.1958762886597938, 0.44565217391304346, 0.07258064516129033, 0.4247787610619469, 0.42, 0.44200626959247646, 0.37373737373737376, 0.3900709219858156, 0.3333333333333333, 0.15121951219512195, 0.23076923076923078, 0.17557251908396945, 0.4126984126984127, 0.11594202898550725, 0.3586206896551724, 0.3, 0.1888111888111888, 0.044444444444444446, 0.06201550387596899, 0.10434782608695652, 0.06666666666666667, 0.17164179104477612, 0.15476190476190477, 0.18446601941747573, 0.07947019867549669, 0.15384615384615385, 0.13043478260869565, 0.17272727272727273, 0.2396694214876033, 0.16901408450704225, 0.3157894736842105, 0.2204724409448819, 0.4925373134328358, 0.21739130434782608, 0.29296875, 0.30578512396694213, 0.14285714285714285, 0.1743119266055046, 0.3582089552238806, 0.2896174863387978, 0.46875, 0.2524271844660194, 0.2964169381107492, 0.09302325581395349, 0.13736263736263737, 0.292817679558011, 0.2671232876712329, 0.2653061224489796, 0.07655502392344497, 0.2129032258064516, 0.09142857142857143, 0.28703703703703703, 0.17307692307692307, 0.24705882352941178, 0.17375886524822695, 0.14814814814814814, 0.3717948717948718, 0.2676056338028169, 0.7087912087912088, 0.5490196078431373, 0.6727272727272727, 0.3275862068965517, 0.1885245901639344, 0.40336134453781514, 0.1568627450980392, 0.25, 0.17391304347826086, 0.3826086956521739, 0.1390728476821192, 0.27647058823529413, 0.17333333333333334, 0.30097087378640774, 0.3730886850152905, 0.25555555555555554, 0.17894736842105263, 0.5037878787878788, 0.2782608695652174, 0.22535211267605634, 0.4074074074074074, 0.5431654676258992, 0.30917874396135264, 0.29064039408866993, 0.42105263157894735, 0.30708661417322836, 0.5, 0.2634146341463415, 0.05555555555555555, 0.20588235294117646]; mean acc:0.26666886401518014
global malicious client acc list:[0.16842105263157894, 0.26229508196721313, 0.15611814345991562, 0.37, 0.4126984126984127, 0.37073170731707317, 0.05699481865284974, 0.21787709497206703, 0.2715654952076677, 0.39226519337016574]; mean acc:0.2678967000276944
Average Personal ATTACK ALL ASR (k local SGD):  0.00824632572986633
Average Personal ATTACK ALL Trainning ASR (k local SGD):  0.009941507461690724
person benign client asr list:[0.0, 0.0, 0.0, 0.0, 0.0, 0.0, 0.0, 0.0, 0.0, 0.0, 0.0, 0.04878048780487805, 0.0, 0.0, 0.0, 0.0, 0.0, 0.0, 0.0, 0.0, 0.0, 0.0, 0.0, 0.0, 0.0, 0.0, 0.0, 0.0, 0.0, 0.0, 0.0, 0.0, 0.0, 0.0, 0.0, 0.0, 0.0, 0.0, 0.0, 0.0, 0.0, 0.0, 0.0, 0.0, 0.006514657980456026, 0.0, 0.0, 0.0, 0.0, 0.0, 0.0, 0.0, 0.0, 0.004629629629629629, 0.0, 0.0, 0.2553191489361702, 0.0, 0.0, 0.0, 0.0, 0.0, 0.0, 0.0, 0.0, 0.0, 0.0, 0.0, 0.0, 0.0, 0.0, 0.0, 0.0044444444444444444, 0.0, 0.0, 0.0, 0.0, 0.0, 0.0, 0.21830985915492956, 0.0, 0.0, 0.0, 0.0, 0.0, 0.0, 0.0, 0.0, 0.0, 0.0]; mean asr:0.0059777580883389764
person malicious client asr list:[0.0, 0.0, 0.0, 0.0, 0.0, 0.02926829268292683, 0.0, 0.00558659217877095, 0.0, 0.0]; mean asr:0.0034854884861697777

Evaluate saved personalized models for PFL-ALP inference
Average Personal Accurancy:  0.10434262153355058
Average Personal Trainning Accurancy:  0.10695460712141094
saved personalized benign client acc list:[0.22, 0.0, 0.19072164948453607, 0.02717391304347826, 0.0, 0.008849557522123894, 0.01, 0.05956112852664577, 0.37373737373737376, 0.0, 0.013888888888888888, 0.12682926829268293, 0.0, 0.015267175572519083, 0.07936507936507936, 0.4057971014492754, 0.0, 0.011764705882352941, 0.03496503496503497, 0.13333333333333333, 0.35658914728682173, 0.0, 0.06666666666666667, 0.3805970149253731, 0.15476190476190477, 0.02912621359223301, 0.059602649006622516, 0.10989010989010989, 0.13043478260869565, 0.00909090909090909, 0.30578512396694213, 0.014084507042253521, 0.0, 0.047244094488188976, 0.15422885572139303, 0.043478260869565216, 0.140625, 0.39669421487603307, 0.047619047619047616, 0.045871559633027525, 0.3582089552238806, 0.07103825136612021, 0.010416666666666666, 0.0970873786407767, 0.1270358306188925, 0.12790697674418605, 0.07142857142857142, 0.0, 0.0273972602739726, 0.07653061224489796, 0.06698564593301436, 0.1032258064516129, 0.005714285714285714, 0.28703703703703703, 0.03365384615384615, 0.16470588235294117, 0.2127659574468085, 0.022222222222222223, 0.1346153846153846, 0.007042253521126761, 0.01098901098901099, 0.026143790849673203, 0.006060606060606061, 0.1896551724137931, 0.00819672131147541, 0.19327731092436976, 0.049019607843137254, 0.07758620689655173, 0.0, 0.0, 0.019867549668874173, 0.052941176470588235, 0.25333333333333335, 0.038834951456310676, 0.09785932721712538, 0.25555555555555554, 0.14736842105263157, 0.011363636363636364, 0.034782608695652174, 0.08450704225352113, 0.006172839506172839, 0.5431654676258992, 0.01932367149758454, 0.08866995073891626, 0.27631578947368424, 0.30708661417322836, 0.5, 0.2634146341463415, 0.0, 0.0196078431372549]; mean acc:0.10877513262689205
saved personalized malicious client acc list:[0.14736842105263157, 0.0, 0.12236286919831224, 0.0, 0.4126984126984127, 0.00975609756097561, 0.0, 0.0, 0.025559105431309903, 0.17679558011049723]; mean acc:0.08945404860521391
Average Personal ATTACK ALL ASR (saved personalized model):  0.014963091042096163
Average Personal Trainning ATTACK ALL ASR (saved personalized model):  0.014990102973556034
saved personalized benign client asr list:[0.0, 0.0, 0.0, 0.0, 0.0, 0.0, 0.0, 0.0, 0.0, 0.0, 0.0, 0.0, 0.0, 0.0, 0.0, 0.0, 0.0, 0.0, 0.0, 0.0, 0.0, 0.0, 0.0, 0.0, 0.0, 0.0, 0.0, 0.0, 0.0, 0.0, 0.0, 0.0, 0.0, 0.0, 0.0, 0.0, 0.0, 0.0, 0.0, 0.0, 0.0, 0.0, 0.0, 0.0, 0.0, 0.0, 0.0, 0.0, 0.0, 0.0, 0.0, 0.0, 0.0, 0.0, 0.0, 0.0, 0.0, 0.0, 0.0, 0.0, 0.0, 0.0, 0.0, 0.0, 0.0, 0.0, 0.0, 0.0, 0.0, 0.0, 0.0, 0.0, 1.0, 0.0, 0.0, 0.0, 0.0, 0.0, 0.0, 0.0, 0.0, 0.0, 0.0, 0.0, 0.0, 0.0, 0.0, 0.0, 0.0, 0.0]; mean asr:0.011111111111111112
saved personalized malicious client asr list:[0.0, 0.0, 0.0, 0.0, 0.0, 0.0, 0.0, 0.0, 0.0, 0.0]; mean asr:0.0
