==================================================
goal = formal_static_badnet_fedrep
device = cuda
join_ratio = 0.1
device_id = 0
dataset = Cifar10_dir0.5_bdoor0.2_nclient_100_badnet_adv10
num_classes = 10
model = ResNet18
batch_size = 64
local_learning_rate = 0.1
learning_rate_decay = False
learning_rate_decay_gamma = 0.99
global_rounds = 600
top_cnt = 100
local_epochs = 1
algorithm = FedRep
num_clients = 100
eval_gap = 1
save_folder_name = items
auto_break = False
batch_num_per_client = 2
feature_dim = 512
vocab_size = 32000
max_len = 200
client_drop_rate = 0.0
time_select = False
time_threthold = 10000
send_slow_rate = 0.0
beta = 0.0
lamda = 1.0
mu = 0.0
K = 5
p_learning_rate = 0.01
M = 5
itk = 4000
alphaK = 1.0
sigma = 1.0
alpha = 1.0
plocal_epochs = 1
lr_head = 0.1
tau = 1.0
fine_tuning_epochs = 10
dr_learning_rate = 0.0
L = 1.0
noise_dim = 512
generator_learning_rate = 0.005
hidden_dim = 512
server_epochs = 1000
localize_feature_extractor = False
server_learning_rate = 1.0
eta = 1.0
rand_percent = 80
layer_idx = 2
mentee_learning_rate = 0.005
T_start = 0.95
T_end = 0.98
momentum = 0.1
kl_weight = 0.0
disti_epochs = 1
protect_id = 1
adv_eps = 0.1
adv_num_iter = 5
defense_epochs = 1
clean_data = 5000
sdmk_m = 7
sdmk_k = 5
delta = 0.5
sim_threshold = 0.7
rt_beta = 0.2
num_adv_clients = 10
lambda_cl = 0.5
aug_strength = 0.1
mask_tau = 2.0
mask_alpha = 0.3
enable_channel_mask = True
cosine_gate = False
cosine_gate_threshold = 0.3
cosine_gate_alpha = 0.5
trim_high_layers = 
trim_beta_high = None
trim_beta_low = None
attack = none
ba_target_label = 0
ba_poison_rate = 0.2
ba_trigger_gen_steps = 30
ba_trigger_gen_lr = 0.01
ba_pgd_eps = 0.0314
ba_trigger_scale = 8.0
pfedba_target_label = 0
pfedba_poison_rate = 0.5
pfedba_poison_count = -1
pfedba_poison_before_start = False
pfedba_attack_start = 30
pfedba_trigger_opt_steps = 15
pfedba_trigger_lr = 0.1
pfedba_init_value = 0.5
pfedba_patch_size = 8
pfedba_patch_position = center
pfedba_img_c = 3
pfedba_img_h = 32
pfedba_img_w = 32
pfedba_align_grad_weight = 1.0
pfedba_align_loss_weight = 1.0
pfedba_attack_loss_weight = 1.0
pfedba_opt_samples_per_class = 100
pfedba_opt_batch_size = 64
pfedba_opt_max_batches_per_client = 20
logit_analysis = False
logit_reject_thresholds = 0.5,0.6,0.7,0.8
logit_entropy_thresholds = 1.0,1.5,2.0
logit_margin_thresholds = 0.1,0.2,0.3
==================================================

============= Running time: 0th =============
Creating server and clients ...
ResNet(
  (conv1): Conv2d(3, 64, kernel_size=(3, 3), stride=(1, 1), padding=(1, 1), bias=False)
  (bn1): BatchNorm2d(64, eps=1e-05, momentum=0.1, affine=True, track_running_stats=True)
  (relu): ReLU(inplace=True)
  (layer1): Sequential(
    (0): BasicBlock(
      (conv1): Conv2d(64, 64, kernel_size=(3, 3), stride=(1, 1), padding=(1, 1), bias=False)
      (bn1): BatchNorm2d(64, eps=1e-05, momentum=0.1, affine=True, track_running_stats=True)
      (relu): ReLU(inplace=True)
      (conv2): Conv2d(64, 64, kernel_size=(3, 3), stride=(1, 1), padding=(1, 1), bias=False)
      (bn2): BatchNorm2d(64, eps=1e-05, momentum=0.1, affine=True, track_running_stats=True)
    )
    (1): BasicBlock(
      (conv1): Conv2d(64, 64, kernel_size=(3, 3), stride=(1, 1), padding=(1, 1), bias=False)
      (bn1): BatchNorm2d(64, eps=1e-05, momentum=0.1, affine=True, track_running_stats=True)
      (relu): ReLU(inplace=True)
      (conv2): Conv2d(64, 64, kernel_size=(3, 3), stride=(1, 1), padding=(1, 1), bias=False)
      (bn2): BatchNorm2d(64, eps=1e-05, momentum=0.1, affine=True, track_running_stats=True)
    )
  )
  (layer2): Sequential(
    (0): BasicBlock(
      (conv1): Conv2d(64, 128, kernel_size=(3, 3), stride=(2, 2), padding=(1, 1), bias=False)
      (bn1): BatchNorm2d(128, eps=1e-05, momentum=0.1, affine=True, track_running_stats=True)
      (relu): ReLU(inplace=True)
      (conv2): Conv2d(128, 128, kernel_size=(3, 3), stride=(1, 1), padding=(1, 1), bias=False)
      (bn2): BatchNorm2d(128, eps=1e-05, momentum=0.1, affine=True, track_running_stats=True)
      (downsample): Sequential(
        (0): Conv2d(64, 128, kernel_size=(1, 1), stride=(2, 2), bias=False)
        (1): BatchNorm2d(128, eps=1e-05, momentum=0.1, affine=True, track_running_stats=True)
      )
    )
    (1): BasicBlock(
      (conv1): Conv2d(128, 128, kernel_size=(3, 3), stride=(1, 1), padding=(1, 1), bias=False)
      (bn1): BatchNorm2d(128, eps=1e-05, momentum=0.1, affine=True, track_running_stats=True)
      (relu): ReLU(inplace=True)
      (conv2): Conv2d(128, 128, kernel_size=(3, 3), stride=(1, 1), padding=(1, 1), bias=False)
      (bn2): BatchNorm2d(128, eps=1e-05, momentum=0.1, affine=True, track_running_stats=True)
    )
  )
  (layer3): Sequential(
    (0): BasicBlock(
      (conv1): Conv2d(128, 256, kernel_size=(3, 3), stride=(2, 2), padding=(1, 1), bias=False)
      (bn1): BatchNorm2d(256, eps=1e-05, momentum=0.1, affine=True, track_running_stats=True)
      (relu): ReLU(inplace=True)
      (conv2): Conv2d(256, 256, kernel_size=(3, 3), stride=(1, 1), padding=(1, 1), bias=False)
      (bn2): BatchNorm2d(256, eps=1e-05, momentum=0.1, affine=True, track_running_stats=True)
      (downsample): Sequential(
        (0): Conv2d(128, 256, kernel_size=(1, 1), stride=(2, 2), bias=False)
        (1): BatchNorm2d(256, eps=1e-05, momentum=0.1, affine=True, track_running_stats=True)
      )
    )
    (1): BasicBlock(
      (conv1): Conv2d(256, 256, kernel_size=(3, 3), stride=(1, 1), padding=(1, 1), bias=False)
      (bn1): BatchNorm2d(256, eps=1e-05, momentum=0.1, affine=True, track_running_stats=True)
      (relu): ReLU(inplace=True)
      (conv2): Conv2d(256, 256, kernel_size=(3, 3), stride=(1, 1), padding=(1, 1), bias=False)
      (bn2): BatchNorm2d(256, eps=1e-05, momentum=0.1, affine=True, track_running_stats=True)
    )
  )
  (layer4): Sequential(
    (0): BasicBlock(
      (conv1): Conv2d(256, 512, kernel_size=(3, 3), stride=(2, 2), padding=(1, 1), bias=False)
      (bn1): BatchNorm2d(512, eps=1e-05, momentum=0.1, affine=True, track_running_stats=True)
      (relu): ReLU(inplace=True)
      (conv2): Conv2d(512, 512, kernel_size=(3, 3), stride=(1, 1), padding=(1, 1), bias=False)
      (bn2): BatchNorm2d(512, eps=1e-05, momentum=0.1, affine=True, track_running_stats=True)
      (downsample): Sequential(
        (0): Conv2d(256, 512, kernel_size=(1, 1), stride=(2, 2), bias=False)
        (1): BatchNorm2d(512, eps=1e-05, momentum=0.1, affine=True, track_running_stats=True)
      )
    )
    (1): BasicBlock(
      (conv1): Conv2d(512, 512, kernel_size=(3, 3), stride=(1, 1), padding=(1, 1), bias=False)
      (bn1): BatchNorm2d(512, eps=1e-05, momentum=0.1, affine=True, track_running_stats=True)
      (relu): ReLU(inplace=True)
      (conv2): Conv2d(512, 512, kernel_size=(3, 3), stride=(1, 1), padding=(1, 1), bias=False)
      (bn2): BatchNorm2d(512, eps=1e-05, momentum=0.1, affine=True, track_running_stats=True)
    )
  )
  (avgpool): AdaptiveAvgPool2d(output_size=(1, 1))
  (fc): Linear(in_features=512, out_features=10, bias=True)
)

Join ratio / total clients: 0.1 / 100
Finished creating server and clients.

-------------Round number: 0-------------

Evaluate personalized models
Averaged Train Loss: 2.4217
Averaged Test Accurancy: 0.1065
Averaged Test AUC: 0.5006
Std Test Accurancy: 0.1360
Std Test AUC: 0.1313
ASR : 0.015767195767195766
attack_auc : 0.718145076293762
------------------------- time cost ------------------------- 15.251330614089966

-------------Round number: 1-------------

Evaluate personalized models
Averaged Train Loss: 54.6203
Averaged Test Accurancy: 0.1171
Averaged Test AUC: 0.5207
Std Test Accurancy: 0.1572
Std Test AUC: 0.1267
ASR : 0.03749422976695704
attack_auc : 0.7772201728528092
------------------------- time cost ------------------------- 15.658790349960327

-------------Round number: 2-------------

Evaluate personalized models
Averaged Train Loss: 33.5744
Averaged Test Accurancy: 0.1680
Averaged Test AUC: 0.5665
Std Test Accurancy: 0.1454
Std Test AUC: 0.1468
ASR : 0.05489439853076217
attack_auc : 0.6144646528090281
------------------------- time cost ------------------------- 16.169094800949097

-------------Round number: 3-------------

Evaluate personalized models
Averaged Train Loss: 33.1139
Averaged Test Accurancy: 0.1821
Averaged Test AUC: 0.6065
Std Test Accurancy: 0.1830
Std Test AUC: 0.1603
ASR : 0.044092807195421344
attack_auc : 0.6230688558026155
------------------------- time cost ------------------------- 15.459657430648804

-------------Round number: 4-------------

Evaluate personalized models
Averaged Train Loss: 23.5747
Averaged Test Accurancy: 0.2032
Averaged Test AUC: 0.6316
Std Test Accurancy: 0.1868
Std Test AUC: 0.1650
ASR : 0.026831126987598205
attack_auc : 0.6570218696623864
------------------------- time cost ------------------------- 15.62017035484314

-------------Round number: 5-------------

Evaluate personalized models
Averaged Train Loss: 29.2114
Averaged Test Accurancy: 0.2158
Averaged Test AUC: 0.6420
Std Test Accurancy: 0.1854
Std Test AUC: 0.1737
ASR : 0.023463599488775775
attack_auc : 0.5780892539116609
------------------------- time cost ------------------------- 16.23668336868286

-------------Round number: 6-------------

Evaluate personalized models
Averaged Train Loss: 21.6182
Averaged Test Accurancy: 0.2379
Averaged Test AUC: 0.6594
Std Test Accurancy: 0.1868
Std Test AUC: 0.1782
ASR : 0.029194021055660116
attack_auc : 0.480167653397743
------------------------- time cost ------------------------- 17.811802864074707

-------------Round number: 7-------------

Evaluate personalized models
Averaged Train Loss: 17.1989
Averaged Test Accurancy: 0.2539
Averaged Test AUC: 0.6742
Std Test Accurancy: 0.1884
Std Test AUC: 0.1795
ASR : 0.031010511937149973
attack_auc : 0.5609737032205138
------------------------- time cost ------------------------- 16.737925052642822

-------------Round number: 8-------------

Evaluate personalized models
Averaged Train Loss: 14.8282
Averaged Test Accurancy: 0.2637
Averaged Test AUC: 0.6865
Std Test Accurancy: 0.1833
Std Test AUC: 0.1830
ASR : 0.03141871610553522
attack_auc : 0.5342242274290825
------------------------- time cost ------------------------- 16.99102234840393

-------------Round number: 9-------------

Evaluate personalized models
Averaged Train Loss: 10.5469
Averaged Test Accurancy: 0.2639
Averaged Test AUC: 0.6926
Std Test Accurancy: 0.1931
Std Test AUC: 0.1836
ASR : 0.344307227938626
attack_auc : 0.6182090855050778
------------------------- time cost ------------------------- 17.16253900527954

-------------Round number: 10-------------

Evaluate personalized models
Averaged Train Loss: 9.1450
Averaged Test Accurancy: 0.2759
Averaged Test AUC: 0.7059
Std Test Accurancy: 0.1975
Std Test AUC: 0.1823
ASR : 0.33220541678606996
attack_auc : 0.6037630939309897
------------------------- time cost ------------------------- 22.25967836380005

-------------Round number: 11-------------

Evaluate personalized models
Averaged Train Loss: 9.3054
Averaged Test Accurancy: 0.3036
Averaged Test AUC: 0.7301
Std Test Accurancy: 0.2062
Std Test AUC: 0.1770
ASR : 0.292502882861174
attack_auc : 0.5949091330562037
------------------------- time cost ------------------------- 17.395833015441895

-------------Round number: 12-------------

Evaluate personalized models
Averaged Train Loss: 9.8995
Averaged Test Accurancy: 0.3235
Averaged Test AUC: 0.7558
Std Test Accurancy: 0.2054
Std Test AUC: 0.1650
ASR : 0.2530437413134174
attack_auc : 0.5828337517311668
------------------------- time cost ------------------------- 17.293535709381104

-------------Round number: 13-------------

Evaluate personalized models
Averaged Train Loss: 7.4970
Averaged Test Accurancy: 0.3497
Averaged Test AUC: 0.7695
Std Test Accurancy: 0.1974
Std Test AUC: 0.1590
ASR : 0.2204932036157422
attack_auc : 0.553907236014113
------------------------- time cost ------------------------- 17.130994081497192

-------------Round number: 14-------------

Evaluate personalized models
Averaged Train Loss: 6.0756
Averaged Test Accurancy: 0.3559
Averaged Test AUC: 0.7757
Std Test Accurancy: 0.1842
Std Test AUC: 0.1501
ASR : 0.1916882736588245
attack_auc : 0.5239220417196647
------------------------- time cost ------------------------- 17.487970113754272

-------------Round number: 15-------------

Evaluate personalized models
Averaged Train Loss: 4.7206
Averaged Test Accurancy: 0.3719
Averaged Test AUC: 0.7818
Std Test Accurancy: 0.1828
Std Test AUC: 0.1506
ASR : 0.18364765236547448
attack_auc : 0.5214121327903151
------------------------- time cost ------------------------- 15.70088791847229

-------------Round number: 16-------------

Evaluate personalized models
Averaged Train Loss: 4.9883
Averaged Test Accurancy: 0.3814
Averaged Test AUC: 0.7918
Std Test Accurancy: 0.1860
Std Test AUC: 0.1486
ASR : 0.19087994285882992
attack_auc : 0.5304031442068396
------------------------- time cost ------------------------- 17.012351036071777

-------------Round number: 17-------------

Evaluate personalized models
Averaged Train Loss: 4.0941
Averaged Test Accurancy: 0.3904
Averaged Test AUC: 0.7955
Std Test Accurancy: 0.1905
Std Test AUC: 0.1506
ASR : 0.1859883070424458
attack_auc : 0.5309562231872751
------------------------- time cost ------------------------- 17.31535315513611

-------------Round number: 18-------------

Evaluate personalized models
Averaged Train Loss: 3.6144
Averaged Test Accurancy: 0.3940
Averaged Test AUC: 0.7998
Std Test Accurancy: 0.1971
Std Test AUC: 0.1521
ASR : 0.14103535667537434
attack_auc : 0.49137820294746554
------------------------- time cost ------------------------- 22.211604595184326

-------------Round number: 19-------------

Evaluate personalized models
Averaged Train Loss: 3.1859
Averaged Test Accurancy: 0.4209
Averaged Test AUC: 0.8243
Std Test Accurancy: 0.1840
Std Test AUC: 0.1277
ASR : 0.12894931743919988
attack_auc : 0.5031403619987013
------------------------- time cost ------------------------- 17.326780080795288

-------------Round number: 20-------------

Evaluate personalized models
Averaged Train Loss: 2.8990
Averaged Test Accurancy: 0.4419
Averaged Test AUC: 0.8334
Std Test Accurancy: 0.1852
Std Test AUC: 0.1266
ASR : 0.12387443671360653
attack_auc : 0.5120538712468604
------------------------- time cost ------------------------- 17.66260528564453

-------------Round number: 21-------------

Evaluate personalized models
Averaged Train Loss: 2.7060
Averaged Test Accurancy: 0.4331
Averaged Test AUC: 0.8332
Std Test Accurancy: 0.1838
Std Test AUC: 0.1186
ASR : 0.12482793377007927
attack_auc : 0.5114143379451217
------------------------- time cost ------------------------- 17.543643951416016

-------------Round number: 22-------------

Evaluate personalized models
Averaged Train Loss: 2.6342
Averaged Test Accurancy: 0.4407
Averaged Test AUC: 0.8347
Std Test Accurancy: 0.1863
Std Test AUC: 0.1224
ASR : 0.12182122341235292
attack_auc : 0.5089490207088208
------------------------- time cost ------------------------- 17.709210634231567

-------------Round number: 23-------------

Evaluate personalized models
Averaged Train Loss: 2.7652
Averaged Test Accurancy: 0.4487
Averaged Test AUC: 0.8375
Std Test Accurancy: 0.1855
Std Test AUC: 0.1255
ASR : 0.12410036552232305
attack_auc : 0.5259591828978033
------------------------- time cost ------------------------- 18.29531478881836

-------------Round number: 24-------------

Evaluate personalized models
Averaged Train Loss: 2.5126
Averaged Test Accurancy: 0.4625
Averaged Test AUC: 0.8471
Std Test Accurancy: 0.1862
Std Test AUC: 0.1217
Traceback (most recent call last):
  File "/home/huangtu/PFL_clean_workspace/root_static/src/main.py", line 522, in <module>
    run(args)
  File "/home/huangtu/PFL_clean_workspace/root_static/src/main.py", line 272, in run
    server.train()
  File "/home/huangtu/PFL_clean_workspace/root_static/src/User/serverrep.py", line 40, in train
    client.train()
  File "/home/huangtu/PFL_clean_workspace/root_static/src/User/clientrep.py", line 67, in train
    loss.backward()
  File "/home/huangtu/miniconda3/envs/torch/lib/python3.12/site-packages/torch/_tensor.py", line 521, in backward
    torch.autograd.backward(
  File "/home/huangtu/miniconda3/envs/torch/lib/python3.12/site-packages/torch/autograd/__init__.py", line 289, in backward
    _engine_run_backward(
  File "/home/huangtu/miniconda3/envs/torch/lib/python3.12/site-packages/torch/autograd/graph.py", line 769, in _engine_run_backward
    return Variable._execution_engine.run_backward(  # Calls into the C++ engine to run the backward pass
           ^^^^^^^^^^^^^^^^^^^^^^^^^^^^^^^^^^^^^^^^^^^^^^^^^^^^^^^^^^^^^^^^^^^^^^^^^^^^^^^^^^^^^^^^^^^^^^
torch.OutOfMemoryError: CUDA out of memory. Tried to allocate 16.00 MiB. GPU 0 has a total capacity of 23.68 GiB of which 10.31 MiB is free. Including non-PyTorch memory, this process has 9.33 GiB memory in use. Process 788871 has 6.18 GiB memory in use. Process 789060 has 8.14 GiB memory in use. Of the allocated memory 8.50 GiB is allocated by PyTorch, and 526.68 MiB is reserved by PyTorch but unallocated. If reserved but unallocated memory is large try setting PYTORCH_CUDA_ALLOC_CONF=expandable_segments:True to avoid fragmentation.  See documentation for Memory Management  (https://pytorch.org/docs/stable/notes/cuda.html#environment-variables)
