==================================================
goal = formal_static_blend_fedrep
device = cuda
join_ratio = 0.1
device_id = 0
dataset = Cifar10_dir0.5_bdoor0.2_nclient_100_blend_adv10
num_classes = 10
model = ResNet18
batch_size = 64
local_learning_rate = 0.1
learning_rate_decay = False
learning_rate_decay_gamma = 0.99
global_rounds = 600
top_cnt = 100
local_epochs = 1
algorithm = FedRep
num_clients = 100
eval_gap = 1
save_folder_name = items
auto_break = False
batch_num_per_client = 2
feature_dim = 512
vocab_size = 32000
max_len = 200
client_drop_rate = 0.0
time_select = False
time_threthold = 10000
send_slow_rate = 0.0
beta = 0.0
lamda = 1.0
mu = 0.0
K = 5
p_learning_rate = 0.01
M = 5
itk = 4000
alphaK = 1.0
sigma = 1.0
alpha = 1.0
plocal_epochs = 1
lr_head = 0.1
tau = 1.0
fine_tuning_epochs = 10
dr_learning_rate = 0.0
L = 1.0
noise_dim = 512
generator_learning_rate = 0.005
hidden_dim = 512
server_epochs = 1000
localize_feature_extractor = False
server_learning_rate = 1.0
eta = 1.0
rand_percent = 80
layer_idx = 2
mentee_learning_rate = 0.005
T_start = 0.95
T_end = 0.98
momentum = 0.1
kl_weight = 0.0
disti_epochs = 1
protect_id = 1
adv_eps = 0.1
adv_num_iter = 5
defense_epochs = 1
clean_data = 5000
sdmk_m = 7
sdmk_k = 5
delta = 0.5
sim_threshold = 0.7
rt_beta = 0.2
num_adv_clients = 10
lambda_cl = 0.5
aug_strength = 0.1
mask_tau = 2.0
mask_alpha = 0.3
enable_channel_mask = True
cosine_gate = False
cosine_gate_threshold = 0.3
cosine_gate_alpha = 0.5
trim_high_layers = 
trim_beta_high = None
trim_beta_low = None
attack = none
ba_target_label = 0
ba_poison_rate = 0.2
ba_trigger_gen_steps = 30
ba_trigger_gen_lr = 0.01
ba_pgd_eps = 0.0314
ba_trigger_scale = 8.0
pfedba_target_label = 0
pfedba_poison_rate = 0.5
pfedba_poison_count = -1
pfedba_poison_before_start = False
pfedba_attack_start = 30
pfedba_trigger_opt_steps = 15
pfedba_trigger_lr = 0.1
pfedba_init_value = 0.5
pfedba_patch_size = 8
pfedba_patch_position = center
pfedba_img_c = 3
pfedba_img_h = 32
pfedba_img_w = 32
pfedba_align_grad_weight = 1.0
pfedba_align_loss_weight = 1.0
pfedba_attack_loss_weight = 1.0
pfedba_opt_samples_per_class = 100
pfedba_opt_batch_size = 64
pfedba_opt_max_batches_per_client = 20
logit_analysis = False
logit_reject_thresholds = 0.5,0.6,0.7,0.8
logit_entropy_thresholds = 1.0,1.5,2.0
logit_margin_thresholds = 0.1,0.2,0.3
==================================================

============= Running time: 0th =============
Creating server and clients ...
ResNet(
  (conv1): Conv2d(3, 64, kernel_size=(3, 3), stride=(1, 1), padding=(1, 1), bias=False)
  (bn1): BatchNorm2d(64, eps=1e-05, momentum=0.1, affine=True, track_running_stats=True)
  (relu): ReLU(inplace=True)
  (layer1): Sequential(
    (0): BasicBlock(
      (conv1): Conv2d(64, 64, kernel_size=(3, 3), stride=(1, 1), padding=(1, 1), bias=False)
      (bn1): BatchNorm2d(64, eps=1e-05, momentum=0.1, affine=True, track_running_stats=True)
      (relu): ReLU(inplace=True)
      (conv2): Conv2d(64, 64, kernel_size=(3, 3), stride=(1, 1), padding=(1, 1), bias=False)
      (bn2): BatchNorm2d(64, eps=1e-05, momentum=0.1, affine=True, track_running_stats=True)
    )
    (1): BasicBlock(
      (conv1): Conv2d(64, 64, kernel_size=(3, 3), stride=(1, 1), padding=(1, 1), bias=False)
      (bn1): BatchNorm2d(64, eps=1e-05, momentum=0.1, affine=True, track_running_stats=True)
      (relu): ReLU(inplace=True)
      (conv2): Conv2d(64, 64, kernel_size=(3, 3), stride=(1, 1), padding=(1, 1), bias=False)
      (bn2): BatchNorm2d(64, eps=1e-05, momentum=0.1, affine=True, track_running_stats=True)
    )
  )
  (layer2): Sequential(
    (0): BasicBlock(
      (conv1): Conv2d(64, 128, kernel_size=(3, 3), stride=(2, 2), padding=(1, 1), bias=False)
      (bn1): BatchNorm2d(128, eps=1e-05, momentum=0.1, affine=True, track_running_stats=True)
      (relu): ReLU(inplace=True)
      (conv2): Conv2d(128, 128, kernel_size=(3, 3), stride=(1, 1), padding=(1, 1), bias=False)
      (bn2): BatchNorm2d(128, eps=1e-05, momentum=0.1, affine=True, track_running_stats=True)
      (downsample): Sequential(
        (0): Conv2d(64, 128, kernel_size=(1, 1), stride=(2, 2), bias=False)
        (1): BatchNorm2d(128, eps=1e-05, momentum=0.1, affine=True, track_running_stats=True)
      )
    )
    (1): BasicBlock(
      (conv1): Conv2d(128, 128, kernel_size=(3, 3), stride=(1, 1), padding=(1, 1), bias=False)
      (bn1): BatchNorm2d(128, eps=1e-05, momentum=0.1, affine=True, track_running_stats=True)
      (relu): ReLU(inplace=True)
      (conv2): Conv2d(128, 128, kernel_size=(3, 3), stride=(1, 1), padding=(1, 1), bias=False)
      (bn2): BatchNorm2d(128, eps=1e-05, momentum=0.1, affine=True, track_running_stats=True)
    )
  )
  (layer3): Sequential(
    (0): BasicBlock(
      (conv1): Conv2d(128, 256, kernel_size=(3, 3), stride=(2, 2), padding=(1, 1), bias=False)
      (bn1): BatchNorm2d(256, eps=1e-05, momentum=0.1, affine=True, track_running_stats=True)
      (relu): ReLU(inplace=True)
      (conv2): Conv2d(256, 256, kernel_size=(3, 3), stride=(1, 1), padding=(1, 1), bias=False)
      (bn2): BatchNorm2d(256, eps=1e-05, momentum=0.1, affine=True, track_running_stats=True)
      (downsample): Sequential(
        (0): Conv2d(128, 256, kernel_size=(1, 1), stride=(2, 2), bias=False)
        (1): BatchNorm2d(256, eps=1e-05, momentum=0.1, affine=True, track_running_stats=True)
      )
    )
    (1): BasicBlock(
      (conv1): Conv2d(256, 256, kernel_size=(3, 3), stride=(1, 1), padding=(1, 1), bias=False)
      (bn1): BatchNorm2d(256, eps=1e-05, momentum=0.1, affine=True, track_running_stats=True)
      (relu): ReLU(inplace=True)
      (conv2): Conv2d(256, 256, kernel_size=(3, 3), stride=(1, 1), padding=(1, 1), bias=False)
      (bn2): BatchNorm2d(256, eps=1e-05, momentum=0.1, affine=True, track_running_stats=True)
    )
  )
  (layer4): Sequential(
    (0): BasicBlock(
      (conv1): Conv2d(256, 512, kernel_size=(3, 3), stride=(2, 2), padding=(1, 1), bias=False)
      (bn1): BatchNorm2d(512, eps=1e-05, momentum=0.1, affine=True, track_running_stats=True)
      (relu): ReLU(inplace=True)
      (conv2): Conv2d(512, 512, kernel_size=(3, 3), stride=(1, 1), padding=(1, 1), bias=False)
      (bn2): BatchNorm2d(512, eps=1e-05, momentum=0.1, affine=True, track_running_stats=True)
      (downsample): Sequential(
        (0): Conv2d(256, 512, kernel_size=(1, 1), stride=(2, 2), bias=False)
        (1): BatchNorm2d(512, eps=1e-05, momentum=0.1, affine=True, track_running_stats=True)
      )
    )
    (1): BasicBlock(
      (conv1): Conv2d(512, 512, kernel_size=(3, 3), stride=(1, 1), padding=(1, 1), bias=False)
      (bn1): BatchNorm2d(512, eps=1e-05, momentum=0.1, affine=True, track_running_stats=True)
      (relu): ReLU(inplace=True)
      (conv2): Conv2d(512, 512, kernel_size=(3, 3), stride=(1, 1), padding=(1, 1), bias=False)
      (bn2): BatchNorm2d(512, eps=1e-05, momentum=0.1, affine=True, track_running_stats=True)
    )
  )
  (avgpool): AdaptiveAvgPool2d(output_size=(1, 1))
  (fc): Linear(in_features=512, out_features=10, bias=True)
)

Join ratio / total clients: 0.1 / 100
Finished creating server and clients.

-------------Round number: 0-------------

Evaluate personalized models
Averaged Train Loss: 2.4221
Averaged Test Accurancy: 0.1065
Averaged Test AUC: 0.5006
Std Test Accurancy: 0.1360
Std Test AUC: 0.1313
ASR : 0.015750879615928446
attack_auc : 0.7481520605541719
------------------------- time cost ------------------------- 21.385805368423462

-------------Round number: 1-------------

Evaluate personalized models
Averaged Train Loss: 80.8412
Averaged Test Accurancy: 0.1129
Averaged Test AUC: 0.5322
Std Test Accurancy: 0.1401
Std Test AUC: 0.1269
ASR : 0.024924924924924922
attack_auc : 0.7889052336609532
------------------------- time cost ------------------------- 19.322617769241333

-------------Round number: 2-------------

Evaluate personalized models
Averaged Train Loss: 56.1411
Averaged Test Accurancy: 0.1276
Averaged Test AUC: 0.5418
Std Test Accurancy: 0.1574
Std Test AUC: 0.1535
ASR : 0.7783958333333333
attack_auc : 0.8469336701155215
------------------------- time cost ------------------------- 17.408999919891357

-------------Round number: 3-------------

Evaluate personalized models
Averaged Train Loss: 57.8191
Averaged Test Accurancy: 0.1650
Averaged Test AUC: 0.5828
Std Test Accurancy: 0.1789
Std Test AUC: 0.1665
ASR : 0.7008022628606867
attack_auc : 0.7951516622740621
------------------------- time cost ------------------------- 17.254014253616333

-------------Round number: 4-------------

Evaluate personalized models
Averaged Train Loss: 42.9934
Averaged Test Accurancy: 0.1857
Averaged Test AUC: 0.6167
Std Test Accurancy: 0.1804
Std Test AUC: 0.1705
ASR : 0.6685453831060715
attack_auc : 0.7798430696299193
------------------------- time cost ------------------------- 16.76577401161194

-------------Round number: 5-------------

Evaluate personalized models
Averaged Train Loss: 28.8848
Averaged Test Accurancy: 0.1982
Averaged Test AUC: 0.6258
Std Test Accurancy: 0.1843
Std Test AUC: 0.1773
ASR : 0.6125954828853379
attack_auc : 0.7290698266652799
------------------------- time cost ------------------------- 18.414206743240356

-------------Round number: 6-------------

Evaluate personalized models
Averaged Train Loss: 28.7018
Averaged Test Accurancy: 0.2203
Averaged Test AUC: 0.6379
Std Test Accurancy: 0.1866
Std Test AUC: 0.1936
ASR : 0.5291748703800573
attack_auc : 0.6775213771148668
------------------------- time cost ------------------------- 17.91158413887024

-------------Round number: 7-------------

Evaluate personalized models
Averaged Train Loss: 22.9494
Averaged Test Accurancy: 0.2490
Averaged Test AUC: 0.6839
Std Test Accurancy: 0.1908
Std Test AUC: 0.1841
ASR : 0.48570657719685184
attack_auc : 0.6371163627457449
------------------------- time cost ------------------------- 16.995342016220093

-------------Round number: 8-------------

Evaluate personalized models
Averaged Train Loss: 20.0581
Averaged Test Accurancy: 0.2734
Averaged Test AUC: 0.6985
Std Test Accurancy: 0.2047
Std Test AUC: 0.1839
ASR : 0.4389332315391743
attack_auc : 0.6171608148595616
------------------------- time cost ------------------------- 17.264533281326294

-------------Round number: 9-------------

Evaluate personalized models
Averaged Train Loss: 17.6329
Averaged Test Accurancy: 0.2838
Averaged Test AUC: 0.7061
Std Test Accurancy: 0.2087
Std Test AUC: 0.1818
ASR : 0.4348041877866515
attack_auc : 0.6170250877037948
------------------------- time cost ------------------------- 22.60607361793518

-------------Round number: 10-------------

Evaluate personalized models
Averaged Train Loss: 18.5001
Averaged Test Accurancy: 0.2899
Averaged Test AUC: 0.7216
Std Test Accurancy: 0.2056
Std Test AUC: 0.1652
Traceback (most recent call last):
  File "/home/huangtu/PFL_clean_workspace/root_static/src/main.py", line 522, in <module>
    run(args)
  File "/home/huangtu/PFL_clean_workspace/root_static/src/main.py", line 272, in run
    server.train()
  File "/home/huangtu/PFL_clean_workspace/root_static/src/User/serverrep.py", line 40, in train
    client.train()
  File "/home/huangtu/PFL_clean_workspace/root_static/src/User/clientrep.py", line 67, in train
    loss.backward()
  File "/home/huangtu/miniconda3/envs/torch/lib/python3.12/site-packages/torch/_tensor.py", line 521, in backward
    torch.autograd.backward(
  File "/home/huangtu/miniconda3/envs/torch/lib/python3.12/site-packages/torch/autograd/__init__.py", line 289, in backward
    _engine_run_backward(
  File "/home/huangtu/miniconda3/envs/torch/lib/python3.12/site-packages/torch/autograd/graph.py", line 769, in _engine_run_backward
    return Variable._execution_engine.run_backward(  # Calls into the C++ engine to run the backward pass
           ^^^^^^^^^^^^^^^^^^^^^^^^^^^^^^^^^^^^^^^^^^^^^^^^^^^^^^^^^^^^^^^^^^^^^^^^^^^^^^^^^^^^^^^^^^^^^^
torch.OutOfMemoryError: CUDA out of memory. Tried to allocate 16.00 MiB. GPU 0 has a total capacity of 23.68 GiB of which 6.31 MiB is free. Process 788871 has 6.19 GiB memory in use. Process 789060 has 9.32 GiB memory in use. Including non-PyTorch memory, this process has 8.14 GiB memory in use. Of the allocated memory 7.34 GiB is allocated by PyTorch, and 497.35 MiB is reserved by PyTorch but unallocated. If reserved but unallocated memory is large try setting PYTORCH_CUDA_ALLOC_CONF=expandable_segments:True to avoid fragmentation.  See documentation for Memory Management  (https://pytorch.org/docs/stable/notes/cuda.html#environment-variables)
