Files already downloaded and verified
Files already downloaded and verified
Number of classes: 10
Client 0	 Size of data: 675	 Labels:  [0 1 2 3 4 5 6 7 8 9]
		 Samples of labels:  [(0, 6), (1, 126), (2, 1), (3, 18), (4, 67), (5, 77), (6, 37), (7, 179), (8, 38), (9, 126)]
--------------------------------------------------
Client 1	 Size of data: 439	 Labels:  [0 1 2 3 4 5 7 8 9]
		 Samples of labels:  [(0, 3), (1, 32), (2, 17), (3, 165), (4, 19), (5, 31), (7, 7), (8, 32), (9, 133)]
--------------------------------------------------
Client 2	 Size of data: 629	 Labels:  [0 1 2 3 4 5 6]
		 Samples of labels:  [(0, 307), (1, 1), (2, 35), (3, 7), (4, 1), (5, 12), (6, 266)]
--------------------------------------------------
Client 3	 Size of data: 291	 Labels:  [1 2 3 4 5 6 7 9]
		 Samples of labels:  [(1, 85), (2, 33), (3, 5), (4, 5), (5, 15), (6, 1), (7, 72), (9, 75)]
--------------------------------------------------
Client 4	 Size of data: 605	 Labels:  [0 1 2 3 4 5]
		 Samples of labels:  [(0, 138), (1, 12), (2, 361), (3, 10), (4, 72), (5, 12)]
--------------------------------------------------
Client 5	 Size of data: 353	 Labels:  [0 1 2 3 4 5 6 7 8 9]
		 Samples of labels:  [(0, 139), (1, 31), (2, 20), (3, 23), (4, 71), (5, 13), (6, 10), (7, 36), (8, 1), (9, 9)]
--------------------------------------------------
Client 6	 Size of data: 579	 Labels:  [0 1 3 4 5 6 7 8 9]
		 Samples of labels:  [(0, 28), (1, 18), (3, 2), (4, 8), (5, 100), (6, 7), (7, 24), (8, 287), (9, 105)]
--------------------------------------------------
Client 7	 Size of data: 600	 Labels:  [0 1 2 3 4 5 6 7 8]
		 Samples of labels:  [(0, 64), (1, 102), (2, 27), (3, 1), (4, 34), (5, 60), (6, 52), (7, 1), (8, 259)]
--------------------------------------------------
Client 8	 Size of data: 631	 Labels:  [1 2 3 4 5 6]
		 Samples of labels:  [(1, 176), (2, 2), (3, 1), (4, 14), (5, 44), (6, 394)]
--------------------------------------------------
Client 9	 Size of data: 451	 Labels:  [0 1 2 4 5 6 7 8 9]
		 Samples of labels:  [(0, 21), (1, 1), (2, 133), (4, 30), (5, 62), (6, 125), (7, 3), (8, 63), (9, 13)]
--------------------------------------------------
Client 10	 Size of data: 291	 Labels:  [0 1 2 3 4 5 8 9]
		 Samples of labels:  [(0, 11), (1, 3), (2, 1), (3, 23), (4, 3), (5, 13), (8, 33), (9, 204)]
--------------------------------------------------
Client 11	 Size of data: 470	 Labels:  [0 1 2 3 4 5 6 7 8 9]
		 Samples of labels:  [(0, 80), (1, 17), (2, 47), (3, 55), (4, 59), (5, 119), (6, 67), (7, 1), (8, 24), (9, 1)]
--------------------------------------------------
Client 12	 Size of data: 756	 Labels:  [0 1 2 3 4 5 6 7 8]
		 Samples of labels:  [(0, 155), (1, 10), (2, 52), (3, 7), (4, 26), (5, 90), (6, 184), (7, 1), (8, 231)]
--------------------------------------------------
Client 13	 Size of data: 609	 Labels:  [0 1 2 3 4 5 6 7]
		 Samples of labels:  [(0, 76), (1, 43), (2, 6), (3, 219), (4, 30), (5, 51), (6, 15), (7, 169)]
--------------------------------------------------
Client 14	 Size of data: 1103	 Labels:  [0 1 2 3 4 5 6 7 8]
		 Samples of labels:  [(0, 82), (1, 8), (2, 31), (3, 7), (4, 20), (5, 27), (6, 188), (7, 1), (8, 739)]
--------------------------------------------------
Client 15	 Size of data: 696	 Labels:  [0 1 2 3 4]
		 Samples of labels:  [(0, 109), (1, 37), (2, 118), (3, 16), (4, 416)]
--------------------------------------------------
Client 16	 Size of data: 718	 Labels:  [0 1 2 5 6 7]
		 Samples of labels:  [(0, 104), (1, 109), (2, 242), (5, 35), (6, 8), (7, 220)]
--------------------------------------------------
Client 17	 Size of data: 663	 Labels:  [0 1 2 3 4 5 6]
		 Samples of labels:  [(0, 174), (1, 10), (2, 2), (3, 29), (4, 339), (5, 27), (6, 82)]
--------------------------------------------------
Client 18	 Size of data: 602	 Labels:  [0 1 2 3]
		 Samples of labels:  [(0, 32), (1, 305), (2, 9), (3, 256)]
--------------------------------------------------
Client 19	 Size of data: 418	 Labels:  [0 1 2 3 4 5 6 7 8 9]
		 Samples of labels:  [(0, 25), (1, 24), (2, 2), (3, 31), (4, 25), (5, 2), (6, 212), (7, 9), (8, 2), (9, 86)]
--------------------------------------------------
Client 20	 Size of data: 630	 Labels:  [0 1 2 3 4 5 6]
		 Samples of labels:  [(0, 172), (1, 139), (2, 17), (3, 32), (4, 93), (5, 97), (6, 80)]
--------------------------------------------------
Client 21	 Size of data: 507	 Labels:  [0 1 2 3 4 5 6 7 8 9]
		 Samples of labels:  [(0, 154), (1, 40), (2, 7), (3, 16), (4, 19), (5, 188), (6, 9), (7, 10), (8, 52), (9, 12)]
--------------------------------------------------
Client 22	 Size of data: 615	 Labels:  [0 1 2 3]
		 Samples of labels:  [(0, 80), (1, 4), (2, 312), (3, 219)]
--------------------------------------------------
Client 23	 Size of data: 739	 Labels:  [0 1 2 3 4 5 6 7 8 9]
		 Samples of labels:  [(0, 4), (1, 8), (2, 112), (3, 18), (4, 6), (5, 8), (6, 3), (7, 353), (8, 46), (9, 181)]
--------------------------------------------------
Client 24	 Size of data: 648	 Labels:  [0 1 3 4 5 6]
		 Samples of labels:  [(0, 442), (1, 34), (3, 15), (4, 43), (5, 10), (6, 104)]
--------------------------------------------------
Client 25	 Size of data: 479	 Labels:  [0 1 2 3 4 5 6 7 8 9]
		 Samples of labels:  [(0, 48), (1, 52), (2, 31), (3, 6), (4, 28), (5, 25), (6, 38), (7, 108), (8, 45), (9, 98)]
--------------------------------------------------
Client 26	 Size of data: 471	 Labels:  [0 1 2 3 4 5 6 7 9]
		 Samples of labels:  [(0, 22), (1, 6), (2, 18), (3, 36), (4, 23), (5, 55), (6, 25), (7, 98), (9, 188)]
--------------------------------------------------
Client 27	 Size of data: 439	 Labels:  [0 1 2 3 6 7 8 9]
		 Samples of labels:  [(0, 63), (1, 147), (2, 16), (3, 58), (6, 39), (7, 97), (8, 6), (9, 13)]
--------------------------------------------------
Client 28	 Size of data: 616	 Labels:  [0 1 2 3 4 5 6 7 8]
		 Samples of labels:  [(0, 2), (1, 76), (2, 10), (3, 139), (4, 12), (5, 6), (6, 182), (7, 146), (8, 43)]
--------------------------------------------------
Client 29	 Size of data: 383	 Labels:  [0 2 3 4 5 6 7 8 9]
		 Samples of labels:  [(0, 21), (2, 5), (3, 17), (4, 1), (5, 45), (6, 2), (7, 9), (8, 10), (9, 273)]
--------------------------------------------------
Client 30	 Size of data: 610	 Labels:  [0 1 2 3 4 5 6 7]
		 Samples of labels:  [(0, 115), (1, 28), (2, 24), (3, 166), (4, 89), (5, 10), (6, 42), (7, 136)]
--------------------------------------------------
Client 31	 Size of data: 565	 Labels:  [0 1 2 3 4 5 6 7 8 9]
		 Samples of labels:  [(0, 151), (1, 64), (2, 35), (3, 12), (4, 115), (5, 1), (6, 29), (7, 12), (8, 12), (9, 134)]
--------------------------------------------------
Client 32	 Size of data: 1064	 Labels:  [0 2 3 4 5 6 7]
		 Samples of labels:  [(0, 19), (2, 11), (3, 101), (4, 428), (5, 24), (6, 5), (7, 476)]
--------------------------------------------------
Client 33	 Size of data: 250	 Labels:  [0 1 3 4 5 6 7 8 9]
		 Samples of labels:  [(0, 1), (1, 19), (3, 8), (4, 97), (5, 5), (6, 4), (7, 54), (8, 2), (9, 60)]
--------------------------------------------------
Client 34	 Size of data: 601	 Labels:  [0 1 2 3 4 5 6]
		 Samples of labels:  [(0, 1), (1, 36), (2, 5), (3, 305), (4, 146), (5, 85), (6, 23)]
--------------------------------------------------
Client 35	 Size of data: 605	 Labels:  [0 1 2 3 4 5 6 7 8 9]
		 Samples of labels:  [(0, 68), (1, 1), (2, 118), (3, 2), (4, 197), (5, 170), (6, 17), (7, 6), (8, 3), (9, 23)]
--------------------------------------------------
Client 36	 Size of data: 474	 Labels:  [0 1 2 3 4 5 6 7 8 9]
		 Samples of labels:  [(0, 38), (1, 21), (2, 5), (3, 36), (4, 7), (5, 6), (6, 52), (7, 96), (8, 1), (9, 212)]
--------------------------------------------------
Client 37	 Size of data: 809	 Labels:  [0 1 2 3 4 5 6 7 8 9]
		 Samples of labels:  [(0, 34), (1, 138), (2, 23), (3, 92), (4, 50), (5, 23), (6, 57), (7, 30), (8, 56), (9, 306)]
--------------------------------------------------
Client 38	 Size of data: 1162	 Labels:  [0 1 2 3 4 5 6 7]
		 Samples of labels:  [(0, 15), (1, 95), (2, 22), (3, 9), (4, 1), (5, 105), (6, 172), (7, 743)]
--------------------------------------------------
Client 39	 Size of data: 908	 Labels:  [0 1 2 3 4 5]
		 Samples of labels:  [(0, 44), (1, 74), (2, 426), (3, 22), (4, 27), (5, 315)]
--------------------------------------------------
Client 40	 Size of data: 641	 Labels:  [0 1 2 3 4 5 6 7]
		 Samples of labels:  [(0, 15), (1, 231), (2, 2), (3, 47), (4, 125), (5, 141), (6, 33), (7, 47)]
--------------------------------------------------
Client 41	 Size of data: 868	 Labels:  [0 1 3 4 5 6 7 8]
		 Samples of labels:  [(0, 3), (1, 104), (3, 45), (4, 99), (5, 76), (6, 119), (7, 8), (8, 414)]
--------------------------------------------------
Client 42	 Size of data: 802	 Labels:  [0 1 2 3 4]
		 Samples of labels:  [(0, 2), (1, 26), (2, 25), (3, 539), (4, 210)]
--------------------------------------------------
Client 43	 Size of data: 706	 Labels:  [0 1 2 3 4 6 8 9]
		 Samples of labels:  [(0, 104), (1, 98), (2, 58), (3, 40), (4, 11), (6, 33), (8, 61), (9, 301)]
--------------------------------------------------
Client 44	 Size of data: 741	 Labels:  [0 1 2 3 4 5 6 7 8]
		 Samples of labels:  [(0, 18), (1, 50), (2, 18), (3, 176), (4, 13), (5, 95), (6, 161), (7, 5), (8, 205)]
--------------------------------------------------
Client 45	 Size of data: 661	 Labels:  [0 1 2 3 4 5 6 7 8 9]
		 Samples of labels:  [(0, 46), (1, 176), (2, 4), (3, 34), (4, 6), (5, 15), (6, 18), (7, 13), (8, 30), (9, 319)]
--------------------------------------------------
Client 46	 Size of data: 687	 Labels:  [0 1 2 3 4 5]
		 Samples of labels:  [(0, 61), (1, 24), (2, 171), (3, 102), (4, 37), (5, 292)]
--------------------------------------------------
Client 47	 Size of data: 601	 Labels:  [0 1 2 3 4 5 6 7 8 9]
		 Samples of labels:  [(0, 3), (1, 90), (2, 11), (3, 5), (4, 16), (5, 32), (6, 41), (7, 334), (8, 64), (9, 5)]
--------------------------------------------------
Client 48	 Size of data: 601	 Labels:  [0 1 2 3 4 5 6 7 8 9]
		 Samples of labels:  [(0, 8), (1, 17), (2, 3), (3, 4), (4, 88), (5, 281), (6, 16), (7, 4), (8, 17), (9, 163)]
--------------------------------------------------
Client 49	 Size of data: 711	 Labels:  [0 1 2 3]
		 Samples of labels:  [(0, 168), (1, 35), (2, 198), (3, 310)]
--------------------------------------------------
Client 50	 Size of data: 638	 Labels:  [1 2 3 4 5 6 7]
		 Samples of labels:  [(1, 13), (2, 1), (3, 145), (4, 122), (5, 141), (6, 23), (7, 193)]
--------------------------------------------------
Client 51	 Size of data: 651	 Labels:  [0 1 2 3 4 5]
		 Samples of labels:  [(0, 303), (1, 39), (2, 28), (3, 20), (4, 128), (5, 133)]
--------------------------------------------------
Client 52	 Size of data: 379	 Labels:  [1 2 3 4 5 6 7 8 9]
		 Samples of labels:  [(1, 1), (2, 88), (3, 2), (4, 21), (5, 100), (6, 25), (7, 5), (8, 17), (9, 120)]
--------------------------------------------------
Client 53	 Size of data: 726	 Labels:  [0 1 2 3 4 5 6 7 8 9]
		 Samples of labels:  [(0, 42), (1, 21), (2, 38), (3, 86), (4, 65), (5, 79), (6, 9), (7, 14), (8, 66), (9, 306)]
--------------------------------------------------
Client 54	 Size of data: 829	 Labels:  [0 1 2]
		 Samples of labels:  [(0, 9), (1, 4), (2, 816)]
--------------------------------------------------
Client 55	 Size of data: 466	 Labels:  [0 1 2 3 4 5 6 7 8 9]
		 Samples of labels:  [(0, 110), (1, 11), (2, 10), (3, 97), (4, 5), (5, 80), (6, 1), (7, 87), (8, 20), (9, 45)]
--------------------------------------------------
Client 56	 Size of data: 644	 Labels:  [0 1 2 3 4 5 6 7 8]
		 Samples of labels:  [(0, 73), (1, 76), (2, 7), (3, 1), (4, 20), (5, 27), (6, 182), (7, 119), (8, 139)]
--------------------------------------------------
Client 57	 Size of data: 604	 Labels:  [0 1 2 3 4 5 6 7 8]
		 Samples of labels:  [(0, 2), (1, 87), (2, 30), (3, 147), (4, 160), (5, 91), (6, 43), (7, 31), (8, 13)]
--------------------------------------------------
Client 58	 Size of data: 451	 Labels:  [0 1 2 3 4 5 6 7 8]
		 Samples of labels:  [(0, 32), (1, 5), (2, 5), (3, 36), (4, 20), (5, 243), (6, 7), (7, 1), (8, 102)]
--------------------------------------------------
Client 59	 Size of data: 557	 Labels:  [0 1 2 3 4 5 6 7 9]
		 Samples of labels:  [(0, 15), (1, 6), (2, 17), (3, 30), (4, 308), (5, 4), (6, 120), (7, 16), (9, 41)]
--------------------------------------------------
Client 60	 Size of data: 483	 Labels:  [0 1 2 3 4 5 6 7 8]
		 Samples of labels:  [(0, 3), (1, 52), (2, 19), (3, 33), (4, 30), (5, 205), (6, 62), (7, 75), (8, 4)]
--------------------------------------------------
Client 61	 Size of data: 151	 Labels:  [0 1 2 3 4 5 6 7 8 9]
		 Samples of labels:  [(0, 5), (1, 2), (2, 10), (3, 58), (4, 14), (5, 2), (6, 1), (7, 3), (8, 38), (9, 18)]
--------------------------------------------------
Client 62	 Size of data: 398	 Labels:  [0 1 3 4 5 6 7 8 9]
		 Samples of labels:  [(0, 18), (1, 37), (3, 19), (4, 52), (5, 66), (6, 72), (7, 49), (8, 34), (9, 51)]
--------------------------------------------------
Client 63	 Size of data: 634	 Labels:  [0 1 2 3 4]
		 Samples of labels:  [(0, 22), (1, 248), (2, 92), (3, 3), (4, 269)]
--------------------------------------------------
Client 64	 Size of data: 442	 Labels:  [0 1 2 3 4 5 6 7 8 9]
		 Samples of labels:  [(0, 7), (1, 24), (2, 2), (3, 15), (4, 50), (5, 245), (6, 63), (7, 20), (8, 1), (9, 15)]
--------------------------------------------------
Client 65	 Size of data: 709	 Labels:  [0 1 2 3 4 5 6 7 8]
		 Samples of labels:  [(0, 5), (1, 7), (2, 102), (3, 1), (4, 19), (5, 48), (6, 76), (7, 222), (8, 229)]
--------------------------------------------------
Client 66	 Size of data: 645	 Labels:  [0 1 2 3 4 5 6 8]
		 Samples of labels:  [(0, 75), (1, 39), (2, 27), (3, 42), (4, 1), (5, 46), (6, 100), (8, 315)]
--------------------------------------------------
Client 67	 Size of data: 335	 Labels:  [0 1 3 4 5 7 8 9]
		 Samples of labels:  [(0, 1), (1, 12), (3, 116), (4, 47), (5, 15), (7, 8), (8, 41), (9, 95)]
--------------------------------------------------
Client 68	 Size of data: 457	 Labels:  [0 1 2 4 5 6 7 8 9]
		 Samples of labels:  [(0, 46), (1, 227), (2, 39), (4, 86), (5, 3), (6, 17), (7, 37), (8, 1), (9, 1)]
--------------------------------------------------
Client 69	 Size of data: 460	 Labels:  [0 1 2 3 4 5 6 8 9]
		 Samples of labels:  [(0, 16), (1, 85), (2, 171), (3, 21), (4, 24), (5, 4), (6, 50), (8, 86), (9, 3)]
--------------------------------------------------
Client 70	 Size of data: 516	 Labels:  [0 1 2 3 4 5 6 7 9]
		 Samples of labels:  [(0, 48), (1, 13), (2, 28), (3, 125), (4, 3), (5, 150), (6, 36), (7, 1), (9, 112)]
--------------------------------------------------
Client 71	 Size of data: 609	 Labels:  [0 1 2 4 5 7]
		 Samples of labels:  [(0, 65), (1, 21), (2, 1), (4, 1), (5, 89), (7, 432)]
--------------------------------------------------
Client 72	 Size of data: 617	 Labels:  [0 1 2 3 4 5 6 7 8 9]
		 Samples of labels:  [(0, 11), (1, 206), (2, 34), (3, 3), (4, 65), (5, 56), (6, 2), (7, 21), (8, 27), (9, 192)]
--------------------------------------------------
Client 73	 Size of data: 506	 Labels:  [0 1 3 4 5 6 7 8 9]
		 Samples of labels:  [(0, 16), (1, 33), (3, 49), (4, 46), (5, 1), (6, 86), (7, 21), (8, 247), (9, 7)]
--------------------------------------------------
Client 74	 Size of data: 691	 Labels:  [0 1 2 3 4 6 7 8 9]
		 Samples of labels:  [(0, 29), (1, 211), (2, 166), (3, 26), (4, 24), (6, 18), (7, 1), (8, 19), (9, 197)]
--------------------------------------------------
Client 75	 Size of data: 438	 Labels:  [0 1 2 3 4 5 6 8 9]
		 Samples of labels:  [(0, 3), (1, 8), (2, 4), (3, 49), (4, 22), (5, 54), (6, 235), (8, 33), (9, 30)]
--------------------------------------------------
Client 76	 Size of data: 978	 Labels:  [0 1 2 3 5 6 7 8 9]
		 Samples of labels:  [(0, 204), (1, 42), (2, 56), (3, 2), (5, 59), (6, 1), (7, 95), (8, 65), (9, 454)]
--------------------------------------------------
Client 77	 Size of data: 606	 Labels:  [0 1 2 3 4 5 7 8]
		 Samples of labels:  [(0, 32), (1, 10), (2, 254), (3, 36), (4, 5), (5, 40), (7, 23), (8, 206)]
--------------------------------------------------
Client 78	 Size of data: 964	 Labels:  [0 1 2 4 5 6 7 9]
		 Samples of labels:  [(0, 106), (1, 63), (2, 99), (4, 4), (5, 84), (6, 128), (7, 49), (9, 431)]
--------------------------------------------------
Client 79	 Size of data: 244	 Labels:  [0 1 2 3 4 5 6 7 8]
		 Samples of labels:  [(0, 14), (1, 45), (2, 4), (3, 10), (4, 20), (5, 57), (6, 32), (7, 13), (8, 49)]
--------------------------------------------------
Client 80	 Size of data: 483	 Labels:  [0 1 2 3 4 5 6 8 9]
		 Samples of labels:  [(0, 51), (1, 16), (2, 2), (3, 18), (4, 23), (5, 2), (6, 286), (8, 12), (9, 73)]
--------------------------------------------------
Client 81	 Size of data: 636	 Labels:  [0 1 2 3 4 5 6 7 8]
		 Samples of labels:  [(0, 81), (1, 42), (2, 37), (3, 120), (4, 2), (5, 39), (6, 40), (7, 165), (8, 110)]
--------------------------------------------------
Client 82	 Size of data: 758	 Labels:  [0 1 2 3 4 5 6 7 8 9]
		 Samples of labels:  [(0, 51), (1, 32), (2, 147), (3, 2), (4, 42), (5, 81), (6, 21), (7, 3), (8, 54), (9, 325)]
--------------------------------------------------
Client 83	 Size of data: 354	 Labels:  [0 2 3 4 5 6 8 9]
		 Samples of labels:  [(0, 22), (2, 31), (3, 43), (4, 19), (5, 19), (6, 64), (8, 136), (9, 20)]
--------------------------------------------------
Client 84	 Size of data: 696	 Labels:  [0 1 3 4 5]
		 Samples of labels:  [(0, 27), (1, 271), (3, 139), (4, 51), (5, 208)]
--------------------------------------------------
Client 85	 Size of data: 808	 Labels:  [0 1 2 3 4 5 7 8]
		 Samples of labels:  [(0, 1), (1, 9), (2, 101), (3, 14), (4, 402), (5, 37), (7, 6), (8, 238)]
--------------------------------------------------
Client 86	 Size of data: 664	 Labels:  [0 1 2 4 5 6 7 8]
		 Samples of labels:  [(0, 135), (1, 9), (2, 4), (4, 3), (5, 60), (6, 2), (7, 162), (8, 289)]
--------------------------------------------------
Client 87	 Size of data: 663	 Labels:  [0 1 2 3 4 5 6 7 9]
		 Samples of labels:  [(0, 14), (1, 97), (2, 137), (3, 177), (4, 78), (5, 7), (6, 10), (7, 53), (9, 90)]
--------------------------------------------------
Client 88	 Size of data: 602	 Labels:  [0 1 2 3]
		 Samples of labels:  [(0, 255), (1, 32), (2, 83), (3, 232)]
--------------------------------------------------
Client 89	 Size of data: 602	 Labels:  [1 2 3 4 5]
		 Samples of labels:  [(1, 167), (2, 30), (3, 85), (4, 91), (5, 229)]
--------------------------------------------------
Client 90	 Size of data: 634	 Labels:  [0 1 2 3 4 5 6 7 8]
		 Samples of labels:  [(0, 124), (1, 202), (2, 19), (3, 13), (4, 10), (5, 8), (6, 12), (7, 55), (8, 191)]
--------------------------------------------------
Client 91	 Size of data: 646	 Labels:  [0 1 2 3 4 5 6 7]
		 Samples of labels:  [(0, 122), (1, 14), (2, 21), (3, 51), (4, 79), (5, 39), (6, 203), (7, 117)]
--------------------------------------------------
Client 92	 Size of data: 382	 Labels:  [0 1 2 3 4 5 6 7 8 9]
		 Samples of labels:  [(0, 20), (1, 130), (2, 14), (3, 72), (4, 4), (5, 5), (6, 9), (7, 4), (8, 3), (9, 121)]
--------------------------------------------------
Client 93	 Size of data: 548	 Labels:  [0 1 2 3 5 6 7 8 9]
		 Samples of labels:  [(0, 39), (1, 29), (2, 1), (3, 8), (5, 18), (6, 20), (7, 140), (8, 190), (9, 103)]
--------------------------------------------------
Client 94	 Size of data: 617	 Labels:  [0 1 2 3 4 5 6 7]
		 Samples of labels:  [(0, 97), (1, 30), (2, 26), (3, 29), (4, 42), (5, 8), (6, 237), (7, 148)]
--------------------------------------------------
Client 95	 Size of data: 455	 Labels:  [0 1 2 3 4 5 6 8 9]
		 Samples of labels:  [(0, 1), (1, 49), (2, 9), (3, 27), (4, 51), (5, 11), (6, 179), (8, 21), (9, 107)]
--------------------------------------------------
Client 96	 Size of data: 419	 Labels:  [0 1 2 3 4 5 6 7 8 9]
		 Samples of labels:  [(0, 33), (1, 9), (2, 23), (3, 9), (4, 4), (5, 23), (6, 85), (7, 3), (8, 227), (9, 3)]
--------------------------------------------------
Client 97	 Size of data: 794	 Labels:  [0 1 2 3 4 5 6]
		 Samples of labels:  [(0, 7), (1, 92), (2, 11), (3, 10), (4, 34), (5, 180), (6, 460)]
--------------------------------------------------
Client 98	 Size of data: 620	 Labels:  [0 1 2 3 4]
		 Samples of labels:  [(0, 62), (1, 113), (2, 283), (3, 118), (4, 44)]
--------------------------------------------------
Client 99	 Size of data: 618	 Labels:  [0 1 2 3 4 5 6 7 8]
		 Samples of labels:  [(0, 70), (1, 26), (2, 47), (3, 175), (4, 164), (5, 4), (6, 31), (7, 100), (8, 1)]
--------------------------------------------------
Total number of samples: 60000
The number of train samples: [540, 351, 503, 232, 484, 282, 463, 480, 504, 360, 232, 376, 604, 487, 882, 556, 574, 530, 481, 334, 504, 405, 492, 591, 518, 383, 376, 351, 492, 306, 488, 452, 851, 200, 480, 484, 379, 647, 929, 726, 512, 694, 641, 564, 592, 528, 549, 480, 480, 568, 510, 520, 303, 580, 663, 372, 515, 483, 360, 445, 386, 120, 318, 507, 353, 567, 516, 268, 365, 368, 412, 487, 493, 404, 552, 350, 782, 484, 771, 195, 386, 508, 606, 283, 556, 646, 531, 530, 481, 481, 507, 516, 305, 438, 493, 364, 335, 635, 496, 494]
The number of test samples: [135, 88, 126, 59, 121, 71, 116, 120, 127, 91, 59, 94, 152, 122, 221, 140, 144, 133, 121, 84, 126, 102, 123, 148, 130, 96, 95, 88, 124, 77, 122, 113, 213, 50, 121, 121, 95, 162, 233, 182, 129, 174, 161, 142, 149, 133, 138, 121, 121, 143, 128, 131, 76, 146, 166, 94, 129, 121, 91, 112, 97, 31, 80, 127, 89, 142, 129, 67, 92, 92, 104, 122, 124, 102, 139, 88, 196, 122, 193, 49, 97, 128, 152, 71, 140, 162, 133, 133, 121, 121, 127, 130, 77, 110, 124, 91, 84, 159, 124, 124]

Saving to disk.

Finish generating dataset.

