Files already downloaded and verified
Files already downloaded and verified
Number of classes: 10
Client 0	 Size of data: 781	 Labels:  [0 1 2 4 5 6 7]
		 Samples of labels:  [(0, 20), (1, 200), (2, 5), (4, 10), (5, 19), (6, 6), (7, 521)]
--------------------------------------------------
Client 1	 Size of data: 609	 Labels:  [0 1 2 3 4 5 6]
		 Samples of labels:  [(0, 88), (1, 3), (2, 336), (3, 83), (4, 8), (5, 4), (6, 87)]
--------------------------------------------------
Client 2	 Size of data: 638	 Labels:  [0 1 2 3 5]
		 Samples of labels:  [(0, 18), (1, 124), (2, 56), (3, 390), (5, 50)]
--------------------------------------------------
Client 3	 Size of data: 593	 Labels:  [0 1 2 3 4 5 6 7 8 9]
		 Samples of labels:  [(0, 15), (1, 71), (2, 25), (3, 46), (4, 98), (5, 186), (6, 5), (7, 59), (8, 84), (9, 4)]
--------------------------------------------------
Client 4	 Size of data: 469	 Labels:  [1 2 3 4 5 7 9]
		 Samples of labels:  [(1, 35), (2, 36), (3, 87), (4, 47), (5, 169), (7, 7), (9, 88)]
--------------------------------------------------
Client 5	 Size of data: 621	 Labels:  [0 1 2]
		 Samples of labels:  [(0, 79), (1, 478), (2, 64)]
--------------------------------------------------
Client 6	 Size of data: 569	 Labels:  [0 1 2 3 4 5 6 7 8 9]
		 Samples of labels:  [(0, 19), (1, 83), (2, 279), (3, 40), (4, 2), (5, 30), (6, 2), (7, 42), (8, 38), (9, 34)]
--------------------------------------------------
Client 7	 Size of data: 610	 Labels:  [0 1 2 4 5 6]
		 Samples of labels:  [(0, 2), (1, 139), (2, 178), (4, 142), (5, 119), (6, 30)]
--------------------------------------------------
Client 8	 Size of data: 599	 Labels:  [0 1 2 3 4 5 6 7 8 9]
		 Samples of labels:  [(0, 2), (1, 18), (2, 4), (3, 140), (4, 125), (5, 7), (6, 23), (7, 136), (8, 35), (9, 109)]
--------------------------------------------------
Client 9	 Size of data: 684	 Labels:  [0 1 2 3 4 5 6]
		 Samples of labels:  [(0, 106), (1, 90), (2, 31), (3, 130), (4, 145), (5, 2), (6, 180)]
--------------------------------------------------
Client 10	 Size of data: 694	 Labels:  [0 1 2 3 4 5 6 7]
		 Samples of labels:  [(0, 122), (1, 9), (2, 23), (3, 150), (4, 1), (5, 154), (6, 84), (7, 151)]
--------------------------------------------------
Client 11	 Size of data: 775	 Labels:  [0 1 2 3 4 5 6]
		 Samples of labels:  [(0, 274), (1, 6), (2, 1), (3, 108), (4, 5), (5, 4), (6, 377)]
--------------------------------------------------
Client 12	 Size of data: 632	 Labels:  [0 1 2 3 4 5 6 7 8]
		 Samples of labels:  [(0, 25), (1, 7), (2, 126), (3, 224), (4, 3), (5, 173), (6, 2), (7, 38), (8, 34)]
--------------------------------------------------
Client 13	 Size of data: 607	 Labels:  [0 1 2 4 5 6 7 8 9]
		 Samples of labels:  [(0, 101), (1, 2), (2, 3), (4, 92), (5, 10), (6, 73), (7, 29), (8, 282), (9, 15)]
--------------------------------------------------
Client 14	 Size of data: 715	 Labels:  [0 1 2 3 4 5 6 7]
		 Samples of labels:  [(0, 121), (1, 2), (2, 2), (3, 1), (4, 102), (5, 66), (6, 8), (7, 413)]
--------------------------------------------------
Client 15	 Size of data: 630	 Labels:  [0 1 2 3 5 6]
		 Samples of labels:  [(0, 9), (1, 143), (2, 392), (3, 21), (5, 25), (6, 40)]
--------------------------------------------------
Client 16	 Size of data: 667	 Labels:  [0 1 2 3 4]
		 Samples of labels:  [(0, 234), (1, 82), (2, 188), (3, 30), (4, 133)]
--------------------------------------------------
Client 17	 Size of data: 1006	 Labels:  [0 1 3 4 5 6 7 8]
		 Samples of labels:  [(0, 160), (1, 22), (3, 62), (4, 37), (5, 108), (6, 10), (7, 134), (8, 473)]
--------------------------------------------------
Client 18	 Size of data: 425	 Labels:  [0 1 2 3 4 5 6 7 8 9]
		 Samples of labels:  [(0, 117), (1, 53), (2, 39), (3, 92), (4, 34), (5, 7), (6, 2), (7, 19), (8, 35), (9, 27)]
--------------------------------------------------
Client 19	 Size of data: 588	 Labels:  [0 1 2 3 4 5 6 7 9]
		 Samples of labels:  [(0, 86), (1, 39), (2, 127), (3, 5), (4, 80), (5, 6), (6, 233), (7, 5), (9, 7)]
--------------------------------------------------
Client 20	 Size of data: 613	 Labels:  [0 1 2 3 4 5 6 7 8 9]
		 Samples of labels:  [(0, 22), (1, 24), (2, 1), (3, 2), (4, 1), (5, 67), (6, 46), (7, 221), (8, 2), (9, 227)]
--------------------------------------------------
Client 21	 Size of data: 477	 Labels:  [0 1 2 3 4 5 6 7 8 9]
		 Samples of labels:  [(0, 4), (1, 56), (2, 14), (3, 4), (4, 10), (5, 5), (6, 55), (7, 132), (8, 96), (9, 101)]
--------------------------------------------------
Client 22	 Size of data: 266	 Labels:  [0 1 2 3 4 5 6 7 8 9]
		 Samples of labels:  [(0, 10), (1, 16), (2, 8), (3, 67), (4, 24), (5, 26), (6, 59), (7, 9), (8, 43), (9, 4)]
--------------------------------------------------
Client 23	 Size of data: 610	 Labels:  [0 1 2 3 4 5 6]
		 Samples of labels:  [(0, 46), (1, 97), (2, 9), (3, 141), (4, 192), (5, 4), (6, 121)]
--------------------------------------------------
Client 24	 Size of data: 648	 Labels:  [0 1 2 3 4 5 6]
		 Samples of labels:  [(0, 23), (1, 82), (2, 33), (3, 64), (4, 60), (5, 302), (6, 84)]
--------------------------------------------------
Client 25	 Size of data: 664	 Labels:  [0 1 2 3 4 5 6]
		 Samples of labels:  [(0, 73), (1, 91), (2, 4), (3, 85), (4, 24), (5, 75), (6, 312)]
--------------------------------------------------
Client 26	 Size of data: 720	 Labels:  [0 1 2 3 4 5]
		 Samples of labels:  [(0, 3), (1, 5), (2, 435), (3, 34), (4, 56), (5, 187)]
--------------------------------------------------
Client 27	 Size of data: 309	 Labels:  [0 1 2 3 4 5 7 8 9]
		 Samples of labels:  [(0, 53), (1, 6), (2, 10), (3, 10), (4, 5), (5, 43), (7, 101), (8, 6), (9, 75)]
--------------------------------------------------
Client 28	 Size of data: 855	 Labels:  [0 1 2 3 4 5 6 7 8 9]
		 Samples of labels:  [(0, 3), (1, 71), (2, 60), (3, 4), (4, 6), (5, 82), (6, 4), (7, 41), (8, 81), (9, 503)]
--------------------------------------------------
Client 29	 Size of data: 612	 Labels:  [0 1 2 4 5]
		 Samples of labels:  [(0, 169), (1, 150), (2, 89), (4, 33), (5, 171)]
--------------------------------------------------
Client 30	 Size of data: 611	 Labels:  [0 1 2 3 4 5]
		 Samples of labels:  [(0, 72), (1, 53), (2, 107), (3, 137), (4, 1), (5, 241)]
--------------------------------------------------
Client 31	 Size of data: 705	 Labels:  [0 1 2 3 4 6 7 8]
		 Samples of labels:  [(0, 58), (1, 58), (2, 194), (3, 5), (4, 11), (6, 9), (7, 126), (8, 244)]
--------------------------------------------------
Client 32	 Size of data: 860	 Labels:  [0 1 2 4 5]
		 Samples of labels:  [(0, 166), (1, 71), (2, 29), (4, 211), (5, 383)]
--------------------------------------------------
Client 33	 Size of data: 209	 Labels:  [0 1 3 4 5 7 8 9]
		 Samples of labels:  [(0, 11), (1, 24), (3, 13), (4, 12), (5, 16), (7, 55), (8, 4), (9, 74)]
--------------------------------------------------
Client 34	 Size of data: 626	 Labels:  [0 1 2 3 4 5 6 7 8]
		 Samples of labels:  [(0, 31), (1, 10), (2, 45), (3, 3), (4, 293), (5, 5), (6, 115), (7, 60), (8, 64)]
--------------------------------------------------
Client 35	 Size of data: 611	 Labels:  [0 1 2 3 4]
		 Samples of labels:  [(0, 240), (1, 12), (2, 178), (3, 121), (4, 60)]
--------------------------------------------------
Client 36	 Size of data: 636	 Labels:  [0 1 2 3 4 5 6 7 8 9]
		 Samples of labels:  [(0, 54), (1, 137), (2, 44), (3, 7), (4, 3), (5, 43), (6, 215), (7, 8), (8, 34), (9, 91)]
--------------------------------------------------
Client 37	 Size of data: 480	 Labels:  [0 1 2 3 4 5 6 7 8 9]
		 Samples of labels:  [(0, 16), (1, 164), (2, 8), (3, 15), (4, 102), (5, 23), (6, 14), (7, 53), (8, 2), (9, 83)]
--------------------------------------------------
Client 38	 Size of data: 733	 Labels:  [0 1 2 3 4 5 6 7 8]
		 Samples of labels:  [(0, 62), (1, 2), (2, 12), (3, 83), (4, 72), (5, 30), (6, 137), (7, 9), (8, 326)]
--------------------------------------------------
Client 39	 Size of data: 648	 Labels:  [0 1 2 3 4 5]
		 Samples of labels:  [(0, 277), (1, 274), (2, 5), (3, 4), (4, 6), (5, 82)]
--------------------------------------------------
Client 40	 Size of data: 612	 Labels:  [0 1 4 5 6 7 9]
		 Samples of labels:  [(0, 14), (1, 181), (4, 151), (5, 18), (6, 75), (7, 52), (9, 121)]
--------------------------------------------------
Client 41	 Size of data: 623	 Labels:  [0 1 2 3 4 5 6]
		 Samples of labels:  [(0, 18), (1, 3), (2, 135), (3, 130), (4, 113), (5, 129), (6, 95)]
--------------------------------------------------
Client 42	 Size of data: 470	 Labels:  [0 1 2 3 5 6 7 8 9]
		 Samples of labels:  [(0, 24), (1, 56), (2, 112), (3, 24), (5, 96), (6, 9), (7, 99), (8, 49), (9, 1)]
--------------------------------------------------
Client 43	 Size of data: 601	 Labels:  [0 1 2 4 5 6 7 8 9]
		 Samples of labels:  [(0, 92), (1, 53), (2, 2), (4, 6), (5, 30), (6, 74), (7, 95), (8, 235), (9, 14)]
--------------------------------------------------
Client 44	 Size of data: 818	 Labels:  [0 1 2 3 4 5 6 7 8]
		 Samples of labels:  [(0, 14), (1, 142), (2, 159), (3, 10), (4, 49), (5, 53), (6, 29), (7, 124), (8, 238)]
--------------------------------------------------
Client 45	 Size of data: 417	 Labels:  [0 1 2 3 4 5 7 8 9]
		 Samples of labels:  [(0, 141), (1, 15), (2, 34), (3, 6), (4, 20), (5, 77), (7, 54), (8, 38), (9, 32)]
--------------------------------------------------
Client 46	 Size of data: 445	 Labels:  [1 3 4 5 6 7 8 9]
		 Samples of labels:  [(1, 16), (3, 52), (4, 34), (5, 6), (6, 130), (7, 45), (8, 30), (9, 132)]
--------------------------------------------------
Client 47	 Size of data: 621	 Labels:  [0 1 2 3 4 5 6 7 8]
		 Samples of labels:  [(0, 27), (1, 14), (2, 58), (3, 333), (4, 4), (5, 2), (6, 8), (7, 4), (8, 171)]
--------------------------------------------------
Client 48	 Size of data: 633	 Labels:  [0 1 2 3 4 5 6 7 8]
		 Samples of labels:  [(0, 53), (1, 184), (2, 45), (3, 88), (4, 4), (5, 154), (6, 4), (7, 40), (8, 61)]
--------------------------------------------------
Client 49	 Size of data: 827	 Labels:  [0 1 2 3 4 5 6 7 8 9]
		 Samples of labels:  [(0, 1), (1, 20), (2, 4), (3, 5), (4, 112), (5, 60), (6, 30), (7, 10), (8, 20), (9, 565)]
--------------------------------------------------
Client 50	 Size of data: 633	 Labels:  [0 1 2 4 5 6 7 8]
		 Samples of labels:  [(0, 5), (1, 164), (2, 38), (4, 10), (5, 43), (6, 181), (7, 124), (8, 68)]
--------------------------------------------------
Client 51	 Size of data: 352	 Labels:  [1 2 3 5 6 7 8 9]
		 Samples of labels:  [(1, 30), (2, 113), (3, 81), (5, 2), (6, 7), (7, 26), (8, 91), (9, 2)]
--------------------------------------------------
Client 52	 Size of data: 512	 Labels:  [0 1 2 3 4 5 6 7 8 9]
		 Samples of labels:  [(0, 6), (1, 190), (2, 17), (3, 1), (4, 120), (5, 26), (6, 1), (7, 26), (8, 33), (9, 92)]
--------------------------------------------------
Client 53	 Size of data: 348	 Labels:  [0 1 2 3 4 5 7 8]
		 Samples of labels:  [(0, 3), (1, 111), (2, 44), (3, 29), (4, 18), (5, 80), (7, 1), (8, 62)]
--------------------------------------------------
Client 54	 Size of data: 598	 Labels:  [0 1 2 3 4 5 6 7 8 9]
		 Samples of labels:  [(0, 77), (1, 129), (2, 176), (3, 18), (4, 18), (5, 53), (6, 7), (7, 28), (8, 12), (9, 80)]
--------------------------------------------------
Client 55	 Size of data: 640	 Labels:  [0 1 3 4 5 6 7 8 9]
		 Samples of labels:  [(0, 1), (1, 6), (3, 38), (4, 14), (5, 59), (6, 211), (7, 1), (8, 9), (9, 301)]
--------------------------------------------------
Client 56	 Size of data: 267	 Labels:  [0 1 2 3 4 5 6 7 8 9]
		 Samples of labels:  [(0, 28), (1, 2), (2, 114), (3, 9), (4, 57), (5, 18), (6, 2), (7, 28), (8, 6), (9, 3)]
--------------------------------------------------
Client 57	 Size of data: 777	 Labels:  [0 1 2 3 4 5 6]
		 Samples of labels:  [(0, 42), (1, 7), (2, 70), (3, 29), (4, 27), (5, 48), (6, 554)]
--------------------------------------------------
Client 58	 Size of data: 556	 Labels:  [0 1 3 4 5 6 7 8]
		 Samples of labels:  [(0, 92), (1, 49), (3, 3), (4, 284), (5, 2), (6, 21), (7, 104), (8, 1)]
--------------------------------------------------
Client 59	 Size of data: 397	 Labels:  [0 1 2 3 4 5 6 8 9]
		 Samples of labels:  [(0, 2), (1, 7), (2, 11), (3, 86), (4, 40), (5, 107), (6, 121), (8, 21), (9, 2)]
--------------------------------------------------
Client 60	 Size of data: 652	 Labels:  [0 1 2 3]
		 Samples of labels:  [(0, 427), (1, 44), (2, 14), (3, 167)]
--------------------------------------------------
Client 61	 Size of data: 272	 Labels:  [0 1 2 3 4 5 6 7 8 9]
		 Samples of labels:  [(0, 12), (1, 9), (2, 86), (3, 43), (4, 3), (5, 9), (6, 35), (7, 4), (8, 4), (9, 67)]
--------------------------------------------------
Client 62	 Size of data: 812	 Labels:  [0 1 2 3 4 5 6 7 8]
		 Samples of labels:  [(0, 87), (1, 71), (2, 21), (3, 132), (4, 123), (5, 114), (6, 1), (7, 7), (8, 256)]
--------------------------------------------------
Client 63	 Size of data: 430	 Labels:  [0 1 2 3 4 5 6 7 8 9]
		 Samples of labels:  [(0, 50), (1, 28), (2, 2), (3, 63), (4, 11), (5, 3), (6, 26), (7, 54), (8, 2), (9, 191)]
--------------------------------------------------
Client 64	 Size of data: 652	 Labels:  [0 1 2 3 4]
		 Samples of labels:  [(0, 314), (1, 97), (2, 139), (3, 39), (4, 63)]
--------------------------------------------------
Client 65	 Size of data: 649	 Labels:  [0 1 2 3 4 5 6 7 8 9]
		 Samples of labels:  [(0, 25), (1, 24), (2, 47), (3, 12), (4, 282), (5, 38), (6, 76), (7, 10), (8, 84), (9, 51)]
--------------------------------------------------
Client 66	 Size of data: 449	 Labels:  [0 1 2 3 4 5 6 7 9]
		 Samples of labels:  [(0, 32), (1, 4), (2, 12), (3, 28), (4, 53), (5, 6), (6, 34), (7, 77), (9, 203)]
--------------------------------------------------
Client 67	 Size of data: 157	 Labels:  [0 1 2 3 4 5 6 7 8 9]
		 Samples of labels:  [(0, 8), (1, 17), (2, 6), (3, 23), (4, 11), (5, 3), (6, 4), (7, 5), (8, 78), (9, 2)]
--------------------------------------------------
Client 68	 Size of data: 756	 Labels:  [0 1 2 3 4 5 6 8 9]
		 Samples of labels:  [(0, 164), (1, 2), (2, 21), (3, 33), (4, 189), (5, 14), (6, 88), (8, 7), (9, 238)]
--------------------------------------------------
Client 69	 Size of data: 389	 Labels:  [0 1 2 3 4 5 6 7 8 9]
		 Samples of labels:  [(0, 20), (1, 16), (2, 5), (3, 52), (4, 7), (5, 3), (6, 5), (7, 10), (8, 247), (9, 24)]
--------------------------------------------------
Client 70	 Size of data: 459	 Labels:  [0 1 2 3 4 5 6 7 8 9]
		 Samples of labels:  [(0, 25), (1, 1), (2, 3), (3, 13), (4, 32), (5, 1), (6, 71), (7, 310), (8, 2), (9, 1)]
--------------------------------------------------
Client 71	 Size of data: 735	 Labels:  [0 1 2 3]
		 Samples of labels:  [(0, 3), (1, 51), (2, 300), (3, 381)]
--------------------------------------------------
Client 72	 Size of data: 613	 Labels:  [0 1 2 3 4]
		 Samples of labels:  [(0, 5), (1, 18), (2, 1), (3, 519), (4, 70)]
--------------------------------------------------
Client 73	 Size of data: 619	 Labels:  [0 1 2 3 4]
		 Samples of labels:  [(0, 54), (1, 131), (2, 51), (3, 88), (4, 295)]
--------------------------------------------------
Client 74	 Size of data: 667	 Labels:  [0 1 2 3 4 5 6 7 8]
		 Samples of labels:  [(0, 61), (1, 154), (2, 4), (3, 32), (4, 89), (5, 162), (6, 21), (7, 6), (8, 138)]
--------------------------------------------------
Client 75	 Size of data: 1070	 Labels:  [0 1 2 3 4 5 6 7]
		 Samples of labels:  [(0, 7), (1, 71), (2, 30), (3, 62), (4, 3), (5, 11), (6, 1), (7, 885)]
--------------------------------------------------
Client 76	 Size of data: 625	 Labels:  [1 3 4 5 6 7 8]
		 Samples of labels:  [(1, 62), (3, 92), (4, 1), (5, 260), (6, 27), (7, 53), (8, 130)]
--------------------------------------------------
Client 77	 Size of data: 427	 Labels:  [0 1 2 3 4 5 6 7 8 9]
		 Samples of labels:  [(0, 11), (1, 5), (2, 11), (3, 9), (4, 19), (5, 18), (6, 90), (7, 87), (8, 31), (9, 146)]
--------------------------------------------------
Client 78	 Size of data: 684	 Labels:  [0 1 2 3 4 5 6 7 8]
		 Samples of labels:  [(0, 9), (1, 82), (2, 151), (3, 3), (4, 194), (5, 27), (6, 8), (7, 20), (8, 190)]
--------------------------------------------------
Client 79	 Size of data: 623	 Labels:  [0 1 2 3 4 5 6 7 8 9]
		 Samples of labels:  [(0, 22), (1, 119), (2, 6), (3, 10), (4, 99), (5, 75), (6, 23), (7, 12), (8, 2), (9, 255)]
--------------------------------------------------
Client 80	 Size of data: 404	 Labels:  [0 1 3 4 5 6 7 8 9]
		 Samples of labels:  [(0, 60), (1, 34), (3, 85), (4, 75), (5, 32), (6, 7), (7, 59), (8, 15), (9, 37)]
--------------------------------------------------
Client 81	 Size of data: 633	 Labels:  [0 1 2 3 4 5 6 7]
		 Samples of labels:  [(0, 117), (1, 160), (2, 30), (3, 89), (4, 9), (5, 24), (6, 38), (7, 166)]
--------------------------------------------------
Client 82	 Size of data: 602	 Labels:  [1 2 3 4 5 6]
		 Samples of labels:  [(1, 3), (2, 3), (3, 54), (4, 38), (5, 87), (6, 417)]
--------------------------------------------------
Client 83	 Size of data: 776	 Labels:  [0 1 2 3 5 6 8]
		 Samples of labels:  [(0, 66), (1, 8), (2, 8), (3, 2), (5, 431), (6, 64), (8, 197)]
--------------------------------------------------
Client 84	 Size of data: 577	 Labels:  [0 1 2 3 4 5 6 7 8 9]
		 Samples of labels:  [(0, 184), (1, 30), (2, 17), (3, 2), (4, 110), (5, 1), (6, 9), (7, 13), (8, 177), (9, 34)]
--------------------------------------------------
Client 85	 Size of data: 894	 Labels:  [0 1 3 4 5 6 7 8 9]
		 Samples of labels:  [(0, 99), (1, 20), (3, 3), (4, 63), (5, 2), (6, 3), (7, 212), (8, 4), (9, 488)]
--------------------------------------------------
Client 86	 Size of data: 1176	 Labels:  [0 1 2 3 4 5 6 7 8 9]
		 Samples of labels:  [(0, 12), (1, 62), (2, 30), (3, 17), (4, 16), (5, 1), (6, 89), (7, 171), (8, 37), (9, 741)]
--------------------------------------------------
Client 87	 Size of data: 657	 Labels:  [0 1 2 3 4 5]
		 Samples of labels:  [(0, 4), (1, 7), (2, 10), (3, 3), (4, 414), (5, 219)]
--------------------------------------------------
Client 88	 Size of data: 588	 Labels:  [0 1 2 3 4 5 6 7 8 9]
		 Samples of labels:  [(0, 156), (1, 68), (2, 3), (3, 27), (4, 34), (5, 101), (6, 42), (7, 45), (8, 21), (9, 91)]
--------------------------------------------------
Client 89	 Size of data: 698	 Labels:  [0 1 2 3 4 5 6 7 8 9]
		 Samples of labels:  [(0, 5), (1, 2), (2, 6), (3, 31), (4, 45), (5, 97), (6, 22), (7, 37), (8, 221), (9, 232)]
--------------------------------------------------
Client 90	 Size of data: 1111	 Labels:  [0 2 3 4 5 6 7 8]
		 Samples of labels:  [(0, 16), (2, 117), (3, 214), (4, 7), (5, 25), (6, 14), (7, 145), (8, 573)]
--------------------------------------------------
Client 91	 Size of data: 428	 Labels:  [0 1 2 3 4 5 6 7 8 9]
		 Samples of labels:  [(0, 17), (1, 51), (2, 47), (3, 25), (4, 84), (5, 82), (6, 77), (7, 3), (8, 35), (9, 7)]
--------------------------------------------------
Client 92	 Size of data: 505	 Labels:  [0 1 2 3 4 6 7 8 9]
		 Samples of labels:  [(0, 1), (1, 1), (2, 237), (3, 5), (4, 48), (6, 16), (7, 81), (8, 30), (9, 86)]
--------------------------------------------------
Client 93	 Size of data: 359	 Labels:  [0 2 3 4 5 6 7 8 9]
		 Samples of labels:  [(0, 48), (2, 33), (3, 32), (4, 12), (5, 57), (6, 162), (7, 6), (8, 5), (9, 4)]
--------------------------------------------------
Client 94	 Size of data: 355	 Labels:  [0 1 2 3 4 6 7 8 9]
		 Samples of labels:  [(0, 37), (1, 112), (2, 4), (3, 41), (4, 3), (6, 118), (7, 14), (8, 1), (9, 25)]
--------------------------------------------------
Client 95	 Size of data: 678	 Labels:  [0 2 3 4 5 6 7]
		 Samples of labels:  [(0, 1), (2, 47), (3, 58), (4, 21), (5, 43), (6, 379), (7, 129)]
--------------------------------------------------
Client 96	 Size of data: 402	 Labels:  [0 1 2 3 4 5 6 7 8 9]
		 Samples of labels:  [(0, 70), (1, 13), (2, 57), (3, 1), (4, 1), (5, 13), (6, 123), (7, 93), (8, 20), (9, 11)]
--------------------------------------------------
Client 97	 Size of data: 626	 Labels:  [0 1 2 3 4 5 6 7 8 9]
		 Samples of labels:  [(0, 22), (1, 1), (2, 33), (3, 6), (4, 97), (5, 10), (6, 2), (7, 52), (8, 311), (9, 92)]
--------------------------------------------------
Client 98	 Size of data: 549	 Labels:  [0 1 3 5 6 7 8 9]
		 Samples of labels:  [(0, 85), (1, 17), (3, 136), (5, 41), (6, 6), (7, 3), (8, 85), (9, 176)]
--------------------------------------------------
Client 99	 Size of data: 290	 Labels:  [0 1 2 3 4 5 6 7 8 9]
		 Samples of labels:  [(0, 33), (1, 17), (2, 76), (3, 18), (4, 52), (5, 3), (6, 10), (7, 1), (8, 69), (9, 11)]
--------------------------------------------------
Total number of samples: 60000
The number of train samples: [624, 487, 510, 474, 375, 496, 455, 488, 479, 547, 555, 620, 505, 485, 572, 504, 533, 804, 340, 470, 490, 381, 212, 488, 518, 531, 576, 247, 684, 489, 488, 564, 688, 167, 500, 488, 508, 384, 586, 518, 489, 498, 376, 480, 654, 333, 356, 496, 506, 661, 506, 281, 409, 278, 478, 512, 213, 621, 444, 317, 521, 217, 649, 344, 521, 519, 359, 125, 604, 311, 367, 588, 490, 495, 533, 856, 500, 341, 547, 498, 323, 506, 481, 620, 461, 715, 940, 525, 470, 558, 888, 342, 404, 287, 284, 542, 321, 500, 439, 232]
The number of test samples: [157, 122, 128, 119, 94, 125, 114, 122, 120, 137, 139, 155, 127, 122, 143, 126, 134, 202, 85, 118, 123, 96, 54, 122, 130, 133, 144, 62, 171, 123, 123, 141, 172, 42, 126, 123, 128, 96, 147, 130, 123, 125, 94, 121, 164, 84, 89, 125, 127, 166, 127, 71, 103, 70, 120, 128, 54, 156, 112, 80, 131, 55, 163, 86, 131, 130, 90, 32, 152, 78, 92, 147, 123, 124, 134, 214, 125, 86, 137, 125, 81, 127, 121, 156, 116, 179, 236, 132, 118, 140, 223, 86, 101, 72, 71, 136, 81, 126, 110, 58]

Saving to disk.

Finish generating dataset.

