Files already downloaded and verified
Files already downloaded and verified
Number of classes: 10
Client 0	 Size of data: 638	 Labels:  [0 1 2 3 4 5 6 7 8 9]
		 Samples of labels:  [(0, 36), (1, 10), (2, 56), (3, 2), (4, 5), (5, 218), (6, 10), (7, 83), (8, 107), (9, 111)]
--------------------------------------------------
Client 1	 Size of data: 706	 Labels:  [0 1 2 3 4 5 6 7]
		 Samples of labels:  [(0, 14), (1, 17), (2, 23), (3, 1), (4, 139), (5, 338), (6, 52), (7, 122)]
--------------------------------------------------
Client 2	 Size of data: 248	 Labels:  [0 1 2 3 4 5 6 7 8 9]
		 Samples of labels:  [(0, 27), (1, 2), (2, 16), (3, 1), (4, 33), (5, 21), (6, 55), (7, 24), (8, 55), (9, 14)]
--------------------------------------------------
Client 3	 Size of data: 602	 Labels:  [0 1 2 3 4 5]
		 Samples of labels:  [(0, 307), (1, 21), (2, 14), (3, 156), (4, 14), (5, 90)]
--------------------------------------------------
Client 4	 Size of data: 814	 Labels:  [0 1 2 3 4 5 6 7]
		 Samples of labels:  [(0, 118), (1, 69), (2, 28), (3, 18), (4, 26), (5, 33), (6, 27), (7, 495)]
--------------------------------------------------
Client 5	 Size of data: 453	 Labels:  [0 1 2 3 4 6 7 8 9]
		 Samples of labels:  [(0, 68), (1, 129), (2, 156), (3, 64), (4, 11), (6, 16), (7, 1), (8, 2), (9, 6)]
--------------------------------------------------
Client 6	 Size of data: 634	 Labels:  [0 1 2 3 4]
		 Samples of labels:  [(0, 1), (1, 72), (2, 41), (3, 149), (4, 371)]
--------------------------------------------------
Client 7	 Size of data: 723	 Labels:  [0 1 2 3 4 5 6 7]
		 Samples of labels:  [(0, 85), (1, 138), (2, 35), (3, 19), (4, 99), (5, 46), (6, 20), (7, 281)]
--------------------------------------------------
Client 8	 Size of data: 353	 Labels:  [0 1 2 3 4 5 6 7 8 9]
		 Samples of labels:  [(0, 10), (1, 5), (2, 16), (3, 1), (4, 2), (5, 89), (6, 127), (7, 26), (8, 64), (9, 13)]
--------------------------------------------------
Client 9	 Size of data: 845	 Labels:  [0 1 2 3 4 5 6 7]
		 Samples of labels:  [(0, 4), (1, 12), (2, 137), (3, 237), (4, 48), (5, 114), (6, 11), (7, 282)]
--------------------------------------------------
Client 10	 Size of data: 561	 Labels:  [0 1 2 3 4 5 6 7 8 9]
		 Samples of labels:  [(0, 14), (1, 8), (2, 5), (3, 104), (4, 19), (5, 89), (6, 250), (7, 15), (8, 50), (9, 7)]
--------------------------------------------------
Client 11	 Size of data: 572	 Labels:  [0 2 3 4 5 6 7 8 9]
		 Samples of labels:  [(0, 23), (2, 33), (3, 30), (4, 135), (5, 95), (6, 194), (7, 1), (8, 25), (9, 36)]
--------------------------------------------------
Client 12	 Size of data: 606	 Labels:  [0 1 3 4 5 6 7]
		 Samples of labels:  [(0, 457), (1, 39), (3, 2), (4, 43), (5, 27), (6, 6), (7, 32)]
--------------------------------------------------
Client 13	 Size of data: 723	 Labels:  [1 2 3 4]
		 Samples of labels:  [(1, 31), (2, 83), (3, 117), (4, 492)]
--------------------------------------------------
Client 14	 Size of data: 539	 Labels:  [0 1 2 3 4 5 6 7 8 9]
		 Samples of labels:  [(0, 6), (1, 11), (2, 190), (3, 70), (4, 9), (5, 58), (6, 1), (7, 99), (8, 83), (9, 12)]
--------------------------------------------------
Client 15	 Size of data: 655	 Labels:  [0 1 2 3 4 5 6 7]
		 Samples of labels:  [(0, 2), (1, 320), (2, 101), (3, 15), (4, 89), (5, 21), (6, 8), (7, 99)]
--------------------------------------------------
Client 16	 Size of data: 555	 Labels:  [0 1 2 3 4 5 6 7 8 9]
		 Samples of labels:  [(0, 109), (1, 6), (2, 2), (3, 18), (4, 119), (5, 39), (6, 32), (7, 200), (8, 13), (9, 17)]
--------------------------------------------------
Client 17	 Size of data: 993	 Labels:  [0 1 3 4 5 6 7 8 9]
		 Samples of labels:  [(0, 54), (1, 5), (3, 7), (4, 1), (5, 26), (6, 44), (7, 38), (8, 122), (9, 696)]
--------------------------------------------------
Client 18	 Size of data: 1036	 Labels:  [0 1 2 3 4 5 6 7 9]
		 Samples of labels:  [(0, 153), (1, 143), (2, 26), (3, 103), (4, 104), (5, 7), (6, 1), (7, 9), (9, 490)]
--------------------------------------------------
Client 19	 Size of data: 683	 Labels:  [0 1 3 4 5 6 7 8]
		 Samples of labels:  [(0, 71), (1, 18), (3, 8), (4, 1), (5, 82), (6, 264), (7, 77), (8, 162)]
--------------------------------------------------
Client 20	 Size of data: 615	 Labels:  [0 1 2 3 4 5 6]
		 Samples of labels:  [(0, 85), (1, 25), (2, 10), (3, 15), (4, 118), (5, 221), (6, 141)]
--------------------------------------------------
Client 21	 Size of data: 366	 Labels:  [0 1 2 3 4 5 7 8 9]
		 Samples of labels:  [(0, 55), (1, 3), (2, 24), (3, 21), (4, 2), (5, 5), (7, 120), (8, 84), (9, 52)]
--------------------------------------------------
Client 22	 Size of data: 612	 Labels:  [0 1 2 3 5 6 7 8 9]
		 Samples of labels:  [(0, 5), (1, 84), (2, 147), (3, 106), (5, 15), (6, 47), (7, 3), (8, 158), (9, 47)]
--------------------------------------------------
Client 23	 Size of data: 626	 Labels:  [0 1 2 3 4 5 6 7 8 9]
		 Samples of labels:  [(0, 10), (1, 31), (2, 15), (3, 2), (4, 154), (5, 147), (6, 35), (7, 43), (8, 4), (9, 185)]
--------------------------------------------------
Client 24	 Size of data: 606	 Labels:  [0 1 2 3 4 5 6 7]
		 Samples of labels:  [(0, 18), (1, 80), (2, 37), (3, 87), (4, 7), (5, 284), (6, 63), (7, 30)]
--------------------------------------------------
Client 25	 Size of data: 308	 Labels:  [0 1 2 3 4 5 6 7 9]
		 Samples of labels:  [(0, 1), (1, 89), (2, 27), (3, 18), (4, 4), (5, 14), (6, 19), (7, 1), (9, 135)]
--------------------------------------------------
Client 26	 Size of data: 600	 Labels:  [0 1 2 3 4 5 6 7]
		 Samples of labels:  [(0, 390), (1, 4), (2, 13), (3, 2), (4, 31), (5, 96), (6, 63), (7, 1)]
--------------------------------------------------
Client 27	 Size of data: 375	 Labels:  [0 1 2 3 4 5 6 7 8 9]
		 Samples of labels:  [(0, 60), (1, 26), (2, 82), (3, 14), (4, 1), (5, 1), (6, 5), (7, 16), (8, 114), (9, 56)]
--------------------------------------------------
Client 28	 Size of data: 626	 Labels:  [0 1 2 3 4]
		 Samples of labels:  [(0, 67), (1, 86), (2, 149), (3, 77), (4, 247)]
--------------------------------------------------
Client 29	 Size of data: 563	 Labels:  [0 1 2 3 4 5 6 7 8 9]
		 Samples of labels:  [(0, 56), (1, 2), (2, 38), (3, 17), (4, 279), (5, 44), (6, 48), (7, 4), (8, 63), (9, 12)]
--------------------------------------------------
Client 30	 Size of data: 458	 Labels:  [0 1 2 3 4 5 6 7 8 9]
		 Samples of labels:  [(0, 86), (1, 46), (2, 8), (3, 82), (4, 33), (5, 11), (6, 59), (7, 33), (8, 56), (9, 44)]
--------------------------------------------------
Client 31	 Size of data: 1017	 Labels:  [0 2 3 4 5 6 7]
		 Samples of labels:  [(0, 22), (2, 181), (3, 18), (4, 101), (5, 89), (6, 1), (7, 605)]
--------------------------------------------------
Client 32	 Size of data: 475	 Labels:  [0 1 2 3 4 5 6 7 8 9]
		 Samples of labels:  [(0, 12), (1, 67), (2, 11), (3, 76), (4, 8), (5, 30), (6, 3), (7, 47), (8, 208), (9, 13)]
--------------------------------------------------
Client 33	 Size of data: 803	 Labels:  [0 1 2 3 4 5 6]
		 Samples of labels:  [(0, 74), (1, 163), (2, 11), (3, 286), (4, 22), (5, 13), (6, 234)]
--------------------------------------------------
Client 34	 Size of data: 734	 Labels:  [0 1 2 3 4 5 6 7]
		 Samples of labels:  [(0, 313), (1, 1), (2, 199), (3, 1), (4, 53), (5, 5), (6, 6), (7, 156)]
--------------------------------------------------
Client 35	 Size of data: 278	 Labels:  [0 1 2 3 4 7 9]
		 Samples of labels:  [(0, 8), (1, 16), (2, 1), (3, 110), (4, 2), (7, 11), (9, 130)]
--------------------------------------------------
Client 36	 Size of data: 427	 Labels:  [0 1 2 3 4 5 6 7 8 9]
		 Samples of labels:  [(0, 5), (1, 103), (2, 145), (3, 4), (4, 6), (5, 67), (6, 49), (7, 2), (8, 28), (9, 18)]
--------------------------------------------------
Client 37	 Size of data: 365	 Labels:  [0 1 2 3 4 5 7 8 9]
		 Samples of labels:  [(0, 7), (1, 71), (2, 4), (3, 52), (4, 88), (5, 1), (7, 17), (8, 102), (9, 23)]
--------------------------------------------------
Client 38	 Size of data: 370	 Labels:  [0 1 2 3 4 5 6 7 8 9]
		 Samples of labels:  [(0, 139), (1, 10), (2, 19), (3, 3), (4, 3), (5, 48), (6, 84), (7, 5), (8, 29), (9, 30)]
--------------------------------------------------
Client 39	 Size of data: 582	 Labels:  [0 1 2 3 4 5 6 7 8 9]
		 Samples of labels:  [(0, 74), (1, 113), (2, 70), (3, 14), (4, 8), (5, 25), (6, 15), (7, 7), (8, 71), (9, 185)]
--------------------------------------------------
Client 40	 Size of data: 641	 Labels:  [0 1 2 3 4 6 7 8 9]
		 Samples of labels:  [(0, 92), (1, 72), (2, 1), (3, 7), (4, 84), (6, 1), (7, 33), (8, 296), (9, 55)]
--------------------------------------------------
Client 41	 Size of data: 724	 Labels:  [0 1 2 3 4 5 6 7 8]
		 Samples of labels:  [(0, 5), (1, 33), (2, 35), (3, 73), (4, 183), (5, 3), (6, 3), (7, 15), (8, 374)]
--------------------------------------------------
Client 42	 Size of data: 467	 Labels:  [0 1 2 4 5 6 7 8]
		 Samples of labels:  [(0, 2), (1, 25), (2, 5), (4, 5), (5, 41), (6, 135), (7, 156), (8, 98)]
--------------------------------------------------
Client 43	 Size of data: 623	 Labels:  [0 1 2 3 4 6 7 8]
		 Samples of labels:  [(0, 13), (1, 26), (2, 52), (3, 124), (4, 134), (6, 47), (7, 5), (8, 222)]
--------------------------------------------------
Client 44	 Size of data: 609	 Labels:  [1]
		 Samples of labels:  [(1, 609)]
--------------------------------------------------
Client 45	 Size of data: 733	 Labels:  [0 1 2 3]
		 Samples of labels:  [(0, 5), (1, 152), (2, 267), (3, 309)]
--------------------------------------------------
Client 46	 Size of data: 927	 Labels:  [0 1 2 3 4 5 6 7]
		 Samples of labels:  [(0, 22), (1, 26), (2, 14), (3, 85), (4, 255), (5, 107), (6, 59), (7, 359)]
--------------------------------------------------
Client 47	 Size of data: 468	 Labels:  [0 1 2 4 5 6 7 8 9]
		 Samples of labels:  [(0, 8), (1, 191), (2, 145), (4, 7), (5, 2), (6, 2), (7, 60), (8, 51), (9, 2)]
--------------------------------------------------
Client 48	 Size of data: 281	 Labels:  [0 1 2 3 4 5 6 7 8 9]
		 Samples of labels:  [(0, 13), (1, 44), (2, 11), (3, 15), (4, 63), (5, 33), (6, 4), (7, 45), (8, 43), (9, 10)]
--------------------------------------------------
Client 49	 Size of data: 737	 Labels:  [0 1 2 3 4 5 6 7]
		 Samples of labels:  [(0, 2), (1, 81), (2, 58), (3, 50), (4, 15), (5, 28), (6, 343), (7, 160)]
--------------------------------------------------
Client 50	 Size of data: 781	 Labels:  [0 1 2 3 4 5 7 8 9]
		 Samples of labels:  [(0, 1), (1, 9), (2, 11), (3, 71), (4, 38), (5, 1), (7, 140), (8, 40), (9, 470)]
--------------------------------------------------
Client 51	 Size of data: 468	 Labels:  [0 1 2 3 4 5 7 8 9]
		 Samples of labels:  [(0, 79), (1, 36), (2, 1), (3, 1), (4, 2), (5, 20), (7, 45), (8, 135), (9, 149)]
--------------------------------------------------
Client 52	 Size of data: 601	 Labels:  [0 1 2 3 4 5 6 7 8]
		 Samples of labels:  [(0, 2), (1, 12), (2, 113), (3, 49), (4, 35), (5, 334), (6, 27), (7, 21), (8, 8)]
--------------------------------------------------
Client 53	 Size of data: 365	 Labels:  [0 1 2 3 4 5 6 7 8 9]
		 Samples of labels:  [(0, 58), (1, 47), (2, 16), (3, 14), (4, 2), (5, 12), (6, 83), (7, 10), (8, 108), (9, 15)]
--------------------------------------------------
Client 54	 Size of data: 474	 Labels:  [0 1 2 3 4 5 6 7 8 9]
		 Samples of labels:  [(0, 47), (1, 4), (2, 144), (3, 1), (4, 1), (5, 20), (6, 116), (7, 92), (8, 17), (9, 32)]
--------------------------------------------------
Client 55	 Size of data: 553	 Labels:  [0 1 2 3 4 5 6 7 8 9]
		 Samples of labels:  [(0, 55), (1, 31), (2, 1), (3, 143), (4, 2), (5, 8), (6, 8), (7, 9), (8, 197), (9, 99)]
--------------------------------------------------
Client 56	 Size of data: 238	 Labels:  [0 1 2 4 5 6 7 8 9]
		 Samples of labels:  [(0, 51), (1, 19), (2, 16), (4, 18), (5, 1), (6, 39), (7, 35), (8, 39), (9, 20)]
--------------------------------------------------
Client 57	 Size of data: 630	 Labels:  [0 1 2 3 4 5 6 7 8 9]
		 Samples of labels:  [(0, 8), (1, 20), (2, 181), (3, 7), (4, 89), (5, 6), (6, 4), (7, 22), (8, 149), (9, 144)]
--------------------------------------------------
Client 58	 Size of data: 726	 Labels:  [0 1 2 3 4 5 6 7 8]
		 Samples of labels:  [(0, 4), (1, 34), (2, 7), (3, 89), (4, 74), (5, 77), (6, 242), (7, 4), (8, 195)]
--------------------------------------------------
Client 59	 Size of data: 607	 Labels:  [0 1 2 3 4 5 6]
		 Samples of labels:  [(0, 114), (1, 2), (2, 62), (3, 232), (4, 42), (5, 88), (6, 67)]
--------------------------------------------------
Client 60	 Size of data: 619	 Labels:  [0 1 2 3 4]
		 Samples of labels:  [(0, 25), (1, 45), (2, 236), (3, 268), (4, 45)]
--------------------------------------------------
Client 61	 Size of data: 527	 Labels:  [0 1 2 3 4 5 6 7 8 9]
		 Samples of labels:  [(0, 142), (1, 18), (2, 8), (3, 97), (4, 101), (5, 20), (6, 19), (7, 61), (8, 3), (9, 58)]
--------------------------------------------------
Client 62	 Size of data: 406	 Labels:  [0 1 2 3 4 5 6 7 8 9]
		 Samples of labels:  [(0, 83), (1, 51), (2, 87), (3, 136), (4, 16), (5, 7), (6, 16), (7, 5), (8, 4), (9, 1)]
--------------------------------------------------
Client 63	 Size of data: 507	 Labels:  [0 1 2 3 4 5 6 7 8 9]
		 Samples of labels:  [(0, 79), (1, 16), (2, 113), (3, 45), (4, 1), (5, 37), (6, 158), (7, 37), (8, 8), (9, 13)]
--------------------------------------------------
Client 64	 Size of data: 798	 Labels:  [1 2 3 4 5 7 8]
		 Samples of labels:  [(1, 119), (2, 244), (3, 1), (4, 20), (5, 85), (7, 10), (8, 319)]
--------------------------------------------------
Client 65	 Size of data: 213	 Labels:  [0 1 3 4 5 6 7 8 9]
		 Samples of labels:  [(0, 50), (1, 4), (3, 1), (4, 31), (5, 9), (6, 2), (7, 56), (8, 39), (9, 21)]
--------------------------------------------------
Client 66	 Size of data: 623	 Labels:  [0 1 2 3]
		 Samples of labels:  [(0, 172), (1, 9), (2, 265), (3, 177)]
--------------------------------------------------
Client 67	 Size of data: 606	 Labels:  [0 1 2 3 4 5 6]
		 Samples of labels:  [(0, 12), (1, 146), (2, 2), (3, 117), (4, 199), (5, 51), (6, 79)]
--------------------------------------------------
Client 68	 Size of data: 315	 Labels:  [0 1 2 3 5 6 7 8 9]
		 Samples of labels:  [(0, 14), (1, 1), (2, 4), (3, 78), (5, 14), (6, 154), (7, 26), (8, 12), (9, 12)]
--------------------------------------------------
Client 69	 Size of data: 609	 Labels:  [0 1 2 3 4 5 6 7]
		 Samples of labels:  [(0, 77), (1, 5), (2, 79), (3, 16), (4, 68), (5, 329), (6, 17), (7, 18)]
--------------------------------------------------
Client 70	 Size of data: 587	 Labels:  [0 1 2 3 4 5 6 7 8 9]
		 Samples of labels:  [(0, 125), (1, 106), (2, 40), (3, 38), (4, 25), (5, 1), (6, 147), (7, 2), (8, 35), (9, 68)]
--------------------------------------------------
Client 71	 Size of data: 697	 Labels:  [0 3 4 5 6 7]
		 Samples of labels:  [(0, 130), (3, 1), (4, 7), (5, 29), (6, 171), (7, 359)]
--------------------------------------------------
Client 72	 Size of data: 549	 Labels:  [0 1 2 3 4 5 6 7 8 9]
		 Samples of labels:  [(0, 88), (1, 59), (2, 41), (3, 137), (4, 3), (5, 147), (6, 37), (7, 11), (8, 6), (9, 20)]
--------------------------------------------------
Client 73	 Size of data: 897	 Labels:  [0 1 2 3 4 5 6 7]
		 Samples of labels:  [(0, 2), (1, 73), (2, 176), (3, 1), (4, 55), (5, 90), (6, 149), (7, 351)]
--------------------------------------------------
Client 74	 Size of data: 602	 Labels:  [0 2 3 4 5 6 7 8 9]
		 Samples of labels:  [(0, 6), (2, 21), (3, 88), (4, 102), (5, 5), (6, 151), (7, 123), (8, 58), (9, 48)]
--------------------------------------------------
Client 75	 Size of data: 363	 Labels:  [0 1 2 3 4 5 6 7 8 9]
		 Samples of labels:  [(0, 17), (1, 116), (2, 8), (3, 16), (4, 15), (5, 66), (6, 27), (7, 19), (8, 49), (9, 30)]
--------------------------------------------------
Client 76	 Size of data: 812	 Labels:  [2 3 4 5 6 7 8]
		 Samples of labels:  [(2, 24), (3, 196), (4, 5), (5, 3), (6, 230), (7, 18), (8, 336)]
--------------------------------------------------
Client 77	 Size of data: 656	 Labels:  [0 1 2 3 4 5]
		 Samples of labels:  [(0, 68), (1, 112), (2, 135), (3, 15), (4, 147), (5, 179)]
--------------------------------------------------
Client 78	 Size of data: 800	 Labels:  [0 1 2 3 4 5 6 7 8 9]
		 Samples of labels:  [(0, 53), (1, 1), (2, 112), (3, 3), (4, 1), (5, 1), (6, 67), (7, 10), (8, 6), (9, 546)]
--------------------------------------------------
Client 79	 Size of data: 700	 Labels:  [0 1 2 3]
		 Samples of labels:  [(0, 1), (1, 362), (2, 4), (3, 333)]
--------------------------------------------------
Client 80	 Size of data: 770	 Labels:  [0 1 2 3 4 5 6 7 8 9]
		 Samples of labels:  [(0, 18), (1, 38), (2, 129), (3, 66), (4, 52), (5, 24), (6, 87), (7, 7), (8, 114), (9, 235)]
--------------------------------------------------
Client 81	 Size of data: 562	 Labels:  [0 1 2 3 4 5 6 7 8 9]
		 Samples of labels:  [(0, 3), (1, 23), (2, 49), (3, 4), (4, 15), (5, 140), (6, 32), (7, 12), (8, 44), (9, 240)]
--------------------------------------------------
Client 82	 Size of data: 896	 Labels:  [0 1 2 3 4 6 7 8 9]
		 Samples of labels:  [(0, 5), (1, 26), (2, 5), (3, 20), (4, 12), (6, 89), (7, 15), (8, 126), (9, 598)]
--------------------------------------------------
Client 83	 Size of data: 503	 Labels:  [0 1 2 3 4 5 6 7 8 9]
		 Samples of labels:  [(0, 24), (1, 1), (2, 4), (3, 33), (4, 190), (5, 5), (6, 1), (7, 1), (8, 215), (9, 29)]
--------------------------------------------------
Client 84	 Size of data: 712	 Labels:  [0 1 3 4 5 6 7 8]
		 Samples of labels:  [(0, 83), (1, 63), (3, 88), (4, 7), (5, 149), (6, 86), (7, 34), (8, 202)]
--------------------------------------------------
Client 85	 Size of data: 505	 Labels:  [0 1 2 3 4 5 6 7 8 9]
		 Samples of labels:  [(0, 3), (1, 40), (2, 29), (3, 73), (4, 4), (5, 120), (6, 17), (7, 26), (8, 33), (9, 160)]
--------------------------------------------------
Client 86	 Size of data: 612	 Labels:  [0 1 2 4 5 6 7 8 9]
		 Samples of labels:  [(0, 13), (1, 13), (2, 57), (4, 36), (5, 16), (6, 316), (7, 22), (8, 107), (9, 32)]
--------------------------------------------------
Client 87	 Size of data: 660	 Labels:  [0 1 2 3 4 5]
		 Samples of labels:  [(0, 36), (1, 216), (2, 1), (3, 13), (4, 133), (5, 261)]
--------------------------------------------------
Client 88	 Size of data: 624	 Labels:  [0 1 2 3 4 5]
		 Samples of labels:  [(0, 128), (1, 2), (2, 82), (3, 2), (4, 197), (5, 213)]
--------------------------------------------------
Client 89	 Size of data: 311	 Labels:  [0 1 3 4 5 6 7 8]
		 Samples of labels:  [(0, 117), (1, 42), (3, 11), (4, 18), (5, 1), (6, 30), (7, 30), (8, 62)]
--------------------------------------------------
Client 90	 Size of data: 485	 Labels:  [0 1 3 4 5 6 7 8]
		 Samples of labels:  [(0, 100), (1, 8), (3, 24), (4, 187), (5, 3), (6, 2), (7, 65), (8, 96)]
--------------------------------------------------
Client 91	 Size of data: 667	 Labels:  [0 1 2 3 4 5]
		 Samples of labels:  [(0, 62), (1, 249), (2, 121), (3, 6), (4, 39), (5, 190)]
--------------------------------------------------
Client 92	 Size of data: 658	 Labels:  [1 2 3 4 5 6 7]
		 Samples of labels:  [(1, 185), (2, 2), (3, 106), (4, 19), (5, 2), (6, 270), (7, 74)]
--------------------------------------------------
Client 93	 Size of data: 727	 Labels:  [0 1 2 3 4 5]
		 Samples of labels:  [(0, 228), (1, 78), (2, 227), (3, 7), (4, 44), (5, 143)]
--------------------------------------------------
Client 94	 Size of data: 595	 Labels:  [0 1 2 3 4 5 6 7 8 9]
		 Samples of labels:  [(0, 128), (1, 2), (2, 4), (3, 77), (4, 24), (5, 154), (6, 32), (7, 1), (8, 6), (9, 167)]
--------------------------------------------------
Client 95	 Size of data: 555	 Labels:  [0 1 2 3 4 5 6 7 8 9]
		 Samples of labels:  [(0, 49), (1, 24), (2, 42), (3, 38), (4, 21), (5, 65), (6, 68), (7, 35), (8, 149), (9, 64)]
--------------------------------------------------
Client 96	 Size of data: 723	 Labels:  [0 1 2 3 4 5 6 7 8 9]
		 Samples of labels:  [(0, 39), (1, 1), (2, 5), (3, 36), (4, 142), (5, 17), (6, 67), (7, 6), (8, 81), (9, 329)]
--------------------------------------------------
Client 97	 Size of data: 722	 Labels:  [0 1 2 3 4 5 6 7]
		 Samples of labels:  [(0, 181), (1, 64), (2, 29), (3, 28), (4, 27), (5, 115), (6, 66), (7, 212)]
--------------------------------------------------
Client 98	 Size of data: 736	 Labels:  [0 1 2 3 4 5 6 7 8]
		 Samples of labels:  [(0, 10), (1, 65), (2, 110), (3, 24), (4, 4), (5, 18), (6, 129), (7, 59), (8, 317)]
--------------------------------------------------
Client 99	 Size of data: 693	 Labels:  [0 1 2 3 4 5 6 7 8 9]
		 Samples of labels:  [(0, 2), (1, 68), (2, 212), (3, 183), (4, 12), (5, 1), (6, 114), (7, 99), (8, 1), (9, 1)]
--------------------------------------------------
Total number of samples: 60000
The number of train samples: [510, 564, 198, 481, 651, 362, 507, 578, 282, 676, 448, 457, 484, 578, 431, 524, 444, 794, 828, 546, 492, 292, 489, 500, 484, 246, 480, 300, 500, 450, 366, 813, 380, 642, 587, 222, 341, 292, 296, 465, 512, 579, 373, 498, 487, 586, 741, 374, 224, 589, 624, 374, 480, 292, 379, 442, 190, 504, 580, 485, 495, 421, 324, 405, 638, 170, 498, 484, 252, 487, 469, 557, 439, 717, 481, 290, 649, 524, 640, 560, 616, 449, 716, 402, 569, 404, 489, 528, 499, 248, 388, 533, 526, 581, 476, 444, 578, 577, 588, 554]
The number of test samples: [128, 142, 50, 121, 163, 91, 127, 145, 71, 169, 113, 115, 122, 145, 108, 131, 111, 199, 208, 137, 123, 74, 123, 126, 122, 62, 120, 75, 126, 113, 92, 204, 95, 161, 147, 56, 86, 73, 74, 117, 129, 145, 94, 125, 122, 147, 186, 94, 57, 148, 157, 94, 121, 73, 95, 111, 48, 126, 146, 122, 124, 106, 82, 102, 160, 43, 125, 122, 63, 122, 118, 140, 110, 180, 121, 73, 163, 132, 160, 140, 154, 113, 180, 101, 143, 101, 123, 132, 125, 63, 97, 134, 132, 146, 119, 111, 145, 145, 148, 139]

feature i shape: (3, 32, 32)
feature i shape: (3, 32, 32)
feature i shape: (3, 32, 32)
feature i shape: (3, 32, 32)
feature i shape: (3, 32, 32)
feature i shape: (3, 32, 32)
feature i shape: (3, 32, 32)
feature i shape: (3, 32, 32)
feature i shape: (3, 32, 32)
feature i shape: (3, 32, 32)
Saving to disk.

Finish generating dataset.

feature i shape: (3, 32, 32)
feature i shape: (3, 32, 32)
feature i shape: (3, 32, 32)
feature i shape: (3, 32, 32)
feature i shape: (3, 32, 32)
feature i shape: (3, 32, 32)
feature i shape: (3, 32, 32)
feature i shape: (3, 32, 32)
feature i shape: (3, 32, 32)
feature i shape: (3, 32, 32)
feature i shape: (3, 32, 32)
feature i shape: (3, 32, 32)
feature i shape: (3, 32, 32)
feature i shape: (3, 32, 32)
feature i shape: (3, 32, 32)
feature i shape: (3, 32, 32)
feature i shape: (3, 32, 32)
feature i shape: (3, 32, 32)
feature i shape: (3, 32, 32)
feature i shape: (3, 32, 32)
feature i shape: (3, 32, 32)
feature i shape: (3, 32, 32)
feature i shape: (3, 32, 32)
feature i shape: (3, 32, 32)
feature i shape: (3, 32, 32)
feature i shape: (3, 32, 32)
feature i shape: (3, 32, 32)
feature i shape: (3, 32, 32)
feature i shape: (3, 32, 32)
feature i shape: (3, 32, 32)
feature i shape: (3, 32, 32)
feature i shape: (3, 32, 32)
feature i shape: (3, 32, 32)
feature i shape: (3, 32, 32)
feature i shape: (3, 32, 32)
feature i shape: (3, 32, 32)
feature i shape: (3, 32, 32)
feature i shape: (3, 32, 32)
feature i shape: (3, 32, 32)
feature i shape: (3, 32, 32)
feature i shape: (3, 32, 32)
feature i shape: (3, 32, 32)
feature i shape: (3, 32, 32)
feature i shape: (3, 32, 32)
feature i shape: (3, 32, 32)
feature i shape: (3, 32, 32)
feature i shape: (3, 32, 32)
feature i shape: (3, 32, 32)
feature i shape: (3, 32, 32)
feature i shape: (3, 32, 32)
feature i shape: (3, 32, 32)
feature i shape: (3, 32, 32)
feature i shape: (3, 32, 32)
feature i shape: (3, 32, 32)
feature i shape: (3, 32, 32)
feature i shape: (3, 32, 32)
feature i shape: (3, 32, 32)
feature i shape: (3, 32, 32)
feature i shape: (3, 32, 32)
feature i shape: (3, 32, 32)
feature i shape: (3, 32, 32)
feature i shape: (3, 32, 32)
feature i shape: (3, 32, 32)
feature i shape: (3, 32, 32)
feature i shape: (3, 32, 32)
feature i shape: (3, 32, 32)
feature i shape: (3, 32, 32)
feature i shape: (3, 32, 32)
feature i shape: (3, 32, 32)
feature i shape: (3, 32, 32)
feature i shape: (3, 32, 32)
feature i shape: (3, 32, 32)
feature i shape: (3, 32, 32)
feature i shape: (3, 32, 32)
feature i shape: (3, 32, 32)
feature i shape: (3, 32, 32)
feature i shape: (3, 32, 32)
feature i shape: (3, 32, 32)
feature i shape: (3, 32, 32)
feature i shape: (3, 32, 32)
feature i shape: (3, 32, 32)
feature i shape: (3, 32, 32)
feature i shape: (3, 32, 32)
feature i shape: (3, 32, 32)
feature i shape: (3, 32, 32)
feature i shape: (3, 32, 32)
feature i shape: (3, 32, 32)
feature i shape: (3, 32, 32)
feature i shape: (3, 32, 32)
feature i shape: (3, 32, 32)
feature i shape: (3, 32, 32)
feature i shape: (3, 32, 32)
feature i shape: (3, 32, 32)
feature i shape: (3, 32, 32)
feature i shape: (3, 32, 32)
feature i shape: (3, 32, 32)
feature i shape: (3, 32, 32)
feature i shape: (3, 32, 32)
feature i shape: (3, 32, 32)
feature i shape: (3, 32, 32)
