================================================================================
Summary of training process:
Algorithm: FedRep
Attack method:attackall
Defense method:none
Attack goal:attackall
Start attack iteration:30
Batch size: 64
Learing rate       : 0.1
Average Moving       : 1.0
Subset of users      : 10
Number of global rounds       : 6
Number of local rounds       : 1
Dataset       : Cifar10
Local Model       : cnn
Per_local epoch:1
one shot:0
scale rate:0
================================================================================
['f_00007', 'f_00001', 'f_00062', 'f_00020', 'f_00096', 'f_00085', 'f_00051', 'f_00043', 'f_00037', 'f_00058']
---------------Running time:------------ 0
Files already downloaded and verified
Files already downloaded and verified
Number of users / total users: 10  /  100
Finished creating FedAvg server.
Files already downloaded and verified
Files already downloaded and verified
Finished creating FedRep server.
-------------Round number:  0  -------------
Evaluate global model
Average Global Accurancy:  0.0668
Average Global Trainning Accurancy:  0.06846666666666666

global benign client acc list:[0.09333333333333334, 0.06, 0.04, 0.04666666666666667, 0.05333333333333334, 0.05333333333333334, 0.06, 0.09333333333333334, 0.1, 0.06666666666666667, 0.08666666666666667, 0.06, 0.08, 0.05333333333333334, 0.08, 0.07333333333333333, 0.09333333333333334, 0.05333333333333334, 0.11333333333333333, 0.02666666666666667, 0.1, 0.08666666666666667, 0.09333333333333334, 0.04, 0.08, 0.10666666666666667, 0.06666666666666667, 0.08, 0.06, 0.04, 0.06666666666666667, 0.09333333333333334, 0.04666666666666667, 0.06, 0.04666666666666667, 0.08, 0.06, 0.06, 0.04, 0.04666666666666667, 0.07333333333333333, 0.04666666666666667, 0.04, 0.08, 0.06666666666666667, 0.06666666666666667, 0.07333333333333333, 0.04666666666666667, 0.04, 0.07333333333333333, 0.04, 0.08666666666666667, 0.07333333333333333, 0.04, 0.08, 0.05333333333333334, 0.05333333333333334, 0.06666666666666667, 0.08666666666666667, 0.04666666666666667, 0.04, 0.09333333333333334, 0.1, 0.04666666666666667, 0.04666666666666667, 0.06666666666666667, 0.07333333333333333, 0.06, 0.05333333333333334, 0.05333333333333334, 0.08, 0.06666666666666667, 0.07333333333333333, 0.11333333333333333, 0.09333333333333334, 0.06, 0.06666666666666667, 0.08666666666666667, 0.06666666666666667, 0.02666666666666667, 0.06, 0.08, 0.07333333333333333, 0.06, 0.05333333333333334, 0.03333333333333333, 0.05333333333333334, 0.07333333333333333, 0.06, 0.08666666666666667]; mean acc:0.06637037037037037
global malicious client acc list:[0.04666666666666667, 0.04666666666666667, 0.07333333333333333, 0.10666666666666667, 0.05333333333333334, 0.06666666666666667, 0.05333333333333334, 0.13333333333333333, 0.04, 0.08666666666666667]; mean acc:0.07066666666666667
Average Global ATTACK ALL ASR:  0.0
Average Global ATTACK ALL train ASR:  0.0
global benign client asr list:[0.0, 0.0, 0.0, 0.0, 0.0, 0.0, 0.0, 0.0, 0.0, 0.0, 0.0, 0.0, 0.0, 0.0, 0.0, 0.0, 0.0, 0.0, 0.0, 0.0, 0.0, 0.0, 0.0, 0.0, 0.0, 0.0, 0.0, 0.0, 0.0, 0.0, 0.0, 0.0, 0.0, 0.0, 0.0, 0.0, 0.0, 0.0, 0.0, 0.0, 0.0, 0.0, 0.0, 0.0, 0.0, 0.0, 0.0, 0.0, 0.0, 0.0, 0.0, 0.0, 0.0, 0.0, 0.0, 0.0, 0.0, 0.0, 0.0, 0.0, 0.0, 0.0, 0.0, 0.0, 0.0, 0.0, 0.0, 0.0, 0.0, 0.0, 0.0, 0.0, 0.0, 0.0, 0.0, 0.0, 0.0, 0.0, 0.0, 0.0, 0.0, 0.0, 0.0, 0.0, 0.0, 0.0, 0.0, 0.0, 0.0, 0.0]; mean asr:0.0
global malicious client asr list:[0.0, 0.0, 0.0, 0.0, 0.0, 0.0, 0.0, 0.0, 0.0, 0.0]; mean asr:0.0

Evaluate global model with a few step updates, which is personalized model
Average Personal Accurancy (k local SGD):  0.0964
Average Personal Trainning Accurancy (k local SGD):  0.10537777777777778
global benign client acc list:[0.14, 0.09333333333333334, 0.07333333333333333, 0.08666666666666667, 0.11333333333333333, 0.09333333333333334, 0.11333333333333333, 0.11333333333333333, 0.09333333333333334, 0.10666666666666667, 0.12666666666666668, 0.09333333333333334, 0.1, 0.07333333333333333, 0.06666666666666667, 0.11333333333333333, 0.11333333333333333, 0.10666666666666667, 0.14666666666666667, 0.06666666666666667, 0.09333333333333334, 0.11333333333333333, 0.12666666666666668, 0.08, 0.12666666666666668, 0.14666666666666667, 0.08, 0.07333333333333333, 0.08666666666666667, 0.1, 0.09333333333333334, 0.10666666666666667, 0.09333333333333334, 0.06, 0.08, 0.11333333333333333, 0.08666666666666667, 0.06, 0.06666666666666667, 0.08666666666666667, 0.12, 0.07333333333333333, 0.12666666666666668, 0.09333333333333334, 0.1, 0.1, 0.12, 0.14, 0.08, 0.08666666666666667, 0.05333333333333334, 0.11333333333333333, 0.06666666666666667, 0.05333333333333334, 0.1, 0.08, 0.1, 0.09333333333333334, 0.11333333333333333, 0.10666666666666667, 0.10666666666666667, 0.09333333333333334, 0.13333333333333333, 0.06, 0.08, 0.11333333333333333, 0.08, 0.09333333333333334, 0.07333333333333333, 0.07333333333333333, 0.08, 0.09333333333333334, 0.07333333333333333, 0.13333333333333333, 0.12666666666666668, 0.16, 0.05333333333333334, 0.08, 0.08666666666666667, 0.08, 0.08666666666666667, 0.14, 0.07333333333333333, 0.1, 0.09333333333333334, 0.08, 0.1, 0.1, 0.05333333333333334, 0.09333333333333334]; mean acc:0.0957777777777778
global malicious client acc list:[0.08666666666666667, 0.09333333333333334, 0.08666666666666667, 0.14, 0.08, 0.08666666666666667, 0.1, 0.15333333333333332, 0.07333333333333333, 0.12]; mean acc:0.10200000000000001
Average Personal ATTACK ALL ASR (k local SGD):  0.009
Average Personal ATTACK ALL Trainning ASR (k local SGD):  0.0088
person benign client asr list:[0.0, 0.0, 0.0, 0.0, 0.0, 0.0, 0.0, 0.0, 0.0, 0.0, 0.0, 0.0, 0.0, 0.0, 0.0, 0.0, 0.0, 0.0, 0.0, 0.0, 0.9, 0.0, 0.0, 0.0, 0.0, 0.0, 0.0, 0.0, 0.0, 0.0, 0.0, 0.0, 0.0, 0.0, 0.0, 0.0, 0.0, 0.0, 0.0, 0.0, 0.0, 0.0, 0.0, 0.0, 0.0, 0.0, 0.0, 0.0, 0.0, 0.0, 0.0, 0.0, 0.0, 0.0, 0.0, 0.0, 0.0, 0.0, 0.0, 0.0, 0.0, 0.0, 0.0, 0.0, 0.0, 0.0, 0.0, 0.0, 0.0, 0.0, 0.0, 0.0, 0.0, 0.0, 0.0, 0.0, 0.0, 0.0, 0.0, 0.0, 0.0, 0.0, 0.0, 0.0, 0.0, 0.0, 0.0, 0.0, 0.0, 0.0]; mean asr:0.01
person malicious client asr list:[0.0, 0.0, 0.0, 0.0, 0.0, 0.0, 0.0, 0.0, 0.0, 0.0]; mean asr:0.0
================================================================================
f_00080
ACC :0.08666666666666667
ASR :0.0
================================================================================
f_00084
ACC :0.09333333333333334
ASR :0.0
================================================================================
f_00033
ACC :0.08
ASR :0.0
================================================================================
f_00081
ACC :0.12
ASR :0.0
================================================================================
f_00093
ACC :0.1
ASR :0.0
================================================================================
f_00017
ACC :0.10666666666666667
ASR :0.0
================================================================================
f_00036
ACC :0.09333333333333334
ASR :0.0
================================================================================
f_00082
ACC :0.11333333333333333
ASR :0.0
================================================================================
f_00069
ACC :0.11333333333333333
ASR :0.0
================================================================================
f_00065
ACC :0.08666666666666667
ASR :0.0
-------------Round number:  1  -------------
Evaluate global model
Average Global Accurancy:  0.07406666666666667
Average Global Trainning Accurancy:  0.07575555555555556

global benign client acc list:[0.09333333333333334, 0.06666666666666667, 0.04, 0.05333333333333334, 0.06666666666666667, 0.07333333333333333, 0.07333333333333333, 0.09333333333333334, 0.1, 0.07333333333333333, 0.08666666666666667, 0.06, 0.08666666666666667, 0.05333333333333334, 0.09333333333333334, 0.10666666666666667, 0.10666666666666667, 0.06, 0.11333333333333333, 0.03333333333333333, 0.10666666666666667, 0.08666666666666667, 0.1, 0.05333333333333334, 0.08, 0.12, 0.07333333333333333, 0.07333333333333333, 0.06, 0.04666666666666667, 0.08, 0.09333333333333334, 0.05333333333333334, 0.08666666666666667, 0.05333333333333334, 0.08666666666666667, 0.06666666666666667, 0.06, 0.04, 0.05333333333333334, 0.08, 0.05333333333333334, 0.06666666666666667, 0.08, 0.07333333333333333, 0.08, 0.08, 0.06, 0.05333333333333334, 0.07333333333333333, 0.04666666666666667, 0.08666666666666667, 0.08666666666666667, 0.04, 0.08, 0.06, 0.06, 0.08666666666666667, 0.08666666666666667, 0.05333333333333334, 0.04666666666666667, 0.11333333333333333, 0.08666666666666667, 0.04666666666666667, 0.04666666666666667, 0.1, 0.08, 0.07333333333333333, 0.06, 0.06, 0.08, 0.06666666666666667, 0.1, 0.12, 0.11333333333333333, 0.07333333333333333, 0.09333333333333334, 0.08666666666666667, 0.06666666666666667, 0.03333333333333333, 0.06, 0.08666666666666667, 0.07333333333333333, 0.06666666666666667, 0.1, 0.04, 0.06666666666666667, 0.07333333333333333, 0.06, 0.08666666666666667]; mean acc:0.07392592592592592
global malicious client acc list:[0.04666666666666667, 0.04666666666666667, 0.08, 0.10666666666666667, 0.06, 0.07333333333333333, 0.07333333333333333, 0.13333333333333333, 0.04666666666666667, 0.08666666666666667]; mean acc:0.07533333333333334
Average Global ATTACK ALL ASR:  0.0
Average Global ATTACK ALL train ASR:  0.0
global benign client asr list:[0.0, 0.0, 0.0, 0.0, 0.0, 0.0, 0.0, 0.0, 0.0, 0.0, 0.0, 0.0, 0.0, 0.0, 0.0, 0.0, 0.0, 0.0, 0.0, 0.0, 0.0, 0.0, 0.0, 0.0, 0.0, 0.0, 0.0, 0.0, 0.0, 0.0, 0.0, 0.0, 0.0, 0.0, 0.0, 0.0, 0.0, 0.0, 0.0, 0.0, 0.0, 0.0, 0.0, 0.0, 0.0, 0.0, 0.0, 0.0, 0.0, 0.0, 0.0, 0.0, 0.0, 0.0, 0.0, 0.0, 0.0, 0.0, 0.0, 0.0, 0.0, 0.0, 0.0, 0.0, 0.0, 0.0, 0.0, 0.0, 0.0, 0.0, 0.0, 0.0, 0.0, 0.0, 0.0, 0.0, 0.0, 0.0, 0.0, 0.0, 0.0, 0.0, 0.0, 0.0, 0.0, 0.0, 0.0, 0.0, 0.0, 0.0]; mean asr:0.0
global malicious client asr list:[0.0, 0.0, 0.0, 0.0, 0.0, 0.0, 0.0, 0.0, 0.0, 0.0]; mean asr:0.0

Evaluate global model with a few step updates, which is personalized model
Average Personal Accurancy (k local SGD):  0.09766666666666667
Average Personal Trainning Accurancy (k local SGD):  0.1063111111111111
global benign client acc list:[0.15333333333333332, 0.09333333333333334, 0.07333333333333333, 0.09333333333333334, 0.11333333333333333, 0.09333333333333334, 0.11333333333333333, 0.11333333333333333, 0.1, 0.10666666666666667, 0.12666666666666668, 0.09333333333333334, 0.11333333333333333, 0.07333333333333333, 0.07333333333333333, 0.12666666666666668, 0.11333333333333333, 0.12666666666666668, 0.14666666666666667, 0.06666666666666667, 0.1, 0.11333333333333333, 0.12666666666666668, 0.08, 0.12666666666666668, 0.13333333333333333, 0.08, 0.07333333333333333, 0.08666666666666667, 0.1, 0.1, 0.10666666666666667, 0.09333333333333334, 0.06, 0.08, 0.11333333333333333, 0.09333333333333334, 0.07333333333333333, 0.06, 0.09333333333333334, 0.12, 0.07333333333333333, 0.12, 0.12, 0.1, 0.1, 0.12, 0.14, 0.08666666666666667, 0.08666666666666667, 0.04666666666666667, 0.11333333333333333, 0.06666666666666667, 0.05333333333333334, 0.1, 0.08666666666666667, 0.1, 0.09333333333333334, 0.11333333333333333, 0.10666666666666667, 0.10666666666666667, 0.09333333333333334, 0.13333333333333333, 0.06, 0.08, 0.11333333333333333, 0.08666666666666667, 0.09333333333333334, 0.07333333333333333, 0.1, 0.08, 0.08, 0.06666666666666667, 0.13333333333333333, 0.09333333333333334, 0.14666666666666667, 0.05333333333333334, 0.08, 0.08, 0.08, 0.08666666666666667, 0.14, 0.08, 0.1, 0.1, 0.08, 0.1, 0.1, 0.07333333333333333, 0.10666666666666667]; mean acc:0.09725925925925927
global malicious client acc list:[0.08666666666666667, 0.1, 0.08666666666666667, 0.12666666666666668, 0.08, 0.08666666666666667, 0.09333333333333334, 0.15333333333333332, 0.07333333333333333, 0.12666666666666668]; mean acc:0.10133333333333334
Average Personal ATTACK ALL ASR (k local SGD):  0.0092
Average Personal ATTACK ALL Trainning ASR (k local SGD):  0.009222222222222222
person benign client asr list:[0.0, 0.0, 0.0, 0.0, 0.0, 0.0, 0.0, 0.0, 0.0, 0.0, 0.0, 0.0, 0.0, 0.0, 0.0, 0.0, 0.0, 0.0, 0.0, 0.0, 0.92, 0.0, 0.0, 0.0, 0.0, 0.0, 0.0, 0.0, 0.0, 0.0, 0.0, 0.0, 0.0, 0.0, 0.0, 0.0, 0.0, 0.0, 0.0, 0.0, 0.0, 0.0, 0.0, 0.0, 0.0, 0.0, 0.0, 0.0, 0.0, 0.0, 0.0, 0.0, 0.0, 0.0, 0.0, 0.0, 0.0, 0.0, 0.0, 0.0, 0.0, 0.0, 0.0, 0.0, 0.0, 0.0, 0.0, 0.0, 0.0, 0.0, 0.0, 0.0, 0.0, 0.0, 0.0, 0.0, 0.0, 0.0, 0.0, 0.0, 0.0, 0.0, 0.0, 0.0, 0.0, 0.0, 0.0, 0.0, 0.0, 0.0]; mean asr:0.010222222222222223
person malicious client asr list:[0.0, 0.0, 0.0, 0.0, 0.0, 0.0, 0.0, 0.0, 0.0, 0.0]; mean asr:0.0
================================================================================
f_00044
ACC :0.09333333333333334
ASR :0.0
================================================================================
f_00096
client is malicious client!
ACC :0.1
ASR :0.0
================================================================================
f_00001
client is malicious client!
ACC :0.07333333333333333
ASR :0.0
================================================================================
f_00035
ACC :0.06666666666666667
ASR :0.0
================================================================================
f_00026
ACC :0.05333333333333334
ASR :0.0
================================================================================
f_00011
ACC :0.10666666666666667
ASR :0.0
================================================================================
f_00038
ACC :0.06
ASR :0.0
================================================================================
f_00082
ACC :0.12
ASR :0.0
================================================================================
f_00087
ACC :0.08
ASR :0.0
================================================================================
f_00003
ACC :0.06
ASR :0.0
-------------Round number:  2  -------------
Evaluate global model
Average Global Accurancy:  0.0794
Average Global Trainning Accurancy:  0.08137777777777777

global benign client acc list:[0.09333333333333334, 0.07333333333333333, 0.06, 0.06, 0.07333333333333333, 0.08666666666666667, 0.08, 0.09333333333333334, 0.1, 0.1, 0.09333333333333334, 0.06, 0.08666666666666667, 0.05333333333333334, 0.1, 0.10666666666666667, 0.10666666666666667, 0.06, 0.11333333333333333, 0.03333333333333333, 0.11333333333333333, 0.08666666666666667, 0.1, 0.06, 0.08666666666666667, 0.12666666666666668, 0.07333333333333333, 0.08, 0.06, 0.04666666666666667, 0.08, 0.09333333333333334, 0.06666666666666667, 0.08666666666666667, 0.06, 0.08666666666666667, 0.06666666666666667, 0.06, 0.05333333333333334, 0.09333333333333334, 0.08, 0.05333333333333334, 0.06666666666666667, 0.08666666666666667, 0.07333333333333333, 0.07333333333333333, 0.08666666666666667, 0.06, 0.05333333333333334, 0.07333333333333333, 0.04666666666666667, 0.1, 0.08666666666666667, 0.04666666666666667, 0.08, 0.07333333333333333, 0.08, 0.08, 0.1, 0.06, 0.05333333333333334, 0.12, 0.08666666666666667, 0.04666666666666667, 0.04666666666666667, 0.1, 0.08, 0.07333333333333333, 0.06, 0.06, 0.08, 0.07333333333333333, 0.1, 0.12, 0.12666666666666668, 0.08666666666666667, 0.1, 0.09333333333333334, 0.08, 0.04, 0.08, 0.11333333333333333, 0.07333333333333333, 0.07333333333333333, 0.1, 0.04666666666666667, 0.07333333333333333, 0.08666666666666667, 0.06666666666666667, 0.08666666666666667]; mean acc:0.0788888888888889
global malicious client acc list:[0.07333333333333333, 0.05333333333333334, 0.08, 0.10666666666666667, 0.06666666666666667, 0.08, 0.08666666666666667, 0.14, 0.04666666666666667, 0.10666666666666667]; mean acc:0.084
Average Global ATTACK ALL ASR:  0.0
Average Global ATTACK ALL train ASR:  0.0
global benign client asr list:[0.0, 0.0, 0.0, 0.0, 0.0, 0.0, 0.0, 0.0, 0.0, 0.0, 0.0, 0.0, 0.0, 0.0, 0.0, 0.0, 0.0, 0.0, 0.0, 0.0, 0.0, 0.0, 0.0, 0.0, 0.0, 0.0, 0.0, 0.0, 0.0, 0.0, 0.0, 0.0, 0.0, 0.0, 0.0, 0.0, 0.0, 0.0, 0.0, 0.0, 0.0, 0.0, 0.0, 0.0, 0.0, 0.0, 0.0, 0.0, 0.0, 0.0, 0.0, 0.0, 0.0, 0.0, 0.0, 0.0, 0.0, 0.0, 0.0, 0.0, 0.0, 0.0, 0.0, 0.0, 0.0, 0.0, 0.0, 0.0, 0.0, 0.0, 0.0, 0.0, 0.0, 0.0, 0.0, 0.0, 0.0, 0.0, 0.0, 0.0, 0.0, 0.0, 0.0, 0.0, 0.0, 0.0, 0.0, 0.0, 0.0, 0.0]; mean asr:0.0
global malicious client asr list:[0.0, 0.0, 0.0, 0.0, 0.0, 0.0, 0.0, 0.0, 0.0, 0.0]; mean asr:0.0

Evaluate global model with a few step updates, which is personalized model
Average Personal Accurancy (k local SGD):  0.09713333333333334
Average Personal Trainning Accurancy (k local SGD):  0.10662222222222222
global benign client acc list:[0.17333333333333334, 0.09333333333333334, 0.08666666666666667, 0.1, 0.11333333333333333, 0.09333333333333334, 0.11333333333333333, 0.10666666666666667, 0.09333333333333334, 0.10666666666666667, 0.12666666666666668, 0.09333333333333334, 0.10666666666666667, 0.07333333333333333, 0.06666666666666667, 0.12, 0.11333333333333333, 0.12666666666666668, 0.16666666666666666, 0.06666666666666667, 0.1, 0.11333333333333333, 0.12666666666666668, 0.08, 0.10666666666666667, 0.13333333333333333, 0.08, 0.07333333333333333, 0.08666666666666667, 0.1, 0.1, 0.10666666666666667, 0.09333333333333334, 0.06666666666666667, 0.08, 0.1, 0.09333333333333334, 0.07333333333333333, 0.06, 0.08, 0.12, 0.07333333333333333, 0.12, 0.12, 0.09333333333333334, 0.1, 0.12, 0.14, 0.09333333333333334, 0.08666666666666667, 0.04666666666666667, 0.11333333333333333, 0.06666666666666667, 0.05333333333333334, 0.1, 0.09333333333333334, 0.08666666666666667, 0.09333333333333334, 0.12, 0.1, 0.1, 0.09333333333333334, 0.13333333333333333, 0.06, 0.08, 0.11333333333333333, 0.09333333333333334, 0.10666666666666667, 0.07333333333333333, 0.11333333333333333, 0.08, 0.08666666666666667, 0.06666666666666667, 0.13333333333333333, 0.09333333333333334, 0.14, 0.06666666666666667, 0.08, 0.08, 0.08, 0.08666666666666667, 0.14, 0.07333333333333333, 0.1, 0.1, 0.08, 0.1, 0.1, 0.08, 0.1]; mean acc:0.09740740740740741
global malicious client acc list:[0.08666666666666667, 0.08, 0.09333333333333334, 0.10666666666666667, 0.08, 0.07333333333333333, 0.08666666666666667, 0.15333333333333332, 0.06666666666666667, 0.12]; mean acc:0.09466666666666666
Average Personal ATTACK ALL ASR (k local SGD):  0.009666666666666667
Average Personal ATTACK ALL Trainning ASR (k local SGD):  0.00968888888888889
person benign client asr list:[0.0, 0.0, 0.0, 0.0, 0.0, 0.0, 0.0, 0.0, 0.0, 0.0, 0.0, 0.0, 0.0, 0.0, 0.0, 0.0, 0.0, 0.0, 0.0, 0.0, 0.9666666666666667, 0.0, 0.0, 0.0, 0.0, 0.0, 0.0, 0.0, 0.0, 0.0, 0.0, 0.0, 0.0, 0.0, 0.0, 0.0, 0.0, 0.0, 0.0, 0.0, 0.0, 0.0, 0.0, 0.0, 0.0, 0.0, 0.0, 0.0, 0.0, 0.0, 0.0, 0.0, 0.0, 0.0, 0.0, 0.0, 0.0, 0.0, 0.0, 0.0, 0.0, 0.0, 0.0, 0.0, 0.0, 0.0, 0.0, 0.0, 0.0, 0.0, 0.0, 0.0, 0.0, 0.0, 0.0, 0.0, 0.0, 0.0, 0.0, 0.0, 0.0, 0.0, 0.0, 0.0, 0.0, 0.0, 0.0, 0.0, 0.0, 0.0]; mean asr:0.010740740740740742
person malicious client asr list:[0.0, 0.0, 0.0, 0.0, 0.0, 0.0, 0.0, 0.0, 0.0, 0.0]; mean asr:0.0
================================================================================
f_00095
ACC :0.09333333333333334
ASR :0.0
================================================================================
f_00067
ACC :0.08666666666666667
ASR :0.0
================================================================================
f_00096
client is malicious client!
ACC :0.10666666666666667
ASR :0.0
================================================================================
f_00071
ACC :0.04666666666666667
ASR :0.0
================================================================================
f_00001
client is malicious client!
ACC :0.08666666666666667
ASR :0.0
================================================================================
f_00080
ACC :0.12
ASR :0.0
================================================================================
f_00099
ACC :0.09333333333333334
ASR :0.0
================================================================================
f_00045
ACC :0.10666666666666667
ASR :0.0
================================================================================
f_00052
ACC :0.10666666666666667
ASR :0.0
================================================================================
f_00027
ACC :0.09333333333333334
ASR :0.0
-------------Round number:  3  -------------
Evaluate global model
Average Global Accurancy:  0.08246666666666666
Average Global Trainning Accurancy:  0.08462222222222222

global benign client acc list:[0.1, 0.07333333333333333, 0.06, 0.06666666666666667, 0.07333333333333333, 0.08666666666666667, 0.08, 0.1, 0.1, 0.10666666666666667, 0.1, 0.06, 0.08666666666666667, 0.05333333333333334, 0.1, 0.10666666666666667, 0.11333333333333333, 0.06, 0.11333333333333333, 0.03333333333333333, 0.11333333333333333, 0.08666666666666667, 0.10666666666666667, 0.06, 0.09333333333333334, 0.12666666666666668, 0.07333333333333333, 0.08, 0.06, 0.04666666666666667, 0.08666666666666667, 0.1, 0.06666666666666667, 0.08, 0.06, 0.09333333333333334, 0.06666666666666667, 0.06, 0.05333333333333334, 0.08666666666666667, 0.1, 0.06, 0.06666666666666667, 0.1, 0.08, 0.08, 0.11333333333333333, 0.06, 0.06, 0.07333333333333333, 0.05333333333333334, 0.1, 0.08666666666666667, 0.04666666666666667, 0.08, 0.07333333333333333, 0.08666666666666667, 0.08, 0.1, 0.08666666666666667, 0.06, 0.12, 0.10666666666666667, 0.05333333333333334, 0.05333333333333334, 0.09333333333333334, 0.08, 0.07333333333333333, 0.06666666666666667, 0.06, 0.08, 0.07333333333333333, 0.12, 0.12, 0.12, 0.09333333333333334, 0.1, 0.1, 0.08, 0.04, 0.08, 0.11333333333333333, 0.07333333333333333, 0.07333333333333333, 0.1, 0.04666666666666667, 0.09333333333333334, 0.08666666666666667, 0.06666666666666667, 0.08666666666666667]; mean acc:0.08192592592592593
global malicious client acc list:[0.08666666666666667, 0.06, 0.08, 0.12, 0.06666666666666667, 0.08, 0.08666666666666667, 0.14, 0.04666666666666667, 0.10666666666666667]; mean acc:0.08733333333333335
Average Global ATTACK ALL ASR:  0.0
Average Global ATTACK ALL train ASR:  0.0
global benign client asr list:[0.0, 0.0, 0.0, 0.0, 0.0, 0.0, 0.0, 0.0, 0.0, 0.0, 0.0, 0.0, 0.0, 0.0, 0.0, 0.0, 0.0, 0.0, 0.0, 0.0, 0.0, 0.0, 0.0, 0.0, 0.0, 0.0, 0.0, 0.0, 0.0, 0.0, 0.0, 0.0, 0.0, 0.0, 0.0, 0.0, 0.0, 0.0, 0.0, 0.0, 0.0, 0.0, 0.0, 0.0, 0.0, 0.0, 0.0, 0.0, 0.0, 0.0, 0.0, 0.0, 0.0, 0.0, 0.0, 0.0, 0.0, 0.0, 0.0, 0.0, 0.0, 0.0, 0.0, 0.0, 0.0, 0.0, 0.0, 0.0, 0.0, 0.0, 0.0, 0.0, 0.0, 0.0, 0.0, 0.0, 0.0, 0.0, 0.0, 0.0, 0.0, 0.0, 0.0, 0.0, 0.0, 0.0, 0.0, 0.0, 0.0, 0.0]; mean asr:0.0
global malicious client asr list:[0.0, 0.0, 0.0, 0.0, 0.0, 0.0, 0.0, 0.0, 0.0, 0.0]; mean asr:0.0

Evaluate global model with a few step updates, which is personalized model
Average Personal Accurancy (k local SGD):  0.098
Average Personal Trainning Accurancy (k local SGD):  0.10717777777777777
global benign client acc list:[0.16666666666666666, 0.09333333333333334, 0.07333333333333333, 0.1, 0.12666666666666668, 0.09333333333333334, 0.12, 0.10666666666666667, 0.09333333333333334, 0.10666666666666667, 0.12666666666666668, 0.10666666666666667, 0.10666666666666667, 0.07333333333333333, 0.05333333333333334, 0.12666666666666668, 0.11333333333333333, 0.11333333333333333, 0.16666666666666666, 0.06, 0.1, 0.11333333333333333, 0.12666666666666668, 0.08, 0.1, 0.12666666666666668, 0.08, 0.07333333333333333, 0.08666666666666667, 0.09333333333333334, 0.09333333333333334, 0.10666666666666667, 0.09333333333333334, 0.06666666666666667, 0.08, 0.10666666666666667, 0.10666666666666667, 0.08, 0.06, 0.09333333333333334, 0.12, 0.07333333333333333, 0.12666666666666668, 0.11333333333333333, 0.10666666666666667, 0.08666666666666667, 0.12, 0.14, 0.1, 0.08666666666666667, 0.06666666666666667, 0.1, 0.08, 0.05333333333333334, 0.1, 0.08666666666666667, 0.07333333333333333, 0.09333333333333334, 0.12, 0.10666666666666667, 0.12, 0.09333333333333334, 0.13333333333333333, 0.06, 0.08, 0.11333333333333333, 0.08, 0.1, 0.07333333333333333, 0.12666666666666668, 0.08, 0.07333333333333333, 0.09333333333333334, 0.13333333333333333, 0.10666666666666667, 0.13333333333333333, 0.1, 0.08, 0.09333333333333334, 0.08666666666666667, 0.08666666666666667, 0.14, 0.07333333333333333, 0.1, 0.1, 0.08, 0.09333333333333334, 0.10666666666666667, 0.08666666666666667, 0.08]; mean acc:0.09837037037037037
global malicious client acc list:[0.08666666666666667, 0.08666666666666667, 0.1, 0.1, 0.08, 0.07333333333333333, 0.1, 0.15333333333333332, 0.06666666666666667, 0.1]; mean acc:0.09466666666666666
Average Personal ATTACK ALL ASR (k local SGD):  0.010066666666666666
Average Personal ATTACK ALL Trainning ASR (k local SGD):  0.01011111111111111
person benign client asr list:[0.0, 0.0, 0.0, 0.0, 0.0, 0.0, 0.0, 0.0, 0.0, 0.0, 0.0, 0.0, 0.0, 0.0, 0.0, 0.0, 0.006666666666666667, 0.0, 0.0, 0.0, 0.9933333333333333, 0.0, 0.0, 0.0, 0.0, 0.006666666666666667, 0.0, 0.0, 0.0, 0.0, 0.0, 0.0, 0.0, 0.0, 0.0, 0.0, 0.0, 0.0, 0.0, 0.0, 0.0, 0.0, 0.0, 0.0, 0.0, 0.0, 0.0, 0.0, 0.0, 0.0, 0.0, 0.0, 0.0, 0.0, 0.0, 0.0, 0.0, 0.0, 0.0, 0.0, 0.0, 0.0, 0.0, 0.0, 0.0, 0.0, 0.0, 0.0, 0.0, 0.0, 0.0, 0.0, 0.0, 0.0, 0.0, 0.0, 0.0, 0.0, 0.0, 0.0, 0.0, 0.0, 0.0, 0.0, 0.0, 0.0, 0.0, 0.0, 0.0, 0.0]; mean asr:0.011185185185185185
person malicious client asr list:[0.0, 0.0, 0.0, 0.0, 0.0, 0.0, 0.0, 0.0, 0.0, 0.0]; mean asr:0.0
================================================================================
f_00040
ACC :0.08
ASR :0.0
================================================================================
f_00010
ACC :0.12
ASR :0.0
================================================================================
f_00096
client is malicious client!
ACC :0.10666666666666667
ASR :0.0
================================================================================
f_00066
ACC :0.11333333333333333
ASR :0.0
================================================================================
f_00089
ACC :0.1
ASR :0.0
================================================================================
f_00032
ACC :0.06
ASR :0.0
================================================================================
f_00095
ACC :0.08
ASR :0.0
================================================================================
f_00055
ACC :0.08666666666666667
ASR :0.0
================================================================================
f_00025
ACC :0.11333333333333333
ASR :0.0
================================================================================
f_00005
ACC :0.09333333333333334
ASR :0.0
-------------Round number:  4  -------------
Evaluate global model
Average Global Accurancy:  0.08486666666666667
Average Global Trainning Accurancy:  0.08628888888888889

global benign client acc list:[0.1, 0.07333333333333333, 0.06, 0.07333333333333333, 0.09333333333333334, 0.09333333333333334, 0.08, 0.1, 0.10666666666666667, 0.10666666666666667, 0.10666666666666667, 0.06666666666666667, 0.08, 0.05333333333333334, 0.1, 0.10666666666666667, 0.11333333333333333, 0.06666666666666667, 0.11333333333333333, 0.03333333333333333, 0.11333333333333333, 0.09333333333333334, 0.12666666666666668, 0.06666666666666667, 0.09333333333333334, 0.12666666666666668, 0.06666666666666667, 0.08, 0.06, 0.06, 0.08666666666666667, 0.1, 0.06666666666666667, 0.08, 0.06, 0.1, 0.07333333333333333, 0.06666666666666667, 0.04666666666666667, 0.08666666666666667, 0.1, 0.06666666666666667, 0.06666666666666667, 0.1, 0.08, 0.09333333333333334, 0.12, 0.06, 0.06, 0.08666666666666667, 0.05333333333333334, 0.1, 0.1, 0.04666666666666667, 0.08666666666666667, 0.08, 0.09333333333333334, 0.08, 0.11333333333333333, 0.08666666666666667, 0.07333333333333333, 0.12, 0.10666666666666667, 0.04666666666666667, 0.05333333333333334, 0.09333333333333334, 0.08, 0.07333333333333333, 0.06666666666666667, 0.06, 0.08, 0.07333333333333333, 0.12, 0.12, 0.12666666666666668, 0.09333333333333334, 0.1, 0.1, 0.08, 0.04, 0.1, 0.11333333333333333, 0.07333333333333333, 0.07333333333333333, 0.1, 0.05333333333333334, 0.08666666666666667, 0.09333333333333334, 0.07333333333333333, 0.08666666666666667]; mean acc:0.0845925925925926
global malicious client acc list:[0.08, 0.06, 0.07333333333333333, 0.12666666666666668, 0.06666666666666667, 0.08, 0.09333333333333334, 0.14, 0.04666666666666667, 0.10666666666666667]; mean acc:0.08733333333333335
Average Global ATTACK ALL ASR:  0.0
Average Global ATTACK ALL train ASR:  0.0
global benign client asr list:[0.0, 0.0, 0.0, 0.0, 0.0, 0.0, 0.0, 0.0, 0.0, 0.0, 0.0, 0.0, 0.0, 0.0, 0.0, 0.0, 0.0, 0.0, 0.0, 0.0, 0.0, 0.0, 0.0, 0.0, 0.0, 0.0, 0.0, 0.0, 0.0, 0.0, 0.0, 0.0, 0.0, 0.0, 0.0, 0.0, 0.0, 0.0, 0.0, 0.0, 0.0, 0.0, 0.0, 0.0, 0.0, 0.0, 0.0, 0.0, 0.0, 0.0, 0.0, 0.0, 0.0, 0.0, 0.0, 0.0, 0.0, 0.0, 0.0, 0.0, 0.0, 0.0, 0.0, 0.0, 0.0, 0.0, 0.0, 0.0, 0.0, 0.0, 0.0, 0.0, 0.0, 0.0, 0.0, 0.0, 0.0, 0.0, 0.0, 0.0, 0.0, 0.0, 0.0, 0.0, 0.0, 0.0, 0.0, 0.0, 0.0, 0.0]; mean asr:0.0
global malicious client asr list:[0.0, 0.0, 0.0, 0.0, 0.0, 0.0, 0.0, 0.0, 0.0, 0.0]; mean asr:0.0

Evaluate global model with a few step updates, which is personalized model
Average Personal Accurancy (k local SGD):  0.09846666666666666
Average Personal Trainning Accurancy (k local SGD):  0.10804444444444444
global benign client acc list:[0.14666666666666667, 0.09333333333333334, 0.07333333333333333, 0.09333333333333334, 0.13333333333333333, 0.09333333333333334, 0.12, 0.1, 0.09333333333333334, 0.10666666666666667, 0.12666666666666668, 0.1, 0.12666666666666668, 0.07333333333333333, 0.06, 0.12, 0.11333333333333333, 0.10666666666666667, 0.16, 0.06, 0.10666666666666667, 0.10666666666666667, 0.12666666666666668, 0.08, 0.09333333333333334, 0.12, 0.08, 0.07333333333333333, 0.08666666666666667, 0.09333333333333334, 0.08666666666666667, 0.10666666666666667, 0.08666666666666667, 0.06666666666666667, 0.08666666666666667, 0.10666666666666667, 0.10666666666666667, 0.07333333333333333, 0.06, 0.08666666666666667, 0.12, 0.07333333333333333, 0.14666666666666667, 0.12666666666666668, 0.10666666666666667, 0.07333333333333333, 0.12, 0.14, 0.11333333333333333, 0.08666666666666667, 0.06, 0.1, 0.07333333333333333, 0.05333333333333334, 0.1, 0.08, 0.06, 0.09333333333333334, 0.12, 0.11333333333333333, 0.12, 0.09333333333333334, 0.14, 0.06, 0.08, 0.11333333333333333, 0.08, 0.10666666666666667, 0.07333333333333333, 0.12, 0.08, 0.09333333333333334, 0.10666666666666667, 0.13333333333333333, 0.09333333333333334, 0.13333333333333333, 0.10666666666666667, 0.08, 0.09333333333333334, 0.09333333333333334, 0.08666666666666667, 0.14, 0.07333333333333333, 0.1, 0.1, 0.08, 0.11333333333333333, 0.10666666666666667, 0.08666666666666667, 0.09333333333333334]; mean acc:0.09859259259259259
global malicious client acc list:[0.08666666666666667, 0.09333333333333334, 0.10666666666666667, 0.09333333333333334, 0.08, 0.08, 0.1, 0.15333333333333332, 0.06666666666666667, 0.11333333333333333]; mean acc:0.09733333333333334
Average Personal ATTACK ALL ASR (k local SGD):  0.0104
Average Personal ATTACK ALL Trainning ASR (k local SGD):  0.010422222222222222
person benign client asr list:[0.0, 0.0, 0.0, 0.0, 0.0, 0.0, 0.0, 0.0, 0.0, 0.0, 0.0, 0.0, 0.0, 0.0, 0.0, 0.0, 0.013333333333333334, 0.0, 0.0, 0.0, 0.9933333333333333, 0.0, 0.0, 0.0, 0.0, 0.03333333333333333, 0.0, 0.0, 0.0, 0.0, 0.0, 0.0, 0.0, 0.0, 0.0, 0.0, 0.0, 0.0, 0.0, 0.0, 0.0, 0.0, 0.0, 0.0, 0.0, 0.0, 0.0, 0.0, 0.0, 0.0, 0.0, 0.0, 0.0, 0.0, 0.0, 0.0, 0.0, 0.0, 0.0, 0.0, 0.0, 0.0, 0.0, 0.0, 0.0, 0.0, 0.0, 0.0, 0.0, 0.0, 0.0, 0.0, 0.0, 0.0, 0.0, 0.0, 0.0, 0.0, 0.0, 0.0, 0.0, 0.0, 0.0, 0.0, 0.0, 0.0, 0.0, 0.0, 0.0, 0.0]; mean asr:0.011555555555555557
person malicious client asr list:[0.0, 0.0, 0.0, 0.0, 0.0, 0.0, 0.0, 0.0, 0.0, 0.0]; mean asr:0.0
================================================================================
f_00089
ACC :0.1
ASR :0.0
================================================================================
f_00099
ACC :0.08666666666666667
ASR :0.0
================================================================================
f_00045
ACC :0.11333333333333333
ASR :0.0
================================================================================
f_00096
client is malicious client!
ACC :0.12
ASR :0.0
================================================================================
f_00072
ACC :0.06
ASR :0.0
================================================================================
f_00009
ACC :0.1
ASR :0.0
================================================================================
f_00074
ACC :0.09333333333333334
ASR :0.0
================================================================================
f_00088
ACC :0.06
ASR :0.0
================================================================================
f_00001
client is malicious client!
ACC :0.08666666666666667
ASR :0.0
================================================================================
f_00038
ACC :0.06666666666666667
ASR :0.0
-------------Round number:  5  -------------
Evaluate global model
Average Global Accurancy:  0.08386666666666667
Average Global Trainning Accurancy:  0.08528888888888889

global benign client acc list:[0.1, 0.07333333333333333, 0.06666666666666667, 0.06666666666666667, 0.1, 0.08666666666666667, 0.08, 0.1, 0.10666666666666667, 0.1, 0.10666666666666667, 0.05333333333333334, 0.08, 0.06, 0.1, 0.10666666666666667, 0.11333333333333333, 0.06666666666666667, 0.11333333333333333, 0.03333333333333333, 0.11333333333333333, 0.09333333333333334, 0.12666666666666668, 0.06, 0.09333333333333334, 0.12, 0.07333333333333333, 0.08, 0.06, 0.06, 0.08, 0.1, 0.06666666666666667, 0.07333333333333333, 0.06666666666666667, 0.08666666666666667, 0.07333333333333333, 0.06, 0.04666666666666667, 0.08666666666666667, 0.12, 0.06666666666666667, 0.06666666666666667, 0.1, 0.07333333333333333, 0.08666666666666667, 0.11333333333333333, 0.06, 0.06, 0.08, 0.05333333333333334, 0.1, 0.1, 0.04666666666666667, 0.08666666666666667, 0.08, 0.08666666666666667, 0.08, 0.11333333333333333, 0.08, 0.06666666666666667, 0.12, 0.09333333333333334, 0.04666666666666667, 0.05333333333333334, 0.09333333333333334, 0.08666666666666667, 0.07333333333333333, 0.06666666666666667, 0.06, 0.07333333333333333, 0.07333333333333333, 0.12, 0.12, 0.12, 0.09333333333333334, 0.10666666666666667, 0.08666666666666667, 0.08, 0.06666666666666667, 0.1, 0.11333333333333333, 0.07333333333333333, 0.06666666666666667, 0.1, 0.05333333333333334, 0.08666666666666667, 0.09333333333333334, 0.06666666666666667, 0.09333333333333334]; mean acc:0.0837037037037037
global malicious client acc list:[0.08666666666666667, 0.06, 0.07333333333333333, 0.11333333333333333, 0.06, 0.08, 0.08666666666666667, 0.14, 0.04666666666666667, 0.10666666666666667]; mean acc:0.08533333333333334
