==================================================
[START] F01
GPU=0
WORKER=gpu0a
TIME=2026-04-18 02:41:41
LOG=/home/huangtu/PFL_Backdoor_Defense/PFedBA/log/fedrt_pfedba16_dual_20260418_024141/F01_gpu0_gpu0a.log
CMD=python -u main.py --dataset Cifar10 --model resnet --resnet_pretrained 0 --algorithm FedRT --learning_rate 0.1 --lr_head 0.1 --plocal_epochs 1 --local_epochs 20 --num_global_iters 150 --numusers 10 --batch_size 64 --attack_start 30 --attack_method attackall --poisoning_per_batch 5 --defense none --per_epoch 1 --malclient 10 --times 1 --rt_beta 0.10 --adv_eps 0.10 --adv_num_iter 5 --aug_strength 0.10 
==================================================
==================================================
[START] F01
GPU=0
WORKER=gpu0a
TIME=2026-04-18 02:43:20
LOG=/home/huangtu/PFL_Backdoor_Defense/PFedBA/log/fedrt_pfedba16_dual_20260418_024141/F01_gpu0_gpu0a.log
CMD=python -u main.py --dataset Cifar10 --model resnet --resnet_pretrained 0 --algorithm FedRT --learning_rate 0.1 --lr_head 0.1 --plocal_epochs 1 --local_epochs 20 --num_global_iters 150 --numusers 10 --batch_size 64 --attack_start 30 --attack_method attackall --poisoning_per_batch 5 --defense none --per_epoch 1 --malclient 10 --times 1 --rt_beta 0.10 --adv_eps 0.10 --adv_num_iter 5 --aug_strength 0.10 
==================================================
================================================================================
Summary of training process:
Algorithm: FedRT
Attack method:attackall
Defense method:none
Attack goal:attackall
Start attack iteration:30
Batch size: 64
Learing rate       : 0.1
Average Moving       : 1.0
Subset of users      : 10
Number of global rounds       : 150
Number of local rounds       : 20
Dataset       : Cifar10
Local Model       : resnet
ResNet Pretrained : 0
FedRT rt_beta=0.1 adv_eps=0.1 adv_num_iter=5 aug_strength=0.1
Per_local epoch:1
one shot:0
scale rate:0
================================================================================
['f_00007', 'f_00001', 'f_00062', 'f_00020', 'f_00096', 'f_00085', 'f_00051', 'f_00043', 'f_00037', 'f_00058']
---------------Running time:------------ 0
Files already downloaded and verified
Files already downloaded and verified
Number of users / total users: 10  /  100
Finished creating FedRT server.
-------------Round number:  0  -------------
Evaluate global model
Average Global Accurancy:  0.09942142714637228
Average Global Trainning Accurancy:  0.10019349242710673

global benign client acc list:[0.42, 0.043478260869565216, 0.36082474226804123, 0.010869565217391304, 0.024193548387096774, 0.0, 0.34, 0.10344827586206896, 0.010101010101010102, 0.02127659574468085, 0.27314814814814814, 0.16585365853658537, 0.23076923076923078, 0.17557251908396945, 0.09523809523809523, 0.0, 0.47586206896551725, 0.29411764705882354, 0.13986013986013987, 0.022222222222222223, 0.007751937984496124, 0.4260869565217391, 0.013333333333333334, 0.0, 0.0, 0.06310679611650485, 0.41721854304635764, 0.15384615384615385, 0.10869565217391304, 0.06363636363636363, 0.0, 0.04929577464788732, 0.15789473684210525, 0.10236220472440945, 0.10945273631840796, 0.021739130434782608, 0.18359375, 0.0, 0.14285714285714285, 0.01834862385321101, 0.029850746268656716, 0.00546448087431694, 0.041666666666666664, 0.2524271844660194, 0.25732899022801303, 0.05813953488372093, 0.3626373626373626, 0.0, 0.0, 0.0, 0.028708133971291867, 0.0, 0.0, 0.0, 0.30288461538461536, 0.09411764705882353, 0.0425531914893617, 0.022222222222222223, 0.057692307692307696, 0.176056338028169, 0.0, 0.0457516339869281, 0.012121212121212121, 0.005747126436781609, 0.0, 0.008403361344537815, 0.07352941176470588, 0.0, 0.0, 0.008695652173913044, 0.0, 0.11764705882352941, 0.29777777777777775, 0.1262135922330097, 0.0, 0.17777777777777778, 0.05263157894736842, 0.01893939393939394, 0.043478260869565216, 0.14084507042253522, 0.0, 0.017985611510791366, 0.01932367149758454, 0.0, 0.039473684210526314, 0.0, 0.09574468085106383, 0.06829268292682927, 0.007936507936507936, 0.35294117647058826]; mean acc:0.09676735456182077
global malicious client acc list:[0.15789473684210525, 0.22131147540983606, 0.0, 0.01, 0.0, 0.07804878048780488, 0.05181347150259067, 0.27932960893854747, 0.07667731629392971, 0.06077348066298342]; mean acc:0.09358488701377975
Average Global ATTACK ALL ASR:  0.0
Average Global ATTACK ALL train ASR:  0.0
global benign client asr list:[0.0, 0.0, 0.0, 0.0, 0.0, 0.0, 0.0, 0.0, 0.0, 0.0, 0.0, 0.0, 0.0, 0.0, 0.0, 0.0, 0.0, 0.0, 0.0, 0.0, 0.0, 0.0, 0.0, 0.0, 0.0, 0.0, 0.0, 0.0, 0.0, 0.0, 0.0, 0.0, 0.0, 0.0, 0.0, 0.0, 0.0, 0.0, 0.0, 0.0, 0.0, 0.0, 0.0, 0.0, 0.0, 0.0, 0.0, 0.0, 0.0, 0.0, 0.0, 0.0, 0.0, 0.0, 0.0, 0.0, 0.0, 0.0, 0.0, 0.0, 0.0, 0.0, 0.0, 0.0, 0.0, 0.0, 0.0, 0.0, 0.0, 0.0, 0.0, 0.0, 0.0, 0.0, 0.0, 0.0, 0.0, 0.0, 0.0, 0.0, 0.0, 0.0, 0.0, 0.0, 0.0, 0.0, 0.0, 0.0, 0.0, 0.0]; mean asr:0.0
global malicious client asr list:[0.0, 0.0, 0.0, 0.0, 0.0, 0.0, 0.0, 0.0, 0.0, 0.0]; mean asr:0.0

Evaluate global model with a few step updates, which is personalized model
Average Personal Accurancy (k local SGD):  0.26301788920662367
Average Personal Trainning Accurancy (k local SGD):  0.2696439294531059
global benign client acc list:[0.22, 0.2608695652173913, 0.36082474226804123, 0.07065217391304347, 0.07258064516129033, 0.4247787610619469, 0.21, 0.438871473354232, 0.37373737373737376, 0.3404255319148936, 0.3333333333333333, 0.17560975609756097, 0.23076923076923078, 0.17557251908396945, 0.4126984126984127, 0.4057971014492754, 0.47586206896551725, 0.14705882352941177, 0.1888111888111888, 0.044444444444444446, 0.35658914728682173, 0.043478260869565216, 0.44, 0.17164179104477612, 0.6190476190476191, 0.18446601941747573, 0.0728476821192053, 0.15384615384615385, 0.10869565217391304, 0.07272727272727272, 0.06611570247933884, 0.16901408450704225, 0.15789473684210525, 0.2125984251968504, 0.15422885572139303, 0.21739130434782608, 0.29296875, 0.30578512396694213, 0.17857142857142858, 0.1743119266055046, 0.41044776119402987, 0.37158469945355194, 0.46875, 0.24271844660194175, 0.25732899022801303, 0.38372093023255816, 0.17582417582417584, 0.26519337016574585, 0.2671232876712329, 0.30612244897959184, 0.07655502392344497, 0.2129032258064516, 0.4857142857142857, 0.28703703703703703, 0.17307692307692307, 0.24705882352941178, 0.11347517730496454, 0.2814814814814815, 0.3717948717948718, 0.2676056338028169, 0.7087912087912088, 0.16993464052287582, 0.6727272727272727, 0.3045977011494253, 0.1885245901639344, 0.19327731092436976, 0.19607843137254902, 0.3017241379310345, 0.06956521739130435, 0.2608695652173913, 0.059602649006622516, 0.27647058823529413, 0.07555555555555556, 0.30097087378640774, 0.3730886850152905, 0.25555555555555554, 0.14736842105263157, 0.3106060606060606, 0.2782608695652174, 0.31690140845070425, 0.4074074074074074, 0.5431654676258992, 0.30917874396135264, 0.2857142857142857, 0.42105263157894735, 0.30708661417322836, 0.5, 0.1073170731707317, 0.46825396825396826, 0.19117647058823528]; mean acc:0.26868063424332317
global malicious client acc list:[0.10526315789473684, 0.16393442622950818, 0.1518987341772152, 0.27, 0.4126984126984127, 0.28780487804878047, 0.09844559585492228, 0.20670391061452514, 0.2364217252396166, 0.04419889502762431]; mean acc:0.19773697357853418
Average Personal ATTACK ALL ASR (k local SGD):  0.12110128350069828
Average Personal ATTACK ALL Trainning ASR (k local SGD):  0.12178902653292707
person benign client asr list:[0.0, 0.0, 0.0, 0.021739130434782608, 0.0, 0.0, 0.0, 0.0, 0.0, 0.0, 0.0, 1.0, 0.0, 0.0, 0.0, 0.0, 0.0, 0.0, 0.0, 0.0, 0.0, 1.0, 1.0, 0.0, 0.0, 0.0, 0.0, 0.0, 0.0, 0.0, 1.0, 0.0, 0.0, 0.0, 0.0, 0.0, 0.0, 0.0, 0.03571428571428571, 0.0, 1.0, 1.0, 0.0, 0.0, 0.0, 0.0, 0.0, 0.0, 0.0, 0.0, 0.0, 0.0, 0.0, 0.0, 0.0, 0.0, 0.8652482269503546, 0.0, 0.0, 0.0, 0.0, 0.0, 0.0, 0.0, 0.0, 0.0, 0.16176470588235295, 1.0, 0.0, 1.0, 0.0, 0.0, 0.0, 0.0, 0.0, 0.0, 0.0, 0.0, 0.0, 1.0, 0.0, 0.0, 0.0, 0.0, 0.0, 0.0, 0.0, 0.0, 1.0, 0.0]; mean asr:0.12316073721090862
person malicious client asr list:[0.0, 0.0, 0.0, 0.0, 0.0, 1.0, 0.0, 0.0, 0.0, 0.0]; mean asr:0.1
================================================================================
f_00080
ACC :0.43555555555555553
ASR :0.36444444444444446
================================================================================
f_00084
ACC :0.4
ASR :0.5894736842105263
================================================================================
f_00033
ACC :0.512396694214876
ASR :0.024793388429752067
================================================================================
f_00081
ACC :0.4174757281553398
ASR :0.009708737864077669
================================================================================
f_00093
ACC :0.5263157894736842
ASR :0.0
================================================================================
f_00017
==================================================
[FAIL] F01
TIME=2026-04-18 02:44:28
EXIT_CODE=143
==================================================
