==================================================
goal = BN100_OLD_PUR_L4_B500_S5
device = cuda
join_ratio = 0.1
device_id = 1
dataset = Cifar10_dir0.5_bdoor0.2_nclient_100_badnet_adv10
num_classes = 10
model = ResNetP
batch_size = 64
local_learning_rate = 0.003
learning_rate_decay = False
learning_rate_decay_gamma = 0.99
global_rounds = 600
top_cnt = 100
local_epochs = 1
algorithm = FedCLCMPurify
num_clients = 100
eval_gap = 10
save_folder_name = items
auto_break = False
batch_num_per_client = 2
feature_dim = 512
vocab_size = 32000
max_len = 200
client_drop_rate = 0.0
time_select = False
time_threthold = 10000
send_slow_rate = 0.0
beta = 0.0
lamda = 1.0
mu = 0.0
K = 5
p_learning_rate = 0.01
M = 5
itk = 4000
alphaK = 1.0
sigma = 1.0
alpha = 1.0
plocal_epochs = 1
lr_head = 0.005
tau = 1.0
fine_tuning_epochs = 10
dr_learning_rate = 0.0
L = 1.0
noise_dim = 512
generator_learning_rate = 0.005
hidden_dim = 512
server_epochs = 1000
localize_feature_extractor = False
server_learning_rate = 1.0
eta = 1.0
rand_percent = 80
layer_idx = 2
mentee_learning_rate = 0.005
T_start = 0.95
T_end = 0.98
momentum = 0.1
kl_weight = 0.0
disti_epochs = 1
protect_id = 1
adv_eps = 0.0
adv_num_iter = 0
defense_epochs = 1
clean_data = 5000
sdmk_m = 7
sdmk_k = 5
delta = 0.5
sim_threshold = 0.7
rt_beta = 0.05
num_adv_clients = 10
lambda_cl = 0.2
aug_strength = 0.1
mask_tau = 12.0
mask_alpha = 0.7
enable_channel_mask = True
cosine_gate = False
cosine_gate_threshold = 0.3
cosine_gate_alpha = 0.5
trim_high_layers = 
trim_beta_high = None
trim_beta_low = None
purify_enable = False
purify_beta = 500.0
purify_feature_beta = 0.0
purify_logit_beta = 0.0
purify_temperature = 2.0
purify_start_round = 5
purify_layers = layer4
purify_teacher_momentum = 0.9
purify_teacher_cpu_half = True
attack = none
ba_target_label = 0
ba_poison_rate = 0.2
ba_trigger_gen_steps = 30
ba_trigger_gen_lr = 0.01
ba_pgd_eps = 0.0314
ba_trigger_scale = 8.0
pfedba_target_label = 0
pfedba_poison_rate = 0.5
pfedba_poison_count = -1
pfedba_poison_before_start = False
pfedba_attack_start = 30
pfedba_trigger_opt_steps = 15
pfedba_trigger_lr = 0.1
pfedba_init_value = 0.5
pfedba_patch_size = 8
pfedba_patch_position = center
pfedba_img_c = 3
pfedba_img_h = 32
pfedba_img_w = 32
pfedba_align_grad_weight = 1.0
pfedba_align_loss_weight = 1.0
pfedba_attack_loss_weight = 1.0
pfedba_opt_samples_per_class = 100
pfedba_opt_batch_size = 64
pfedba_opt_max_batches_per_client = 20
logit_analysis = False
logit_reject_thresholds = 0.5,0.6,0.7,0.8
logit_entropy_thresholds = 1.0,1.5,2.0
logit_margin_thresholds = 0.1,0.2,0.3
==================================================

============= Running time: 0th =============
Creating server and clients ...
ResNet(
  (conv1): Conv2d(3, 64, kernel_size=(7, 7), stride=(2, 2), padding=(3, 3), bias=False)
  (bn1): BatchNorm2d(64, eps=1e-05, momentum=0.1, affine=True, track_running_stats=True)
  (relu): ReLU(inplace=True)
  (maxpool): MaxPool2d(kernel_size=3, stride=2, padding=1, dilation=1, ceil_mode=False)
  (layer1): Sequential(
    (0): BasicBlock(
      (conv1): Conv2d(64, 64, kernel_size=(3, 3), stride=(1, 1), padding=(1, 1), bias=False)
      (bn1): BatchNorm2d(64, eps=1e-05, momentum=0.1, affine=True, track_running_stats=True)
      (relu): ReLU(inplace=True)
      (conv2): Conv2d(64, 64, kernel_size=(3, 3), stride=(1, 1), padding=(1, 1), bias=False)
      (bn2): BatchNorm2d(64, eps=1e-05, momentum=0.1, affine=True, track_running_stats=True)
    )
    (1): BasicBlock(
      (conv1): Conv2d(64, 64, kernel_size=(3, 3), stride=(1, 1), padding=(1, 1), bias=False)
      (bn1): BatchNorm2d(64, eps=1e-05, momentum=0.1, affine=True, track_running_stats=True)
      (relu): ReLU(inplace=True)
      (conv2): Conv2d(64, 64, kernel_size=(3, 3), stride=(1, 1), padding=(1, 1), bias=False)
      (bn2): BatchNorm2d(64, eps=1e-05, momentum=0.1, affine=True, track_running_stats=True)
    )
  )
  (layer2): Sequential(
    (0): BasicBlock(
      (conv1): Conv2d(64, 128, kernel_size=(3, 3), stride=(2, 2), padding=(1, 1), bias=False)
      (bn1): BatchNorm2d(128, eps=1e-05, momentum=0.1, affine=True, track_running_stats=True)
      (relu): ReLU(inplace=True)
      (conv2): Conv2d(128, 128, kernel_size=(3, 3), stride=(1, 1), padding=(1, 1), bias=False)
      (bn2): BatchNorm2d(128, eps=1e-05, momentum=0.1, affine=True, track_running_stats=True)
      (downsample): Sequential(
        (0): Conv2d(64, 128, kernel_size=(1, 1), stride=(2, 2), bias=False)
        (1): BatchNorm2d(128, eps=1e-05, momentum=0.1, affine=True, track_running_stats=True)
      )
    )
    (1): BasicBlock(
      (conv1): Conv2d(128, 128, kernel_size=(3, 3), stride=(1, 1), padding=(1, 1), bias=False)
      (bn1): BatchNorm2d(128, eps=1e-05, momentum=0.1, affine=True, track_running_stats=True)
      (relu): ReLU(inplace=True)
      (conv2): Conv2d(128, 128, kernel_size=(3, 3), stride=(1, 1), padding=(1, 1), bias=False)
      (bn2): BatchNorm2d(128, eps=1e-05, momentum=0.1, affine=True, track_running_stats=True)
    )
  )
  (layer3): Sequential(
    (0): BasicBlock(
      (conv1): Conv2d(128, 256, kernel_size=(3, 3), stride=(2, 2), padding=(1, 1), bias=False)
      (bn1): BatchNorm2d(256, eps=1e-05, momentum=0.1, affine=True, track_running_stats=True)
      (relu): ReLU(inplace=True)
      (conv2): Conv2d(256, 256, kernel_size=(3, 3), stride=(1, 1), padding=(1, 1), bias=False)
      (bn2): BatchNorm2d(256, eps=1e-05, momentum=0.1, affine=True, track_running_stats=True)
      (downsample): Sequential(
        (0): Conv2d(128, 256, kernel_size=(1, 1), stride=(2, 2), bias=False)
        (1): BatchNorm2d(256, eps=1e-05, momentum=0.1, affine=True, track_running_stats=True)
      )
    )
    (1): BasicBlock(
      (conv1): Conv2d(256, 256, kernel_size=(3, 3), stride=(1, 1), padding=(1, 1), bias=False)
      (bn1): BatchNorm2d(256, eps=1e-05, momentum=0.1, affine=True, track_running_stats=True)
      (relu): ReLU(inplace=True)
      (conv2): Conv2d(256, 256, kernel_size=(3, 3), stride=(1, 1), padding=(1, 1), bias=False)
      (bn2): BatchNorm2d(256, eps=1e-05, momentum=0.1, affine=True, track_running_stats=True)
    )
  )
  (layer4): Sequential(
    (0): BasicBlock(
      (conv1): Conv2d(256, 512, kernel_size=(3, 3), stride=(2, 2), padding=(1, 1), bias=False)
      (bn1): BatchNorm2d(512, eps=1e-05, momentum=0.1, affine=True, track_running_stats=True)
      (relu): ReLU(inplace=True)
      (conv2): Conv2d(512, 512, kernel_size=(3, 3), stride=(1, 1), padding=(1, 1), bias=False)
      (bn2): BatchNorm2d(512, eps=1e-05, momentum=0.1, affine=True, track_running_stats=True)
      (downsample): Sequential(
        (0): Conv2d(256, 512, kernel_size=(1, 1), stride=(2, 2), bias=False)
        (1): BatchNorm2d(512, eps=1e-05, momentum=0.1, affine=True, track_running_stats=True)
      )
    )
    (1): BasicBlock(
      (conv1): Conv2d(512, 512, kernel_size=(3, 3), stride=(1, 1), padding=(1, 1), bias=False)
      (bn1): BatchNorm2d(512, eps=1e-05, momentum=0.1, affine=True, track_running_stats=True)
      (relu): ReLU(inplace=True)
      (conv2): Conv2d(512, 512, kernel_size=(3, 3), stride=(1, 1), padding=(1, 1), bias=False)
      (bn2): BatchNorm2d(512, eps=1e-05, momentum=0.1, affine=True, track_running_stats=True)
    )
  )
  (avgpool): AdaptiveAvgPool2d(output_size=(1, 1))
  (fc): Linear(in_features=512, out_features=10, bias=True)
)

Join ratio / total clients: 0.1 / 100
Finished creating server and clients.
FedCLCM-Purify enabled: beta=500.0, feature_beta=0.0, logit_beta=0.0, layers=layer4, start=5, momentum=0.9

-------------Round number: 0-------------

Evaluate personalized models
Averaged Train Loss: 2.4320
Averaged Test Accurancy: 0.1119
Averaged Test AUC: 0.4909
Std Test Accurancy: 0.0757
Std Test AUC: 0.1156
ASR: 0.09544562073118136
attack_auc: 0.6818502534156194
------------------------- time cost ------------------------- 11.766228675842285
ASR: 0.10432508464895578
attack_auc: 0.6645163180469669
Layer layer4.0.conv1.weight: 1/512 channels masked
Layer layer4.0.conv2.weight: 1/512 channels masked
Layer layer4.0.downsample.0.weight: 1/512 channels masked
Layer layer4.1.conv1.weight: 3/512 channels masked
------------------------- time cost ------------------------- 4.594954252243042
ASR: 0.09168134494272498
attack_auc: 0.6344962450091811
Layer layer4.0.conv1.weight: 1/512 channels masked
Layer layer4.0.conv2.weight: 2/512 channels masked
Layer layer4.0.downsample.0.weight: 1/512 channels masked
Layer layer4.1.conv1.weight: 3/512 channels masked
------------------------- time cost ------------------------- 5.716886043548584
ASR: 0.08351867983351983
attack_auc: 0.5954122209633165
Layer layer3.0.downsample.0.weight: 1/256 channels masked
Layer layer4.0.conv1.weight: 1/512 channels masked
Layer layer4.0.conv2.weight: 3/512 channels masked
Layer layer4.0.downsample.0.weight: 2/512 channels masked
Layer layer4.1.conv1.weight: 4/512 channels masked
------------------------- time cost ------------------------- 4.8796775341033936
ASR: 0.08078485574611914
attack_auc: 0.5751141958485009
Layer layer3.0.downsample.0.weight: 1/256 channels masked
Layer layer4.0.conv1.weight: 1/512 channels masked
Layer layer4.0.conv2.weight: 3/512 channels masked
Layer layer4.0.downsample.0.weight: 2/512 channels masked
Layer layer4.1.conv1.weight: 4/512 channels masked
------------------------- time cost ------------------------- 8.383849382400513
ASR: 0.07556418733003191
attack_auc: 0.5529508709115383
Layer layer3.0.downsample.0.weight: 1/256 channels masked
Layer layer4.0.conv1.weight: 1/512 channels masked
Layer layer4.0.conv2.weight: 3/512 channels masked
Layer layer4.0.downsample.0.weight: 2/512 channels masked
Layer layer4.1.conv1.weight: 4/512 channels masked
------------------------- time cost ------------------------- 4.755354404449463
ASR: 0.06506278015683387
attack_auc: 0.5400271755315064
Layer layer3.0.conv2.weight: 1/256 channels masked
Layer layer3.0.downsample.0.weight: 1/256 channels masked
Layer layer4.0.conv1.weight: 1/512 channels masked
Layer layer4.0.conv2.weight: 3/512 channels masked
Layer layer4.0.downsample.0.weight: 2/512 channels masked
Layer layer4.1.conv1.weight: 4/512 channels masked
------------------------- time cost ------------------------- 5.290831089019775
ASR: 0.06875938836585586
attack_auc: 0.5363866274494068
Layer layer3.0.conv2.weight: 1/256 channels masked
Layer layer3.0.downsample.0.weight: 1/256 channels masked
Layer layer4.0.conv1.weight: 1/512 channels masked
Layer layer4.0.conv2.weight: 3/512 channels masked
Layer layer4.0.downsample.0.weight: 2/512 channels masked
Layer layer4.1.conv1.weight: 4/512 channels masked
------------------------- time cost ------------------------- 5.356885194778442
ASR: 0.06960937267615168
attack_auc: 0.5179732852735155
Layer layer3.0.conv2.weight: 1/256 channels masked
Layer layer3.0.downsample.0.weight: 1/256 channels masked
Layer layer4.0.conv1.weight: 1/512 channels masked
Layer layer4.0.conv2.weight: 3/512 channels masked
Layer layer4.0.downsample.0.weight: 2/512 channels masked
Layer layer4.1.conv1.weight: 4/512 channels masked
------------------------- time cost ------------------------- 4.5705366134643555
ASR: 0.07085854180301698
attack_auc: 0.5154464999469967
Layer layer3.0.conv2.weight: 1/256 channels masked
Layer layer3.0.downsample.0.weight: 1/256 channels masked
Layer layer4.0.conv1.weight: 1/512 channels masked
Layer layer4.0.conv2.weight: 3/512 channels masked
Layer layer4.0.downsample.0.weight: 2/512 channels masked
Layer layer4.1.conv1.weight: 4/512 channels masked
------------------------- time cost ------------------------- 4.612104415893555

-------------Round number: 10-------------

Evaluate personalized models
Averaged Train Loss: 1.6852
Averaged Test Accurancy: 0.4067
Averaged Test AUC: 0.7813
Std Test Accurancy: 0.1886
Std Test AUC: 0.1404
ASR: 0.06959415392707503
attack_auc: 0.5083275873029897
Layer layer3.0.conv2.weight: 1/256 channels masked
Layer layer3.0.downsample.0.weight: 1/256 channels masked
Layer layer4.0.conv1.weight: 1/512 channels masked
Layer layer4.0.conv2.weight: 3/512 channels masked
Layer layer4.0.downsample.0.weight: 2/512 channels masked
Layer layer4.1.conv1.weight: 4/512 channels masked
------------------------- time cost ------------------------- 11.365251779556274
ASR: 0.06571568395218202
attack_auc: 0.5028618135596439
Layer layer3.0.conv2.weight: 1/256 channels masked
Layer layer3.0.downsample.0.weight: 1/256 channels masked
Layer layer4.0.conv1.weight: 1/512 channels masked
Layer layer4.0.conv2.weight: 3/512 channels masked
Layer layer4.0.downsample.0.weight: 2/512 channels masked
Layer layer4.1.conv1.weight: 4/512 channels masked
------------------------- time cost ------------------------- 7.180354595184326
ASR: 0.06111091377876507
attack_auc: 0.4951833406271546
Layer layer3.0.conv2.weight: 1/256 channels masked
Layer layer3.0.downsample.0.weight: 1/256 channels masked
Layer layer4.0.conv1.weight: 1/512 channels masked
Layer layer4.0.conv2.weight: 3/512 channels masked
Layer layer4.0.downsample.0.weight: 2/512 channels masked
Layer layer4.1.conv1.weight: 4/512 channels masked
------------------------- time cost ------------------------- 11.610520124435425
ASR: 0.06126357751385733
attack_auc: 0.4951178180421508
Layer layer3.0.conv2.weight: 1/256 channels masked
Layer layer3.0.downsample.0.weight: 1/256 channels masked
Layer layer4.0.conv1.weight: 1/512 channels masked
Layer layer4.0.conv2.weight: 3/512 channels masked
Layer layer4.0.downsample.0.weight: 2/512 channels masked
Layer layer4.1.conv1.weight: 4/512 channels masked
------------------------- time cost ------------------------- 7.910309076309204
ASR: 0.05857861092041328
attack_auc: 0.49439670092342325
Layer layer3.0.conv2.weight: 1/256 channels masked
Layer layer3.0.downsample.0.weight: 1/256 channels masked
Layer layer4.0.conv1.weight: 1/512 channels masked
Layer layer4.0.conv2.weight: 3/512 channels masked
Layer layer4.0.downsample.0.weight: 2/512 channels masked
Layer layer4.1.conv1.weight: 4/512 channels masked
------------------------- time cost ------------------------- 6.264005899429321
ASR: 0.05756043393361029
attack_auc: 0.4959285460192564
Layer layer3.0.conv2.weight: 1/256 channels masked
Layer layer3.0.downsample.0.weight: 1/256 channels masked
Layer layer4.0.conv1.weight: 1/512 channels masked
Layer layer4.0.conv2.weight: 3/512 channels masked
Layer layer4.0.downsample.0.weight: 2/512 channels masked
Layer layer4.1.conv1.weight: 4/512 channels masked
------------------------- time cost ------------------------- 4.931179761886597
ASR: 0.06454935050770938
attack_auc: 0.4943169528403655
Layer layer3.0.conv2.weight: 1/256 channels masked
Layer layer3.0.downsample.0.weight: 1/256 channels masked
Layer layer4.0.conv1.weight: 1/512 channels masked
Layer layer4.0.conv2.weight: 3/512 channels masked
Layer layer4.0.downsample.0.weight: 2/512 channels masked
Layer layer4.1.conv1.weight: 4/512 channels masked
------------------------- time cost ------------------------- 6.577311038970947
ASR: 0.06837989239727621
attack_auc: 0.49922986636568134
Layer layer3.0.conv2.weight: 1/256 channels masked
Layer layer3.0.downsample.0.weight: 1/256 channels masked
Layer layer4.0.conv1.weight: 1/512 channels masked
Layer layer4.0.conv2.weight: 3/512 channels masked
Layer layer4.0.downsample.0.weight: 2/512 channels masked
Layer layer4.1.conv1.weight: 4/512 channels masked
------------------------- time cost ------------------------- 5.487543344497681
ASR: 0.06679604086700669
attack_auc: 0.4931467157044415
Layer layer3.0.conv2.weight: 1/256 channels masked
Layer layer3.0.downsample.0.weight: 1/256 channels masked
Layer layer4.0.conv1.weight: 1/512 channels masked
Layer layer4.0.conv2.weight: 3/512 channels masked
Layer layer4.0.downsample.0.weight: 2/512 channels masked
Layer layer4.1.conv1.weight: 4/512 channels masked
------------------------- time cost ------------------------- 4.79439377784729
ASR: 0.06294402494135022
attack_auc: 0.48769755859556807
Layer layer3.0.conv2.weight: 1/256 channels masked
Layer layer3.0.downsample.0.weight: 1/256 channels masked
Layer layer4.0.conv1.weight: 1/512 channels masked
Layer layer4.0.conv2.weight: 3/512 channels masked
Layer layer4.0.downsample.0.weight: 2/512 channels masked
Layer layer4.1.conv1.weight: 4/512 channels masked
------------------------- time cost ------------------------- 4.700937986373901

-------------Round number: 20-------------

Evaluate personalized models
Averaged Train Loss: 1.2492
Averaged Test Accurancy: 0.5561
Averaged Test AUC: 0.8798
Std Test Accurancy: 0.1644
Std Test AUC: 0.0888
ASR: 0.06246757839430168
attack_auc: 0.4837524388223268
Layer layer3.0.conv2.weight: 1/256 channels masked
Layer layer3.0.downsample.0.weight: 1/256 channels masked
Layer layer4.0.conv1.weight: 1/512 channels masked
Layer layer4.0.conv2.weight: 3/512 channels masked
Layer layer4.0.downsample.0.weight: 2/512 channels masked
Layer layer4.1.conv1.weight: 4/512 channels masked
------------------------- time cost ------------------------- 12.13609266281128
ASR: 0.05796553117666103
attack_auc: 0.48284177931488864
Layer layer3.0.conv2.weight: 1/256 channels masked
Layer layer3.0.downsample.0.weight: 1/256 channels masked
Layer layer4.0.conv1.weight: 1/512 channels masked
Layer layer4.0.conv2.weight: 3/512 channels masked
Layer layer4.0.downsample.0.weight: 2/512 channels masked
Layer layer4.1.conv1.weight: 4/512 channels masked
------------------------- time cost ------------------------- 9.985318422317505
ASR: 0.057935910278868546
attack_auc: 0.4853601780773745
Layer layer3.0.conv2.weight: 1/256 channels masked
Layer layer3.0.downsample.0.weight: 1/256 channels masked
Layer layer4.0.conv1.weight: 1/512 channels masked
Layer layer4.0.conv2.weight: 3/512 channels masked
Layer layer4.0.downsample.0.weight: 2/512 channels masked
Layer layer4.1.conv1.weight: 4/512 channels masked
------------------------- time cost ------------------------- 11.16797423362732
ASR: 0.057625266600542374
attack_auc: 0.485044401614848
Layer layer3.0.conv2.weight: 1/256 channels masked
Layer layer3.0.downsample.0.weight: 1/256 channels masked
Layer layer4.0.conv1.weight: 1/512 channels masked
Layer layer4.0.conv2.weight: 3/512 channels masked
Layer layer4.0.downsample.0.weight: 2/512 channels masked
Layer layer4.1.conv1.weight: 4/512 channels masked
------------------------- time cost ------------------------- 7.143652677536011
ASR: 0.05633121159508204
attack_auc: 0.4891339860149723
Layer layer3.0.conv2.weight: 1/256 channels masked
Layer layer3.0.downsample.0.weight: 1/256 channels masked
Layer layer4.0.conv1.weight: 1/512 channels masked
Layer layer4.0.conv2.weight: 3/512 channels masked
Layer layer4.0.downsample.0.weight: 2/512 channels masked
Layer layer4.1.conv1.weight: 4/512 channels masked
------------------------- time cost ------------------------- 15.613814353942871
