==================================================
goal = BN100_OLD_PUR_NOMASK_L4_B100_S5
device = cuda
join_ratio = 0.1
device_id = 2
dataset = Cifar10_dir0.5_bdoor0.2_nclient_100_badnet_adv10
num_classes = 10
model = ResNetP
batch_size = 64
local_learning_rate = 0.003
learning_rate_decay = False
learning_rate_decay_gamma = 0.99
global_rounds = 600
top_cnt = 100
local_epochs = 1
algorithm = FedCLCMPurify
num_clients = 100
eval_gap = 10
save_folder_name = items
auto_break = False
batch_num_per_client = 2
feature_dim = 512
vocab_size = 32000
max_len = 200
client_drop_rate = 0.0
time_select = False
time_threthold = 10000
send_slow_rate = 0.0
beta = 0.0
lamda = 1.0
mu = 0.0
K = 5
p_learning_rate = 0.01
M = 5
itk = 4000
alphaK = 1.0
sigma = 1.0
alpha = 1.0
plocal_epochs = 1
lr_head = 0.005
tau = 1.0
fine_tuning_epochs = 10
dr_learning_rate = 0.0
L = 1.0
noise_dim = 512
generator_learning_rate = 0.005
hidden_dim = 512
server_epochs = 1000
localize_feature_extractor = False
server_learning_rate = 1.0
eta = 1.0
rand_percent = 80
layer_idx = 2
mentee_learning_rate = 0.005
T_start = 0.95
T_end = 0.98
momentum = 0.1
kl_weight = 0.0
disti_epochs = 1
protect_id = 1
adv_eps = 0.0
adv_num_iter = 0
defense_epochs = 1
clean_data = 5000
sdmk_m = 7
sdmk_k = 5
delta = 0.5
sim_threshold = 0.7
rt_beta = 0.05
num_adv_clients = 10
lambda_cl = 0.2
aug_strength = 0.1
mask_tau = 1000000000.0
mask_alpha = 1.0
enable_channel_mask = False
cosine_gate = False
cosine_gate_threshold = 0.3
cosine_gate_alpha = 0.5
trim_high_layers = 
trim_beta_high = None
trim_beta_low = None
purify_enable = False
purify_beta = 100.0
purify_feature_beta = 0.0
purify_logit_beta = 0.0
purify_temperature = 2.0
purify_start_round = 5
purify_layers = layer4
purify_teacher_momentum = 0.9
purify_teacher_cpu_half = True
attack = none
ba_target_label = 0
ba_poison_rate = 0.2
ba_trigger_gen_steps = 30
ba_trigger_gen_lr = 0.01
ba_pgd_eps = 0.0314
ba_trigger_scale = 8.0
pfedba_target_label = 0
pfedba_poison_rate = 0.5
pfedba_poison_count = -1
pfedba_poison_before_start = False
pfedba_attack_start = 30
pfedba_trigger_opt_steps = 15
pfedba_trigger_lr = 0.1
pfedba_init_value = 0.5
pfedba_patch_size = 8
pfedba_patch_position = center
pfedba_img_c = 3
pfedba_img_h = 32
pfedba_img_w = 32
pfedba_align_grad_weight = 1.0
pfedba_align_loss_weight = 1.0
pfedba_attack_loss_weight = 1.0
pfedba_opt_samples_per_class = 100
pfedba_opt_batch_size = 64
pfedba_opt_max_batches_per_client = 20
logit_analysis = False
logit_reject_thresholds = 0.5,0.6,0.7,0.8
logit_entropy_thresholds = 1.0,1.5,2.0
logit_margin_thresholds = 0.1,0.2,0.3
==================================================

============= Running time: 0th =============
Creating server and clients ...
ResNet(
  (conv1): Conv2d(3, 64, kernel_size=(7, 7), stride=(2, 2), padding=(3, 3), bias=False)
  (bn1): BatchNorm2d(64, eps=1e-05, momentum=0.1, affine=True, track_running_stats=True)
  (relu): ReLU(inplace=True)
  (maxpool): MaxPool2d(kernel_size=3, stride=2, padding=1, dilation=1, ceil_mode=False)
  (layer1): Sequential(
    (0): BasicBlock(
      (conv1): Conv2d(64, 64, kernel_size=(3, 3), stride=(1, 1), padding=(1, 1), bias=False)
      (bn1): BatchNorm2d(64, eps=1e-05, momentum=0.1, affine=True, track_running_stats=True)
      (relu): ReLU(inplace=True)
      (conv2): Conv2d(64, 64, kernel_size=(3, 3), stride=(1, 1), padding=(1, 1), bias=False)
      (bn2): BatchNorm2d(64, eps=1e-05, momentum=0.1, affine=True, track_running_stats=True)
    )
    (1): BasicBlock(
      (conv1): Conv2d(64, 64, kernel_size=(3, 3), stride=(1, 1), padding=(1, 1), bias=False)
      (bn1): BatchNorm2d(64, eps=1e-05, momentum=0.1, affine=True, track_running_stats=True)
      (relu): ReLU(inplace=True)
      (conv2): Conv2d(64, 64, kernel_size=(3, 3), stride=(1, 1), padding=(1, 1), bias=False)
      (bn2): BatchNorm2d(64, eps=1e-05, momentum=0.1, affine=True, track_running_stats=True)
    )
  )
  (layer2): Sequential(
    (0): BasicBlock(
      (conv1): Conv2d(64, 128, kernel_size=(3, 3), stride=(2, 2), padding=(1, 1), bias=False)
      (bn1): BatchNorm2d(128, eps=1e-05, momentum=0.1, affine=True, track_running_stats=True)
      (relu): ReLU(inplace=True)
      (conv2): Conv2d(128, 128, kernel_size=(3, 3), stride=(1, 1), padding=(1, 1), bias=False)
      (bn2): BatchNorm2d(128, eps=1e-05, momentum=0.1, affine=True, track_running_stats=True)
      (downsample): Sequential(
        (0): Conv2d(64, 128, kernel_size=(1, 1), stride=(2, 2), bias=False)
        (1): BatchNorm2d(128, eps=1e-05, momentum=0.1, affine=True, track_running_stats=True)
      )
    )
    (1): BasicBlock(
      (conv1): Conv2d(128, 128, kernel_size=(3, 3), stride=(1, 1), padding=(1, 1), bias=False)
      (bn1): BatchNorm2d(128, eps=1e-05, momentum=0.1, affine=True, track_running_stats=True)
      (relu): ReLU(inplace=True)
      (conv2): Conv2d(128, 128, kernel_size=(3, 3), stride=(1, 1), padding=(1, 1), bias=False)
      (bn2): BatchNorm2d(128, eps=1e-05, momentum=0.1, affine=True, track_running_stats=True)
    )
  )
  (layer3): Sequential(
    (0): BasicBlock(
      (conv1): Conv2d(128, 256, kernel_size=(3, 3), stride=(2, 2), padding=(1, 1), bias=False)
      (bn1): BatchNorm2d(256, eps=1e-05, momentum=0.1, affine=True, track_running_stats=True)
      (relu): ReLU(inplace=True)
      (conv2): Conv2d(256, 256, kernel_size=(3, 3), stride=(1, 1), padding=(1, 1), bias=False)
      (bn2): BatchNorm2d(256, eps=1e-05, momentum=0.1, affine=True, track_running_stats=True)
      (downsample): Sequential(
        (0): Conv2d(128, 256, kernel_size=(1, 1), stride=(2, 2), bias=False)
        (1): BatchNorm2d(256, eps=1e-05, momentum=0.1, affine=True, track_running_stats=True)
      )
    )
    (1): BasicBlock(
      (conv1): Conv2d(256, 256, kernel_size=(3, 3), stride=(1, 1), padding=(1, 1), bias=False)
      (bn1): BatchNorm2d(256, eps=1e-05, momentum=0.1, affine=True, track_running_stats=True)
      (relu): ReLU(inplace=True)
      (conv2): Conv2d(256, 256, kernel_size=(3, 3), stride=(1, 1), padding=(1, 1), bias=False)
      (bn2): BatchNorm2d(256, eps=1e-05, momentum=0.1, affine=True, track_running_stats=True)
    )
  )
  (layer4): Sequential(
    (0): BasicBlock(
      (conv1): Conv2d(256, 512, kernel_size=(3, 3), stride=(2, 2), padding=(1, 1), bias=False)
      (bn1): BatchNorm2d(512, eps=1e-05, momentum=0.1, affine=True, track_running_stats=True)
      (relu): ReLU(inplace=True)
      (conv2): Conv2d(512, 512, kernel_size=(3, 3), stride=(1, 1), padding=(1, 1), bias=False)
      (bn2): BatchNorm2d(512, eps=1e-05, momentum=0.1, affine=True, track_running_stats=True)
      (downsample): Sequential(
        (0): Conv2d(256, 512, kernel_size=(1, 1), stride=(2, 2), bias=False)
        (1): BatchNorm2d(512, eps=1e-05, momentum=0.1, affine=True, track_running_stats=True)
      )
    )
    (1): BasicBlock(
      (conv1): Conv2d(512, 512, kernel_size=(3, 3), stride=(1, 1), padding=(1, 1), bias=False)
      (bn1): BatchNorm2d(512, eps=1e-05, momentum=0.1, affine=True, track_running_stats=True)
      (relu): ReLU(inplace=True)
      (conv2): Conv2d(512, 512, kernel_size=(3, 3), stride=(1, 1), padding=(1, 1), bias=False)
      (bn2): BatchNorm2d(512, eps=1e-05, momentum=0.1, affine=True, track_running_stats=True)
    )
  )
  (avgpool): AdaptiveAvgPool2d(output_size=(1, 1))
  (fc): Linear(in_features=512, out_features=10, bias=True)
)

Join ratio / total clients: 0.1 / 100
Finished creating server and clients.
FedCLCM-Purify enabled: beta=100.0, feature_beta=0.0, logit_beta=0.0, layers=layer4, start=5, momentum=0.9

-------------Round number: 0-------------

Evaluate personalized models
Averaged Train Loss: 2.4320
Averaged Test Accurancy: 0.1119
Averaged Test AUC: 0.4909
Std Test Accurancy: 0.0757
Std Test AUC: 0.1156
ASR: 0.09647236809145103
attack_auc: 0.6820909821268425
------------------------- time cost ------------------------- 12.597254991531372
ASR: 0.0961418128250442
attack_auc: 0.6495813942308577
------------------------- time cost ------------------------- 4.384032964706421
ASR: 0.09428915407838612
attack_auc: 0.623396750430337
------------------------- time cost ------------------------- 4.724057674407959
ASR: 0.07812929576368548
attack_auc: 0.5837870226406151
------------------------- time cost ------------------------- 4.590345144271851
ASR: 0.07717178266366671
attack_auc: 0.5731945886763913
------------------------- time cost ------------------------- 7.023013353347778
ASR: 0.07733703517940234
attack_auc: 0.571094918844466
------------------------- time cost ------------------------- 4.060685873031616
ASR: 0.07411615629340897
attack_auc: 0.5662437397796296
------------------------- time cost ------------------------- 3.8675942420959473
ASR: 0.06935511955764184
attack_auc: 0.5493101924047388
------------------------- time cost ------------------------- 4.133401155471802
ASR: 0.07791991194113726
attack_auc: 0.5506681479738899
------------------------- time cost ------------------------- 4.883824110031128
ASR: 0.08056634616962809
attack_auc: 0.5378049079256968
------------------------- time cost ------------------------- 3.8229103088378906

-------------Round number: 10-------------

Evaluate personalized models
Averaged Train Loss: 1.7100
Averaged Test Accurancy: 0.4050
Averaged Test AUC: 0.7822
Std Test Accurancy: 0.1823
Std Test AUC: 0.1304
ASR: 0.07986418203945042
attack_auc: 0.5333062482438812
------------------------- time cost ------------------------- 11.620184183120728
ASR: 0.08646889996928163
attack_auc: 0.5349871144419807
------------------------- time cost ------------------------- 4.073058605194092
ASR: 0.0900598563939776
attack_auc: 0.5393427665115442
------------------------- time cost ------------------------- 6.417286157608032
ASR: 0.08539395308495026
attack_auc: 0.535524610792857
------------------------- time cost ------------------------- 9.122193336486816
ASR: 0.08084423047651476
attack_auc: 0.5258565518364557
------------------------- time cost ------------------------- 5.616201400756836
ASR: 0.0752687123435964
attack_auc: 0.5161607384735074
------------------------- time cost ------------------------- 7.444595813751221
ASR: 0.07528045480836211
attack_auc: 0.5235392960429915
------------------------- time cost ------------------------- 5.211795330047607
ASR: 0.07499964665853452
attack_auc: 0.5232654412994286
------------------------- time cost ------------------------- 4.5971760749816895
ASR: 0.06954388130240864
attack_auc: 0.5154099218444685
------------------------- time cost ------------------------- 5.87866997718811
ASR: 0.06517046898970513
attack_auc: 0.5079863878991303
------------------------- time cost ------------------------- 4.285925626754761

-------------Round number: 20-------------

Evaluate personalized models
Averaged Train Loss: 1.2419
Averaged Test Accurancy: 0.5672
Averaged Test AUC: 0.8864
Std Test Accurancy: 0.1512
Std Test AUC: 0.0688
ASR: 0.06514831835363147
attack_auc: 0.5065531592372061
------------------------- time cost ------------------------- 11.065747022628784
ASR: 0.06259632127611796
attack_auc: 0.5048022728037215
------------------------- time cost ------------------------- 4.166678190231323
ASR: 0.06659504887690193
attack_auc: 0.5119674642273153
------------------------- time cost ------------------------- 4.307158470153809
ASR: 0.06700478803609763
attack_auc: 0.5072307501312915
------------------------- time cost ------------------------- 4.036862134933472
ASR: 0.06490533618997908
attack_auc: 0.5117451828239011
------------------------- time cost ------------------------- 9.694367170333862
ASR: 0.06397112456078026
attack_auc: 0.5088536814767223
------------------------- time cost ------------------------- 7.892912864685059
ASR: 0.06490035018105533
attack_auc: 0.5089520318107044
------------------------- time cost ------------------------- 5.521172046661377
ASR: 0.06142418221591162
attack_auc: 0.5072495005285227
------------------------- time cost ------------------------- 6.72708797454834
ASR: 0.06060357085450183
attack_auc: 0.5071505226808188
------------------------- time cost ------------------------- 14.700438499450684
