==================================================
goal = BN100_OLD_PUR_L4_B100_S5
device = cuda
join_ratio = 0.1
device_id = 0
dataset = Cifar10_dir0.5_bdoor0.2_nclient_100_badnet_adv10
num_classes = 10
model = ResNetP
batch_size = 64
local_learning_rate = 0.003
learning_rate_decay = False
learning_rate_decay_gamma = 0.99
global_rounds = 600
top_cnt = 100
local_epochs = 1
algorithm = FedCLCMPurify
num_clients = 100
eval_gap = 10
save_folder_name = items
auto_break = False
batch_num_per_client = 2
feature_dim = 512
vocab_size = 32000
max_len = 200
client_drop_rate = 0.0
time_select = False
time_threthold = 10000
send_slow_rate = 0.0
beta = 0.0
lamda = 1.0
mu = 0.0
K = 5
p_learning_rate = 0.01
M = 5
itk = 4000
alphaK = 1.0
sigma = 1.0
alpha = 1.0
plocal_epochs = 1
lr_head = 0.005
tau = 1.0
fine_tuning_epochs = 10
dr_learning_rate = 0.0
L = 1.0
noise_dim = 512
generator_learning_rate = 0.005
hidden_dim = 512
server_epochs = 1000
localize_feature_extractor = False
server_learning_rate = 1.0
eta = 1.0
rand_percent = 80
layer_idx = 2
mentee_learning_rate = 0.005
T_start = 0.95
T_end = 0.98
momentum = 0.1
kl_weight = 0.0
disti_epochs = 1
protect_id = 1
adv_eps = 0.0
adv_num_iter = 0
defense_epochs = 1
clean_data = 5000
sdmk_m = 7
sdmk_k = 5
delta = 0.5
sim_threshold = 0.7
rt_beta = 0.05
num_adv_clients = 10
lambda_cl = 0.2
aug_strength = 0.1
mask_tau = 12.0
mask_alpha = 0.7
enable_channel_mask = True
cosine_gate = False
cosine_gate_threshold = 0.3
cosine_gate_alpha = 0.5
trim_high_layers = 
trim_beta_high = None
trim_beta_low = None
purify_enable = False
purify_beta = 100.0
purify_feature_beta = 0.0
purify_logit_beta = 0.0
purify_temperature = 2.0
purify_start_round = 5
purify_layers = layer4
purify_teacher_momentum = 0.9
purify_teacher_cpu_half = True
attack = none
ba_target_label = 0
ba_poison_rate = 0.2
ba_trigger_gen_steps = 30
ba_trigger_gen_lr = 0.01
ba_pgd_eps = 0.0314
ba_trigger_scale = 8.0
pfedba_target_label = 0
pfedba_poison_rate = 0.5
pfedba_poison_count = -1
pfedba_poison_before_start = False
pfedba_attack_start = 30
pfedba_trigger_opt_steps = 15
pfedba_trigger_lr = 0.1
pfedba_init_value = 0.5
pfedba_patch_size = 8
pfedba_patch_position = center
pfedba_img_c = 3
pfedba_img_h = 32
pfedba_img_w = 32
pfedba_align_grad_weight = 1.0
pfedba_align_loss_weight = 1.0
pfedba_attack_loss_weight = 1.0
pfedba_opt_samples_per_class = 100
pfedba_opt_batch_size = 64
pfedba_opt_max_batches_per_client = 20
logit_analysis = False
logit_reject_thresholds = 0.5,0.6,0.7,0.8
logit_entropy_thresholds = 1.0,1.5,2.0
logit_margin_thresholds = 0.1,0.2,0.3
==================================================

============= Running time: 0th =============
Creating server and clients ...
ResNet(
  (conv1): Conv2d(3, 64, kernel_size=(7, 7), stride=(2, 2), padding=(3, 3), bias=False)
  (bn1): BatchNorm2d(64, eps=1e-05, momentum=0.1, affine=True, track_running_stats=True)
  (relu): ReLU(inplace=True)
  (maxpool): MaxPool2d(kernel_size=3, stride=2, padding=1, dilation=1, ceil_mode=False)
  (layer1): Sequential(
    (0): BasicBlock(
      (conv1): Conv2d(64, 64, kernel_size=(3, 3), stride=(1, 1), padding=(1, 1), bias=False)
      (bn1): BatchNorm2d(64, eps=1e-05, momentum=0.1, affine=True, track_running_stats=True)
      (relu): ReLU(inplace=True)
      (conv2): Conv2d(64, 64, kernel_size=(3, 3), stride=(1, 1), padding=(1, 1), bias=False)
      (bn2): BatchNorm2d(64, eps=1e-05, momentum=0.1, affine=True, track_running_stats=True)
    )
    (1): BasicBlock(
      (conv1): Conv2d(64, 64, kernel_size=(3, 3), stride=(1, 1), padding=(1, 1), bias=False)
      (bn1): BatchNorm2d(64, eps=1e-05, momentum=0.1, affine=True, track_running_stats=True)
      (relu): ReLU(inplace=True)
      (conv2): Conv2d(64, 64, kernel_size=(3, 3), stride=(1, 1), padding=(1, 1), bias=False)
      (bn2): BatchNorm2d(64, eps=1e-05, momentum=0.1, affine=True, track_running_stats=True)
    )
  )
  (layer2): Sequential(
    (0): BasicBlock(
      (conv1): Conv2d(64, 128, kernel_size=(3, 3), stride=(2, 2), padding=(1, 1), bias=False)
      (bn1): BatchNorm2d(128, eps=1e-05, momentum=0.1, affine=True, track_running_stats=True)
      (relu): ReLU(inplace=True)
      (conv2): Conv2d(128, 128, kernel_size=(3, 3), stride=(1, 1), padding=(1, 1), bias=False)
      (bn2): BatchNorm2d(128, eps=1e-05, momentum=0.1, affine=True, track_running_stats=True)
      (downsample): Sequential(
        (0): Conv2d(64, 128, kernel_size=(1, 1), stride=(2, 2), bias=False)
        (1): BatchNorm2d(128, eps=1e-05, momentum=0.1, affine=True, track_running_stats=True)
      )
    )
    (1): BasicBlock(
      (conv1): Conv2d(128, 128, kernel_size=(3, 3), stride=(1, 1), padding=(1, 1), bias=False)
      (bn1): BatchNorm2d(128, eps=1e-05, momentum=0.1, affine=True, track_running_stats=True)
      (relu): ReLU(inplace=True)
      (conv2): Conv2d(128, 128, kernel_size=(3, 3), stride=(1, 1), padding=(1, 1), bias=False)
      (bn2): BatchNorm2d(128, eps=1e-05, momentum=0.1, affine=True, track_running_stats=True)
    )
  )
  (layer3): Sequential(
    (0): BasicBlock(
      (conv1): Conv2d(128, 256, kernel_size=(3, 3), stride=(2, 2), padding=(1, 1), bias=False)
      (bn1): BatchNorm2d(256, eps=1e-05, momentum=0.1, affine=True, track_running_stats=True)
      (relu): ReLU(inplace=True)
      (conv2): Conv2d(256, 256, kernel_size=(3, 3), stride=(1, 1), padding=(1, 1), bias=False)
      (bn2): BatchNorm2d(256, eps=1e-05, momentum=0.1, affine=True, track_running_stats=True)
      (downsample): Sequential(
        (0): Conv2d(128, 256, kernel_size=(1, 1), stride=(2, 2), bias=False)
        (1): BatchNorm2d(256, eps=1e-05, momentum=0.1, affine=True, track_running_stats=True)
      )
    )
    (1): BasicBlock(
      (conv1): Conv2d(256, 256, kernel_size=(3, 3), stride=(1, 1), padding=(1, 1), bias=False)
      (bn1): BatchNorm2d(256, eps=1e-05, momentum=0.1, affine=True, track_running_stats=True)
      (relu): ReLU(inplace=True)
      (conv2): Conv2d(256, 256, kernel_size=(3, 3), stride=(1, 1), padding=(1, 1), bias=False)
      (bn2): BatchNorm2d(256, eps=1e-05, momentum=0.1, affine=True, track_running_stats=True)
    )
  )
  (layer4): Sequential(
    (0): BasicBlock(
      (conv1): Conv2d(256, 512, kernel_size=(3, 3), stride=(2, 2), padding=(1, 1), bias=False)
      (bn1): BatchNorm2d(512, eps=1e-05, momentum=0.1, affine=True, track_running_stats=True)
      (relu): ReLU(inplace=True)
      (conv2): Conv2d(512, 512, kernel_size=(3, 3), stride=(1, 1), padding=(1, 1), bias=False)
      (bn2): BatchNorm2d(512, eps=1e-05, momentum=0.1, affine=True, track_running_stats=True)
      (downsample): Sequential(
        (0): Conv2d(256, 512, kernel_size=(1, 1), stride=(2, 2), bias=False)
        (1): BatchNorm2d(512, eps=1e-05, momentum=0.1, affine=True, track_running_stats=True)
      )
    )
    (1): BasicBlock(
      (conv1): Conv2d(512, 512, kernel_size=(3, 3), stride=(1, 1), padding=(1, 1), bias=False)
      (bn1): BatchNorm2d(512, eps=1e-05, momentum=0.1, affine=True, track_running_stats=True)
      (relu): ReLU(inplace=True)
      (conv2): Conv2d(512, 512, kernel_size=(3, 3), stride=(1, 1), padding=(1, 1), bias=False)
      (bn2): BatchNorm2d(512, eps=1e-05, momentum=0.1, affine=True, track_running_stats=True)
    )
  )
  (avgpool): AdaptiveAvgPool2d(output_size=(1, 1))
  (fc): Linear(in_features=512, out_features=10, bias=True)
)

Join ratio / total clients: 0.1 / 100
Finished creating server and clients.
FedCLCM-Purify enabled: beta=100.0, feature_beta=0.0, logit_beta=0.0, layers=layer4, start=5, momentum=0.9

-------------Round number: 0-------------

Evaluate personalized models
Averaged Train Loss: 2.4320
Averaged Test Accurancy: 0.1119
Averaged Test AUC: 0.4909
Std Test Accurancy: 0.0757
Std Test AUC: 0.1156
ASR: 0.11347210434633737
attack_auc: 0.693793253199381
------------------------- time cost ------------------------- 12.52310061454773
ASR: 0.10297580535678683
attack_auc: 0.652116212360915
Layer layer4.0.conv1.weight: 1/512 channels masked
Layer layer4.0.conv2.weight: 1/512 channels masked
Layer layer4.0.downsample.0.weight: 1/512 channels masked
Layer layer4.1.conv1.weight: 2/512 channels masked
------------------------- time cost ------------------------- 4.253389835357666
ASR: 0.09218907750234126
attack_auc: 0.6097421725548189
Layer layer4.0.conv1.weight: 1/512 channels masked
Layer layer4.0.conv2.weight: 2/512 channels masked
Layer layer4.0.downsample.0.weight: 1/512 channels masked
Layer layer4.1.conv1.weight: 2/512 channels masked
------------------------- time cost ------------------------- 5.2765138149261475
ASR: 0.09483442911719914
attack_auc: 0.5971484754453362
Layer layer4.0.conv1.weight: 1/512 channels masked
Layer layer4.0.conv2.weight: 2/512 channels masked
Layer layer4.0.downsample.0.weight: 1/512 channels masked
Layer layer4.1.conv1.weight: 2/512 channels masked
------------------------- time cost ------------------------- 4.935401201248169
ASR: 0.10211763024578872
attack_auc: 0.5952700307337767
Layer layer4.0.conv1.weight: 1/512 channels masked
Layer layer4.0.conv2.weight: 2/512 channels masked
Layer layer4.0.downsample.0.weight: 1/512 channels masked
Layer layer4.1.conv1.weight: 2/512 channels masked
------------------------- time cost ------------------------- 8.188139915466309
ASR: 0.10764929425017233
attack_auc: 0.5889627732594781
Layer layer4.0.conv1.weight: 1/512 channels masked
Layer layer4.0.conv2.weight: 2/512 channels masked
Layer layer4.0.downsample.0.weight: 1/512 channels masked
Layer layer4.1.conv1.weight: 2/512 channels masked
------------------------- time cost ------------------------- 4.248082160949707
ASR: 0.09197141111516263
attack_auc: 0.565118291831323
Layer layer4.0.conv1.weight: 1/512 channels masked
Layer layer4.0.conv2.weight: 2/512 channels masked
Layer layer4.0.downsample.0.weight: 1/512 channels masked
Layer layer4.1.conv1.weight: 2/512 channels masked
------------------------- time cost ------------------------- 5.102630138397217
ASR: 0.08551117652479293
attack_auc: 0.5481623571969244
Layer layer4.0.conv1.weight: 1/512 channels masked
Layer layer4.0.conv2.weight: 2/512 channels masked
Layer layer4.0.downsample.0.weight: 1/512 channels masked
Layer layer4.1.conv1.weight: 2/512 channels masked
------------------------- time cost ------------------------- 4.507688999176025
ASR: 0.08166035169761779
attack_auc: 0.5360426575726347
Layer layer4.0.conv1.weight: 1/512 channels masked
Layer layer4.0.conv2.weight: 2/512 channels masked
Layer layer4.0.downsample.0.weight: 1/512 channels masked
Layer layer4.1.conv1.weight: 2/512 channels masked
------------------------- time cost ------------------------- 4.455354928970337
ASR: 0.07860083845666974
attack_auc: 0.5213470020751884
Layer layer3.0.downsample.0.weight: 1/256 channels masked
Layer layer4.0.conv1.weight: 1/512 channels masked
Layer layer4.0.conv2.weight: 2/512 channels masked
Layer layer4.0.downsample.0.weight: 1/512 channels masked
Layer layer4.1.conv1.weight: 2/512 channels masked
------------------------- time cost ------------------------- 5.341382265090942

-------------Round number: 10-------------

Evaluate personalized models
Averaged Train Loss: 1.7124
Averaged Test Accurancy: 0.4077
Averaged Test AUC: 0.7793
Std Test Accurancy: 0.1780
Std Test AUC: 0.1343
ASR: 0.0764360125437614
attack_auc: 0.5193473597762934
Layer layer3.0.downsample.0.weight: 1/256 channels masked
Layer layer4.0.conv1.weight: 1/512 channels masked
Layer layer4.0.conv2.weight: 3/512 channels masked
Layer layer4.0.downsample.0.weight: 2/512 channels masked
Layer layer4.1.conv1.weight: 2/512 channels masked
------------------------- time cost ------------------------- 11.42370319366455
ASR: 0.06962711988293306
attack_auc: 0.5070475499552192
Layer layer3.0.downsample.0.weight: 1/256 channels masked
Layer layer4.0.conv1.weight: 1/512 channels masked
Layer layer4.0.conv2.weight: 3/512 channels masked
Layer layer4.0.downsample.0.weight: 2/512 channels masked
Layer layer4.1.conv1.weight: 2/512 channels masked
------------------------- time cost ------------------------- 7.143624305725098
ASR: 0.0741855016265205
attack_auc: 0.5000801604454236
Layer layer3.0.downsample.0.weight: 1/256 channels masked
Layer layer4.0.conv1.weight: 1/512 channels masked
Layer layer4.0.conv2.weight: 3/512 channels masked
Layer layer4.0.downsample.0.weight: 2/512 channels masked
Layer layer4.1.conv1.weight: 2/512 channels masked
------------------------- time cost ------------------------- 11.846362352371216
ASR: 0.07112149242855449
attack_auc: 0.49611162196581304
Layer layer3.0.downsample.0.weight: 1/256 channels masked
Layer layer4.0.conv1.weight: 1/512 channels masked
Layer layer4.0.conv2.weight: 3/512 channels masked
Layer layer4.0.downsample.0.weight: 2/512 channels masked
Layer layer4.1.conv1.weight: 2/512 channels masked
------------------------- time cost ------------------------- 8.030076026916504
ASR: 0.0695004197273225
attack_auc: 0.49719747041014406
Layer layer3.0.downsample.0.weight: 1/256 channels masked
Layer layer4.0.conv1.weight: 1/512 channels masked
Layer layer4.0.conv2.weight: 3/512 channels masked
Layer layer4.0.downsample.0.weight: 2/512 channels masked
Layer layer4.1.conv1.weight: 2/512 channels masked
------------------------- time cost ------------------------- 5.11025595664978
ASR: 0.06892940802009459
attack_auc: 0.49666320741578857
Layer layer3.0.downsample.0.weight: 1/256 channels masked
Layer layer4.0.conv1.weight: 1/512 channels masked
Layer layer4.0.conv2.weight: 3/512 channels masked
Layer layer4.0.downsample.0.weight: 2/512 channels masked
Layer layer4.1.conv1.weight: 2/512 channels masked
------------------------- time cost ------------------------- 4.89629602432251
ASR: 0.0683792614007708
attack_auc: 0.4973340290182343
Layer layer3.0.downsample.0.weight: 1/256 channels masked
Layer layer4.0.conv1.weight: 1/512 channels masked
Layer layer4.0.conv2.weight: 3/512 channels masked
Layer layer4.0.downsample.0.weight: 2/512 channels masked
Layer layer4.1.conv1.weight: 2/512 channels masked
------------------------- time cost ------------------------- 7.047503709793091
ASR: 0.06881800992818705
attack_auc: 0.49813782746038987
Layer layer3.0.downsample.0.weight: 1/256 channels masked
Layer layer4.0.conv1.weight: 1/512 channels masked
Layer layer4.0.conv2.weight: 3/512 channels masked
Layer layer4.0.downsample.0.weight: 2/512 channels masked
Layer layer4.1.conv1.weight: 2/512 channels masked
------------------------- time cost ------------------------- 4.811550617218018
ASR: 0.06675927551658778
attack_auc: 0.49479175919567264
Layer layer3.0.downsample.0.weight: 1/256 channels masked
Layer layer4.0.conv1.weight: 1/512 channels masked
Layer layer4.0.conv2.weight: 3/512 channels masked
Layer layer4.0.downsample.0.weight: 2/512 channels masked
Layer layer4.1.conv1.weight: 2/512 channels masked
------------------------- time cost ------------------------- 5.078546047210693
ASR: 0.06379947398359359
attack_auc: 0.48535595099836165
Layer layer3.0.downsample.0.weight: 1/256 channels masked
Layer layer4.0.conv1.weight: 1/512 channels masked
Layer layer4.0.conv2.weight: 3/512 channels masked
Layer layer4.0.downsample.0.weight: 2/512 channels masked
Layer layer4.1.conv1.weight: 2/512 channels masked
------------------------- time cost ------------------------- 5.274099111557007

-------------Round number: 20-------------

Evaluate personalized models
Averaged Train Loss: 1.2937
Averaged Test Accurancy: 0.5448
Averaged Test AUC: 0.8775
Std Test Accurancy: 0.1620
Std Test AUC: 0.0766
ASR: 0.06288261178788523
attack_auc: 0.48526244118838446
Layer layer3.0.downsample.0.weight: 1/256 channels masked
Layer layer4.0.conv1.weight: 1/512 channels masked
Layer layer4.0.conv2.weight: 3/512 channels masked
Layer layer4.0.downsample.0.weight: 2/512 channels masked
Layer layer4.1.conv1.weight: 2/512 channels masked
------------------------- time cost ------------------------- 11.721975088119507
ASR: 0.05999682429100337
attack_auc: 0.4838374704578102
Layer layer3.0.downsample.0.weight: 1/256 channels masked
Layer layer4.0.conv1.weight: 1/512 channels masked
Layer layer4.0.conv2.weight: 3/512 channels masked
Layer layer4.0.downsample.0.weight: 2/512 channels masked
Layer layer4.1.conv1.weight: 2/512 channels masked
------------------------- time cost ------------------------- 10.620352745056152
ASR: 0.05641126291768797
attack_auc: 0.4875814323033236
Layer layer3.0.downsample.0.weight: 1/256 channels masked
Layer layer4.0.conv1.weight: 1/512 channels masked
Layer layer4.0.conv2.weight: 3/512 channels masked
Layer layer4.0.downsample.0.weight: 2/512 channels masked
Layer layer4.1.conv1.weight: 2/512 channels masked
------------------------- time cost ------------------------- 11.510157346725464
ASR: 0.05709541798152241
attack_auc: 0.4849362569096372
Layer layer3.0.downsample.0.weight: 1/256 channels masked
Layer layer4.0.conv1.weight: 1/512 channels masked
Layer layer4.0.conv2.weight: 3/512 channels masked
Layer layer4.0.downsample.0.weight: 2/512 channels masked
Layer layer4.1.conv1.weight: 2/512 channels masked
------------------------- time cost ------------------------- 7.136090040206909
ASR: 0.055731485516140315
attack_auc: 0.485537586922838
Layer layer3.0.downsample.0.weight: 1/256 channels masked
Layer layer4.0.conv1.weight: 1/512 channels masked
Layer layer4.0.conv2.weight: 3/512 channels masked
Layer layer4.0.downsample.0.weight: 2/512 channels masked
Layer layer4.1.conv1.weight: 2/512 channels masked
------------------------- time cost ------------------------- 14.022246599197388
ASR: 0.05695751662555905
attack_auc: 0.4912765049661131
Layer layer3.0.downsample.0.weight: 1/256 channels masked
Layer layer4.0.conv1.weight: 1/512 channels masked
Layer layer4.0.conv2.weight: 3/512 channels masked
Layer layer4.0.downsample.0.weight: 2/512 channels masked
Layer layer4.1.conv1.weight: 2/512 channels masked
------------------------- time cost ------------------------- 5.027278184890747
