==================================================
goal = BN40_PC_BASE
device = cuda
join_ratio = 0.25
device_id = 3
dataset = Cifar10_dir0.5_bdoor0.2_nclient_40_badnet_adv5
num_classes = 10
model = ResNetP
batch_size = 64
local_learning_rate = 0.003
learning_rate_decay = False
learning_rate_decay_gamma = 0.99
global_rounds = 600
top_cnt = 100
local_epochs = 1
algorithm = FedCLCM
num_clients = 40
eval_gap = 10
save_folder_name = items
auto_break = False
batch_num_per_client = 2
feature_dim = 512
vocab_size = 32000
max_len = 200
client_drop_rate = 0.0
time_select = False
time_threthold = 10000
send_slow_rate = 0.0
beta = 0.0
lamda = 1.0
mu = 0.0
K = 5
p_learning_rate = 0.01
M = 5
itk = 4000
alphaK = 1.0
sigma = 1.0
alpha = 1.0
plocal_epochs = 1
lr_head = 0.005
tau = 1.0
fine_tuning_epochs = 10
dr_learning_rate = 0.0
L = 1.0
noise_dim = 512
generator_learning_rate = 0.005
hidden_dim = 512
server_epochs = 1000
localize_feature_extractor = False
server_learning_rate = 1.0
eta = 1.0
rand_percent = 80
layer_idx = 2
mentee_learning_rate = 0.005
T_start = 0.95
T_end = 0.98
momentum = 0.1
kl_weight = 0.0
disti_epochs = 1
protect_id = 1
adv_eps = 0.0
adv_num_iter = 0
defense_epochs = 1
clean_data = 5000
sdmk_m = 7
sdmk_k = 5
delta = 0.5
sim_threshold = 0.7
rt_beta = 0.05
num_adv_clients = 5
lambda_cl = 0.2
aug_strength = 0.1
mask_tau = 12.0
mask_alpha = 0.7
enable_channel_mask = True
cosine_gate = False
cosine_gate_threshold = 0.3
cosine_gate_alpha = 0.5
trim_high_layers = 
trim_beta_high = None
trim_beta_low = None
purify_enable = False
purify_beta = 0.0
purify_feature_beta = 0.0
purify_logit_beta = 0.0
purify_temperature = 2.0
purify_start_round = 1
purify_layers = layer4
purify_teacher_momentum = 0.9
purify_teacher_cpu_half = True
attack = none
ba_target_label = 0
ba_poison_rate = 0.2
ba_trigger_gen_steps = 30
ba_trigger_gen_lr = 0.01
ba_pgd_eps = 0.0314
ba_trigger_scale = 8.0
pfedba_target_label = 0
pfedba_poison_rate = 0.5
pfedba_poison_count = -1
pfedba_poison_before_start = False
pfedba_attack_start = 30
pfedba_trigger_opt_steps = 15
pfedba_trigger_lr = 0.1
pfedba_init_value = 0.5
pfedba_patch_size = 8
pfedba_patch_position = center
pfedba_img_c = 3
pfedba_img_h = 32
pfedba_img_w = 32
pfedba_align_grad_weight = 1.0
pfedba_align_loss_weight = 1.0
pfedba_attack_loss_weight = 1.0
pfedba_opt_samples_per_class = 100
pfedba_opt_batch_size = 64
pfedba_opt_max_batches_per_client = 20
logit_analysis = False
logit_reject_thresholds = 0.5,0.6,0.7,0.8
logit_entropy_thresholds = 1.0,1.5,2.0
logit_margin_thresholds = 0.1,0.2,0.3
==================================================

============= Running time: 0th =============
Creating server and clients ...
ResNet(
  (conv1): Conv2d(3, 64, kernel_size=(7, 7), stride=(2, 2), padding=(3, 3), bias=False)
  (bn1): BatchNorm2d(64, eps=1e-05, momentum=0.1, affine=True, track_running_stats=True)
  (relu): ReLU(inplace=True)
  (maxpool): MaxPool2d(kernel_size=3, stride=2, padding=1, dilation=1, ceil_mode=False)
  (layer1): Sequential(
    (0): BasicBlock(
      (conv1): Conv2d(64, 64, kernel_size=(3, 3), stride=(1, 1), padding=(1, 1), bias=False)
      (bn1): BatchNorm2d(64, eps=1e-05, momentum=0.1, affine=True, track_running_stats=True)
      (relu): ReLU(inplace=True)
      (conv2): Conv2d(64, 64, kernel_size=(3, 3), stride=(1, 1), padding=(1, 1), bias=False)
      (bn2): BatchNorm2d(64, eps=1e-05, momentum=0.1, affine=True, track_running_stats=True)
    )
    (1): BasicBlock(
      (conv1): Conv2d(64, 64, kernel_size=(3, 3), stride=(1, 1), padding=(1, 1), bias=False)
      (bn1): BatchNorm2d(64, eps=1e-05, momentum=0.1, affine=True, track_running_stats=True)
      (relu): ReLU(inplace=True)
      (conv2): Conv2d(64, 64, kernel_size=(3, 3), stride=(1, 1), padding=(1, 1), bias=False)
      (bn2): BatchNorm2d(64, eps=1e-05, momentum=0.1, affine=True, track_running_stats=True)
    )
  )
  (layer2): Sequential(
    (0): BasicBlock(
      (conv1): Conv2d(64, 128, kernel_size=(3, 3), stride=(2, 2), padding=(1, 1), bias=False)
      (bn1): BatchNorm2d(128, eps=1e-05, momentum=0.1, affine=True, track_running_stats=True)
      (relu): ReLU(inplace=True)
      (conv2): Conv2d(128, 128, kernel_size=(3, 3), stride=(1, 1), padding=(1, 1), bias=False)
      (bn2): BatchNorm2d(128, eps=1e-05, momentum=0.1, affine=True, track_running_stats=True)
      (downsample): Sequential(
        (0): Conv2d(64, 128, kernel_size=(1, 1), stride=(2, 2), bias=False)
        (1): BatchNorm2d(128, eps=1e-05, momentum=0.1, affine=True, track_running_stats=True)
      )
    )
    (1): BasicBlock(
      (conv1): Conv2d(128, 128, kernel_size=(3, 3), stride=(1, 1), padding=(1, 1), bias=False)
      (bn1): BatchNorm2d(128, eps=1e-05, momentum=0.1, affine=True, track_running_stats=True)
      (relu): ReLU(inplace=True)
      (conv2): Conv2d(128, 128, kernel_size=(3, 3), stride=(1, 1), padding=(1, 1), bias=False)
      (bn2): BatchNorm2d(128, eps=1e-05, momentum=0.1, affine=True, track_running_stats=True)
    )
  )
  (layer3): Sequential(
    (0): BasicBlock(
      (conv1): Conv2d(128, 256, kernel_size=(3, 3), stride=(2, 2), padding=(1, 1), bias=False)
      (bn1): BatchNorm2d(256, eps=1e-05, momentum=0.1, affine=True, track_running_stats=True)
      (relu): ReLU(inplace=True)
      (conv2): Conv2d(256, 256, kernel_size=(3, 3), stride=(1, 1), padding=(1, 1), bias=False)
      (bn2): BatchNorm2d(256, eps=1e-05, momentum=0.1, affine=True, track_running_stats=True)
      (downsample): Sequential(
        (0): Conv2d(128, 256, kernel_size=(1, 1), stride=(2, 2), bias=False)
        (1): BatchNorm2d(256, eps=1e-05, momentum=0.1, affine=True, track_running_stats=True)
      )
    )
    (1): BasicBlock(
      (conv1): Conv2d(256, 256, kernel_size=(3, 3), stride=(1, 1), padding=(1, 1), bias=False)
      (bn1): BatchNorm2d(256, eps=1e-05, momentum=0.1, affine=True, track_running_stats=True)
      (relu): ReLU(inplace=True)
      (conv2): Conv2d(256, 256, kernel_size=(3, 3), stride=(1, 1), padding=(1, 1), bias=False)
      (bn2): BatchNorm2d(256, eps=1e-05, momentum=0.1, affine=True, track_running_stats=True)
    )
  )
  (layer4): Sequential(
    (0): BasicBlock(
      (conv1): Conv2d(256, 512, kernel_size=(3, 3), stride=(2, 2), padding=(1, 1), bias=False)
      (bn1): BatchNorm2d(512, eps=1e-05, momentum=0.1, affine=True, track_running_stats=True)
      (relu): ReLU(inplace=True)
      (conv2): Conv2d(512, 512, kernel_size=(3, 3), stride=(1, 1), padding=(1, 1), bias=False)
      (bn2): BatchNorm2d(512, eps=1e-05, momentum=0.1, affine=True, track_running_stats=True)
      (downsample): Sequential(
        (0): Conv2d(256, 512, kernel_size=(1, 1), stride=(2, 2), bias=False)
        (1): BatchNorm2d(512, eps=1e-05, momentum=0.1, affine=True, track_running_stats=True)
      )
    )
    (1): BasicBlock(
      (conv1): Conv2d(512, 512, kernel_size=(3, 3), stride=(1, 1), padding=(1, 1), bias=False)
      (bn1): BatchNorm2d(512, eps=1e-05, momentum=0.1, affine=True, track_running_stats=True)
      (relu): ReLU(inplace=True)
      (conv2): Conv2d(512, 512, kernel_size=(3, 3), stride=(1, 1), padding=(1, 1), bias=False)
      (bn2): BatchNorm2d(512, eps=1e-05, momentum=0.1, affine=True, track_running_stats=True)
    )
  )
  (avgpool): AdaptiveAvgPool2d(output_size=(1, 1))
  (fc): Linear(in_features=512, out_features=10, bias=True)
)

Join ratio / total clients: 0.25 / 40
Finished creating server and clients.

-------------Round number: 0-------------

Evaluate personalized models
Averaged Train Loss: 2.4316
Averaged Test Accurancy: 0.1139
Averaged Test AUC: 0.4904
Std Test Accurancy: 0.0794
Std Test AUC: 0.1273
ASR: 0.09563791328761725
attack_auc: 0.6553690022126327
------------------------- time cost ------------------------- 15.360790491104126
ASR: 0.07386091271454547
attack_auc: 0.6079108452285222
Layer layer4.0.conv1.weight: 1/512 channels masked
Layer layer4.0.conv2.weight: 1/512 channels masked
Layer layer4.0.downsample.0.weight: 2/512 channels masked
Layer layer4.1.conv1.weight: 2/512 channels masked
------------------------- time cost ------------------------- 7.728606939315796
ASR: 0.06733779751374483
attack_auc: 0.5643235291841499
Layer layer3.0.downsample.0.weight: 1/256 channels masked
Layer layer4.0.conv1.weight: 1/512 channels masked
Layer layer4.0.conv2.weight: 2/512 channels masked
Layer layer4.0.downsample.0.weight: 2/512 channels masked
Layer layer4.1.conv1.weight: 2/512 channels masked
------------------------- time cost ------------------------- 6.998729705810547
ASR: 0.05668202907451634
attack_auc: 0.550583707631262
Layer layer3.0.downsample.0.weight: 1/256 channels masked
Layer layer3.1.conv1.weight: 1/256 channels masked
Layer layer4.0.conv1.weight: 1/512 channels masked
Layer layer4.0.conv2.weight: 3/512 channels masked
Layer layer4.0.downsample.0.weight: 2/512 channels masked
Layer layer4.1.conv1.weight: 3/512 channels masked
------------------------- time cost ------------------------- 8.467026472091675
ASR: 0.04878275668815004
attack_auc: 0.5302961633699983
Layer layer3.0.conv2.weight: 1/256 channels masked
Layer layer3.0.downsample.0.weight: 1/256 channels masked
Layer layer3.1.conv1.weight: 1/256 channels masked
Layer layer4.0.conv1.weight: 1/512 channels masked
Layer layer4.0.conv2.weight: 3/512 channels masked
Layer layer4.0.downsample.0.weight: 2/512 channels masked
Layer layer4.1.conv1.weight: 3/512 channels masked
------------------------- time cost ------------------------- 7.866790533065796
ASR: 0.04687950643807121
attack_auc: 0.5216731201648788
Layer layer3.0.conv2.weight: 1/256 channels masked
Layer layer3.0.downsample.0.weight: 1/256 channels masked
Layer layer3.1.conv1.weight: 1/256 channels masked
Layer layer4.0.conv1.weight: 1/512 channels masked
Layer layer4.0.conv2.weight: 3/512 channels masked
Layer layer4.0.downsample.0.weight: 2/512 channels masked
Layer layer4.1.conv1.weight: 3/512 channels masked
------------------------- time cost ------------------------- 7.028771877288818
ASR: 0.06298488037898263
attack_auc: 0.5224134468576629
Layer layer3.0.conv2.weight: 1/256 channels masked
Layer layer3.0.downsample.0.weight: 1/256 channels masked
Layer layer3.1.conv1.weight: 1/256 channels masked
Layer layer4.0.conv1.weight: 1/512 channels masked
Layer layer4.0.conv2.weight: 3/512 channels masked
Layer layer4.0.downsample.0.weight: 2/512 channels masked
Layer layer4.1.conv1.weight: 3/512 channels masked
------------------------- time cost ------------------------- 7.540135145187378
ASR: 0.06705279343888408
attack_auc: 0.5296855678393431
Layer layer3.0.conv2.weight: 1/256 channels masked
Layer layer3.0.downsample.0.weight: 1/256 channels masked
Layer layer3.1.conv1.weight: 1/256 channels masked
Layer layer4.0.conv1.weight: 1/512 channels masked
Layer layer4.0.conv2.weight: 3/512 channels masked
Layer layer4.0.downsample.0.weight: 2/512 channels masked
Layer layer4.1.conv1.weight: 3/512 channels masked
------------------------- time cost ------------------------- 7.64467978477478
ASR: 0.07224873276713693
attack_auc: 0.5140582208560924
Layer layer3.0.conv2.weight: 1/256 channels masked
Layer layer3.0.downsample.0.weight: 1/256 channels masked
Layer layer3.1.conv1.weight: 1/256 channels masked
Layer layer4.0.conv1.weight: 1/512 channels masked
Layer layer4.0.conv2.weight: 3/512 channels masked
Layer layer4.0.downsample.0.weight: 2/512 channels masked
Layer layer4.1.conv1.weight: 3/512 channels masked
------------------------- time cost ------------------------- 8.192061424255371
ASR: 0.06390157347847393
attack_auc: 0.5103917418014983
Layer layer3.0.conv2.weight: 1/256 channels masked
Layer layer3.0.downsample.0.weight: 1/256 channels masked
Layer layer3.1.conv1.weight: 1/256 channels masked
Layer layer4.0.conv1.weight: 1/512 channels masked
Layer layer4.0.conv2.weight: 3/512 channels masked
Layer layer4.0.downsample.0.weight: 2/512 channels masked
Layer layer4.1.conv1.weight: 3/512 channels masked
------------------------- time cost ------------------------- 9.532305240631104

-------------Round number: 10-------------

Evaluate personalized models
Averaged Train Loss: 1.0209
Averaged Test Accurancy: 0.6261
Averaged Test AUC: 0.9127
Std Test Accurancy: 0.1361
Std Test AUC: 0.0646
ASR: 0.06520984699809242
attack_auc: 0.5087071907912455
Layer layer3.0.conv2.weight: 1/256 channels masked
Layer layer3.0.downsample.0.weight: 1/256 channels masked
Layer layer3.1.conv1.weight: 1/256 channels masked
Layer layer4.0.conv1.weight: 1/512 channels masked
Layer layer4.0.conv2.weight: 3/512 channels masked
Layer layer4.0.downsample.0.weight: 2/512 channels masked
Layer layer4.1.conv1.weight: 3/512 channels masked
------------------------- time cost ------------------------- 17.065359354019165
ASR: 0.06707650535374077
attack_auc: 0.5110157213059674
Layer layer3.0.conv2.weight: 1/256 channels masked
Layer layer3.0.downsample.0.weight: 1/256 channels masked
Layer layer3.1.conv1.weight: 1/256 channels masked
Layer layer4.0.conv1.weight: 1/512 channels masked
Layer layer4.0.conv2.weight: 3/512 channels masked
Layer layer4.0.downsample.0.weight: 2/512 channels masked
Layer layer4.1.conv1.weight: 3/512 channels masked
------------------------- time cost ------------------------- 6.827051877975464
ASR: 0.05284672628222158
attack_auc: 0.5060433274779995
Layer layer3.0.conv2.weight: 1/256 channels masked
Layer layer3.0.downsample.0.weight: 1/256 channels masked
Layer layer3.1.conv1.weight: 1/256 channels masked
Layer layer4.0.conv1.weight: 1/512 channels masked
Layer layer4.0.conv2.weight: 3/512 channels masked
Layer layer4.0.downsample.0.weight: 2/512 channels masked
Layer layer4.1.conv1.weight: 3/512 channels masked
------------------------- time cost ------------------------- 8.057295799255371
ASR: 0.06705388412825838
attack_auc: 0.5102705479000336
Layer layer3.0.conv2.weight: 1/256 channels masked
Layer layer3.0.downsample.0.weight: 1/256 channels masked
Layer layer3.1.conv1.weight: 1/256 channels masked
Layer layer4.0.conv1.weight: 1/512 channels masked
Layer layer4.0.conv2.weight: 3/512 channels masked
Layer layer4.0.downsample.0.weight: 2/512 channels masked
Layer layer4.1.conv1.weight: 3/512 channels masked
------------------------- time cost ------------------------- 8.426467418670654
ASR: 0.05630371698831076
attack_auc: 0.5157770287745412
Layer layer3.0.conv2.weight: 1/256 channels masked
Layer layer3.0.downsample.0.weight: 1/256 channels masked
Layer layer3.1.conv1.weight: 1/256 channels masked
Layer layer4.0.conv1.weight: 1/512 channels masked
Layer layer4.0.conv2.weight: 3/512 channels masked
Layer layer4.0.downsample.0.weight: 2/512 channels masked
Layer layer4.1.conv1.weight: 3/512 channels masked
------------------------- time cost ------------------------- 7.916177988052368
ASR: 0.057307111274873944
attack_auc: 0.5078589284215843
Layer layer3.0.conv2.weight: 1/256 channels masked
Layer layer3.0.downsample.0.weight: 1/256 channels masked
Layer layer3.1.conv1.weight: 1/256 channels masked
Layer layer4.0.conv1.weight: 1/512 channels masked
Layer layer4.0.conv2.weight: 3/512 channels masked
Layer layer4.0.downsample.0.weight: 2/512 channels masked
Layer layer4.1.conv1.weight: 3/512 channels masked
------------------------- time cost ------------------------- 7.452425479888916
ASR: 0.06122038782803852
attack_auc: 0.5178664312194631
Layer layer3.0.conv2.weight: 1/256 channels masked
Layer layer3.0.downsample.0.weight: 1/256 channels masked
Layer layer3.1.conv1.weight: 1/256 channels masked
Layer layer4.0.conv1.weight: 1/512 channels masked
Layer layer4.0.conv2.weight: 3/512 channels masked
Layer layer4.0.downsample.0.weight: 2/512 channels masked
Layer layer4.1.conv1.weight: 3/512 channels masked
------------------------- time cost ------------------------- 8.808310747146606
ASR: 0.061968767468988134
attack_auc: 0.5232920697231788
Layer layer3.0.conv2.weight: 1/256 channels masked
Layer layer3.0.downsample.0.weight: 1/256 channels masked
Layer layer3.1.conv1.weight: 1/256 channels masked
Layer layer4.0.conv1.weight: 1/512 channels masked
Layer layer4.0.conv2.weight: 3/512 channels masked
Layer layer4.0.downsample.0.weight: 2/512 channels masked
Layer layer4.1.conv1.weight: 3/512 channels masked
------------------------- time cost ------------------------- 8.739180088043213
ASR: 0.06525471694746678
attack_auc: 0.5286655076569307
Layer layer3.0.conv2.weight: 1/256 channels masked
Layer layer3.0.downsample.0.weight: 1/256 channels masked
Layer layer3.1.conv1.weight: 1/256 channels masked
Layer layer4.0.conv1.weight: 1/512 channels masked
Layer layer4.0.conv2.weight: 3/512 channels masked
Layer layer4.0.downsample.0.weight: 2/512 channels masked
Layer layer4.1.conv1.weight: 4/512 channels masked
------------------------- time cost ------------------------- 9.210651874542236
ASR: 0.05583951680767436
attack_auc: 0.5274406701247454
Layer layer3.0.conv2.weight: 1/256 channels masked
Layer layer3.0.downsample.0.weight: 1/256 channels masked
Layer layer3.1.conv1.weight: 1/256 channels masked
Layer layer4.0.conv1.weight: 1/512 channels masked
Layer layer4.0.conv2.weight: 3/512 channels masked
Layer layer4.0.downsample.0.weight: 2/512 channels masked
Layer layer4.1.conv1.weight: 4/512 channels masked
------------------------- time cost ------------------------- 9.758709192276001

-------------Round number: 20-------------

Evaluate personalized models
Averaged Train Loss: 0.8187
Averaged Test Accurancy: 0.6887
Averaged Test AUC: 0.9375
Std Test Accurancy: 0.1146
Std Test AUC: 0.0377
