==================================================
goal = B10
device = cuda
join_ratio = 0.1
device_id = 0
dataset = Cifar10_dir0.5_bdoor0.2_nclient_100_badnet_adv10
num_classes = 10
model = ResNet18
batch_size = 64
local_learning_rate = 0.1
learning_rate_decay = False
learning_rate_decay_gamma = 0.99
global_rounds = 300
top_cnt = 100
local_epochs = 1
algorithm = FedCLCM
num_clients = 100
eval_gap = 10
save_folder_name = items
auto_break = False
batch_num_per_client = 2
feature_dim = 512
vocab_size = 32000
max_len = 200
client_drop_rate = 0.0
time_select = False
time_threthold = 10000
send_slow_rate = 0.0
beta = 0.0
lamda = 1.0
mu = 0.0
K = 5
p_learning_rate = 0.01
M = 5
itk = 4000
alphaK = 1.0
sigma = 1.0
alpha = 1.0
plocal_epochs = 1
lr_head = 0.1
tau = 1.0
fine_tuning_epochs = 10
dr_learning_rate = 0.0
L = 1.0
noise_dim = 512
generator_learning_rate = 0.005
hidden_dim = 512
server_epochs = 1000
localize_feature_extractor = False
server_learning_rate = 1.0
eta = 1.0
rand_percent = 80
layer_idx = 2
mentee_learning_rate = 0.005
T_start = 0.95
T_end = 0.98
momentum = 0.1
kl_weight = 0.0
disti_epochs = 1
protect_id = 1
adv_eps = 0.0
adv_num_iter = 0
defense_epochs = 1
clean_data = 5000
sdmk_m = 7
sdmk_k = 5
delta = 0.5
sim_threshold = 0.7
rt_beta = 0.2
num_adv_clients = 10
lambda_cl = 0.2
aug_strength = 0.1
mask_tau = 12.0
mask_alpha = 0.7
enable_channel_mask = False
cosine_gate = False
cosine_gate_threshold = 0.3
cosine_gate_alpha = 0.5
trim_high_layers = 
trim_beta_high = None
trim_beta_low = None
attack = none
ba_target_label = 0
ba_poison_rate = 0.2
ba_trigger_gen_steps = 30
ba_trigger_gen_lr = 0.01
ba_pgd_eps = 0.0314
ba_trigger_scale = 8.0
pfedba_target_label = 0
pfedba_poison_rate = 0.5
pfedba_poison_count = -1
pfedba_poison_before_start = False
pfedba_attack_start = 30
pfedba_trigger_opt_steps = 15
pfedba_trigger_lr = 0.1
pfedba_init_value = 0.5
pfedba_patch_size = 8
pfedba_patch_position = center
pfedba_img_c = 3
pfedba_img_h = 32
pfedba_img_w = 32
pfedba_align_grad_weight = 1.0
pfedba_align_loss_weight = 1.0
pfedba_attack_loss_weight = 1.0
pfedba_opt_samples_per_class = 100
pfedba_opt_batch_size = 64
pfedba_opt_max_batches_per_client = 20
logit_analysis = False
logit_reject_thresholds = 0.5,0.6,0.7,0.8
logit_entropy_thresholds = 1.0,1.5,2.0
logit_margin_thresholds = 0.1,0.2,0.3
==================================================

============= Running time: 0th =============
Creating server and clients ...
ResNet(
  (conv1): Conv2d(3, 64, kernel_size=(3, 3), stride=(1, 1), padding=(1, 1), bias=False)
  (bn1): BatchNorm2d(64, eps=1e-05, momentum=0.1, affine=True, track_running_stats=True)
  (relu): ReLU(inplace=True)
  (layer1): Sequential(
    (0): BasicBlock(
      (conv1): Conv2d(64, 64, kernel_size=(3, 3), stride=(1, 1), padding=(1, 1), bias=False)
      (bn1): BatchNorm2d(64, eps=1e-05, momentum=0.1, affine=True, track_running_stats=True)
      (relu): ReLU(inplace=True)
      (conv2): Conv2d(64, 64, kernel_size=(3, 3), stride=(1, 1), padding=(1, 1), bias=False)
      (bn2): BatchNorm2d(64, eps=1e-05, momentum=0.1, affine=True, track_running_stats=True)
    )
    (1): BasicBlock(
      (conv1): Conv2d(64, 64, kernel_size=(3, 3), stride=(1, 1), padding=(1, 1), bias=False)
      (bn1): BatchNorm2d(64, eps=1e-05, momentum=0.1, affine=True, track_running_stats=True)
      (relu): ReLU(inplace=True)
      (conv2): Conv2d(64, 64, kernel_size=(3, 3), stride=(1, 1), padding=(1, 1), bias=False)
      (bn2): BatchNorm2d(64, eps=1e-05, momentum=0.1, affine=True, track_running_stats=True)
    )
  )
  (layer2): Sequential(
    (0): BasicBlock(
      (conv1): Conv2d(64, 128, kernel_size=(3, 3), stride=(2, 2), padding=(1, 1), bias=False)
      (bn1): BatchNorm2d(128, eps=1e-05, momentum=0.1, affine=True, track_running_stats=True)
      (relu): ReLU(inplace=True)
      (conv2): Conv2d(128, 128, kernel_size=(3, 3), stride=(1, 1), padding=(1, 1), bias=False)
      (bn2): BatchNorm2d(128, eps=1e-05, momentum=0.1, affine=True, track_running_stats=True)
      (downsample): Sequential(
        (0): Conv2d(64, 128, kernel_size=(1, 1), stride=(2, 2), bias=False)
        (1): BatchNorm2d(128, eps=1e-05, momentum=0.1, affine=True, track_running_stats=True)
      )
    )
    (1): BasicBlock(
      (conv1): Conv2d(128, 128, kernel_size=(3, 3), stride=(1, 1), padding=(1, 1), bias=False)
      (bn1): BatchNorm2d(128, eps=1e-05, momentum=0.1, affine=True, track_running_stats=True)
      (relu): ReLU(inplace=True)
      (conv2): Conv2d(128, 128, kernel_size=(3, 3), stride=(1, 1), padding=(1, 1), bias=False)
      (bn2): BatchNorm2d(128, eps=1e-05, momentum=0.1, affine=True, track_running_stats=True)
    )
  )
  (layer3): Sequential(
    (0): BasicBlock(
      (conv1): Conv2d(128, 256, kernel_size=(3, 3), stride=(2, 2), padding=(1, 1), bias=False)
      (bn1): BatchNorm2d(256, eps=1e-05, momentum=0.1, affine=True, track_running_stats=True)
      (relu): ReLU(inplace=True)
      (conv2): Conv2d(256, 256, kernel_size=(3, 3), stride=(1, 1), padding=(1, 1), bias=False)
      (bn2): BatchNorm2d(256, eps=1e-05, momentum=0.1, affine=True, track_running_stats=True)
      (downsample): Sequential(
        (0): Conv2d(128, 256, kernel_size=(1, 1), stride=(2, 2), bias=False)
        (1): BatchNorm2d(256, eps=1e-05, momentum=0.1, affine=True, track_running_stats=True)
      )
    )
    (1): BasicBlock(
      (conv1): Conv2d(256, 256, kernel_size=(3, 3), stride=(1, 1), padding=(1, 1), bias=False)
      (bn1): BatchNorm2d(256, eps=1e-05, momentum=0.1, affine=True, track_running_stats=True)
      (relu): ReLU(inplace=True)
      (conv2): Conv2d(256, 256, kernel_size=(3, 3), stride=(1, 1), padding=(1, 1), bias=False)
      (bn2): BatchNorm2d(256, eps=1e-05, momentum=0.1, affine=True, track_running_stats=True)
    )
  )
  (layer4): Sequential(
    (0): BasicBlock(
      (conv1): Conv2d(256, 512, kernel_size=(3, 3), stride=(2, 2), padding=(1, 1), bias=False)
      (bn1): BatchNorm2d(512, eps=1e-05, momentum=0.1, affine=True, track_running_stats=True)
      (relu): ReLU(inplace=True)
      (conv2): Conv2d(512, 512, kernel_size=(3, 3), stride=(1, 1), padding=(1, 1), bias=False)
      (bn2): BatchNorm2d(512, eps=1e-05, momentum=0.1, affine=True, track_running_stats=True)
      (downsample): Sequential(
        (0): Conv2d(256, 512, kernel_size=(1, 1), stride=(2, 2), bias=False)
        (1): BatchNorm2d(512, eps=1e-05, momentum=0.1, affine=True, track_running_stats=True)
      )
    )
    (1): BasicBlock(
      (conv1): Conv2d(512, 512, kernel_size=(3, 3), stride=(1, 1), padding=(1, 1), bias=False)
      (bn1): BatchNorm2d(512, eps=1e-05, momentum=0.1, affine=True, track_running_stats=True)
      (relu): ReLU(inplace=True)
      (conv2): Conv2d(512, 512, kernel_size=(3, 3), stride=(1, 1), padding=(1, 1), bias=False)
      (bn2): BatchNorm2d(512, eps=1e-05, momentum=0.1, affine=True, track_running_stats=True)
    )
  )
  (avgpool): AdaptiveAvgPool2d(output_size=(1, 1))
  (fc): Linear(in_features=512, out_features=10, bias=True)
)

Join ratio / total clients: 0.1 / 100
Finished creating server and clients.

-------------Round number: 0-------------

Evaluate personalized models
Averaged Train Loss: 2.4217
Averaged Test Accurancy: 0.1065
Averaged Test AUC: 0.5006
Std Test Accurancy: 0.1360
Std Test AUC: 0.1313
ASR: 0.006767387008350865
attack_auc: 0.7245518915002788
------------------------- time cost ------------------------- 8.506409168243408
ASR: 0.004570026136291197
attack_auc: 0.7521819359701706
------------------------- time cost ------------------------- 3.1638545989990234
ASR: 0.005831909753213081
attack_auc: 0.7355903564282285
------------------------- time cost ------------------------- 3.305088758468628
ASR: 0.010535380033081364
attack_auc: 0.7082070569497924
------------------------- time cost ------------------------- 3.1970207691192627
ASR: 0.01678875797339913
attack_auc: 0.6372903192399327
------------------------- time cost ------------------------- 3.1117231845855713
ASR: 0.018968001873037158
attack_auc: 0.45021448435441386
------------------------- time cost ------------------------- 3.578626871109009
ASR: 0.025597082527425968
attack_auc: 0.5009795911494213
------------------------- time cost ------------------------- 2.6272692680358887
ASR: 0.025722242057511318
attack_auc: 0.5403379336551996
------------------------- time cost ------------------------- 3.1349282264709473
ASR: 0.02984471073104022
attack_auc: 0.5736359822910957
------------------------- time cost ------------------------- 3.440983533859253
ASR: 0.029649323797697837
attack_auc: 0.5606175759670011
------------------------- time cost ------------------------- 3.4578359127044678

-------------Round number: 10-------------

Evaluate personalized models
Averaged Train Loss: 5.8015
Averaged Test Accurancy: 0.3502
Averaged Test AUC: 0.7436
Std Test Accurancy: 0.2268
Std Test AUC: 0.1758
ASR: 0.042337235075153176
attack_auc: 0.5769266869203242
------------------------- time cost ------------------------- 7.776636362075806
ASR: 0.05619820919273726
attack_auc: 0.5742131220780106
------------------------- time cost ------------------------- 3.6192245483398438
ASR: 0.06635793787943035
attack_auc: 0.5730769873988604
------------------------- time cost ------------------------- 3.24597430229187
ASR: 0.06443443119758785
attack_auc: 0.5734621889403309
------------------------- time cost ------------------------- 3.204967737197876
ASR: 0.07188158613213974
attack_auc: 0.5387350637158975
------------------------- time cost ------------------------- 2.7755985260009766
ASR: 0.06514306286812457
attack_auc: 0.5109889054505536
------------------------- time cost ------------------------- 3.2453699111938477
ASR: 0.06221929300142676
attack_auc: 0.526310713152859
------------------------- time cost ------------------------- 2.825904369354248
ASR: 0.07040223529960798
attack_auc: 0.5569028281639039
------------------------- time cost ------------------------- 3.2513277530670166
ASR: 0.06870944352069414
attack_auc: 0.5468619573703764
------------------------- time cost ------------------------- 3.006533622741699
ASR: 0.07028009951902268
attack_auc: 0.5560460655249098
------------------------- time cost ------------------------- 2.639195203781128

-------------Round number: 20-------------

Evaluate personalized models
Averaged Train Loss: 3.0845
Averaged Test Accurancy: 0.4633
Averaged Test AUC: 0.8452
Std Test Accurancy: 0.1932
Std Test AUC: 0.1245
ASR: 0.07340809569303494
attack_auc: 0.5519537126952951
------------------------- time cost ------------------------- 7.877151012420654
ASR: 0.06424479098786948
attack_auc: 0.548076296718369
------------------------- time cost ------------------------- 3.3333959579467773
ASR: 0.07294612291114638
attack_auc: 0.5578478449383305
------------------------- time cost ------------------------- 3.3892152309417725
ASR: 0.07303072883989678
attack_auc: 0.5540836167491219
------------------------- time cost ------------------------- 3.2759556770324707
ASR: 0.056711079924490725
attack_auc: 0.5288099243602914
------------------------- time cost ------------------------- 3.222921133041382
ASR: 0.0545340072361004
attack_auc: 0.512780417271106
------------------------- time cost ------------------------- 3.3047728538513184
ASR: 0.05645629330723821
attack_auc: 0.512145574642253
------------------------- time cost ------------------------- 3.2499136924743652
ASR: 0.0827821250755525
attack_auc: 0.5680889230144078
------------------------- time cost ------------------------- 2.9712448120117188
ASR: 0.055571740674218
attack_auc: 0.5185777495058826
------------------------- time cost ------------------------- 2.7425429821014404
ASR: 0.0709073431534859
attack_auc: 0.5468221751573262
------------------------- time cost ------------------------- 3.131937265396118

-------------Round number: 30-------------

Evaluate personalized models
Averaged Train Loss: 1.9685
Averaged Test Accurancy: 0.5466
Averaged Test AUC: 0.8892
Std Test Accurancy: 0.1692
Std Test AUC: 0.0947
ASR: 0.057741804126405664
attack_auc: 0.5354037549111995
------------------------- time cost ------------------------- 8.040334224700928
ASR: 0.04754736552852527
attack_auc: 0.5211278665704556
------------------------- time cost ------------------------- 3.1041173934936523
ASR: 0.05496954039412299
attack_auc: 0.542048907837451
------------------------- time cost ------------------------- 3.374544382095337
ASR: 0.05877300013213592
attack_auc: 0.5598915421378655
------------------------- time cost ------------------------- 3.576753616333008
ASR: 0.053129905282389374
attack_auc: 0.5419299977605666
------------------------- time cost ------------------------- 3.0517466068267822
ASR: 0.05106137700726485
attack_auc: 0.5341300448139428
------------------------- time cost ------------------------- 2.9216067790985107
ASR: 0.052759818039426865
attack_auc: 0.5311757327611791
------------------------- time cost ------------------------- 2.9631876945495605
ASR: 0.05976359288256564
attack_auc: 0.519634688842666
------------------------- time cost ------------------------- 2.487208366394043
ASR: 0.05308023291889923
attack_auc: 0.5077316749030097
------------------------- time cost ------------------------- 3.4115686416625977
ASR: 0.05151425894555715
attack_auc: 0.506036929243631
------------------------- time cost ------------------------- 3.513399362564087

-------------Round number: 40-------------

Evaluate personalized models
Averaged Train Loss: 1.5022
Averaged Test Accurancy: 0.5786
Averaged Test AUC: 0.9030
Std Test Accurancy: 0.1562
Std Test AUC: 0.0801
ASR: 0.061082099094368215
attack_auc: 0.5165309762144896
------------------------- time cost ------------------------- 7.801660776138306
ASR: 0.06137822702213787
attack_auc: 0.5187329753288371
------------------------- time cost ------------------------- 2.9460067749023438
ASR: 0.0644963249542918
attack_auc: 0.5312257458347632
------------------------- time cost ------------------------- 2.923919677734375
ASR: 0.06564578173427685
attack_auc: 0.5380915071743793
------------------------- time cost ------------------------- 3.684649705886841
ASR: 0.07202674818199072
attack_auc: 0.5372905695558856
------------------------- time cost ------------------------- 3.164545774459839
ASR: 0.07394408755642377
attack_auc: 0.5362248527709403
------------------------- time cost ------------------------- 2.8939931392669678
ASR: 0.06091538405666313
attack_auc: 0.5155569690906509
------------------------- time cost ------------------------- 2.9864501953125
ASR: 0.05673252013393583
attack_auc: 0.5051832871092923
------------------------- time cost ------------------------- 3.0069003105163574
ASR: 0.05248948202798691
attack_auc: 0.5097917926607132
------------------------- time cost ------------------------- 2.576824903488159
ASR: 0.05672769279227828
attack_auc: 0.493585475914681
------------------------- time cost ------------------------- 3.354994297027588

-------------Round number: 50-------------

Evaluate personalized models
Averaged Train Loss: 1.1498
Averaged Test Accurancy: 0.5970
Averaged Test AUC: 0.9138
Std Test Accurancy: 0.1366
Std Test AUC: 0.0486
ASR: 0.06561776409678963
attack_auc: 0.5185528552060125
------------------------- time cost ------------------------- 7.783888578414917
ASR: 0.062181918579116126
attack_auc: 0.5328808595959666
------------------------- time cost ------------------------- 2.774057626724243
ASR: 0.05659223035101103
attack_auc: 0.5098182406469344
------------------------- time cost ------------------------- 3.1102986335754395
ASR: 0.06114857451787039
attack_auc: 0.5219048622710741
------------------------- time cost ------------------------- 3.0351126194000244
ASR: 0.06332440559466815
attack_auc: 0.5229591165011152
------------------------- time cost ------------------------- 3.307934284210205
ASR: 0.057790935488456964
attack_auc: 0.5141028705103182
------------------------- time cost ------------------------- 2.9139201641082764
ASR: 0.06277580970320232
attack_auc: 0.5193362229875446
------------------------- time cost ------------------------- 3.024380683898926
ASR: 0.05373662380086337
attack_auc: 0.5100094976513238
------------------------- time cost ------------------------- 2.8680624961853027
ASR: 0.05794259365475433
attack_auc: 0.5183914128963134
------------------------- time cost ------------------------- 2.92667293548584
ASR: 0.05169391528586894
attack_auc: 0.5059107856200312
------------------------- time cost ------------------------- 3.1862597465515137

-------------Round number: 60-------------

Evaluate personalized models
Averaged Train Loss: 1.0257
Averaged Test Accurancy: 0.6220
Averaged Test AUC: 0.9225
Std Test Accurancy: 0.1368
Std Test AUC: 0.0459
ASR: 0.05364771444652595
attack_auc: 0.5049320631274662
------------------------- time cost ------------------------- 7.660133123397827
ASR: 0.053640168194020066
attack_auc: 0.5054657029279567
------------------------- time cost ------------------------- 3.0021140575408936
ASR: 0.0573590963793656
attack_auc: 0.5121223404473878
------------------------- time cost ------------------------- 2.969623565673828
ASR: 0.054285645092278775
attack_auc: 0.5129925361572927
------------------------- time cost ------------------------- 3.0867533683776855
ASR: 0.056336291785061346
attack_auc: 0.514219843866513
------------------------- time cost ------------------------- 3.0727593898773193
ASR: 0.06274702465575775
attack_auc: 0.5132129376215153
------------------------- time cost ------------------------- 2.6791439056396484
ASR: 0.06566058608941247
attack_auc: 0.5150656469031942
------------------------- time cost ------------------------- 3.3868257999420166
ASR: 0.059939213904763505
attack_auc: 0.5287562916625153
------------------------- time cost ------------------------- 3.0914578437805176
ASR: 0.06334826736288747
attack_auc: 0.5406662171044886
------------------------- time cost ------------------------- 2.7955636978149414
ASR: 0.06708250083563769
attack_auc: 0.5441767968094378
------------------------- time cost ------------------------- 3.2643449306488037

-------------Round number: 70-------------

Evaluate personalized models
Averaged Train Loss: 0.8857
Averaged Test Accurancy: 0.6410
Averaged Test AUC: 0.9313
Std Test Accurancy: 0.1208
Std Test AUC: 0.0310
ASR: 0.04866651791083825
attack_auc: 0.5177402448360137
------------------------- time cost ------------------------- 7.399055480957031
ASR: 0.04579423034234293
attack_auc: 0.5104733134425613
------------------------- time cost ------------------------- 2.9653637409210205
ASR: 0.043313294716153874
attack_auc: 0.5107647833654263
------------------------- time cost ------------------------- 3.2926666736602783
ASR: 0.04038066990772391
attack_auc: 0.5175842795625155
------------------------- time cost ------------------------- 3.187448263168335
ASR: 0.05288671142098535
attack_auc: 0.5470860965700717
------------------------- time cost ------------------------- 3.2783942222595215
ASR: 0.044548873448637276
attack_auc: 0.5226112661731771
------------------------- time cost ------------------------- 2.9950945377349854
ASR: 0.05025771213854706
attack_auc: 0.5278410542143048
------------------------- time cost ------------------------- 3.284271240234375
ASR: 0.04354235838458779
attack_auc: 0.5177253175684152
------------------------- time cost ------------------------- 2.966214179992676
ASR: 0.03582063464987079
attack_auc: 0.4920143714469798
------------------------- time cost ------------------------- 2.7078545093536377
ASR: 0.03295616363180393
attack_auc: 0.49536553744099693
------------------------- time cost ------------------------- 3.2499287128448486

-------------Round number: 80-------------

Evaluate personalized models
Averaged Train Loss: 0.8609
Averaged Test Accurancy: 0.6542
Averaged Test AUC: 0.9329
Std Test Accurancy: 0.1037
Std Test AUC: 0.0288
ASR: 0.04888877577550307
attack_auc: 0.5307577207994078
------------------------- time cost ------------------------- 7.666969299316406
ASR: 0.041687632943300065
attack_auc: 0.5070009340391007
------------------------- time cost ------------------------- 3.2941081523895264
ASR: 0.044071446907988684
attack_auc: 0.5031712202364631
------------------------- time cost ------------------------- 3.0279295444488525
ASR: 0.04647732505028977
attack_auc: 0.5113233612233924
------------------------- time cost ------------------------- 3.2618281841278076
ASR: 0.04785185804711556
attack_auc: 0.5207014018065459
------------------------- time cost ------------------------- 3.1477582454681396
ASR: 0.0547547600261856
attack_auc: 0.5395250078106825
------------------------- time cost ------------------------- 3.6163625717163086
ASR: 0.0467010058313605
attack_auc: 0.5198459045475349
------------------------- time cost ------------------------- 2.7936081886291504
ASR: 0.04750920154688856
attack_auc: 0.5268693696294643
------------------------- time cost ------------------------- 2.80106520652771
ASR: 0.044227695774408715
attack_auc: 0.5133091437116271
------------------------- time cost ------------------------- 3.2083206176757812
ASR: 0.04855302308271819
attack_auc: 0.541044142966119
------------------------- time cost ------------------------- 3.3218681812286377

-------------Round number: 90-------------

Evaluate personalized models
Averaged Train Loss: 0.8079
Averaged Test Accurancy: 0.6700
Averaged Test AUC: 0.9379
Std Test Accurancy: 0.1074
Std Test AUC: 0.0269
ASR: 0.049699881194372166
attack_auc: 0.5189120814248817
------------------------- time cost ------------------------- 7.484234571456909
ASR: 0.053879433674266224
attack_auc: 0.5350984793764156
------------------------- time cost ------------------------- 3.4024322032928467
ASR: 0.05159716145739909
attack_auc: 0.533404360770998
------------------------- time cost ------------------------- 2.986226797103882
ASR: 0.045623393710334824
attack_auc: 0.5209776731816742
------------------------- time cost ------------------------- 2.980262279510498
ASR: 0.05368604408610895
attack_auc: 0.5359329148415716
------------------------- time cost ------------------------- 3.196897506713867
ASR: 0.0554605689387885
attack_auc: 0.5524931173268433
------------------------- time cost ------------------------- 2.9922590255737305
ASR: 0.048378812499177026
attack_auc: 0.5308594712683264
------------------------- time cost ------------------------- 3.168048143386841
ASR: 0.0427307218884425
attack_auc: 0.52308006969998
------------------------- time cost ------------------------- 2.7119944095611572
ASR: 0.05040198873925877
attack_auc: 0.5432868885735267
------------------------- time cost ------------------------- 2.741427183151245
ASR: 0.04828771846201882
attack_auc: 0.5410499808246427
------------------------- time cost ------------------------- 3.5007081031799316

-------------Round number: 100-------------

Evaluate personalized models
Averaged Train Loss: 0.7836
Averaged Test Accurancy: 0.6809
Averaged Test AUC: 0.9391
Std Test Accurancy: 0.1077
Std Test AUC: 0.0290
ASR: 0.05045842394107281
attack_auc: 0.5423104414935265
------------------------- time cost ------------------------- 7.636714220046997
ASR: 0.05126361770016128
attack_auc: 0.5508697731763359
------------------------- time cost ------------------------- 3.0316386222839355
ASR: 0.05500491030631025
attack_auc: 0.5524157725586617
------------------------- time cost ------------------------- 3.0498082637786865
ASR: 0.05848530707064903
attack_auc: 0.5661370249032904
------------------------- time cost ------------------------- 3.5459208488464355
ASR: 0.05899004530277859
attack_auc: 0.5682675162288733
------------------------- time cost ------------------------- 3.316497802734375
ASR: 0.05863887188380457
attack_auc: 0.5734422960417436
------------------------- time cost ------------------------- 3.0323383808135986
ASR: 0.05188588436676076
attack_auc: 0.5660262387364697
------------------------- time cost ------------------------- 3.3873684406280518
ASR: 0.0467339240258462
attack_auc: 0.5534603135734046
------------------------- time cost ------------------------- 3.6805853843688965
ASR: 0.04543397099495037
attack_auc: 0.556165106962895
------------------------- time cost ------------------------- 2.7972922325134277
ASR: 0.05434556821419475
attack_auc: 0.5793827633691322
------------------------- time cost ------------------------- 3.4406754970550537

-------------Round number: 110-------------

Evaluate personalized models
Averaged Train Loss: 0.7243
Averaged Test Accurancy: 0.6900
Averaged Test AUC: 0.9407
Std Test Accurancy: 0.1083
Std Test AUC: 0.0296
ASR: 0.056901904925209815
attack_auc: 0.5850624333104544
------------------------- time cost ------------------------- 7.569464445114136
ASR: 0.05898048690942945
attack_auc: 0.5813149532317635
------------------------- time cost ------------------------- 2.903834581375122
ASR: 0.05428150900028334
attack_auc: 0.5683717165206834
------------------------- time cost ------------------------- 2.603799343109131
ASR: 0.07064547385041453
attack_auc: 0.5961816580080436
------------------------- time cost ------------------------- 2.8666834831237793
ASR: 0.07574141183105841
attack_auc: 0.5978653389359782
------------------------- time cost ------------------------- 2.598672389984131
ASR: 0.10452731841169956
attack_auc: 0.6522932873298154
------------------------- time cost ------------------------- 2.9176816940307617
ASR: 0.09987398541699416
attack_auc: 0.6403969313301405
------------------------- time cost ------------------------- 3.067434072494507
ASR: 0.09075477773313359
attack_auc: 0.6308794502255958
------------------------- time cost ------------------------- 2.7399773597717285
ASR: 0.10098076234371357
attack_auc: 0.6365762577954567
------------------------- time cost ------------------------- 3.416705846786499
ASR: 0.10050051783837224
attack_auc: 0.6348593292497351
------------------------- time cost ------------------------- 2.7432053089141846

-------------Round number: 120-------------

Evaluate personalized models
Averaged Train Loss: 0.7119
Averaged Test Accurancy: 0.6878
Averaged Test AUC: 0.9413
Std Test Accurancy: 0.1047
Std Test AUC: 0.0271
ASR: 0.09894069446400139
attack_auc: 0.6340971583104322
------------------------- time cost ------------------------- 7.076291799545288
ASR: 0.11409081192199455
attack_auc: 0.6606148705921003
------------------------- time cost ------------------------- 3.041438341140747
ASR: 0.12289038134547116
attack_auc: 0.6772865974384403
------------------------- time cost ------------------------- 3.190272808074951
ASR: 0.11124590696466047
attack_auc: 0.6532515721707857
------------------------- time cost ------------------------- 3.300384998321533
ASR: 0.11455626328739835
attack_auc: 0.666699659861082
------------------------- time cost ------------------------- 3.050934314727783
ASR: 0.13642370802336737
attack_auc: 0.6915461705948273
------------------------- time cost ------------------------- 3.1496083736419678
ASR: 0.11985464856573991
attack_auc: 0.6749693393549535
------------------------- time cost ------------------------- 2.950735330581665
ASR: 0.13228074651813693
attack_auc: 0.6790341241876178
------------------------- time cost ------------------------- 3.2243003845214844
ASR: 0.12000502602486916
attack_auc: 0.673406769953519
------------------------- time cost ------------------------- 2.890183448791504
ASR: 0.13578114054306895
attack_auc: 0.6823467981134921
------------------------- time cost ------------------------- 3.1582961082458496

-------------Round number: 130-------------

Evaluate personalized models
Averaged Train Loss: 0.6430
Averaged Test Accurancy: 0.7040
Averaged Test AUC: 0.9466
Std Test Accurancy: 0.0905
Std Test AUC: 0.0237
ASR: 0.1326432395786258
attack_auc: 0.6779524828259222
------------------------- time cost ------------------------- 8.161850452423096
ASR: 0.1615320244904215
attack_auc: 0.7149755217288188
------------------------- time cost ------------------------- 3.048044443130493
ASR: 0.14799809784400642
attack_auc: 0.6966252298845511
------------------------- time cost ------------------------- 3.256976842880249
ASR: 0.14970885860310829
attack_auc: 0.7034119271833776
------------------------- time cost ------------------------- 3.233576536178589
ASR: 0.14310772022633828
attack_auc: 0.6955061957864321
------------------------- time cost ------------------------- 3.0041840076446533
ASR: 0.1543579619002344
attack_auc: 0.7144002886030663
------------------------- time cost ------------------------- 3.1265125274658203
ASR: 0.1951240564896525
attack_auc: 0.7384977564779793
------------------------- time cost ------------------------- 3.130265951156616
ASR: 0.14880298831905922
attack_auc: 0.7015596070585379
------------------------- time cost ------------------------- 3.163017988204956
ASR: 0.156098002410409
attack_auc: 0.7152140279596902
------------------------- time cost ------------------------- 3.161278009414673
ASR: 0.15533485307458603
attack_auc: 0.7080104636338077
------------------------- time cost ------------------------- 2.9668800830841064

-------------Round number: 140-------------

Evaluate personalized models
Averaged Train Loss: 0.5899
Averaged Test Accurancy: 0.7146
Averaged Test AUC: 0.9479
Std Test Accurancy: 0.0888
Std Test AUC: 0.0233
ASR: 0.20285084371029036
attack_auc: 0.7429392863976151
------------------------- time cost ------------------------- 8.084732294082642
ASR: 0.18578350951438244
attack_auc: 0.7269714914098826
------------------------- time cost ------------------------- 3.7196173667907715
ASR: 0.18481764016364327
attack_auc: 0.7324174953689339
------------------------- time cost ------------------------- 3.5597119331359863
ASR: 0.17455445395770544
attack_auc: 0.7247186800761857
------------------------- time cost ------------------------- 2.935922861099243
ASR: 0.19561797312323234
attack_auc: 0.7372981042225722
------------------------- time cost ------------------------- 3.0732898712158203
ASR: 0.1971858776695182
attack_auc: 0.7333554696321226
------------------------- time cost ------------------------- 2.95747447013855
ASR: 0.23311071429710495
attack_auc: 0.7569818065513673
------------------------- time cost ------------------------- 2.72011137008667
ASR: 0.22834215834454588
attack_auc: 0.7522888088986566
------------------------- time cost ------------------------- 3.3204989433288574
ASR: 0.22756102813673
attack_auc: 0.7514229814632153
------------------------- time cost ------------------------- 2.9308226108551025
ASR: 0.25834144278916205
attack_auc: 0.7653282214702132
------------------------- time cost ------------------------- 2.88802170753479

-------------Round number: 150-------------

Evaluate personalized models
Averaged Train Loss: 0.5455
Averaged Test Accurancy: 0.7242
Averaged Test AUC: 0.9513
Std Test Accurancy: 0.0900
Std Test AUC: 0.0213
ASR: 0.2924512330991844
attack_auc: 0.7793196896685813
------------------------- time cost ------------------------- 7.679000616073608
ASR: 0.2978869207104
attack_auc: 0.7861648317303331
------------------------- time cost ------------------------- 2.52132248878479
ASR: 0.2963168433455655
attack_auc: 0.7876118888507657
------------------------- time cost ------------------------- 3.159024953842163
ASR: 0.3218989875247921
attack_auc: 0.8075071990336826
------------------------- time cost ------------------------- 3.1167850494384766
ASR: 0.3038150166285266
attack_auc: 0.7968213646182344
------------------------- time cost ------------------------- 3.053731918334961
ASR: 0.29507585164744704
attack_auc: 0.7955720485024127
------------------------- time cost ------------------------- 3.078613519668579
ASR: 0.3428886107210761
attack_auc: 0.819186928139559
------------------------- time cost ------------------------- 3.413921594619751
ASR: 0.3067155369740169
attack_auc: 0.803174523124873
------------------------- time cost ------------------------- 3.3092072010040283
ASR: 0.3172802874728334
attack_auc: 0.7992725626893187
------------------------- time cost ------------------------- 2.8643906116485596
ASR: 0.3194734128775023
attack_auc: 0.8046013591978307
------------------------- time cost ------------------------- 3.075315475463867

-------------Round number: 160-------------

Evaluate personalized models
Averaged Train Loss: 0.5102
Averaged Test Accurancy: 0.7311
Averaged Test AUC: 0.9523
Std Test Accurancy: 0.0869
Std Test AUC: 0.0198
ASR: 0.31917925260375657
attack_auc: 0.8045804647448427
------------------------- time cost ------------------------- 7.193946838378906
ASR: 0.3175146724582781
attack_auc: 0.8057126577003279
------------------------- time cost ------------------------- 2.851581573486328
ASR: 0.32300626835938134
attack_auc: 0.8139408703749773
------------------------- time cost ------------------------- 3.0861825942993164
ASR: 0.29854740370313815
attack_auc: 0.7960598621286598
------------------------- time cost ------------------------- 3.157893419265747
ASR: 0.293306764267443
attack_auc: 0.7939193308621891
------------------------- time cost ------------------------- 3.1169376373291016
ASR: 0.32963713087760443
attack_auc: 0.8110769261374323
------------------------- time cost ------------------------- 2.7107980251312256
ASR: 0.3247309184581795
attack_auc: 0.8086977362037518
------------------------- time cost ------------------------- 3.222257375717163
ASR: 0.3237073504370784
attack_auc: 0.8097318694458809
------------------------- time cost ------------------------- 2.9320807456970215
ASR: 0.3388457358681404
attack_auc: 0.8197549130505908
------------------------- time cost ------------------------- 3.1342666149139404
ASR: 0.338018493933841
attack_auc: 0.8242719703547062
------------------------- time cost ------------------------- 3.0420491695404053

-------------Round number: 170-------------

Evaluate personalized models
Averaged Train Loss: 0.4733
Averaged Test Accurancy: 0.7360
Averaged Test AUC: 0.9539
Std Test Accurancy: 0.0882
Std Test AUC: 0.0207
ASR: 0.3440737554837949
attack_auc: 0.8185961552354478
------------------------- time cost ------------------------- 7.713094472885132
ASR: 0.3412772212413078
attack_auc: 0.814973957391346
------------------------- time cost ------------------------- 3.237104654312134
ASR: 0.35080550795703636
attack_auc: 0.8180931567913509
------------------------- time cost ------------------------- 3.0540084838867188
ASR: 0.3312445035988717
attack_auc: 0.8102020419340732
------------------------- time cost ------------------------- 2.8919246196746826
ASR: 0.31692885460768333
attack_auc: 0.8057155396572979
------------------------- time cost ------------------------- 2.634819984436035
ASR: 0.2992456480778115
attack_auc: 0.8006164090538107
------------------------- time cost ------------------------- 3.1744160652160645
ASR: 0.30255676733900455
attack_auc: 0.8088819578969835
------------------------- time cost ------------------------- 3.1342697143554688
ASR: 0.2834656884554081
attack_auc: 0.7908772310401466
------------------------- time cost ------------------------- 3.198312759399414
ASR: 0.2793200722764942
attack_auc: 0.7932034688794007
------------------------- time cost ------------------------- 2.9571053981781006
ASR: 0.30333637644931044
attack_auc: 0.8035728118353601
------------------------- time cost ------------------------- 2.7345614433288574

-------------Round number: 180-------------

Evaluate personalized models
Averaged Train Loss: 0.4466
Averaged Test Accurancy: 0.7342
Averaged Test AUC: 0.9538
Std Test Accurancy: 0.0830
Std Test AUC: 0.0200
ASR: 0.3170538911554649
attack_auc: 0.8095506397045342
------------------------- time cost ------------------------- 7.486006259918213
ASR: 0.31003850750574546
attack_auc: 0.8086976330170255
------------------------- time cost ------------------------- 3.0289530754089355
ASR: 0.30962534809142683
attack_auc: 0.8078007283731755
------------------------- time cost ------------------------- 3.195439577102661
ASR: 0.33395764651265447
attack_auc: 0.8194220859497098
------------------------- time cost ------------------------- 3.079636573791504
ASR: 0.3452458462532841
attack_auc: 0.825214200538698
------------------------- time cost ------------------------- 3.0550522804260254
ASR: 0.35113406811038544
attack_auc: 0.8260400096078716
------------------------- time cost ------------------------- 3.17451810836792
ASR: 0.3374180654959026
attack_auc: 0.8194670432291093
------------------------- time cost ------------------------- 3.3437376022338867
ASR: 0.3155171398512773
attack_auc: 0.8111524951498372
------------------------- time cost ------------------------- 3.4762988090515137
ASR: 0.3527043414561069
attack_auc: 0.8281397492186062
------------------------- time cost ------------------------- 3.0912375450134277
ASR: 0.35730241777715704
attack_auc: 0.8268143320961632
------------------------- time cost ------------------------- 3.2943801879882812

-------------Round number: 190-------------

Evaluate personalized models
Averaged Train Loss: 0.4208
Averaged Test Accurancy: 0.7401
Averaged Test AUC: 0.9549
Std Test Accurancy: 0.0861
Std Test AUC: 0.0193
ASR: 0.3979082484052515
attack_auc: 0.840979777638088
------------------------- time cost ------------------------- 8.109529256820679
ASR: 0.36648467894474807
attack_auc: 0.8302393811395204
------------------------- time cost ------------------------- 3.23300838470459
ASR: 0.35318497834138657
attack_auc: 0.8219321404084541
------------------------- time cost ------------------------- 3.310350179672241
ASR: 0.34321027932139575
attack_auc: 0.8193989668170115
------------------------- time cost ------------------------- 3.1184890270233154
ASR: 0.347671468908971
attack_auc: 0.8239120173239601
------------------------- time cost ------------------------- 3.340566635131836
ASR: 0.35364314396106955
attack_auc: 0.8241839678361305
------------------------- time cost ------------------------- 3.6583738327026367
ASR: 0.3642758384561661
attack_auc: 0.8341886412462945
------------------------- time cost ------------------------- 2.9591867923736572
ASR: 0.35257895760957975
attack_auc: 0.8301859457128898
------------------------- time cost ------------------------- 3.0405540466308594
ASR: 0.3517478317341531
attack_auc: 0.833141926917744
------------------------- time cost ------------------------- 3.4608335494995117
ASR: 0.3608371196008596
attack_auc: 0.8307995829723599
------------------------- time cost ------------------------- 2.995577573776245

-------------Round number: 200-------------

Evaluate personalized models
Averaged Train Loss: 0.3993
Averaged Test Accurancy: 0.7409
Averaged Test AUC: 0.9546
Std Test Accurancy: 0.0849
Std Test AUC: 0.0197
ASR: 0.34460662067623316
attack_auc: 0.8281232707761577
------------------------- time cost ------------------------- 7.65282678604126
ASR: 0.2966035866221435
attack_auc: 0.8033789459711074
------------------------- time cost ------------------------- 2.9968996047973633
ASR: 0.27459714359734283
attack_auc: 0.7915744969031214
------------------------- time cost ------------------------- 3.1271612644195557
ASR: 0.27780206847979405
attack_auc: 0.795684787981284
------------------------- time cost ------------------------- 3.338604688644409
ASR: 0.3094744828103456
attack_auc: 0.8003173909231209
------------------------- time cost ------------------------- 3.0300703048706055
ASR: 0.33916818029997825
attack_auc: 0.8215613908143649
------------------------- time cost ------------------------- 3.053152322769165
ASR: 0.3393750409019693
attack_auc: 0.8233526012418134
------------------------- time cost ------------------------- 2.9634222984313965
ASR: 0.361028532458372
attack_auc: 0.8317888721344605
------------------------- time cost ------------------------- 3.0242464542388916
ASR: 0.3598043804528172
attack_auc: 0.8286051699295621
------------------------- time cost ------------------------- 3.170198917388916
ASR: 0.356354720464834
attack_auc: 0.8286023157449465
------------------------- time cost ------------------------- 3.3496570587158203

-------------Round number: 210-------------

Evaluate personalized models
Averaged Train Loss: 0.3336
Averaged Test Accurancy: 0.7476
Averaged Test AUC: 0.9568
Std Test Accurancy: 0.0826
Std Test AUC: 0.0188
ASR: 0.3705717343621883
attack_auc: 0.8365916770271649
------------------------- time cost ------------------------- 8.053157806396484
ASR: 0.37327171545416216
attack_auc: 0.83857223289307
------------------------- time cost ------------------------- 3.108398199081421
ASR: 0.37038096653499325
attack_auc: 0.8324028248511779
------------------------- time cost ------------------------- 2.721158742904663
ASR: 0.40296190776128654
attack_auc: 0.8490829722000841
------------------------- time cost ------------------------- 3.0282223224639893
ASR: 0.3827338354758577
attack_auc: 0.8408727857740647
------------------------- time cost ------------------------- 2.6391313076019287
ASR: 0.40224290905645843
attack_auc: 0.8483203503640114
------------------------- time cost ------------------------- 2.8651015758514404
ASR: 0.41891481860898067
attack_auc: 0.8589104296092136
------------------------- time cost ------------------------- 3.3139984607696533
ASR: 0.3735580761375088
attack_auc: 0.8364390232645929
------------------------- time cost ------------------------- 2.8139381408691406
ASR: 0.40409540892491397
attack_auc: 0.8480901378625721
------------------------- time cost ------------------------- 3.137850761413574
ASR: 0.4135160717856828
attack_auc: 0.8542534982491697
------------------------- time cost ------------------------- 3.019085168838501

-------------Round number: 220-------------

Evaluate personalized models
Averaged Train Loss: 0.3128
Averaged Test Accurancy: 0.7501
Averaged Test AUC: 0.9575
Std Test Accurancy: 0.0831
Std Test AUC: 0.0186
ASR: 0.40047956209610225
attack_auc: 0.8500190176885797
------------------------- time cost ------------------------- 7.564711332321167
ASR: 0.3862219726027474
attack_auc: 0.8407422288179773
------------------------- time cost ------------------------- 2.942220687866211
ASR: 0.3973628813284585
attack_auc: 0.8512540277762691
------------------------- time cost ------------------------- 3.3185765743255615
ASR: 0.38946145715565605
attack_auc: 0.8428240677687399
------------------------- time cost ------------------------- 2.676161289215088
ASR: 0.4206526999387434
attack_auc: 0.8546182707906518
------------------------- time cost ------------------------- 3.2408902645111084
ASR: 0.41781939155453857
attack_auc: 0.8555307338656143
------------------------- time cost ------------------------- 3.2585952281951904
ASR: 0.4312369000563916
attack_auc: 0.8565315999207322
------------------------- time cost ------------------------- 2.8313944339752197
ASR: 0.4582702297439734
attack_auc: 0.8698647952319435
------------------------- time cost ------------------------- 3.208299160003662
ASR: 0.406113892633339
attack_auc: 0.8542369611390394
------------------------- time cost ------------------------- 3.005023241043091
ASR: 0.38684308324243455
attack_auc: 0.8439014759329931
------------------------- time cost ------------------------- 3.0817065238952637

-------------Round number: 230-------------

Evaluate personalized models
Averaged Train Loss: 0.2737
Averaged Test Accurancy: 0.7593
Averaged Test AUC: 0.9589
Std Test Accurancy: 0.0790
Std Test AUC: 0.0178
ASR: 0.3991370175468222
attack_auc: 0.8482435647195724
------------------------- time cost ------------------------- 7.093687295913696
ASR: 0.4088455303454452
attack_auc: 0.8540893435487313
------------------------- time cost ------------------------- 3.525200366973877
ASR: 0.3762600879751358
attack_auc: 0.8346220075635682
------------------------- time cost ------------------------- 3.4238972663879395
ASR: 0.3875156226981144
attack_auc: 0.842100493907507
------------------------- time cost ------------------------- 3.2701094150543213
ASR: 0.3910982735175814
attack_auc: 0.839271209944101
------------------------- time cost ------------------------- 3.223879337310791
ASR: 0.380449806096065
attack_auc: 0.8339997159224205
------------------------- time cost ------------------------- 3.4368271827697754
ASR: 0.3929219508753238
attack_auc: 0.8420253298939435
------------------------- time cost ------------------------- 3.1471970081329346
ASR: 0.39408315949716094
attack_auc: 0.8458237223405948
------------------------- time cost ------------------------- 3.4355216026306152
ASR: 0.40725905227133086
attack_auc: 0.8550524302459865
------------------------- time cost ------------------------- 3.0788028240203857
ASR: 0.39569354492251213
attack_auc: 0.8460987063524312
------------------------- time cost ------------------------- 2.8697493076324463

-------------Round number: 240-------------

Evaluate personalized models
Averaged Train Loss: 0.2674
Averaged Test Accurancy: 0.7538
Averaged Test AUC: 0.9577
Std Test Accurancy: 0.0839
Std Test AUC: 0.0184
ASR: 0.41743344611090266
attack_auc: 0.8575202444230148
------------------------- time cost ------------------------- 7.282266855239868
ASR: 0.4260226272578338
attack_auc: 0.8566625598275286
------------------------- time cost ------------------------- 2.844637870788574
ASR: 0.4203507997912829
attack_auc: 0.8608397612386646
------------------------- time cost ------------------------- 3.3281166553497314
ASR: 0.3955853327718808
attack_auc: 0.8519863039702127
------------------------- time cost ------------------------- 3.3680078983306885
ASR: 0.38953908756637023
attack_auc: 0.8480520257366027
------------------------- time cost ------------------------- 3.065633535385132
ASR: 0.43257453591281886
attack_auc: 0.8637228898399013
------------------------- time cost ------------------------- 2.643857002258301
ASR: 0.4357133692597247
attack_auc: 0.8651941139804715
------------------------- time cost ------------------------- 2.94193696975708
ASR: 0.4054233423183878
attack_auc: 0.8564854497975749
------------------------- time cost ------------------------- 3.3568131923675537
ASR: 0.407342233940041
attack_auc: 0.8580938633712674
------------------------- time cost ------------------------- 3.0020906925201416
ASR: 0.42602345904997846
attack_auc: 0.8615960696658165
------------------------- time cost ------------------------- 3.1362144947052

-------------Round number: 250-------------

Evaluate personalized models
Averaged Train Loss: 0.2249
Averaged Test Accurancy: 0.7588
Averaged Test AUC: 0.9588
Std Test Accurancy: 0.0792
Std Test AUC: 0.0173
ASR: 0.40002825188892366
attack_auc: 0.8497678458605569
------------------------- time cost ------------------------- 7.131010055541992
ASR: 0.4118095202644762
attack_auc: 0.8543696966462639
------------------------- time cost ------------------------- 2.924462080001831
ASR: 0.40648640082246607
attack_auc: 0.8559564054373778
------------------------- time cost ------------------------- 2.72409987449646
ASR: 0.40082578826059395
attack_auc: 0.8520792375067384
------------------------- time cost ------------------------- 2.8598506450653076
ASR: 0.3995545949433175
attack_auc: 0.8552649048241057
------------------------- time cost ------------------------- 2.765758514404297
ASR: 0.4181757271869192
attack_auc: 0.858637847783985
------------------------- time cost ------------------------- 3.3363497257232666
ASR: 0.4115278757113598
attack_auc: 0.8591849418915861
------------------------- time cost ------------------------- 2.8056235313415527
ASR: 0.40630163375908285
attack_auc: 0.8588935279939589
------------------------- time cost ------------------------- 2.802690267562866
ASR: 0.4001571626388654
attack_auc: 0.8553773523788128
------------------------- time cost ------------------------- 3.177278518676758
ASR: 0.4100721819882245
attack_auc: 0.8638318250107219
------------------------- time cost ------------------------- 3.3703196048736572

-------------Round number: 260-------------

Evaluate personalized models
Averaged Train Loss: 0.2076
Averaged Test Accurancy: 0.7591
Averaged Test AUC: 0.9581
Std Test Accurancy: 0.0798
Std Test AUC: 0.0178
ASR: 0.4091788316817419
attack_auc: 0.8651536474966551
------------------------- time cost ------------------------- 7.615911960601807
ASR: 0.3945410104373644
attack_auc: 0.8580106107675987
------------------------- time cost ------------------------- 3.129115581512451
ASR: 0.38718676669630775
attack_auc: 0.8556875130759287
------------------------- time cost ------------------------- 2.7350730895996094
ASR: 0.37551554689504446
attack_auc: 0.8488192098340245
------------------------- time cost ------------------------- 3.2749063968658447
ASR: 0.34897527531520406
attack_auc: 0.8389730179450576
------------------------- time cost ------------------------- 3.502523422241211
ASR: 0.347820518768183
attack_auc: 0.835545373741194
------------------------- time cost ------------------------- 3.2026872634887695
ASR: 0.344877219256646
attack_auc: 0.8307147463889911
------------------------- time cost ------------------------- 3.1123313903808594
ASR: 0.3328441932724307
attack_auc: 0.8267734956035319
------------------------- time cost ------------------------- 3.05897855758667
ASR: 0.346608153515463
attack_auc: 0.8326374610191614
------------------------- time cost ------------------------- 3.3746063709259033
ASR: 0.3947827587408563
attack_auc: 0.8508233195141438
------------------------- time cost ------------------------- 2.926335334777832

-------------Round number: 270-------------

Evaluate personalized models
Averaged Train Loss: 0.1932
Averaged Test Accurancy: 0.7578
Averaged Test AUC: 0.9583
Std Test Accurancy: 0.0864
Std Test AUC: 0.0189
ASR: 0.42506009871236533
attack_auc: 0.8590848578114304
------------------------- time cost ------------------------- 7.350627660751343
ASR: 0.4393075473333996
attack_auc: 0.8661403276238523
------------------------- time cost ------------------------- 2.7811837196350098
ASR: 0.43607788227745015
attack_auc: 0.8606283384382132
------------------------- time cost ------------------------- 3.1286447048187256
ASR: 0.40963774562930244
attack_auc: 0.8517067750086368
------------------------- time cost ------------------------- 3.294381856918335
ASR: 0.3554753161402384
attack_auc: 0.8305303071713793
------------------------- time cost ------------------------- 3.2111897468566895
ASR: 0.3793378392339096
attack_auc: 0.847120507647239
------------------------- time cost ------------------------- 3.629157781600952
ASR: 0.35905149459099833
attack_auc: 0.8350225747081194
------------------------- time cost ------------------------- 2.78546142578125
ASR: 0.38773466538412904
attack_auc: 0.8467458212234615
------------------------- time cost ------------------------- 3.2382779121398926
ASR: 0.3897250827253634
attack_auc: 0.8471224093180875
------------------------- time cost ------------------------- 3.0108189582824707
ASR: 0.40007567250694975
attack_auc: 0.8497067196391863
------------------------- time cost ------------------------- 2.5052623748779297

-------------Round number: 280-------------

Evaluate personalized models
Averaged Train Loss: 0.1815
Averaged Test Accurancy: 0.7616
Averaged Test AUC: 0.9586
Std Test Accurancy: 0.0848
Std Test AUC: 0.0204
ASR: 0.41798850236006363
attack_auc: 0.8582438619185252
------------------------- time cost ------------------------- 7.130457401275635
ASR: 0.4240688010018808
attack_auc: 0.8586297861546479
------------------------- time cost ------------------------- 3.2842986583709717
ASR: 0.42234596369497274
attack_auc: 0.8623099327444068
------------------------- time cost ------------------------- 2.907191038131714
ASR: 0.42580313130648184
attack_auc: 0.863095301397011
------------------------- time cost ------------------------- 3.3290843963623047
ASR: 0.4259475358756809
attack_auc: 0.8632351818526396
------------------------- time cost ------------------------- 3.0815606117248535
ASR: 0.4092794729621601
attack_auc: 0.8555751347666927
------------------------- time cost ------------------------- 2.9502148628234863
ASR: 0.41613836050422054
attack_auc: 0.8590356330682499
------------------------- time cost ------------------------- 2.8644821643829346
ASR: 0.41665132988008574
attack_auc: 0.858903086920018
------------------------- time cost ------------------------- 2.8685975074768066
ASR: 0.3989795634704433
attack_auc: 0.8536566060390397
------------------------- time cost ------------------------- 2.7562930583953857
ASR: 0.40610629409245064
attack_auc: 0.857224361645063
------------------------- time cost ------------------------- 2.8761589527130127

-------------Round number: 290-------------

Evaluate personalized models
Averaged Train Loss: 0.1622
Averaged Test Accurancy: 0.7590
Averaged Test AUC: 0.9595
Std Test Accurancy: 0.0878
Std Test AUC: 0.0194
ASR: 0.4126252744463612
attack_auc: 0.8592870112592359
------------------------- time cost ------------------------- 7.390264272689819
ASR: 0.40241381415211736
attack_auc: 0.8580164646270573
------------------------- time cost ------------------------- 3.357027530670166
ASR: 0.40876921133853616
attack_auc: 0.8563540452158128
------------------------- time cost ------------------------- 3.1620616912841797
ASR: 0.42557522189213964
attack_auc: 0.863829996389909
------------------------- time cost ------------------------- 3.0363078117370605
ASR: 0.4494188248893129
attack_auc: 0.8709883408639227
------------------------- time cost ------------------------- 3.0989184379577637
ASR: 0.4659055950346243
attack_auc: 0.8756723031951411
------------------------- time cost ------------------------- 2.9504752159118652
ASR: 0.4758977064315162
attack_auc: 0.877590491327103
------------------------- time cost ------------------------- 3.0480756759643555
ASR: 0.46050989310327844
attack_auc: 0.8717300474822699
------------------------- time cost ------------------------- 3.022463083267212
ASR: 0.4366041939865384
attack_auc: 0.8611575694348766
------------------------- time cost ------------------------- 3.3228113651275635
ASR: 0.4256743767314395
attack_auc: 0.8627092390128267
------------------------- time cost ------------------------- 3.590939998626709

-------------Round number: 300-------------

Evaluate personalized models
Averaged Train Loss: 0.1433
Averaged Test Accurancy: 0.7687
Averaged Test AUC: 0.9592
Std Test Accurancy: 0.0795
Std Test AUC: 0.0189
ASR: 0.4429510611461078
attack_auc: 0.8700991116787167
------------------------- time cost ------------------------- 7.711507081985474

Best accuracy.
0.7687261252283674

Average time cost per round.
3.548986798922221
File path: ./results/Cifar10_dir0.5_bdoor0.2_nclient_100_badnet_adv10_FedCLCM_B10_0.h5

Average time cost: 1076.75s.
Length:  31
std for best accurancy: 0.0
mean for best accurancy: 0.7687261252283674
All done!
