Matplotlib created a temporary cache directory at /tmp/matplotlib-zxys6xdr because the default path (/home/huangtu/.config/matplotlib) is not a writable directory; it is highly recommended to set the MPLCONFIGDIR environment variable to a writable directory, in particular to speed up the import of Matplotlib and to better support multiprocessing.
================================================================================
Summary of training process:
Algorithm: FedRepPFLALP
Attack method:attackall
Defense method:none
Attack goal:attackall
Start attack iteration:30
Batch size: 64
Learing rate       : 0.1
Average Moving       : 1.0
Subset of users      : 10
Number of global rounds       : 400
Number of local rounds       : 10
Dataset       : Cifar10
Local Model       : resnet
ResNet Pretrained : 0
FedRepPFLALP alp_use_cluster=1 alp_use_purify=0 purify_beta=1500.0 purify_rounds=1 cluster_max_k=4
Per_local epoch:1
one shot:0
scale rate:0
================================================================================
['f_00007', 'f_00001', 'f_00062', 'f_00020', 'f_00096', 'f_00085', 'f_00051', 'f_00043', 'f_00037', 'f_00058']
---------------Running time:------------ 0
Loaded cached CIFAR10 Dirichlet split from data/Cifar10/dirichlet_a0.5_u100_v1.pkl
Number of users / total users: 10  /  100
Finished creating FedRep + PFL-ALP-submodule server.
-------------Round number:  0  -------------
Evaluate global model
Average Global Accurancy:  0.09942142714637228
Average Global Trainning Accurancy:  0.10019349242710673

global benign client acc list:[0.42, 0.043478260869565216, 0.36082474226804123, 0.010869565217391304, 0.024193548387096774, 0.0, 0.34, 0.10344827586206896, 0.010101010101010102, 0.02127659574468085, 0.27314814814814814, 0.16585365853658537, 0.23076923076923078, 0.17557251908396945, 0.09523809523809523, 0.0, 0.47586206896551725, 0.29411764705882354, 0.13986013986013987, 0.022222222222222223, 0.007751937984496124, 0.4260869565217391, 0.013333333333333334, 0.0, 0.0, 0.06310679611650485, 0.41721854304635764, 0.15384615384615385, 0.10869565217391304, 0.06363636363636363, 0.0, 0.04929577464788732, 0.15789473684210525, 0.10236220472440945, 0.10945273631840796, 0.021739130434782608, 0.18359375, 0.0, 0.14285714285714285, 0.01834862385321101, 0.029850746268656716, 0.00546448087431694, 0.041666666666666664, 0.2524271844660194, 0.25732899022801303, 0.05813953488372093, 0.3626373626373626, 0.0, 0.0, 0.0, 0.028708133971291867, 0.0, 0.0, 0.0, 0.30288461538461536, 0.09411764705882353, 0.0425531914893617, 0.022222222222222223, 0.057692307692307696, 0.176056338028169, 0.0, 0.0457516339869281, 0.012121212121212121, 0.005747126436781609, 0.0, 0.008403361344537815, 0.07352941176470588, 0.0, 0.0, 0.008695652173913044, 0.0, 0.11764705882352941, 0.29777777777777775, 0.1262135922330097, 0.0, 0.17777777777777778, 0.05263157894736842, 0.01893939393939394, 0.043478260869565216, 0.14084507042253522, 0.0, 0.017985611510791366, 0.01932367149758454, 0.0, 0.039473684210526314, 0.0, 0.09574468085106383, 0.06829268292682927, 0.007936507936507936, 0.35294117647058826]; mean acc:0.09676735456182077
global malicious client acc list:[0.15789473684210525, 0.22131147540983606, 0.0, 0.01, 0.0, 0.07804878048780488, 0.05181347150259067, 0.27932960893854747, 0.07667731629392971, 0.06077348066298342]; mean acc:0.09358488701377975
