================================================================================
Summary of training process:
Algorithm: BDPFL
Attack method:attackall
Defense method:none
Attack goal:attackall
Start attack iteration:30
Batch size: 64
Learing rate       : 0.1
Average Moving       : 1.0
Subset of users      : 10
Number of global rounds       : 400
Number of local rounds       : 10
Dataset       : Cifar10
Local Model       : resnet
ResNet Pretrained : 0
BDPFL bd_lambda=1.0 bd_tau=1.0 bd_gamma=1.0 bd_use_inter=1 bd_use_em=1
Per_local epoch:1
one shot:0
scale rate:0
================================================================================
['f_00007', 'f_00001', 'f_00062', 'f_00020', 'f_00096', 'f_00085', 'f_00051', 'f_00043', 'f_00037', 'f_00058']
---------------Running time:------------ 0
Loaded cached CIFAR10 Dirichlet split from data/Cifar10/dirichlet_a0.5_u100_v1.pkl
Number of users / total users: 10  /  100
Finished creating BDPFL full server.
-------------Round number:  0  -------------
Evaluate global model
Average Global Accurancy:  0.09942142714637228
Average Global Trainning Accurancy:  0.10019349242710673

global benign client acc list:[0.42, 0.043478260869565216, 0.36082474226804123, 0.010869565217391304, 0.024193548387096774, 0.0, 0.34, 0.10344827586206896, 0.010101010101010102, 0.02127659574468085, 0.27314814814814814, 0.16585365853658537, 0.23076923076923078, 0.17557251908396945, 0.09523809523809523, 0.0, 0.47586206896551725, 0.29411764705882354, 0.13986013986013987, 0.022222222222222223, 0.007751937984496124, 0.4260869565217391, 0.013333333333333334, 0.0, 0.0, 0.06310679611650485, 0.41721854304635764, 0.15384615384615385, 0.10869565217391304, 0.06363636363636363, 0.0, 0.04929577464788732, 0.15789473684210525, 0.10236220472440945, 0.10945273631840796, 0.021739130434782608, 0.18359375, 0.0, 0.14285714285714285, 0.01834862385321101, 0.029850746268656716, 0.00546448087431694, 0.041666666666666664, 0.2524271844660194, 0.25732899022801303, 0.05813953488372093, 0.3626373626373626, 0.0, 0.0, 0.0, 0.028708133971291867, 0.0, 0.0, 0.0, 0.30288461538461536, 0.09411764705882353, 0.0425531914893617, 0.022222222222222223, 0.057692307692307696, 0.176056338028169, 0.0, 0.0457516339869281, 0.012121212121212121, 0.005747126436781609, 0.0, 0.008403361344537815, 0.07352941176470588, 0.0, 0.0, 0.008695652173913044, 0.0, 0.11764705882352941, 0.29777777777777775, 0.1262135922330097, 0.0, 0.17777777777777778, 0.05263157894736842, 0.01893939393939394, 0.043478260869565216, 0.14084507042253522, 0.0, 0.017985611510791366, 0.01932367149758454, 0.0, 0.039473684210526314, 0.0, 0.09574468085106383, 0.06829268292682927, 0.007936507936507936, 0.35294117647058826]; mean acc:0.09676735456182077
global malicious client acc list:[0.15789473684210525, 0.22131147540983606, 0.0, 0.01, 0.0, 0.07804878048780488, 0.05181347150259067, 0.27932960893854747, 0.07667731629392971, 0.06077348066298342]; mean acc:0.09358488701377975
Average Global ATTACK ALL ASR:  0.0
Average Global ATTACK ALL train ASR:  0.0
global benign client asr list:[0.0, 0.0, 0.0, 0.0, 0.0, 0.0, 0.0, 0.0, 0.0, 0.0, 0.0, 0.0, 0.0, 0.0, 0.0, 0.0, 0.0, 0.0, 0.0, 0.0, 0.0, 0.0, 0.0, 0.0, 0.0, 0.0, 0.0, 0.0, 0.0, 0.0, 0.0, 0.0, 0.0, 0.0, 0.0, 0.0, 0.0, 0.0, 0.0, 0.0, 0.0, 0.0, 0.0, 0.0, 0.0, 0.0, 0.0, 0.0, 0.0, 0.0, 0.0, 0.0, 0.0, 0.0, 0.0, 0.0, 0.0, 0.0, 0.0, 0.0, 0.0, 0.0, 0.0, 0.0, 0.0, 0.0, 0.0, 0.0, 0.0, 0.0, 0.0, 0.0, 0.0, 0.0, 0.0, 0.0, 0.0, 0.0, 0.0, 0.0, 0.0, 0.0, 0.0, 0.0, 0.0, 0.0, 0.0, 0.0, 0.0, 0.0]; mean asr:0.0
global malicious client asr list:[0.0, 0.0, 0.0, 0.0, 0.0, 0.0, 0.0, 0.0, 0.0, 0.0]; mean asr:0.0

Evaluate global model with a few step updates, which is personalized model
Average Personal Accurancy (k local SGD):  0.28702533750083126
Average Personal Trainning Accurancy (k local SGD):  0.2964215021239686
global benign client acc list:[0.22, 0.2608695652173913, 0.19072164948453607, 0.30978260869565216, 0.23387096774193547, 0.4336283185840708, 0.21, 0.07836990595611286, 0.37373737373737376, 0.3404255319148936, 0.3472222222222222, 0.23414634146341465, 0.23076923076923078, 0.19083969465648856, 0.2777777777777778, 0.14492753623188406, 0.2206896551724138, 0.3, 0.1888111888111888, 0.044444444444444446, 0.3023255813953488, 0.11304347826086956, 0.18666666666666668, 0.1791044776119403, 0.6190476190476191, 0.32524271844660196, 0.07947019867549669, 0.16483516483516483, 0.13043478260869565, 0.4, 0.24793388429752067, 0.15492957746478872, 0.3157894736842105, 0.2125984251968504, 0.42786069651741293, 0.21739130434782608, 0.29296875, 0.47107438016528924, 0.30952380952380953, 0.1834862385321101, 0.373134328358209, 0.48633879781420764, 0.46875, 0.23300970873786409, 0.2964169381107492, 0.19767441860465115, 0.13186813186813187, 0.3259668508287293, 0.2671232876712329, 0.30612244897959184, 0.5023923444976076, 0.2129032258064516, 0.24, 0.06018518518518518, 0.12980769230769232, 0.23529411764705882, 0.12056737588652482, 0.2962962962962963, 0.358974358974359, 0.2676056338028169, 0.7087912087912088, 0.5490196078431373, 0.6727272727272727, 0.3160919540229885, 0.1885245901639344, 0.18487394957983194, 0.5098039215686274, 0.3017241379310345, 0.17391304347826086, 0.3826086956521739, 0.2052980132450331, 0.14705882352941177, 0.21777777777777776, 0.18446601941747573, 0.24770642201834864, 0.35555555555555557, 0.21052631578947367, 0.4772727272727273, 0.3130434782608696, 0.31690140845070425, 0.4074074074074074, 0.5431654676258992, 0.30917874396135264, 0.2857142857142857, 0.42105263157894735, 0.33070866141732286, 0.5, 0.11219512195121951, 0.11904761904761904, 0.20588235294117646]; mean acc:0.2841469955139743
global malicious client acc list:[0.15789473684210525, 0.2786885245901639, 0.1518987341772152, 0.27, 0.4126984126984127, 0.45365853658536587, 0.08808290155440414, 0.33519553072625696, 0.2747603833865815, 0.39226519337016574]; mean acc:0.2815142953930671
Average Personal ATTACK ALL ASR (k local SGD):  0.12888209084258828
Average Personal ATTACK ALL Trainning ASR (k local SGD):  0.13004025532104174
person benign client asr list:[0.0, 0.0, 0.0, 0.0, 0.25806451612903225, 0.05309734513274336, 0.0, 0.0, 0.0, 0.0, 0.0, 0.8682926829268293, 0.0, 0.0, 0.0, 0.0, 0.0, 0.0, 0.0, 0.0, 0.0, 0.5739130434782609, 0.0, 0.0, 0.0, 0.0, 0.0, 0.0, 0.0, 0.0, 0.1652892561983471, 0.04929577464788732, 0.0, 0.0, 0.0, 0.0, 0.0, 0.0, 1.0, 0.0, 0.8731343283582089, 0.5300546448087432, 0.0, 0.0, 0.0, 0.0, 0.0, 0.0, 0.0, 0.0, 0.0, 0.0, 0.0, 0.0, 0.0, 0.0, 0.9574468085106383, 0.0, 0.0, 0.0, 0.0, 0.0, 0.0, 0.0, 0.0, 0.0, 1.0, 1.0, 0.0, 0.0, 0.8344370860927153, 0.12941176470588237, 0.08888888888888889, 0.0, 0.9021406727828746, 0.0, 0.0, 0.0, 0.0, 1.0, 0.0, 0.0, 0.0, 0.0, 0.0, 0.0, 0.0, 0.0, 0.0, 0.0]; mean asr:0.11426074236290058
person malicious client asr list:[0.0, 0.0, 0.0, 0.0, 0.0, 0.22926829268292684, 0.0, 0.4972067039106145, 0.0, 0.0]; mean asr:0.07264749965935413
================================================================================
f_00080
ACC :0.31555555555555553
ASR :0.044444444444444446
================================================================================
f_00084
ACC :0.28421052631578947
ASR :0.6105263157894737
================================================================================
f_00033
ACC :0.4132231404958678
ASR :0.0
================================================================================
f_00081
ACC :0.14563106796116504
ASR :0.0
================================================================================
f_00093
ACC :0.42105263157894735
ASR :0.0
================================================================================
f_00017
ACC :0.34782608695652173
ASR :0.8115942028985508
================================================================================
f_00036
ACC :0.25196850393700787
ASR :0.0
================================================================================
f_00082
ACC :0.3730886850152905
ASR :0.0
================================================================================
f_00069
ACC :0.5490196078431373
ASR :0.0
================================================================================
f_00065
ACC :0.34814814814814815
ASR :0.0
-------------Round number:  1  -------------
Evaluate global model
Average Global Accurancy:  0.17137726940214137
Average Global Trainning Accurancy:  0.17463247559104153

global benign client acc list:[0.06, 0.0, 0.19072164948453607, 0.04891304347826087, 0.008064516129032258, 0.008849557522123894, 0.21, 0.07836990595611286, 0.030303030303030304, 0.3404255319148936, 0.004629629629629629, 0.15609756097560976, 0.16483516483516483, 0.06870229007633588, 0.2777777777777778, 0.30434782608695654, 0.21379310344827587, 0.14705882352941177, 0.11888111888111888, 0.022222222222222223, 0.10852713178294573, 0.10434782608695652, 0.013333333333333334, 0.17164179104477612, 0.6190476190476191, 0.3106796116504854, 0.08609271523178808, 0.16483516483516483, 0.0, 0.14545454545454545, 0.23140495867768596, 0.18309859154929578, 0.2982456140350877, 0.07874015748031496, 0.42786069651741293, 0.043478260869565216, 0.00390625, 0.008264462809917356, 0.14285714285714285, 0.29357798165137616, 0.0, 0.09836065573770492, 0.0, 0.038834951456310676, 0.1986970684039088, 0.16279069767441862, 0.17582417582417584, 0.26519337016574585, 0.08904109589041095, 0.27040816326530615, 0.07655502392344497, 0.12258064516129032, 0.22857142857142856, 0.2037037037037037, 0.33653846153846156, 0.24705882352941178, 0.20212765957446807, 0.2814814814814815, 0.2564102564102564, 0.2676056338028169, 0.016483516483516484, 0.5490196078431373, 0.024242424242424242, 0.1896551724137931, 0.14754098360655737, 0.14285714285714285, 0.5098039215686274, 0.008620689655172414, 0.008695652173913044, 0.3826086956521739, 0.16556291390728478, 0.0, 0.03111111111111111, 0.038834951456310676, 0.40978593272171254, 0.03333333333333333, 0.14736842105263157, 0.3106060606060606, 0.10434782608695652, 0.31690140845070425, 0.18518518518518517, 0.0683453237410072, 0.11594202898550725, 0.1921182266009852, 0.42105263157894735, 0.30708661417322836, 0.010638297872340425, 0.2634146341463415, 0.023809523809523808, 0.24019607843137256]; mean acc:0.16418153570030727
global malicious client acc list:[0.07368421052631578, 0.26229508196721313, 0.0, 0.26, 0.2222222222222222, 0.0, 0.10362694300518134, 0.1787709497206704, 0.2715654952076677, 0.2596685082872928]; mean acc:0.16318334109365634
Average Global ATTACK ALL ASR:  0.050209483274589344
Average Global ATTACK ALL train ASR:  0.05024130952116184
global benign client asr list:[0.0, 0.0, 0.0, 0.0, 0.0, 0.0, 0.0, 0.0, 0.0, 0.0, 0.0, 0.0, 0.0, 0.0, 0.0, 1.0, 0.0, 0.0, 0.013986013986013986, 0.0, 0.0, 0.0, 0.0, 0.0, 0.0, 0.0, 1.0, 0.0, 0.0, 0.0, 0.04132231404958678, 0.0, 0.0, 0.0, 0.0, 0.0, 0.0, 0.0, 0.0, 0.0, 0.0, 0.0, 0.0, 0.0, 0.0, 0.0, 0.0, 0.0, 0.0, 0.0, 0.0, 0.0, 0.0, 0.0, 0.0, 0.0, 0.0, 0.0, 0.0, 0.0, 0.0, 0.0, 0.0, 0.0, 0.0, 0.0, 1.0, 0.0, 0.0, 0.0, 0.0, 0.0, 0.0, 0.009708737864077669, 0.0, 0.0, 0.0, 0.0, 0.0, 1.0, 0.0, 0.0, 0.0, 0.0, 0.0, 0.0, 0.0, 0.0, 0.0, 0.0]; mean asr:0.045166856287774206
global malicious client asr list:[0.0, 0.0, 0.0, 0.0, 0.0, 0.0, 0.0, 0.0, 0.0, 1.0]; mean asr:0.1

Evaluate global model with a few step updates, which is personalized model
Average Personal Accurancy (k local SGD):  0.2974662499168717
Average Personal Trainning Accurancy (k local SGD):  0.3082756933478638
global benign client acc list:[0.22, 0.2608695652173913, 0.20103092783505155, 0.30978260869565216, 0.3790322580645161, 0.4247787610619469, 0.35, 0.2445141065830721, 0.4444444444444444, 0.3971631205673759, 0.3333333333333333, 0.25365853658536586, 0.23076923076923078, 0.17557251908396945, 0.2777777777777778, 0.10144927536231885, 0.22758620689655173, 0.21764705882352942, 0.21678321678321677, 0.044444444444444446, 0.12403100775193798, 0.25217391304347825, 0.32, 0.16417910447761194, 0.6190476190476191, 0.30097087378640774, 0.0728476821192053, 0.16483516483516483, 0.13043478260869565, 0.15454545454545454, 0.23140495867768596, 0.1619718309859155, 0.47368421052631576, 0.3228346456692913, 0.44776119402985076, 0.21739130434782608, 0.29296875, 0.2975206611570248, 0.14285714285714285, 0.1743119266055046, 0.6044776119402985, 0.2896174863387978, 0.46875, 0.13592233009708737, 0.38436482084690554, 0.09302325581395349, 0.14835164835164835, 0.292817679558011, 0.2671232876712329, 0.14795918367346939, 0.507177033492823, 0.2129032258064516, 0.26285714285714284, 0.07407407407407407, 0.2548076923076923, 0.2823529411764706, 0.22695035460992907, 0.362962962962963, 0.3782051282051282, 0.2676056338028169, 0.7087912087912088, 0.2679738562091503, 0.6727272727272727, 0.40229885057471265, 0.2459016393442623, 0.19327731092436976, 0.5098039215686274, 0.14655172413793102, 0.26956521739130435, 0.33043478260869563, 0.16556291390728478, 0.32941176470588235, 0.16444444444444445, 0.2621359223300971, 0.40061162079510704, 0.35555555555555557, 0.3368421052631579, 0.32954545454545453, 0.34782608695652173, 0.31690140845070425, 0.4074074074074074, 0.5431654676258992, 0.2995169082125604, 0.2315270935960591, 0.4342105263157895, 0.30708661417322836, 0.5, 0.1073170731707317, 0.31746031746031744, 0.2107843137254902]; mean acc:0.29059279884341604
global malicious client acc list:[0.14736842105263157, 0.32786885245901637, 0.16033755274261605, 0.46, 0.20634920634920634, 0.5121951219512195, 0.10880829015544041, 0.29608938547486036, 0.25559105431309903, 0.5082872928176796]; mean acc:0.2982895177315769
Average Personal ATTACK ALL ASR (k local SGD):  0.09556427478885415
Average Personal ATTACK ALL Trainning ASR (k local SGD):  0.09576763116340102
person benign client asr list:[0.0, 0.0, 0.0, 0.0, 1.0, 0.0, 0.0, 0.23510971786833856, 0.2828282828282828, 0.0, 0.0, 0.40487804878048783, 0.0, 0.0, 0.0, 0.0, 0.0, 0.0058823529411764705, 0.3356643356643357, 0.0, 0.0, 0.0, 0.02666666666666667, 0.0, 0.0, 0.0, 0.0, 0.0, 0.0, 0.0, 0.0, 0.0, 0.0, 0.0, 0.0, 0.0, 0.0, 0.0, 0.0, 0.0, 0.5149253731343284, 0.0, 0.0, 0.0, 0.0, 0.0, 0.0, 0.0, 0.0, 0.0, 0.0, 0.0, 0.0, 0.06481481481481481, 0.0, 0.0, 0.4574468085106383, 0.0, 0.0, 0.0, 0.0, 0.0, 0.0, 0.0, 0.0, 0.0, 0.9264705882352942, 0.0, 0.1565217391304348, 0.8608695652173913, 0.0, 0.041176470588235294, 0.14666666666666667, 0.0, 0.0, 0.0, 0.42105263157894735, 0.0, 0.0, 1.0, 0.0, 0.0, 0.0, 0.0, 0.0, 0.0, 0.0, 0.0, 0.07142857142857142, 0.0]; mean asr:0.07724891815616235
person malicious client asr list:[0.0, 0.0, 0.0, 0.22, 0.9841269841269841, 0.25365853658536586, 0.0, 0.9329608938547486, 0.0, 0.13259668508287292]; mean asr:0.25233430996499717
================================================================================
f_00044
ACC :0.30275229357798167
ASR :0.0
================================================================================
f_00096
client is malicious client!
ACC :0.574585635359116
ASR :0.281767955801105
================================================================================
f_00001
client is malicious client!
ACC :0.15789473684210525
ASR :0.0
================================================================================
f_00035
ACC :0.3333333333333333
ASR :0.0
================================================================================
f_00026
ACC :0.3805970149253731
ASR :0.0
================================================================================
f_00011
ACC :0.3404255319148936
ASR :0.0
================================================================================
f_00038
ACC :0.23880597014925373
ASR :0.0
================================================================================
f_00082
ACC :0.25076452599388377
ASR :0.0
================================================================================
f_00087
ACC :0.34782608695652173
ASR :0.0
================================================================================
f_00003
ACC :0.19072164948453607
ASR :0.0
-------------Round number:  2  -------------
Evaluate global model
Average Global Accurancy:  0.1075347476225311
Average Global Trainning Accurancy:  0.11158063296488224

global benign client acc list:[0.22, 0.0, 0.19072164948453607, 0.02717391304347826, 0.0, 0.1415929203539823, 0.01, 0.05956112852664577, 0.37373737373737376, 0.0, 0.013888888888888888, 0.12682926829268293, 0.0, 0.015267175572519083, 0.07936507936507936, 0.11594202898550725, 0.013793103448275862, 0.011764705882352941, 0.03496503496503497, 0.13333333333333333, 0.35658914728682173, 0.0, 0.06666666666666667, 0.3358208955223881, 0.15476190476190477, 0.02912621359223301, 0.059602649006622516, 0.10989010989010989, 0.13043478260869565, 0.05454545454545454, 0.008264462809917356, 0.014084507042253521, 0.0, 0.015748031496062992, 0.15422885572139303, 0.043478260869565216, 0.14453125, 0.39669421487603307, 0.047619047619047616, 0.045871559633027525, 0.3582089552238806, 0.07103825136612021, 0.010416666666666666, 0.0970873786407767, 0.1237785016286645, 0.12790697674418605, 0.07142857142857142, 0.0, 0.0273972602739726, 0.07653061224489796, 0.06698564593301436, 0.1032258064516129, 0.005714285714285714, 0.28703703703703703, 0.03365384615384615, 0.16470588235294117, 0.2127659574468085, 0.11851851851851852, 0.1346153846153846, 0.007042253521126761, 0.01098901098901099, 0.006535947712418301, 0.006060606060606061, 0.1896551724137931, 0.00819672131147541, 0.19327731092436976, 0.049019607843137254, 0.07758620689655173, 0.0, 0.05217391304347826, 0.019867549668874173, 0.052941176470588235, 0.16444444444444445, 0.30097087378640774, 0.3730886850152905, 0.25555555555555554, 0.14736842105263157, 0.011363636363636364, 0.034782608695652174, 0.08450704225352113, 0.006172839506172839, 0.5431654676258992, 0.01932367149758454, 0.08866995073891626, 0.0, 0.30708661417322836, 0.5, 0.2634146341463415, 0.0, 0.0196078431372549]; mean acc:0.10688641023463379
global malicious client acc list:[0.14736842105263157, 0.0, 0.12236286919831224, 0.0, 0.4126984126984127, 0.00975609756097561, 0.0, 0.0, 0.025559105431309903, 0.17679558011049723]; mean acc:0.08945404860521391
Average Global ATTACK ALL ASR:  0.0
Average Global ATTACK ALL train ASR:  0.0
global benign client asr list:[0.0, 0.0, 0.0, 0.0, 0.0, 0.0, 0.0, 0.0, 0.0, 0.0, 0.0, 0.0, 0.0, 0.0, 0.0, 0.0, 0.0, 0.0, 0.0, 0.0, 0.0, 0.0, 0.0, 0.0, 0.0, 0.0, 0.0, 0.0, 0.0, 0.0, 0.0, 0.0, 0.0, 0.0, 0.0, 0.0, 0.0, 0.0, 0.0, 0.0, 0.0, 0.0, 0.0, 0.0, 0.0, 0.0, 0.0, 0.0, 0.0, 0.0, 0.0, 0.0, 0.0, 0.0, 0.0, 0.0, 0.0, 0.0, 0.0, 0.0, 0.0, 0.0, 0.0, 0.0, 0.0, 0.0, 0.0, 0.0, 0.0, 0.0, 0.0, 0.0, 0.0, 0.0, 0.0, 0.0, 0.0, 0.0, 0.0, 0.0, 0.0, 0.0, 0.0, 0.0, 0.0, 0.0, 0.0, 0.0, 0.0, 0.0]; mean asr:0.0
global malicious client asr list:[0.0, 0.0, 0.0, 0.0, 0.0, 0.0, 0.0, 0.0, 0.0, 0.0]; mean asr:0.0

Evaluate global model with a few step updates, which is personalized model
Average Personal Accurancy (k local SGD):  0.3420230099088914
Average Personal Trainning Accurancy (k local SGD):  0.3575606609879234
global benign client acc list:[0.22, 0.2608695652173913, 0.23195876288659795, 0.45108695652173914, 0.3790322580645161, 0.4247787610619469, 0.34, 0.438871473354232, 0.37373737373737376, 0.3971631205673759, 0.3333333333333333, 0.24390243902439024, 0.23076923076923078, 0.2824427480916031, 0.4126984126984127, 0.4057971014492754, 0.4068965517241379, 0.2647058823529412, 0.1958041958041958, 0.17777777777777778, 0.14728682170542637, 0.3391304347826087, 0.30666666666666664, 0.1865671641791045, 0.6190476190476191, 0.3106796116504854, 0.15894039735099338, 0.16483516483516483, 0.13043478260869565, 0.39090909090909093, 0.18181818181818182, 0.176056338028169, 0.3157894736842105, 0.6062992125984252, 0.42786069651741293, 0.2608695652173913, 0.33203125, 0.39669421487603307, 0.30952380952380953, 0.2018348623853211, 0.44029850746268656, 0.41530054644808745, 0.46875, 0.21359223300970873, 0.3355048859934853, 0.09302325581395349, 0.1813186813186813, 0.40331491712707185, 0.2671232876712329, 0.3112244897959184, 0.5023923444976076, 0.2064516129032258, 0.56, 0.2962962962962963, 0.23076923076923078, 0.24705882352941178, 0.19148936170212766, 0.34074074074074073, 0.40384615384615385, 0.30985915492957744, 0.6923076923076923, 0.5490196078431373, 0.593939393939394, 0.3563218390804598, 0.1721311475409836, 0.19327731092436976, 0.5098039215686274, 0.31896551724137934, 0.3652173913043478, 0.3739130434782609, 0.1456953642384106, 0.4176470588235294, 0.35555555555555557, 0.1262135922330097, 0.3730886850152905, 0.35555555555555557, 0.17894736842105263, 0.5075757575757576, 0.2782608695652174, 0.3028169014084507, 0.43209876543209874, 0.5431654676258992, 0.3140096618357488, 0.29064039408866993, 0.40789473684210525, 0.5354330708661418, 0.5, 0.24878048780487805, 0.5317460317460317, 0.3284313725490196]; mean acc:0.33501899321208395
global malicious client acc list:[0.3157894736842105, 0.26229508196721313, 0.1940928270042194, 0.38, 0.4126984126984127, 0.4926829268292683, 0.08290155440414508, 0.2569832402234637, 0.34824281150159747, 0.4088397790055249]; mean acc:0.3154526107318055
Average Personal ATTACK ALL ASR (k local SGD):  0.11518254971071357
Average Personal ATTACK ALL Trainning ASR (k local SGD):  0.11315970909414408
person benign client asr list:[0.0, 0.0, 0.0, 0.0, 1.0, 0.0, 0.0, 0.0, 0.0, 0.0, 0.0, 0.6731707317073171, 0.0, 0.0, 0.0, 0.0, 0.0, 0.7470588235294118, 0.02097902097902098, 0.0, 0.0, 0.0, 0.013333333333333334, 0.0, 0.0, 0.0, 0.0, 0.0, 0.0, 0.0, 0.0, 0.0, 0.0, 0.0, 0.0, 0.0, 0.0, 0.0, 0.9880952380952381, 0.0, 0.9626865671641791, 0.16939890710382513, 0.0, 0.0, 0.06514657980456026, 0.0, 0.0, 0.0, 0.0, 0.0, 0.0, 0.0, 0.0, 0.004629629629629629, 0.0, 0.0, 0.7163120567375887, 0.0, 0.0, 0.0, 0.1978021978021978, 0.0, 0.0, 0.0, 0.0, 0.0, 1.0, 0.0, 0.30434782608695654, 0.23478260869565218, 0.0, 0.2647058823529412, 0.4444444444444444, 0.0, 0.0, 0.0, 0.15789473684210525, 0.0, 0.0, 0.9788732394366197, 0.0, 0.0, 0.0, 0.0, 0.0, 0.0, 0.0, 0.0, 0.3412698412698413, 0.0]; mean asr:0.10316590738905404
person malicious client asr list:[0.0, 0.0, 0.0, 0.01, 0.0, 0.3121951219512195, 0.0, 0.9162011173184358, 0.0, 0.0]; mean asr:0.12383962392696553
================================================================================
f_00095
ACC :0.5
ASR :0.0
================================================================================
f_00067
ACC :0.3028169014084507
ASR :0.0
================================================================================
f_00096
client is malicious client!
ACC :0.569060773480663
ASR :0.2154696132596685
================================================================================
f_00071
ACC :0.28735632183908044
ASR :0.0
================================================================================
f_00001
client is malicious client!
ACC :0.37894736842105264
ASR :0.08421052631578947
================================================================================
f_00080
ACC :0.29777777777777775
ASR :0.8755555555555555
================================================================================
f_00099
ACC :0.4166666666666667
ASR :0.0
================================================================================
f_00045
ACC :0.3582089552238806
ASR :0.0
================================================================================
f_00052
ACC :0.36813186813186816
ASR :0.0
================================================================================
f_00027
ACC :0.6190476190476191
ASR :0.0
-------------Round number:  3  -------------
Evaluate global model
Average Global Accurancy:  0.17343885083460797
Average Global Trainning Accurancy:  0.17127415875275226

global benign client acc list:[0.22, 0.0, 0.1958762886597938, 0.02717391304347826, 0.0, 0.0, 0.34, 0.10658307210031348, 0.36363636363636365, 0.0, 0.24074074074074073, 0.1951219512195122, 0.23076923076923078, 0.15267175572519084, 0.12698412698412698, 0.0, 0.006896551724137931, 0.34705882352941175, 0.27972027972027974, 0.13333333333333333, 0.3488372093023256, 0.17391304347826086, 0.06666666666666667, 0.3805970149253731, 0.15476190476190477, 0.06796116504854369, 0.41721854304635764, 0.14285714285714285, 0.13043478260869565, 0.01818181818181818, 0.0, 0.04225352112676056, 0.15789473684210525, 0.2125984251968504, 0.15422885572139303, 0.043478260869565216, 0.19140625, 0.371900826446281, 0.15476190476190477, 0.07339449541284404, 0.3582089552238806, 0.09289617486338798, 0.020833333333333332, 0.13592233009708737, 0.2671009771986971, 0.12790697674418605, 0.34615384615384615, 0.0, 0.03424657534246575, 0.04591836734693878, 0.1291866028708134, 0.07741935483870968, 0.3142857142857143, 0.12962962962962962, 0.30288461538461536, 0.2823529411764706, 0.1595744680851064, 0.18518518518518517, 0.08974358974358974, 0.176056338028169, 0.5604395604395604, 0.2875816993464052, 0.024242424242424242, 0.1896551724137931, 0.0, 0.17647058823529413, 0.19607843137254902, 0.0, 0.0, 0.24347826086956523, 0.033112582781456956, 0.11764705882352941, 0.20444444444444446, 0.1553398058252427, 0.2691131498470948, 0.25555555555555554, 0.08421052631578947, 0.16287878787878787, 0.034782608695652174, 0.14084507042253522, 0.2962962962962963, 0.23381294964028776, 0.03864734299516908, 0.04926108374384237, 0.15789473684210525, 0.2755905511811024, 0.5, 0.21951219512195122, 0.007936507936507936, 0.35294117647058826]; mean acc:0.16459097268566736
global malicious client acc list:[0.23157894736842105, 0.21311475409836064, 0.08016877637130802, 0.01, 0.4126984126984127, 0.24390243902439024, 0.23316062176165803, 0.3463687150837989, 0.0670926517571885, 0.18232044198895028]; mean acc:0.20204057601524883
Average Global ATTACK ALL ASR:  0.026335040234089245
Average Global ATTACK ALL train ASR:  0.028356648800124548
global benign client asr list:[0.0, 0.0, 0.0, 0.021739130434782608, 0.0, 0.0, 0.0, 0.0, 0.0, 0.0, 0.0, 0.1024390243902439, 0.0, 0.0, 0.0, 0.0, 0.0, 0.25882352941176473, 0.06993006993006994, 0.0, 0.007751937984496124, 0.008695652173913044, 0.0, 0.0, 0.0, 0.0, 0.0, 0.01098901098901099, 0.0, 0.00909090909090909, 0.0, 0.0, 0.0, 0.0, 0.0, 0.0, 0.0, 0.0, 0.0, 0.0, 0.0, 0.03825136612021858, 0.0, 0.0, 0.08143322475570032, 0.0, 0.0, 0.0, 0.02054794520547945, 0.0, 0.0, 0.08387096774193549, 0.0, 0.018518518518518517, 0.0, 0.0, 0.1702127659574468, 0.007407407407407408, 0.0, 0.0, 0.0, 0.0, 0.012121212121212121, 0.0, 0.00819672131147541, 0.0, 0.16666666666666666, 0.0, 0.0, 0.0, 0.0, 0.0, 0.0, 0.0, 0.1345565749235474, 0.0, 0.0, 0.022727272727272728, 0.0, 0.007042253521126761, 0.012345679012345678, 0.16906474820143885, 0.024154589371980676, 0.04433497536945813, 0.0, 0.0, 0.0, 0.01951219512195122, 0.0, 0.0]; mean asr:0.017004714982893028
global malicious client asr list:[0.042105263157894736, 0.0, 0.004219409282700422, 0.0, 0.0, 0.01951219512195122, 0.05181347150259067, 0.1564245810055866, 0.012779552715654952, 0.03314917127071823]; mean asr:0.03200036440570968

Evaluate global model with a few step updates, which is personalized model
Average Personal Accurancy (k local SGD):  0.36762652124758927
Average Personal Trainning Accurancy (k local SGD):  0.3837599804283522
global benign client acc list:[0.24, 0.2608695652173913, 0.3711340206185567, 0.4673913043478261, 0.3790322580645161, 0.4336283185840708, 0.36, 0.45768025078369906, 0.37373737373737376, 0.3971631205673759, 0.37962962962962965, 0.25853658536585367, 0.23076923076923078, 0.29770992366412213, 0.4126984126984127, 0.4057971014492754, 0.4413793103448276, 0.31176470588235294, 0.27972027972027974, 0.044444444444444446, 0.3023255813953488, 0.4260869565217391, 0.30666666666666664, 0.1865671641791045, 0.6190476190476191, 0.3592233009708738, 0.15894039735099338, 0.13186813186813187, 0.34782608695652173, 0.41818181818181815, 0.32231404958677684, 0.23943661971830985, 0.2982456140350877, 0.3779527559055118, 0.42786069651741293, 0.21739130434782608, 0.3515625, 0.39669421487603307, 0.30952380952380953, 0.21100917431192662, 0.47761194029850745, 0.453551912568306, 0.46875, 0.22330097087378642, 0.34527687296416937, 0.10465116279069768, 0.3241758241758242, 0.3370165745856354, 0.3013698630136986, 0.33163265306122447, 0.5023923444976076, 0.2129032258064516, 0.5771428571428572, 0.2962962962962963, 0.3076923076923077, 0.24705882352941178, 0.18439716312056736, 0.2962962962962963, 0.391025641025641, 0.352112676056338, 0.7087912087912088, 0.49019607843137253, 0.6727272727272727, 0.5114942528735632, 0.22950819672131148, 0.20168067226890757, 0.5098039215686274, 0.3103448275862069, 0.4, 0.3826086956521739, 0.19205298013245034, 0.38823529411764707, 0.3111111111111111, 0.2912621359223301, 0.40978593272171254, 0.35555555555555557, 0.3157894736842105, 0.5189393939393939, 0.30434782608695654, 0.31690140845070425, 0.4074074074074074, 0.5431654676258992, 0.30917874396135264, 0.39408866995073893, 0.5131578947368421, 0.5433070866141733, 0.5, 0.4292682926829268, 0.5396825396825397, 0.3333333333333333]; mean acc:0.35866879308871447
global malicious client acc list:[0.35789473684210527, 0.29508196721311475, 0.18143459915611815, 0.38, 0.4126984126984127, 0.5170731707317073, 0.10362694300518134, 0.3575418994413408, 0.3258785942492013, 0.5580110497237569]; mean acc:0.34892413730609384
Average Personal ATTACK ALL ASR (k local SGD):  0.09729334308705194
Average Personal ATTACK ALL Trainning ASR (k local SGD):  0.09985988479416409
person benign client asr list:[0.0, 0.0, 0.0, 0.021739130434782608, 1.0, 0.0, 0.0, 0.0438871473354232, 0.0, 0.0, 0.0, 0.5121951219512195, 0.0, 0.0, 0.0, 0.0, 0.0, 0.1, 0.14685314685314685, 0.0, 0.0, 0.0, 0.0, 0.0, 0.0, 0.0, 0.0, 0.0, 0.0, 0.0, 0.0, 0.0, 0.0, 0.0, 0.0, 0.0, 0.0, 0.0, 0.9880952380952381, 0.0, 0.1865671641791045, 0.34972677595628415, 0.0, 0.0, 0.08794788273615635, 0.0, 0.0, 0.0, 0.0, 0.0, 0.0, 0.0, 0.0, 0.041666666666666664, 0.0, 0.0, 0.7943262411347518, 0.0, 0.0, 0.0, 0.0, 0.0, 0.0, 0.0, 0.0, 0.0, 1.0, 0.04310344827586207, 0.391304347826087, 0.008695652173913044, 0.1390728476821192, 0.15294117647058825, 0.1688888888888889, 0.0, 0.0, 0.0, 0.16842105263157894, 0.0, 0.0, 1.0, 0.0, 0.0, 0.0, 0.0, 0.0, 0.0, 0.0, 0.0, 0.40476190476190477, 0.0]; mean asr:0.08611326482281907
person malicious client asr list:[0.07368421052631578, 0.0, 0.0, 0.0, 0.0, 0.34146341463414637, 0.0051813471502590676, 0.44692737430167595, 0.0, 0.2154696132596685]; mean asr:0.10827259598720658
================================================================================
f_00040
ACC :0.29296875
ASR :0.0
================================================================================
f_00010
ACC :0.37373737373737376
ASR :0.0
================================================================================
f_00096
client is malicious client!
ACC :0.4530386740331492
ASR :0.11602209944751381
================================================================================
f_00066
ACC :0.4358974358974359
ASR :0.0
================================================================================
f_00089
ACC :0.4074074074074074
ASR :0.0
================================================================================
f_00032
ACC :0.4
ASR :0.0
================================================================================
f_00095
ACC :0.48936170212765956
ASR :0.0
================================================================================
f_00055
ACC :0.2857142857142857
ASR :0.0
================================================================================
f_00025
ACC :0.56
ASR :0.44
================================================================================
f_00005
ACC :0.3870967741935484
ASR :0.7983870967741935
-------------Round number:  4  -------------
Evaluate global model
Average Global Accurancy:  0.11624659174037374
Average Global Trainning Accurancy:  0.11487222827658297

global benign client acc list:[0.0, 0.2608695652173913, 0.05670103092783505, 0.0, 0.1935483870967742, 0.37168141592920356, 0.01, 0.006269592476489028, 0.06060606060606061, 0.0851063829787234, 0.018518518518518517, 0.14634146341463414, 0.12087912087912088, 0.4732824427480916, 0.05555555555555555, 0.014492753623188406, 0.11724137931034483, 0.24705882352941178, 0.0979020979020979, 0.044444444444444446, 0.007751937984496124, 0.034782608695652174, 0.12, 0.3208955223880597, 0.011904761904761904, 0.1553398058252427, 0.039735099337748346, 0.03296703296703297, 0.2391304347826087, 0.4, 0.23140495867768596, 0.1619718309859155, 0.017543859649122806, 0.10236220472440945, 0.06965174129353234, 0.0, 0.29296875, 0.0, 0.0, 0.0, 0.03731343283582089, 0.0273224043715847, 0.041666666666666664, 0.13592233009708737, 0.0749185667752443, 0.0, 0.0989010989010989, 0.022099447513812154, 0.19863013698630136, 0.061224489795918366, 0.07177033492822966, 0.2129032258064516, 0.09142857142857143, 0.009259259259259259, 0.17307692307692307, 0.2, 0.03900709219858156, 0.06666666666666667, 0.3717948717948718, 0.20422535211267606, 0.2802197802197802, 0.0392156862745098, 0.15757575757575756, 0.028735632183908046, 0.09016393442622951, 0.40336134453781514, 0.07352941176470588, 0.1896551724137931, 0.02608695652173913, 0.2608695652173913, 0.2913907284768212, 0.0, 0.07555555555555556, 0.009708737864077669, 0.1712538226299694, 0.07777777777777778, 0.042105263157894736, 0.003787878787878788, 0.0, 0.08450704225352113, 0.0, 0.08633093525179857, 0.05314009661835749, 0.014778325123152709, 0.0, 0.0, 0.2127659574468085, 0.14146341463414633, 0.2619047619047619, 0.029411764705882353]; mean acc:0.10958150843237727
global malicious client acc list:[0.042105263157894736, 0.19672131147540983, 0.14767932489451477, 0.37, 0.047619047619047616, 0.07804878048780488, 0.12435233160621761, 0.12290502793296089, 0.2715654952076677, 0.39226519337016574]; mean acc:0.1793261775751684
Average Global ATTACK ALL ASR:  0.018288222384784197
Average Global ATTACK ALL train ASR:  0.018281698285256765
global benign client asr list:[0.0, 0.0, 0.02577319587628866, 0.0, 0.0, 0.0, 0.0, 0.0, 0.0, 0.0, 0.0, 0.07317073170731707, 0.0, 0.0, 0.0, 0.0, 0.0, 0.12352941176470589, 0.006993006993006993, 0.0, 0.0, 0.0, 0.2, 0.0, 0.0, 0.0, 0.0, 0.0, 0.0, 0.0, 0.0, 0.0, 0.0, 0.11023622047244094, 0.0, 0.0, 0.0, 0.0, 0.0, 0.0, 0.0, 0.03278688524590164, 0.0, 0.0, 0.13680781758957655, 0.0, 0.04945054945054945, 0.0, 0.0, 0.00510204081632653, 0.0, 0.0064516129032258064, 0.0, 0.023148148148148147, 0.009615384615384616, 0.0, 0.0, 0.0, 0.0, 0.014084507042253521, 0.0, 0.0, 0.0, 0.0, 0.0, 0.0, 0.0784313725490196, 0.0, 0.0, 0.0, 0.0, 0.0, 0.0, 0.009708737864077669, 0.0, 0.0, 0.0, 0.007575757575757576, 0.0, 0.04225352112676056, 0.0, 0.0035971223021582736, 0.0, 0.0049261083743842365, 0.0, 0.0, 0.0, 0.07804878048780488, 0.0, 0.0784313725490196]; mean asr:0.012445803171712313
global malicious client asr list:[0.021052631578947368, 0.0, 0.0, 0.0, 0.0, 0.0, 0.10362694300518134, 0.30726256983240224, 0.0, 0.0]; mean asr:0.0431942144416531

Evaluate global model with a few step updates, which is personalized model
Average Personal Accurancy (k local SGD):  0.3945600851233624
Average Personal Trainning Accurancy (k local SGD):  0.41098236327647175
global benign client acc list:[0.49, 0.2608695652173913, 0.39690721649484534, 0.44565217391304346, 0.4274193548387097, 0.4247787610619469, 0.37, 0.4608150470219436, 0.47474747474747475, 0.3546099290780142, 0.35648148148148145, 0.2682926829268293, 0.21978021978021978, 0.37404580152671757, 0.42063492063492064, 0.2898550724637681, 0.47586206896551725, 0.3352941176470588, 0.26573426573426573, 0.4666666666666667, 0.3023255813953488, 0.5043478260869565, 0.56, 0.26865671641791045, 0.6190476190476191, 0.38349514563106796, 0.13245033112582782, 0.16483516483516483, 0.15217391304347827, 0.39090909090909093, 0.32231404958677684, 0.323943661971831, 0.3157894736842105, 0.5118110236220472, 0.472636815920398, 0.21739130434782608, 0.35546875, 0.39669421487603307, 0.44047619047619047, 0.21100917431192662, 0.5970149253731343, 0.4972677595628415, 0.4895833333333333, 0.2621359223300971, 0.36156351791530944, 0.38372093023255816, 0.3076923076923077, 0.3867403314917127, 0.2602739726027397, 0.3979591836734694, 0.5645933014354066, 0.2129032258064516, 0.6114285714285714, 0.3472222222222222, 0.34134615384615385, 0.3058823529411765, 0.16666666666666666, 0.34074074074074073, 0.4358974358974359, 0.38028169014084506, 0.7087912087912088, 0.5620915032679739, 0.6727272727272727, 0.5344827586206896, 0.26229508196721313, 0.2605042016806723, 0.4950980392156863, 0.3448275862068966, 0.45217391304347826, 0.4, 0.19205298013245034, 0.4647058823529412, 0.3511111111111111, 0.3106796116504854, 0.39143730886850153, 0.35555555555555557, 0.37894736842105264, 0.5303030303030303, 0.4782608695652174, 0.3873239436619718, 0.46296296296296297, 0.5431654676258992, 0.32367149758454106, 0.39901477832512317, 0.5526315789473685, 0.5826771653543307, 0.5106382978723404, 0.4195121951219512, 0.5317460317460317, 0.38235294117647056]; mean acc:0.39463199507426805
global malicious client acc list:[0.37894736842105264, 0.3114754098360656, 0.1940928270042194, 0.37, 0.4126984126984127, 0.5219512195121951, 0.08290155440414508, 0.3743016759776536, 0.34824281150159747, 0.56353591160221]; mean acc:0.3558147190957551
Average Personal ATTACK ALL ASR (k local SGD):  0.09942142714637228
Average Personal ATTACK ALL Trainning ASR (k local SGD):  0.10019349242710673
person benign client asr list:[0.0, 0.0, 0.0, 0.0, 0.717741935483871, 0.0, 0.0, 0.08150470219435736, 0.12121212121212122, 0.0, 0.0, 0.4585365853658537, 0.0, 0.0, 0.0, 0.0, 0.0, 0.08235294117647059, 0.11188811188811189, 0.0, 0.0, 0.0, 0.7066666666666667, 0.0, 0.0, 0.0, 0.0, 0.0, 0.0, 0.0, 0.0, 0.0, 0.0, 0.0, 0.0, 0.0, 0.0, 0.0, 0.7023809523809523, 0.0, 0.4701492537313433, 0.48633879781420764, 0.0, 0.0, 0.03908794788273615, 0.0, 0.0, 0.0, 0.00684931506849315, 0.0, 0.0, 0.0, 0.0, 0.037037037037037035, 0.0, 0.0, 0.7198581560283688, 0.0, 0.0, 0.0, 0.0, 0.0, 0.0, 0.0, 0.0, 0.0, 0.6813725490196079, 0.034482758620689655, 0.4608695652173913, 0.21739130434782608, 0.11920529801324503, 0.2823529411764706, 0.20444444444444446, 0.0, 0.0, 0.011111111111111112, 0.5052631578947369, 0.0, 0.0, 0.6971830985915493, 0.0, 0.0, 0.014492753623188406, 0.0, 0.0, 0.0, 0.0, 0.0, 0.40476190476190477, 0.0]; mean asr:0.0930503934528084
person malicious client asr list:[0.08421052631578947, 0.0, 0.0, 0.0, 0.0, 0.36585365853658536, 0.0, 0.5363128491620112, 0.0, 0.23204419889502761]; mean asr:0.12184212329094135
================================================================================
f_00089
ACC :0.4506172839506173
ASR :0.0
================================================================================
f_00099
ACC :0.4215686274509804
ASR :0.0
================================================================================
f_00045
ACC :0.5671641791044776
ASR :0.34328358208955223
================================================================================
f_00096
client is malicious client!
ACC :0.569060773480663
ASR :0.27071823204419887
================================================================================
f_00072
ACC :0.319672131147541
ASR :0.0
================================================================================
f_00009
ACC :0.4482758620689655
ASR :0.05329153605015674
================================================================================
f_00074
ACC :0.5098039215686274
ASR :1.0
================================================================================
f_00088
ACC :0.31690140845070425
ASR :1.0
================================================================================
f_00001
client is malicious client!
ACC :0.4421052631578947
ASR :0.05263157894736842
================================================================================
f_00038
ACC :0.472636815920398
ASR :0.0
-------------Round number:  5  -------------
Evaluate global model
Average Global Accurancy:  0.24592671410520717
Average Global Trainning Accurancy:  0.2465582812534751

global benign client acc list:[0.23, 0.21739130434782608, 0.20103092783505155, 0.266304347826087, 0.28225806451612906, 0.3893805309734513, 0.16, 0.4169278996865204, 0.3434343434343434, 0.28368794326241137, 0.2175925925925926, 0.25365853658536586, 0.18681318681318682, 0.10687022900763359, 0.03968253968253968, 0.2463768115942029, 0.13793103448275862, 0.31176470588235294, 0.3076923076923077, 0.24444444444444444, 0.10077519379844961, 0.30434782608695654, 0.5733333333333334, 0.16417910447761194, 0.047619047619047616, 0.1407766990291262, 0.26490066225165565, 0.17582417582417584, 0.43478260869565216, 0.12727272727272726, 0.2066115702479339, 0.16901408450704225, 0.17543859649122806, 0.2440944881889764, 0.3582089552238806, 0.17391304347826086, 0.06640625, 0.09090909090909091, 0.3333333333333333, 0.24770642201834864, 0.34328358208955223, 0.48633879781420764, 0.3958333333333333, 0.23300970873786409, 0.22149837133550487, 0.09302325581395349, 0.13186813186813187, 0.32044198895027626, 0.2191780821917808, 0.18877551020408162, 0.06220095693779904, 0.22580645161290322, 0.4514285714285714, 0.19907407407407407, 0.18269230769230768, 0.24705882352941178, 0.19858156028368795, 0.07407407407407407, 0.04487179487179487, 0.2676056338028169, 0.6318681318681318, 0.35294117647058826, 0.024242424242424242, 0.2988505747126437, 0.1885245901639344, 0.05042016806722689, 0.37254901960784315, 0.23275862068965517, 0.391304347826087, 0.1565217391304348, 0.32450331125827814, 0.4294117647058823, 0.31555555555555553, 0.0970873786407767, 0.21712538226299694, 0.14444444444444443, 0.3157894736842105, 0.2689393939393939, 0.391304347826087, 0.36619718309859156, 0.30864197530864196, 0.2949640287769784, 0.27053140096618356, 0.21674876847290642, 0.25, 0.13385826771653545, 0.23404255319148937, 0.13170731707317074, 0.40476190476190477, 0.29901960784313725]; mean acc:0.24382165362664776
global malicious client acc list:[0.17894736842105263, 0.14754098360655737, 0.10970464135021098, 0.39, 0.14285714285714285, 0.5073170731707317, 0.17098445595854922, 0.37988826815642457, 0.18210862619808307, 0.23204419889502761]; mean acc:0.244139275861378
Average Global ATTACK ALL ASR:  0.4139788521646605
Average Global ATTACK ALL train ASR:  0.41538598403131466
global benign client asr list:[0.27, 0.0, 0.3711340206185567, 0.4673913043478261, 0.20967741935483872, 0.3274336283185841, 0.44, 0.08463949843260188, 0.30303030303030304, 0.3404255319148936, 0.35185185185185186, 0.48292682926829267, 0.34065934065934067, 0.3053435114503817, 0.5158730158730159, 0.7536231884057971, 0.32413793103448274, 0.49411764705882355, 0.5034965034965035, 0.13333333333333333, 0.4883720930232558, 0.2782608695652174, 0.56, 0.34328358208955223, 0.4642857142857143, 0.3058252427184466, 0.304635761589404, 0.4835164835164835, 0.15217391304347827, 0.18181818181818182, 0.7107438016528925, 0.4295774647887324, 0.0, 0.6377952755905512, 0.40298507462686567, 0.17391304347826086, 0.37109375, 0.4049586776859504, 0.6190476190476191, 0.47706422018348627, 0.5746268656716418, 0.5245901639344263, 0.22916666666666666, 0.3106796116504854, 0.5244299674267101, 0.47674418604651164, 0.46153846153846156, 0.3867403314917127, 0.410958904109589, 0.35714285714285715, 0.5215311004784688, 0.6580645161290323, 0.3485714285714286, 0.4074074074074074, 0.5096153846153846, 0.24705882352941178, 0.2801418439716312, 0.6, 0.42948717948717946, 0.39436619718309857, 0.26373626373626374, 0.6470588235294118, 0.2727272727272727, 0.47126436781609193, 0.38524590163934425, 0.3697478991596639, 0.36764705882352944, 0.3879310344827586, 0.3652173913043478, 0.3652173913043478, 0.46357615894039733, 0.3058823529411765, 0.29333333333333333, 0.7378640776699029, 0.5045871559633027, 0.2777777777777778, 0.5368421052631579, 0.5189393939393939, 0.3391304347826087, 0.323943661971831, 0.6296296296296297, 0.3129496402877698, 0.34299516908212563, 0.3694581280788177, 0.7368421052631579, 0.3228346456692913, 0.3617021276595745, 0.7609756097560976, 0.5396825396825397, 0.3137254901960784]; mean asr:0.4038863607401847
global malicious client asr list:[0.4421052631578947, 0.36885245901639346, 0.2742616033755274, 0.21, 0.19047619047619047, 0.36585365853658536, 0.7150259067357513, 0.6927374301675978, 0.5910543130990416, 0.27071823204419887]; mean asr:0.4121085056609181

Evaluate global model with a few step updates, which is personalized model
Average Personal Accurancy (k local SGD):  0.41171776285163264
Average Personal Trainning Accurancy (k local SGD):  0.43275582145319486
global benign client acc list:[0.51, 0.2608695652173913, 0.422680412371134, 0.45108695652173914, 0.41935483870967744, 0.4336283185840708, 0.36, 0.47962382445141066, 0.47474747474747475, 0.3829787234042553, 0.375, 0.25365853658536586, 0.25274725274725274, 0.32061068702290074, 0.4126984126984127, 0.2753623188405797, 0.43448275862068964, 0.3764705882352941, 0.3146853146853147, 0.6888888888888889, 0.2713178294573643, 0.5217391304347826, 0.5733333333333334, 0.34328358208955223, 0.6190476190476191, 0.36893203883495146, 0.1456953642384106, 0.16483516483516483, 0.32608695652173914, 0.4, 0.3305785123966942, 0.30985915492957744, 0.3157894736842105, 0.5511811023622047, 0.5024875621890548, 0.21739130434782608, 0.37890625, 0.39669421487603307, 0.42857142857142855, 0.1834862385321101, 0.5746268656716418, 0.48633879781420764, 0.4895833333333333, 0.3106796116504854, 0.3941368078175896, 0.38372093023255816, 0.33516483516483514, 0.425414364640884, 0.2534246575342466, 0.3469387755102041, 0.6028708133971292, 0.22580645161290322, 0.6228571428571429, 0.3472222222222222, 0.36538461538461536, 0.2823529411764706, 0.20567375886524822, 0.4222222222222222, 0.46794871794871795, 0.4225352112676056, 0.7307692307692307, 0.5947712418300654, 0.6727272727272727, 0.5919540229885057, 0.3770491803278688, 0.2689075630252101, 0.5, 0.4051724137931034, 0.45217391304347826, 0.48695652173913045, 0.18543046357615894, 0.5176470588235295, 0.36444444444444446, 0.27184466019417475, 0.3944954128440367, 0.35555555555555557, 0.3684210526315789, 0.5378787878787878, 0.5304347826086957, 0.39436619718309857, 0.5061728395061729, 0.5431654676258992, 0.34299516908212563, 0.4236453201970443, 0.5526315789473685, 0.5590551181102362, 0.5212765957446809, 0.43902439024390244, 0.5714285714285714, 0.4411764705882353]; mean acc:0.41239183896440373
global malicious client acc list:[0.42105263157894735, 0.3524590163934426, 0.1940928270042194, 0.54, 0.4603174603174603, 0.5121951219512195, 0.07253886010362694, 0.3743016759776536, 0.3769968051118211, 0.580110497237569]; mean acc:0.388406489567596
Average Personal ATTACK ALL ASR (k local SGD):  0.11358648666622331
Average Personal ATTACK ALL Trainning ASR (k local SGD):  0.1129595445143785
person benign client asr list:[0.0, 0.0, 0.0, 0.0, 0.6048387096774194, 0.0, 0.0, 0.025078369905956112, 0.23232323232323232, 0.0, 0.0, 0.47804878048780486, 0.0, 0.0, 0.0, 0.0, 0.0, 0.13529411764705881, 0.35664335664335667, 0.0, 0.0, 0.02608695652173913, 0.7466666666666667, 0.0, 0.0, 0.0, 0.0, 0.0, 0.0, 0.0, 0.0, 0.0, 0.0, 0.0, 0.0, 0.0, 0.0, 0.0, 0.6666666666666666, 0.0, 0.753731343283582, 0.546448087431694, 0.0, 0.0, 0.016286644951140065, 0.0, 0.0, 0.0, 0.06164383561643835, 0.0, 0.0, 0.0, 0.0, 0.046296296296296294, 0.0, 0.0, 0.7411347517730497, 0.0, 0.0, 0.0, 0.03296703296703297, 0.0, 0.0, 0.0, 0.0, 0.0, 0.5931372549019608, 0.1810344827586207, 0.5391304347826087, 0.28695652173913044, 0.10596026490066225, 0.38823529411764707, 0.28888888888888886, 0.0, 0.0, 0.011111111111111112, 0.4842105263157895, 0.0, 0.017391304347826087, 0.6197183098591549, 0.0, 0.0, 0.04830917874396135, 0.0, 0.0, 0.0, 0.02127659574468085, 0.0, 0.5634920634920635, 0.0]; mean asr:0.10687785645070266
person malicious client asr list:[0.08421052631578947, 0.0, 0.0, 0.08, 0.0, 0.4585365853658537, 0.0, 0.5921787709497207, 0.0, 0.30386740331491713]; mean asr:0.1518793285946281
================================================================================
f_00000
ACC :0.47
ASR :0.0
================================================================================
f_00086
ACC :0.5113636363636364
ASR :0.0
================================================================================
f_00004
ACC :0.44565217391304346
ASR :0.0
================================================================================
f_00023
ACC :0.3178294573643411
ASR :0.0
================================================================================
f_00024
ACC :0.5130434782608696
ASR :0.11304347826086956
================================================================================
f_00001
client is malicious client!
ACC :0.4842105263157895
ASR :0.05263157894736842
================================================================================
f_00062
client is malicious client!
ACC :0.4301675977653631
ASR :0.5810055865921788
================================================================================
f_00083
ACC :0.35555555555555557
ASR :0.0
================================================================================
f_00066
ACC :0.5064102564102564
ASR :0.0
================================================================================
f_00093
ACC :0.5526315789473685
ASR :0.0
-------------Round number:  6  -------------
Evaluate global model
Average Global Accurancy:  0.23402274389838398
Average Global Trainning Accurancy:  0.23272468474078686

global benign client acc list:[0.24, 0.21739130434782608, 0.28865979381443296, 0.3423913043478261, 0.07258064516129033, 0.2743362831858407, 0.27, 0.3322884012539185, 0.09090909090909091, 0.3262411347517731, 0.16666666666666666, 0.2097560975609756, 0.24175824175824176, 0.16030534351145037, 0.2698412698412698, 0.3333333333333333, 0.16551724137931034, 0.2, 0.26573426573426573, 0.26666666666666666, 0.13178294573643412, 0.3565217391304348, 0.22666666666666666, 0.13432835820895522, 0.5714285714285714, 0.12135922330097088, 0.2582781456953642, 0.16483516483516483, 0.2826086956521739, 0.2, 0.3884297520661157, 0.28169014084507044, 0.2982456140350877, 0.25984251968503935, 0.44776119402985076, 0.06521739130434782, 0.05078125, 0.09917355371900827, 0.10714285714285714, 0.23853211009174313, 0.04477611940298507, 0.26229508196721313, 0.3645833333333333, 0.1553398058252427, 0.2996742671009772, 0.1744186046511628, 0.23076923076923078, 0.3149171270718232, 0.21232876712328766, 0.25, 0.05741626794258373, 0.2645161290322581, 0.4857142857142857, 0.16203703703703703, 0.20192307692307693, 0.25882352941176473, 0.1347517730496454, 0.28888888888888886, 0.25, 0.23943661971830985, 0.5, 0.39215686274509803, 0.07878787878787878, 0.5402298850574713, 0.30327868852459017, 0.12605042016806722, 0.14705882352941177, 0.09482758620689655, 0.10434782608695652, 0.008695652173913044, 0.18543046357615894, 0.20588235294117646, 0.1511111111111111, 0.0970873786407767, 0.36085626911314983, 0.08888888888888889, 0.17894736842105263, 0.5303030303030303, 0.3130434782608696, 0.09859154929577464, 0.4382716049382716, 0.2697841726618705, 0.1642512077294686, 0.35467980295566504, 0.3684210526315789, 0.07086614173228346, 0.07446808510638298, 0.09268292682926829, 0.07936507936507936, 0.3431372549019608]; mean acc:0.2314790640605027
global malicious client acc list:[0.10526315789473684, 0.22950819672131148, 0.08016877637130802, 0.23, 0.1746031746031746, 0.2682926829268293, 0.10880829015544041, 0.3463687150837989, 0.3003194888178914, 0.06077348066298342]; mean acc:0.19041059632374743
Average Global ATTACK ALL ASR:  0.0
Average Global ATTACK ALL train ASR:  0.0
global benign client asr list:[0.0, 0.0, 0.0, 0.0, 0.0, 0.0, 0.0, 0.0, 0.0, 0.0, 0.0, 0.0, 0.0, 0.0, 0.0, 0.0, 0.0, 0.0, 0.0, 0.0, 0.0, 0.0, 0.0, 0.0, 0.0, 0.0, 0.0, 0.0, 0.0, 0.0, 0.0, 0.0, 0.0, 0.0, 0.0, 0.0, 0.0, 0.0, 0.0, 0.0, 0.0, 0.0, 0.0, 0.0, 0.0, 0.0, 0.0, 0.0, 0.0, 0.0, 0.0, 0.0, 0.0, 0.0, 0.0, 0.0, 0.0, 0.0, 0.0, 0.0, 0.0, 0.0, 0.0, 0.0, 0.0, 0.0, 0.0, 0.0, 0.0, 0.0, 0.0, 0.0, 0.0, 0.0, 0.0, 0.0, 0.0, 0.0, 0.0, 0.0, 0.0, 0.0, 0.0, 0.0, 0.0, 0.0, 0.0, 0.0, 0.0, 0.0]; mean asr:0.0
global malicious client asr list:[0.0, 0.0, 0.0, 0.0, 0.0, 0.0, 0.0, 0.0, 0.0, 0.0]; mean asr:0.0

Evaluate global model with a few step updates, which is personalized model
Average Personal Accurancy (k local SGD):  0.41570792046285826
Average Personal Trainning Accurancy (k local SGD):  0.43791561950937435
global benign client acc list:[0.55, 0.2608695652173913, 0.4175257731958763, 0.45108695652173914, 0.41935483870967744, 0.4336283185840708, 0.47, 0.4952978056426332, 0.46464646464646464, 0.48936170212765956, 0.4074074074074074, 0.2682926829268293, 0.26373626373626374, 0.3053435114503817, 0.4444444444444444, 0.2898550724637681, 0.42758620689655175, 0.4, 0.3146853146853147, 0.26666666666666666, 0.06201550387596899, 0.4608695652173913, 0.56, 0.3656716417910448, 0.6309523809523809, 0.35436893203883496, 0.12582781456953643, 0.15384615384615385, 0.34782608695652173, 0.38181818181818183, 0.4049586776859504, 0.323943661971831, 0.3157894736842105, 0.5354330708661418, 0.5223880597014925, 0.2391304347826087, 0.39453125, 0.39669421487603307, 0.4166666666666667, 0.27522935779816515, 0.5746268656716418, 0.5027322404371585, 0.4791666666666667, 0.34951456310679613, 0.38762214983713356, 0.37209302325581395, 0.37362637362637363, 0.4530386740331492, 0.2671232876712329, 0.3520408163265306, 0.5263157894736842, 0.21935483870967742, 0.6057142857142858, 0.3611111111111111, 0.2980769230769231, 0.3058823529411765, 0.19858156028368795, 0.4222222222222222, 0.38461538461538464, 0.4014084507042254, 0.7637362637362637, 0.5620915032679739, 0.6727272727272727, 0.5804597701149425, 0.39344262295081966, 0.2773109243697479, 0.5441176470588235, 0.47413793103448276, 0.45217391304347826, 0.4260869565217391, 0.2119205298013245, 0.5235294117647059, 0.39555555555555555, 0.3106796116504854, 0.382262996941896, 0.35555555555555557, 0.3684210526315789, 0.5303030303030303, 0.5478260869565217, 0.4154929577464789, 0.5, 0.5431654676258992, 0.34782608695652173, 0.43349753694581283, 0.5263157894736842, 0.5826771653543307, 0.5, 0.44878048780487806, 0.5793650793650794, 0.5098039215686274]; mean acc:0.41224312036371824
global malicious client acc list:[0.4105263157894737, 0.4180327868852459, 0.18565400843881857, 0.55, 0.47619047619047616, 0.5121951219512195, 0.10362694300518134, 0.3854748603351955, 0.41533546325878595, 0.569060773480663]; mean acc:0.40260967493350597
Average Personal ATTACK ALL ASR (k local SGD):  0.11438451818846844
Average Personal ATTACK ALL Trainning ASR (k local SGD):  0.11569512710450815
person benign client asr list:[0.0, 0.0, 0.0, 0.0, 0.5806451612903226, 0.0, 0.0, 0.05642633228840126, 0.31313131313131315, 0.0, 0.0, 0.5463414634146342, 0.0, 0.0, 0.0, 0.0, 0.0, 0.041176470588235294, 0.3986013986013986, 0.0, 0.0, 0.008695652173913044, 0.6133333333333333, 0.0, 0.0, 0.0, 0.0, 0.0, 0.0, 0.0, 0.0, 0.0, 0.0, 0.0, 0.0, 0.0, 0.0, 0.0, 0.5357142857142857, 0.0, 0.6194029850746269, 0.5573770491803278, 0.0, 0.0, 0.003257328990228013, 0.0, 0.0, 0.0, 0.07534246575342465, 0.0, 0.0, 0.0, 0.0, 0.0787037037037037, 0.0, 0.0, 0.574468085106383, 0.0, 0.0, 0.0, 0.06043956043956044, 0.0, 0.0, 0.0, 0.0, 0.0, 0.6764705882352942, 0.19827586206896552, 0.5565217391304348, 0.4260869565217391, 0.17218543046357615, 0.48823529411764705, 0.27111111111111114, 0.0, 0.0, 0.0, 0.5052631578947369, 0.0, 0.0, 0.6901408450704225, 0.0, 0.0, 0.07246376811594203, 0.0, 0.0, 0.0, 0.0425531914893617, 0.0, 0.6904761904761905, 0.0]; mean asr:0.10947600803866125
person malicious client asr list:[0.021052631578947368, 0.0, 0.0, 0.08, 0.0, 0.4292682926829268, 0.0, 0.5698324022346368, 0.0, 0.26519337016574585]; mean asr:0.13653466966622568
================================================================================
f_00006
ACC :0.48672566371681414
ASR :0.12389380530973451
================================================================================
f_00059
ACC :0.4857142857142857
ASR :0.0
================================================================================
f_00072
ACC :0.38524590163934425
ASR :0.0
================================================================================
f_00030
ACC :0.18681318681318682
ASR :0.01098901098901099
================================================================================
f_00091
ACC :0.30434782608695654
ASR :0.028985507246376812
================================================================================
f_00043
client is malicious client!
ACC :0.5079365079365079
ASR :0.0
================================================================================
f_00075
ACC :0.4224137931034483
ASR :0.3448275862068966
================================================================================
f_00076
ACC :0.4434782608695652
ASR :0.5391304347826087
================================================================================
f_00015
ACC :0.5419847328244275
ASR :0.0
================================================================================
f_00061
ACC :0.28846153846153844
ASR :0.0
-------------Round number:  7  -------------
Evaluate global model
Average Global Accurancy:  0.20296601715767773
Average Global Trainning Accurancy:  0.202433111669595

global benign client acc list:[0.16, 0.2608695652173913, 0.08762886597938144, 0.2554347826086957, 0.3548387096774194, 0.3893805309734513, 0.03, 0.2445141065830721, 0.1717171717171717, 0.16312056737588654, 0.1574074074074074, 0.2048780487804878, 0.17582417582417584, 0.25190839694656486, 0.007936507936507936, 0.18840579710144928, 0.07586206896551724, 0.24705882352941178, 0.26573426573426573, 0.4666666666666667, 0.046511627906976744, 0.11304347826086956, 0.5466666666666666, 0.13432835820895522, 0.03571428571428571, 0.1941747572815534, 0.13245033112582782, 0.14285714285714285, 0.21739130434782608, 0.20909090909090908, 0.1487603305785124, 0.1619718309859155, 0.3157894736842105, 0.16535433070866143, 0.04975124378109453, 0.45652173913043476, 0.19921875, 0.15702479338842976, 0.2857142857142857, 0.11926605504587157, 0.291044776119403, 0.29508196721311475, 0.34375, 0.17475728155339806, 0.11400651465798045, 0.05813953488372093, 0.04945054945054945, 0.26519337016574585, 0.1643835616438356, 0.23469387755102042, 0.028708133971291867, 0.0967741935483871, 0.4685714285714286, 0.18981481481481483, 0.17307692307692307, 0.16470588235294117, 0.1773049645390071, 0.06666666666666667, 0.25, 0.13380281690140844, 0.5, 0.0392156862745098, 0.14545454545454545, 0.20114942528735633, 0.1885245901639344, 0.2773109243697479, 0.2549019607843137, 0.21551724137931033, 0.40869565217391307, 0.3652173913043478, 0.3443708609271523, 0.3, 0.17777777777777778, 0.1262135922330097, 0.25382262996941896, 0.06666666666666667, 0.3157894736842105, 0.13257575757575757, 0.33043478260869563, 0.2887323943661972, 0.35185185185185186, 0.12589928057553956, 0.2463768115942029, 0.2315270935960591, 0.05263157894736842, 0.07086614173228346, 0.1595744680851064, 0.0975609756097561, 0.4603174603174603, 0.08823529411764706]; mean acc:0.20608808578459034
global malicious client acc list:[0.11578947368421053, 0.09016393442622951, 0.22362869198312235, 0.39, 0.2222222222222222, 0.2780487804878049, 0.15025906735751296, 0.2346368715083799, 0.25559105431309903, 0.3425414364640884]; mean acc:0.23028815324466695
Average Global ATTACK ALL ASR:  0.36782602912815054
Average Global ATTACK ALL train ASR:  0.370348953584058
global benign client asr list:[0.4, 0.08695652173913043, 0.5051546391752577, 0.22826086956521738, 0.2661290322580645, 0.24778761061946902, 0.62, 0.0219435736677116, 0.41414141414141414, 0.41134751773049644, 0.3888888888888889, 0.5902439024390244, 0.4945054945054945, 0.10687022900763359, 0.5793650793650794, 0.6086956521739131, 0.4896551724137931, 0.4764705882352941, 0.34265734265734266, 0.28888888888888886, 0.32558139534883723, 0.34782608695652173, 0.49333333333333335, 0.2537313432835821, 0.6666666666666666, 0.2912621359223301, 0.32450331125827814, 0.21978021978021978, 0.2826086956521739, 0.38181818181818183, 0.6528925619834711, 0.3380281690140845, 0.0, 0.6692913385826772, 0.34328358208955223, 0.2391304347826087, 0.49609375, 0.47107438016528924, 0.5714285714285714, 0.44036697247706424, 0.5298507462686567, 0.4644808743169399, 0.2916666666666667, 0.39805825242718446, 0.504885993485342, 0.5930232558139535, 0.5, 0.23204419889502761, 0.3904109589041096, 0.29081632653061223, 0.5263157894736842, 0.432258064516129, 0.0, 0.26851851851851855, 0.23076923076923078, 0.35294117647058826, 0.15602836879432624, 0.4740740740740741, 0.47435897435897434, 0.5704225352112676, 0.027472527472527472, 0.6013071895424836, 0.2, 0.41954022988505746, 0.3442622950819672, 0.40336134453781514, 0.31862745098039214, 0.1724137931034483, 0.4, 0.41739130434782606, 0.36423841059602646, 0.2411764705882353, 0.31555555555555553, 0.5922330097087378, 0.42813455657492355, 0.25555555555555554, 0.49473684210526314, 0.3106060606060606, 0.4260869565217391, 0.4154929577464789, 0.3148148148148148, 0.21942446043165467, 0.11594202898550725, 0.2660098522167488, 0.40789473684210525, 0.3464566929133858, 0.3617021276595745, 0.6292682926829268, 0.5158730158730159, 0.5784313725490197]; mean asr:0.37735108287766317
global malicious client asr list:[0.3684210526315789, 0.4426229508196721, 0.189873417721519, 0.24, 0.30158730158730157, 0.32195121951219513, 0.5906735751295337, 0.7039106145251397, 0.15654952076677317, 0.35911602209944754]; mean asr:0.36747056747931606

Evaluate global model with a few step updates, which is personalized model
Average Personal Accurancy (k local SGD):  0.41949857019352266
Average Personal Trainning Accurancy (k local SGD):  0.44249716433512
global benign client acc list:[0.58, 0.2608695652173913, 0.41237113402061853, 0.45652173913043476, 0.4032258064516129, 0.4424778761061947, 0.48, 0.45454545454545453, 0.41414141414141414, 0.4326241134751773, 0.4074074074074074, 0.2634146341463415, 0.27472527472527475, 0.3053435114503817, 0.42063492063492064, 0.36231884057971014, 0.3931034482758621, 0.4235294117647059, 0.3006993006993007, 0.4222222222222222, 0.21705426356589147, 0.4782608695652174, 0.5866666666666667, 0.373134328358209, 0.5952380952380952, 0.35436893203883496, 0.1456953642384106, 0.17582417582417584, 0.32608695652173914, 0.43636363636363634, 0.4297520661157025, 0.3591549295774648, 0.3157894736842105, 0.5354330708661418, 0.5174129353233831, 0.43478260869565216, 0.359375, 0.39669421487603307, 0.4166666666666667, 0.27522935779816515, 0.6044776119402985, 0.5027322404371585, 0.5104166666666666, 0.33980582524271846, 0.3973941368078176, 0.36046511627906974, 0.4175824175824176, 0.4530386740331492, 0.273972602739726, 0.33163265306122447, 0.5645933014354066, 0.22580645161290322, 0.5485714285714286, 0.3194444444444444, 0.27884615384615385, 0.3411764705882353, 0.17375886524822695, 0.43703703703703706, 0.4423076923076923, 0.4225352112676056, 0.7637362637362637, 0.6078431372549019, 0.6787878787878788, 0.46551724137931033, 0.38524590163934425, 0.3277310924369748, 0.5490196078431373, 0.5086206896551724, 0.4608695652173913, 0.4608695652173913, 0.2251655629139073, 0.5117647058823529, 0.3688888888888889, 0.32038834951456313, 0.40978593272171254, 0.35555555555555557, 0.4421052631578947, 0.5340909090909091, 0.5304347826086957, 0.43661971830985913, 0.49382716049382713, 0.5431654676258992, 0.33816425120772947, 0.4187192118226601, 0.5394736842105263, 0.5826771653543307, 0.5212765957446809, 0.44878048780487806, 0.5714285714285714, 0.5196078431372549]; mean acc:0.42116573043078404
global malicious client acc list:[0.4, 0.4344262295081967, 0.2109704641350211, 0.57, 0.4603174603174603, 0.5219512195121951, 0.10880829015544041, 0.39106145251396646, 0.41533546325878595, 0.569060773480663]; mean acc:0.4081931352881729
Average Personal ATTACK ALL ASR (k local SGD):  0.1246259227239476
Average Personal ATTACK ALL Trainning ASR (k local SGD):  0.12361274825968017
person benign client asr list:[0.0, 0.0, 0.0, 0.0, 0.5806451612903226, 0.017699115044247787, 0.0, 0.1786833855799373, 0.41414141414141414, 0.0, 0.0, 0.4634146341463415, 0.0, 0.0, 0.0, 0.0, 0.0, 0.31176470588235294, 0.40559440559440557, 0.0, 0.0, 0.043478260869565216, 0.6266666666666667, 0.0, 0.0, 0.0, 0.0, 0.0, 0.0, 0.0, 0.0, 0.0, 0.0, 0.0, 0.0, 0.0, 0.0, 0.0, 0.6190476190476191, 0.0, 0.6492537313432836, 0.5683060109289617, 0.0, 0.0, 0.0, 0.0, 0.0, 0.0, 0.0684931506849315, 0.0, 0.0, 0.0, 0.0, 0.0787037037037037, 0.0, 0.0, 0.5921985815602837, 0.0, 0.0, 0.0, 0.1043956043956044, 0.0, 0.0, 0.0, 0.0, 0.0, 0.6764705882352942, 0.15517241379310345, 0.7217391304347827, 0.43478260869565216, 0.2052980132450331, 0.40588235294117647, 0.29333333333333333, 0.0, 0.0, 0.0, 0.6, 0.0, 0.05217391304347826, 0.6971830985915493, 0.0, 0.0, 0.0821256038647343, 0.0, 0.0, 0.0, 0.031914893617021274, 0.0, 0.6507936507936508, 0.0]; mean asr:0.119215063905205
person malicious client asr list:[0.031578947368421054, 0.0, 0.0, 0.18, 0.0, 0.4097560975609756, 0.0, 0.553072625698324, 0.0, 0.35911602209944754]; mean asr:0.15335236927271684
================================================================================
f_00044
ACC :0.3577981651376147
ASR :0.0
================================================================================
f_00088
ACC :0.4154929577464789
ASR :0.7183098591549296
================================================================================
f_00074
ACC :0.5098039215686274
ASR :1.0
================================================================================
f_00048
ACC :0.33980582524271846
ASR :0.0
================================================================================
f_00059
ACC :0.5657142857142857
ASR :0.0
================================================================================
f_00079
ACC :0.48823529411764705
ASR :0.36470588235294116
================================================================================
f_00025
ACC :0.6
ASR :0.5866666666666667
================================================================================
f_00052
ACC :0.4230769230769231
ASR :0.0
================================================================================
f_00045
ACC :0.5373134328358209
ASR :0.4626865671641791
================================================================================
f_00055
ACC :0.1989795918367347
ASR :0.0
-------------Round number:  8  -------------
Evaluate global model
Average Global Accurancy:  0.2111458402606903
Average Global Trainning Accurancy:  0.20296688388230322

global benign client acc list:[0.18, 0.0, 0.1134020618556701, 0.08152173913043478, 0.2903225806451613, 0.12389380530973451, 0.17, 0.1786833855799373, 0.25252525252525254, 0.10638297872340426, 0.125, 0.2146341463414634, 0.06593406593406594, 0.07633587786259542, 0.16666666666666666, 0.2318840579710145, 0.06896551724137931, 0.17647058823529413, 0.27972027972027974, 0.022222222222222223, 0.13953488372093023, 0.22608695652173913, 0.6, 0.05223880597014925, 0.047619047619047616, 0.11650485436893204, 0.19205298013245034, 0.1978021978021978, 0.15217391304347827, 0.03636363636363636, 0.09090909090909091, 0.23943661971830985, 0.03508771929824561, 0.3858267716535433, 0.07960199004975124, 0.5, 0.09375, 0.15702479338842976, 0.38095238095238093, 0.05504587155963303, 0.3880597014925373, 0.29508196721311475, 0.3958333333333333, 0.1941747572815534, 0.2736156351791531, 0.1744186046511628, 0.04945054945054945, 0.3259668508287293, 0.13013698630136986, 0.25, 0.10047846889952153, 0.05161290322580645, 0.45714285714285713, 0.25925925925925924, 0.15865384615384615, 0.10588235294117647, 0.2375886524822695, 0.26666666666666666, 0.10256410256410256, 0.11971830985915492, 0.7142857142857143, 0.0392156862745098, 0.07878787878787878, 0.3505747126436782, 0.1721311475409836, 0.09243697478991597, 0.29411764705882354, 0.3017241379310345, 0.4434782608695652, 0.34782608695652173, 0.17880794701986755, 0.5529411764705883, 0.2222222222222222, 0.1262135922330097, 0.21100917431192662, 0.06666666666666667, 0.4105263157894737, 0.11742424242424243, 0.5217391304347826, 0.4084507042253521, 0.32098765432098764, 0.37410071942446044, 0.1642512077294686, 0.22660098522167488, 0.05263157894736842, 0.07086614173228346, 0.1595744680851064, 0.16585365853658537, 0.373015873015873, 0.11764705882352941]; mean acc:0.20794435898596425
global malicious client acc list:[0.23157894736842105, 0.040983606557377046, 0.12236286919831224, 0.22, 0.2857142857142857, 0.32195121951219513, 0.38860103626943004, 0.2905027932960894, 0.09904153354632587, 0.2596685082872928]; mean acc:0.22604047997497295
Average Global ATTACK ALL ASR:  0.3980182217197579
Average Global ATTACK ALL train ASR:  0.40377643840491073
global benign client asr list:[0.56, 0.2608695652173913, 0.36597938144329895, 0.20108695652173914, 0.31451612903225806, 0.36283185840707965, 0.44, 0.1786833855799373, 0.24242424242424243, 0.5460992907801419, 0.38425925925925924, 0.3951219512195122, 0.5054945054945055, 0.42748091603053434, 0.4523809523809524, 0.5652173913043478, 0.5517241379310345, 0.43529411764705883, 0.3356643356643357, 0.5111111111111111, 0.3333333333333333, 0.40869565217391307, 0.5866666666666667, 0.43283582089552236, 0.5833333333333334, 0.3883495145631068, 0.2251655629139073, 0.3516483516483517, 0.41304347826086957, 0.509090909090909, 0.5867768595041323, 0.33098591549295775, 0.5964912280701754, 0.4015748031496063, 0.43781094527363185, 0.2608695652173913, 0.4375, 0.48760330578512395, 0.6666666666666666, 0.926605504587156, 0.6567164179104478, 0.5136612021857924, 0.3125, 0.4077669902912621, 0.250814332247557, 0.5813953488372093, 0.3626373626373626, 0.3425414364640884, 0.4589041095890411, 0.32653061224489793, 0.5215311004784688, 0.5419354838709678, 0.24571428571428572, 0.3287037037037037, 0.40865384615384615, 0.4588235294117647, 0.1453900709219858, 0.3333333333333333, 0.3974358974358974, 0.5704225352112676, 0.17582417582417584, 0.6797385620915033, 0.32727272727272727, 0.43103448275862066, 0.4344262295081967, 0.35294117647058826, 0.25980392156862747, 0.1724137931034483, 0.591304347826087, 0.3739130434782609, 0.41721854304635764, 0.5823529411764706, 0.23555555555555555, 0.47572815533980584, 0.4036697247706422, 0.43333333333333335, 0.45263157894736844, 0.44696969696969696, 0.2956521739130435, 0.2112676056338028, 0.3950617283950617, 0.34532374100719426, 0.41545893719806765, 0.19704433497536947, 0.7105263157894737, 0.28346456692913385, 0.26595744680851063, 0.43414634146341463, 0.5317460317460317, 0.47549019607843135]; mean asr:0.4152663323521964
global malicious client asr list:[0.3894736842105263, 0.5491803278688525, 0.3881856540084388, 0.43, 0.3968253968253968, 0.32682926829268294, 0.3005181347150259, 0.7262569832402235, 0.4185303514376997, 0.24861878453038674]; mean asr:0.4174418585129233

Evaluate global model with a few step updates, which is personalized model
Average Personal Accurancy (k local SGD):  0.42269069628250316
Average Personal Trainning Accurancy (k local SGD):  0.4440762404643818
global benign client acc list:[0.57, 0.2608695652173913, 0.422680412371134, 0.5, 0.43548387096774194, 0.4424778761061947, 0.48, 0.47962382445141066, 0.494949494949495, 0.46808510638297873, 0.4212962962962963, 0.2731707317073171, 0.34065934065934067, 0.37404580152671757, 0.4523809523809524, 0.36231884057971014, 0.4413793103448276, 0.37058823529411766, 0.2937062937062937, 0.37777777777777777, 0.10077519379844961, 0.5304347826086957, 0.5866666666666667, 0.34328358208955223, 0.7023809523809523, 0.35436893203883496, 0.17218543046357615, 0.2087912087912088, 0.32608695652173914, 0.41818181818181815, 0.512396694214876, 0.3732394366197183, 0.3508771929824561, 0.5511811023622047, 0.5124378109452736, 0.45652173913043476, 0.3515625, 0.39669421487603307, 0.44047619047619047, 0.23853211009174313, 0.5746268656716418, 0.5081967213114754, 0.4895833333333333, 0.3883495145631068, 0.39087947882736157, 0.3953488372093023, 0.38461538461538464, 0.4696132596685083, 0.3150684931506849, 0.37755102040816324, 0.5598086124401914, 0.2, 0.4114285714285714, 0.35648148148148145, 0.1875, 0.29411764705882354, 0.1773049645390071, 0.45185185185185184, 0.3782051282051282, 0.4225352112676056, 0.7582417582417582, 0.6470588235294118, 0.6727272727272727, 0.4482758620689655, 0.4016393442622951, 0.3697478991596639, 0.5490196078431373, 0.49137931034482757, 0.391304347826087, 0.4260869565217391, 0.18543046357615894, 0.5294117647058824, 0.38222222222222224, 0.4368932038834951, 0.41896024464831805, 0.35555555555555557, 0.47368421052631576, 0.4621212121212121, 0.5391304347826087, 0.43661971830985913, 0.4506172839506173, 0.5431654676258992, 0.36231884057971014, 0.4482758620689655, 0.618421052631579, 0.5905511811023622, 0.5531914893617021, 0.4585365853658537, 0.6111111111111112, 0.553921568627451]; mean acc:0.42763616975859753
global malicious client acc list:[0.4, 0.4426229508196721, 0.20253164556962025, 0.56, 0.4603174603174603, 0.5170731707317073, 0.15025906735751296, 0.4245810055865922, 0.3706070287539936, 0.574585635359116]; mean acc:0.41025779644956745
Average Personal ATTACK ALL ASR (k local SGD):  0.12728602779809803
Average Personal ATTACK ALL Trainning ASR (k local SGD):  0.1286168627538198
person benign client asr list:[0.0, 0.0, 0.0, 0.0, 0.5725806451612904, 0.02654867256637168, 0.0, 0.13793103448275862, 0.21212121212121213, 0.0, 0.0, 0.48292682926829267, 0.0, 0.0, 0.0, 0.0, 0.0, 0.08235294117647059, 0.5244755244755245, 0.0, 0.0, 0.034782608695652174, 0.6266666666666667, 0.0, 0.0, 0.0, 0.0, 0.01098901098901099, 0.0, 0.0, 0.0, 0.0, 0.0, 0.0, 0.0, 0.0, 0.0, 0.0, 0.6071428571428571, 0.0, 0.6791044776119403, 0.5573770491803278, 0.0, 0.0, 0.0, 0.0, 0.0, 0.0, 0.10273972602739725, 0.0, 0.0, 0.0, 0.0, 0.1574074074074074, 0.0, 0.0, 0.5815602836879432, 0.0, 0.0, 0.0, 0.038461538461538464, 0.0, 0.0, 0.0, 0.0, 0.0, 0.6617647058823529, 0.16379310344827586, 0.8782608695652174, 0.45217391304347826, 0.10596026490066225, 0.6882352941176471, 0.3244444444444444, 0.009708737864077669, 0.0, 0.0, 0.5368421052631579, 0.0, 0.017391304347826087, 0.7183098591549296, 0.0, 0.0, 0.18840579710144928, 0.0, 0.0, 0.0, 0.05319148936170213, 0.0, 0.7698412698412699, 0.0]; mean asr:0.12226101826065726
person malicious client asr list:[0.010526315789473684, 0.0, 0.0, 0.13, 0.0, 0.4195121951219512, 0.0051813471502590676, 0.547486033519553, 0.0, 0.3425414364640884]; mean asr:0.14552473280453254
================================================================================
f_00003
ACC :0.35051546391752575
ASR :0.0
================================================================================
f_00060
ACC :0.37037037037037035
ASR :0.018518518518518517
================================================================================
f_00035
ACC :0.45614035087719296
ASR :0.0
================================================================================
f_00033
ACC :0.45454545454545453
ASR :0.0
================================================================================
f_00022
ACC :0.6444444444444445
ASR :0.0
================================================================================
f_00066
ACC :0.532051282051282
ASR :0.0
================================================================================
f_00045
ACC :0.5895522388059702
ASR :0.6343283582089553
================================================================================
f_00068
ACC :0.7417582417582418
ASR :0.0
================================================================================
f_00067
ACC :0.45774647887323944
ASR :0.0
================================================================================
f_00075
ACC :0.4827586206896552
ASR :0.15517241379310345
-------------Round number:  9  -------------
Evaluate global model
Average Global Accurancy:  0.22763849172042297
Average Global Trainning Accurancy:  0.22725351956052756

global benign client acc list:[0.24, 0.0, 0.16494845360824742, 0.016304347826086956, 0.11290322580645161, 0.02654867256637168, 0.31, 0.12852664576802508, 0.26262626262626265, 0.1773049645390071, 0.16666666666666666, 0.12682926829268293, 0.15384615384615385, 0.16030534351145037, 0.3253968253968254, 0.07246376811594203, 0.19310344827586207, 0.11176470588235295, 0.22377622377622378, 0.0, 0.3798449612403101, 0.24347826086956523, 0.3466666666666667, 0.1791044776119403, 0.10714285714285714, 0.1553398058252427, 0.18543046357615894, 0.13186813186813187, 0.06521739130434782, 0.07272727272727272, 0.18181818181818182, 0.31690140845070425, 0.05263157894736842, 0.5511811023622047, 0.1791044776119403, 0.34782608695652173, 0.21484375, 0.30578512396694213, 0.30952380952380953, 0.29357798165137616, 0.35074626865671643, 0.15300546448087432, 0.4895833333333333, 0.11650485436893204, 0.2736156351791531, 0.4186046511627907, 0.08241758241758242, 0.27071823204419887, 0.08904109589041095, 0.3112244897959184, 0.24880382775119617, 0.18064516129032257, 0.48, 0.3611111111111111, 0.18269230769230768, 0.16470588235294117, 0.30141843971631205, 0.362962962962963, 0.14743589743589744, 0.2887323943661972, 0.7142857142857143, 0.35947712418300654, 0.09090909090909091, 0.40804597701149425, 0.18032786885245902, 0.2689075630252101, 0.16666666666666666, 0.29310344827586204, 0.2956521739130435, 0.3565217391304348, 0.0728476821192053, 0.3352941176470588, 0.13333333333333333, 0.2815533980582524, 0.07951070336391437, 0.1, 0.29473684210526313, 0.07954545454545454, 0.5652173913043478, 0.2887323943661972, 0.345679012345679, 0.4676258992805755, 0.0966183574879227, 0.21182266009852216, 0.35526315789473684, 0.14173228346456693, 0.26595744680851063, 0.36585365853658536, 0.10317460317460317, 0.11764705882352941]; mean acc:0.23003712421829503
global malicious client acc list:[0.3368421052631579, 0.09836065573770492, 0.14767932489451477, 0.1, 0.2857142857142857, 0.17073170731707318, 0.49222797927461137, 0.11731843575418995, 0.18849840255591055, 0.13259668508287292]; mean acc:0.20699695815943212
Average Global ATTACK ALL ASR:  0.03218727139722019
Average Global ATTACK ALL train ASR:  0.03338300380312702
global benign client asr list:[0.0, 0.0, 0.010309278350515464, 0.021739130434782608, 0.056451612903225805, 0.017699115044247787, 0.04, 0.009404388714733543, 0.020202020202020204, 0.014184397163120567, 0.009259259259259259, 0.08780487804878048, 0.02197802197802198, 0.0, 0.015873015873015872, 0.11594202898550725, 0.04827586206896552, 0.029411764705882353, 0.013986013986013986, 0.0, 0.015503875968992248, 0.043478260869565216, 0.09333333333333334, 0.0, 0.011904761904761904, 0.019417475728155338, 0.033112582781456956, 0.04395604395604396, 0.0, 0.02727272727272727, 0.11570247933884298, 0.04225352112676056, 0.03508771929824561, 0.007874015748031496, 0.024875621890547265, 0.0, 0.00390625, 0.008264462809917356, 0.09523809523809523, 0.10091743119266056, 0.14925373134328357, 0.04371584699453552, 0.0, 0.009708737864077669, 0.0, 0.0, 0.03296703296703297, 0.022099447513812154, 0.0684931506849315, 0.030612244897959183, 0.0430622009569378, 0.03225806451612903, 0.022857142857142857, 0.018518518518518517, 0.009615384615384616, 0.047058823529411764, 0.0, 0.022222222222222223, 0.01282051282051282, 0.035211267605633804, 0.0, 0.06535947712418301, 0.030303030303030304, 0.017241379310344827, 0.040983606557377046, 0.01680672268907563, 0.04411764705882353, 0.05172413793103448, 0.1565217391304348, 0.02608695652173913, 0.0728476821192053, 0.041176470588235294, 0.013333333333333334, 0.02912621359223301, 0.01529051987767584, 0.022222222222222223, 0.06315789473684211, 0.03787878787878788, 0.008695652173913044, 0.035211267605633804, 0.04938271604938271, 0.0035971223021582736, 0.057971014492753624, 0.014778325123152709, 0.07894736842105263, 0.015748031496062992, 0.02127659574468085, 0.00975609756097561, 0.10317460317460317, 0.024509803921568627]; mean asr:0.0335813355013808
global malicious client asr list:[0.031578947368421054, 0.03278688524590164, 0.03375527426160337, 0.04, 0.06349206349206349, 0.04878048780487805, 0.04145077720207254, 0.0782122905027933, 0.04792332268370607, 0.0055248618784530384]; mean asr:0.04235049104398926

Evaluate global model with a few step updates, which is personalized model
Average Personal Accurancy (k local SGD):  0.4250182882223848
Average Personal Trainning Accurancy (k local SGD):  0.4444988101327758
global benign client acc list:[0.63, 0.2608695652173913, 0.3917525773195876, 0.47282608695652173, 0.43548387096774194, 0.4690265486725664, 0.48, 0.4702194357366771, 0.494949494949495, 0.5106382978723404, 0.42592592592592593, 0.23902439024390243, 0.34065934065934067, 0.4122137404580153, 0.48412698412698413, 0.391304347826087, 0.43448275862068964, 0.32941176470588235, 0.3006993006993007, 0.3111111111111111, 0.16279069767441862, 0.4956521739130435, 0.6, 0.3582089552238806, 0.6666666666666666, 0.39805825242718446, 0.17880794701986755, 0.23076923076923078, 0.32608695652173914, 0.2909090909090909, 0.4793388429752066, 0.3732394366197183, 0.42105263157894735, 0.5748031496062992, 0.5074626865671642, 0.4782608695652174, 0.3515625, 0.39669421487603307, 0.44047619047619047, 0.22935779816513763, 0.582089552238806, 0.5191256830601093, 0.4895833333333333, 0.3786407766990291, 0.40716612377850164, 0.3953488372093023, 0.3956043956043956, 0.47513812154696133, 0.2945205479452055, 0.3112244897959184, 0.5263157894736842, 0.17419354838709677, 0.6342857142857142, 0.33796296296296297, 0.22115384615384615, 0.29411764705882354, 0.1595744680851064, 0.45925925925925926, 0.41025641025641024, 0.39436619718309857, 0.7967032967032966, 0.6405228758169934, 0.6727272727272727, 0.4482758620689655, 0.39344262295081966, 0.3277310924369748, 0.5637254901960784, 0.47413793103448276, 0.3826086956521739, 0.5043478260869565, 0.16556291390728478, 0.5588235294117647, 0.37777777777777777, 0.4174757281553398, 0.3944954128440367, 0.35555555555555557, 0.4421052631578947, 0.4090909090909091, 0.5304347826086957, 0.4014084507042254, 0.46296296296296297, 0.5467625899280576, 0.391304347826087, 0.458128078817734, 0.5789473684210527, 0.5984251968503937, 0.5425531914893617, 0.4634146341463415, 0.5793650793650794, 0.5784313725490197]; mean acc:0.4284677738798417
global malicious client acc list:[0.4105263157894737, 0.4180327868852459, 0.22784810126582278, 0.63, 0.49206349206349204, 0.5170731707317073, 0.16580310880829016, 0.45251396648044695, 0.3865814696485623, 0.574585635359116]; mean acc:0.4275028047032158
Average Personal ATTACK ALL ASR (k local SGD):  0.14244862672075548
Average Personal ATTACK ALL Trainning ASR (k local SGD):  0.14173876298289706
person benign client asr list:[0.0, 0.0, 0.0, 0.0, 0.5403225806451613, 0.12389380530973451, 0.0, 0.21630094043887146, 0.30303030303030304, 0.0, 0.0, 0.6536585365853659, 0.0, 0.0, 0.0, 0.0, 0.0, 0.2411764705882353, 0.5244755244755245, 0.0, 0.0, 0.034782608695652174, 0.6266666666666667, 0.0, 0.0, 0.0, 0.0, 0.01098901098901099, 0.0, 0.0, 0.0, 0.0, 0.0, 0.0, 0.0, 0.021739130434782608, 0.0, 0.0, 0.5952380952380952, 0.0, 0.7164179104477612, 0.6120218579234973, 0.0, 0.0, 0.0, 0.0, 0.0, 0.0, 0.1232876712328767, 0.0, 0.0, 0.0, 0.0, 0.21296296296296297, 0.0, 0.0, 0.6879432624113475, 0.0, 0.0, 0.0, 0.027472527472527472, 0.0, 0.0, 0.0, 0.0, 0.0, 0.7303921568627451, 0.1724137931034483, 0.8869565217391304, 0.3565217391304348, 0.09271523178807947, 0.6, 0.44, 0.0, 0.0, 0.0, 0.5578947368421052, 0.0, 0.0, 0.7746478873239436, 0.0, 0.0, 0.23671497584541062, 0.0, 0.0, 0.0, 0.07446808510638298, 0.0, 0.6666666666666666, 0.0]; mean asr:0.13179746288840805
person malicious client asr list:[0.021052631578947368, 0.0, 0.0, 0.3, 0.0, 0.5121951219512195, 0.02072538860103627, 0.5251396648044693, 0.0, 0.40331491712707185]; mean asr:0.17824277240627442
================================================================================
f_00064
ACC :0.2765957446808511
ASR :0.14893617021276595
================================================================================
f_00091
ACC :0.3719806763285024
ASR :0.1497584541062802
================================================================================
f_00012
ACC :0.375
ASR :0.0
================================================================================
f_00052
ACC :0.29120879120879123
ASR :0.0
================================================================================
f_00016
ACC :0.47619047619047616
ASR :0.0
================================================================================
f_00065
ACC :0.3333333333333333
ASR :0.0
================================================================================
f_00050
ACC :0.36046511627906974
ASR :0.0
================================================================================
f_00068
ACC :0.7362637362637363
ASR :0.0
================================================================================
f_00033
ACC :0.2644628099173554
ASR :0.024793388429752067
================================================================================
f_00030
ACC :0.21978021978021978
ASR :0.054945054945054944
-------------Round number:  10  -------------
Evaluate global model
Average Global Accurancy:  0.19292412050275987
Average Global Trainning Accurancy:  0.1956719969752908

global benign client acc list:[0.11, 0.17391304347826086, 0.1134020618556701, 0.20108695652173914, 0.0967741935483871, 0.07079646017699115, 0.37, 0.14420062695924765, 0.15151515151515152, 0.06382978723404255, 0.25, 0.11707317073170732, 0.14285714285714285, 0.07633587786259542, 0.36507936507936506, 0.07246376811594203, 0.22758620689655173, 0.09411764705882353, 0.16083916083916083, 0.044444444444444446, 0.3178294573643411, 0.23478260869565218, 0.22666666666666666, 0.03731343283582089, 0.13095238095238096, 0.3592233009708738, 0.1456953642384106, 0.10989010989010989, 0.021739130434782608, 0.05454545454545454, 0.09917355371900827, 0.3028169014084507, 0.07017543859649122, 0.5590551181102362, 0.01990049751243781, 0.34782608695652173, 0.1484375, 0.12396694214876033, 0.23809523809523808, 0.25688073394495414, 0.17164179104477612, 0.060109289617486336, 0.40625, 0.02912621359223301, 0.21172638436482086, 0.38372093023255816, 0.14835164835164835, 0.1878453038674033, 0.19863013698630136, 0.3469387755102041, 0.5598086124401914, 0.16129032258064516, 0.3657142857142857, 0.24074074074074073, 0.1346153846153846, 0.011764705882352941, 0.21631205673758866, 0.3111111111111111, 0.07692307692307693, 0.1619718309859155, 0.47802197802197804, 0.1830065359477124, 0.4727272727272727, 0.23563218390804597, 0.1721311475409836, 0.20168067226890757, 0.16176470588235295, 0.28448275862068967, 0.2782608695652174, 0.391304347826087, 0.12582781456953643, 0.19411764705882353, 0.06222222222222222, 0.1941747572815534, 0.06116207951070336, 0.18888888888888888, 0.14736842105263157, 0.06060606060606061, 0.4782608695652174, 0.22535211267605634, 0.21604938271604937, 0.09712230215827339, 0.178743961352657, 0.2315270935960591, 0.3026315789473684, 0.33858267716535434, 0.07446808510638298, 0.2731707317073171, 0.07936507936507936, 0.09803921568627451]; mean acc:0.19691741152335882
global malicious client acc list:[0.3473684210526316, 0.1721311475409836, 0.2869198312236287, 0.1, 0.06349206349206349, 0.11219512195121951, 0.5077720207253886, 0.0446927374301676, 0.06389776357827476, 0.0]; mean acc:0.16984691069943578
Average Global ATTACK ALL ASR:  0.017224180355124026
Average Global ATTACK ALL train ASR:  0.01845962235615951
global benign client asr list:[0.01, 0.0, 0.0, 0.010869565217391304, 0.03225806451612903, 0.017699115044247787, 0.0, 0.0, 0.010101010101010102, 0.028368794326241134, 0.0, 0.06341463414634146, 0.01098901098901099, 0.0, 0.0, 0.07246376811594203, 0.020689655172413793, 0.011764705882352941, 0.006993006993006993, 0.0, 0.0, 0.034782608695652174, 0.04, 0.0, 0.023809523809523808, 0.0048543689320388345, 0.019867549668874173, 0.01098901098901099, 0.021739130434782608, 0.02727272727272727, 0.06611570247933884, 0.02112676056338028, 0.017543859649122806, 0.007874015748031496, 0.009950248756218905, 0.0, 0.0078125, 0.03305785123966942, 0.07142857142857142, 0.045871559633027525, 0.05970149253731343, 0.0273224043715847, 0.0, 0.0, 0.0, 0.0, 0.005494505494505495, 0.0055248618784530384, 0.02054794520547945, 0.015306122448979591, 0.023923444976076555, 0.01935483870967742, 0.017142857142857144, 0.013888888888888888, 0.004807692307692308, 0.0, 0.0035460992907801418, 0.007407407407407408, 0.01282051282051282, 0.02112676056338028, 0.005494505494505495, 0.0392156862745098, 0.024242424242424242, 0.0, 0.040983606557377046, 0.01680672268907563, 0.0196078431372549, 0.034482758620689655, 0.06956521739130435, 0.02608695652173913, 0.039735099337748346, 0.029411764705882353, 0.008888888888888889, 0.019417475728155338, 0.01834862385321101, 0.0, 0.042105263157894736, 0.007575757575757576, 0.017391304347826087, 0.035211267605633804, 0.012345679012345678, 0.0, 0.043478260869565216, 0.009852216748768473, 0.013157894736842105, 0.015748031496062992, 0.02127659574468085, 0.004878048780487805, 0.03968253968253968, 0.014705882352941176]; mean asr:0.01874799410446399
global malicious client asr list:[0.010526315789473684, 0.00819672131147541, 0.004219409282700422, 0.06, 0.031746031746031744, 0.03902439024390244, 0.02072538860103627, 0.0335195530726257, 0.0, 0.0]; mean asr:0.020795781004724567

Evaluate global model with a few step updates, which is personalized model
