================================================================================
Summary of training process:
Algorithm: BDPFL
Attack method:attackall
Defense method:none
Attack goal:attackall
Start attack iteration:30
Batch size: 64
Learing rate       : 0.1
Average Moving       : 1.0
Subset of users      : 10
Number of global rounds       : 400
Number of local rounds       : 10
Dataset       : Cifar10
Local Model       : resnet
ResNet Pretrained : 0
BDPFL bd_lambda=1.0 bd_tau=1.0 bd_gamma=2.0 bd_use_inter=1 bd_use_em=1
Per_local epoch:1
one shot:0
scale rate:0
================================================================================
['f_00007', 'f_00001', 'f_00062', 'f_00020', 'f_00096', 'f_00085', 'f_00051', 'f_00043', 'f_00037', 'f_00058']
---------------Running time:------------ 0
Loaded cached CIFAR10 Dirichlet split from data/Cifar10/dirichlet_a0.5_u100_v1.pkl
Number of users / total users: 10  /  100
Finished creating BDPFL full server.
-------------Round number:  0  -------------
Evaluate global model
Average Global Accurancy:  0.09942142714637228
Average Global Trainning Accurancy:  0.10019349242710673

global benign client acc list:[0.42, 0.043478260869565216, 0.36082474226804123, 0.010869565217391304, 0.024193548387096774, 0.0, 0.34, 0.10344827586206896, 0.010101010101010102, 0.02127659574468085, 0.27314814814814814, 0.16585365853658537, 0.23076923076923078, 0.17557251908396945, 0.09523809523809523, 0.0, 0.47586206896551725, 0.29411764705882354, 0.13986013986013987, 0.022222222222222223, 0.007751937984496124, 0.4260869565217391, 0.013333333333333334, 0.0, 0.0, 0.06310679611650485, 0.41721854304635764, 0.15384615384615385, 0.10869565217391304, 0.06363636363636363, 0.0, 0.04929577464788732, 0.15789473684210525, 0.10236220472440945, 0.10945273631840796, 0.021739130434782608, 0.18359375, 0.0, 0.14285714285714285, 0.01834862385321101, 0.029850746268656716, 0.00546448087431694, 0.041666666666666664, 0.2524271844660194, 0.25732899022801303, 0.05813953488372093, 0.3626373626373626, 0.0, 0.0, 0.0, 0.028708133971291867, 0.0, 0.0, 0.0, 0.30288461538461536, 0.09411764705882353, 0.0425531914893617, 0.022222222222222223, 0.057692307692307696, 0.176056338028169, 0.0, 0.0457516339869281, 0.012121212121212121, 0.005747126436781609, 0.0, 0.008403361344537815, 0.07352941176470588, 0.0, 0.0, 0.008695652173913044, 0.0, 0.11764705882352941, 0.29777777777777775, 0.1262135922330097, 0.0, 0.17777777777777778, 0.05263157894736842, 0.01893939393939394, 0.043478260869565216, 0.14084507042253522, 0.0, 0.017985611510791366, 0.01932367149758454, 0.0, 0.039473684210526314, 0.0, 0.09574468085106383, 0.06829268292682927, 0.007936507936507936, 0.35294117647058826]; mean acc:0.09676735456182077
global malicious client acc list:[0.15789473684210525, 0.22131147540983606, 0.0, 0.01, 0.0, 0.07804878048780488, 0.05181347150259067, 0.27932960893854747, 0.07667731629392971, 0.06077348066298342]; mean acc:0.09358488701377975
Average Global ATTACK ALL ASR:  0.0
Average Global ATTACK ALL train ASR:  0.0
global benign client asr list:[0.0, 0.0, 0.0, 0.0, 0.0, 0.0, 0.0, 0.0, 0.0, 0.0, 0.0, 0.0, 0.0, 0.0, 0.0, 0.0, 0.0, 0.0, 0.0, 0.0, 0.0, 0.0, 0.0, 0.0, 0.0, 0.0, 0.0, 0.0, 0.0, 0.0, 0.0, 0.0, 0.0, 0.0, 0.0, 0.0, 0.0, 0.0, 0.0, 0.0, 0.0, 0.0, 0.0, 0.0, 0.0, 0.0, 0.0, 0.0, 0.0, 0.0, 0.0, 0.0, 0.0, 0.0, 0.0, 0.0, 0.0, 0.0, 0.0, 0.0, 0.0, 0.0, 0.0, 0.0, 0.0, 0.0, 0.0, 0.0, 0.0, 0.0, 0.0, 0.0, 0.0, 0.0, 0.0, 0.0, 0.0, 0.0, 0.0, 0.0, 0.0, 0.0, 0.0, 0.0, 0.0, 0.0, 0.0, 0.0, 0.0, 0.0]; mean asr:0.0
global malicious client asr list:[0.0, 0.0, 0.0, 0.0, 0.0, 0.0, 0.0, 0.0, 0.0, 0.0]; mean asr:0.0

Evaluate global model with a few step updates, which is personalized model
Average Personal Accurancy (k local SGD):  0.28702533750083126
Average Personal Trainning Accurancy (k local SGD):  0.2964215021239686
global benign client acc list:[0.22, 0.2608695652173913, 0.19072164948453607, 0.30978260869565216, 0.23387096774193547, 0.4336283185840708, 0.21, 0.07836990595611286, 0.37373737373737376, 0.3404255319148936, 0.3472222222222222, 0.23414634146341465, 0.23076923076923078, 0.19083969465648856, 0.2777777777777778, 0.14492753623188406, 0.2206896551724138, 0.3, 0.1888111888111888, 0.044444444444444446, 0.3023255813953488, 0.11304347826086956, 0.18666666666666668, 0.1791044776119403, 0.6190476190476191, 0.32524271844660196, 0.07947019867549669, 0.16483516483516483, 0.13043478260869565, 0.4, 0.24793388429752067, 0.15492957746478872, 0.3157894736842105, 0.2125984251968504, 0.42786069651741293, 0.21739130434782608, 0.29296875, 0.47107438016528924, 0.30952380952380953, 0.1834862385321101, 0.373134328358209, 0.48633879781420764, 0.46875, 0.23300970873786409, 0.2964169381107492, 0.19767441860465115, 0.13186813186813187, 0.3259668508287293, 0.2671232876712329, 0.30612244897959184, 0.5023923444976076, 0.2129032258064516, 0.24, 0.06018518518518518, 0.12980769230769232, 0.23529411764705882, 0.12056737588652482, 0.2962962962962963, 0.358974358974359, 0.2676056338028169, 0.7087912087912088, 0.5490196078431373, 0.6727272727272727, 0.3160919540229885, 0.1885245901639344, 0.18487394957983194, 0.5098039215686274, 0.3017241379310345, 0.17391304347826086, 0.3826086956521739, 0.2052980132450331, 0.14705882352941177, 0.21777777777777776, 0.18446601941747573, 0.24770642201834864, 0.35555555555555557, 0.21052631578947367, 0.4772727272727273, 0.3130434782608696, 0.31690140845070425, 0.4074074074074074, 0.5431654676258992, 0.30917874396135264, 0.2857142857142857, 0.42105263157894735, 0.33070866141732286, 0.5, 0.11219512195121951, 0.11904761904761904, 0.20588235294117646]; mean acc:0.2841469955139743
global malicious client acc list:[0.15789473684210525, 0.2786885245901639, 0.1518987341772152, 0.27, 0.4126984126984127, 0.45365853658536587, 0.08808290155440414, 0.33519553072625696, 0.2747603833865815, 0.39226519337016574]; mean acc:0.2815142953930671
Average Personal ATTACK ALL ASR (k local SGD):  0.12888209084258828
Average Personal ATTACK ALL Trainning ASR (k local SGD):  0.13004025532104174
person benign client asr list:[0.0, 0.0, 0.0, 0.0, 0.25806451612903225, 0.05309734513274336, 0.0, 0.0, 0.0, 0.0, 0.0, 0.8682926829268293, 0.0, 0.0, 0.0, 0.0, 0.0, 0.0, 0.0, 0.0, 0.0, 0.5739130434782609, 0.0, 0.0, 0.0, 0.0, 0.0, 0.0, 0.0, 0.0, 0.1652892561983471, 0.04929577464788732, 0.0, 0.0, 0.0, 0.0, 0.0, 0.0, 1.0, 0.0, 0.8731343283582089, 0.5300546448087432, 0.0, 0.0, 0.0, 0.0, 0.0, 0.0, 0.0, 0.0, 0.0, 0.0, 0.0, 0.0, 0.0, 0.0, 0.9574468085106383, 0.0, 0.0, 0.0, 0.0, 0.0, 0.0, 0.0, 0.0, 0.0, 1.0, 1.0, 0.0, 0.0, 0.8344370860927153, 0.12941176470588237, 0.08888888888888889, 0.0, 0.9021406727828746, 0.0, 0.0, 0.0, 0.0, 1.0, 0.0, 0.0, 0.0, 0.0, 0.0, 0.0, 0.0, 0.0, 0.0, 0.0]; mean asr:0.11426074236290058
person malicious client asr list:[0.0, 0.0, 0.0, 0.0, 0.0, 0.22926829268292684, 0.0, 0.4972067039106145, 0.0, 0.0]; mean asr:0.07264749965935413
================================================================================
f_00080
ACC :0.31555555555555553
ASR :0.044444444444444446
================================================================================
f_00084
ACC :0.28421052631578947
ASR :0.6105263157894737
================================================================================
f_00033
ACC :0.4132231404958678
ASR :0.0
================================================================================
f_00081
ACC :0.14563106796116504
ASR :0.0
================================================================================
f_00093
ACC :0.42105263157894735
ASR :0.0
================================================================================
f_00017
ACC :0.34782608695652173
ASR :0.8115942028985508
================================================================================
f_00036
ACC :0.25196850393700787
ASR :0.0
================================================================================
f_00082
ACC :0.3730886850152905
ASR :0.0
================================================================================
f_00069
ACC :0.5490196078431373
ASR :0.0
================================================================================
f_00065
ACC :0.34814814814814815
ASR :0.0
-------------Round number:  1  -------------
Evaluate global model
Average Global Accurancy:  0.17137726940214137
Average Global Trainning Accurancy:  0.17463247559104153

global benign client acc list:[0.06, 0.0, 0.19072164948453607, 0.04891304347826087, 0.008064516129032258, 0.008849557522123894, 0.21, 0.07836990595611286, 0.030303030303030304, 0.3404255319148936, 0.004629629629629629, 0.15609756097560976, 0.16483516483516483, 0.06870229007633588, 0.2777777777777778, 0.30434782608695654, 0.21379310344827587, 0.14705882352941177, 0.11888111888111888, 0.022222222222222223, 0.10852713178294573, 0.10434782608695652, 0.013333333333333334, 0.17164179104477612, 0.6190476190476191, 0.3106796116504854, 0.08609271523178808, 0.16483516483516483, 0.0, 0.14545454545454545, 0.23140495867768596, 0.18309859154929578, 0.2982456140350877, 0.07874015748031496, 0.42786069651741293, 0.043478260869565216, 0.00390625, 0.008264462809917356, 0.14285714285714285, 0.29357798165137616, 0.0, 0.09836065573770492, 0.0, 0.038834951456310676, 0.1986970684039088, 0.16279069767441862, 0.17582417582417584, 0.26519337016574585, 0.08904109589041095, 0.27040816326530615, 0.07655502392344497, 0.12258064516129032, 0.22857142857142856, 0.2037037037037037, 0.33653846153846156, 0.24705882352941178, 0.20212765957446807, 0.2814814814814815, 0.2564102564102564, 0.2676056338028169, 0.016483516483516484, 0.5490196078431373, 0.024242424242424242, 0.1896551724137931, 0.14754098360655737, 0.14285714285714285, 0.5098039215686274, 0.008620689655172414, 0.008695652173913044, 0.3826086956521739, 0.16556291390728478, 0.0, 0.03111111111111111, 0.038834951456310676, 0.40978593272171254, 0.03333333333333333, 0.14736842105263157, 0.3106060606060606, 0.10434782608695652, 0.31690140845070425, 0.18518518518518517, 0.0683453237410072, 0.11594202898550725, 0.1921182266009852, 0.42105263157894735, 0.30708661417322836, 0.010638297872340425, 0.2634146341463415, 0.023809523809523808, 0.24019607843137256]; mean acc:0.16418153570030727
global malicious client acc list:[0.07368421052631578, 0.26229508196721313, 0.0, 0.26, 0.2222222222222222, 0.0, 0.10362694300518134, 0.1787709497206704, 0.2715654952076677, 0.2596685082872928]; mean acc:0.16318334109365634
Average Global ATTACK ALL ASR:  0.050209483274589344
Average Global ATTACK ALL train ASR:  0.05024130952116184
global benign client asr list:[0.0, 0.0, 0.0, 0.0, 0.0, 0.0, 0.0, 0.0, 0.0, 0.0, 0.0, 0.0, 0.0, 0.0, 0.0, 1.0, 0.0, 0.0, 0.013986013986013986, 0.0, 0.0, 0.0, 0.0, 0.0, 0.0, 0.0, 1.0, 0.0, 0.0, 0.0, 0.04132231404958678, 0.0, 0.0, 0.0, 0.0, 0.0, 0.0, 0.0, 0.0, 0.0, 0.0, 0.0, 0.0, 0.0, 0.0, 0.0, 0.0, 0.0, 0.0, 0.0, 0.0, 0.0, 0.0, 0.0, 0.0, 0.0, 0.0, 0.0, 0.0, 0.0, 0.0, 0.0, 0.0, 0.0, 0.0, 0.0, 1.0, 0.0, 0.0, 0.0, 0.0, 0.0, 0.0, 0.009708737864077669, 0.0, 0.0, 0.0, 0.0, 0.0, 1.0, 0.0, 0.0, 0.0, 0.0, 0.0, 0.0, 0.0, 0.0, 0.0, 0.0]; mean asr:0.045166856287774206
global malicious client asr list:[0.0, 0.0, 0.0, 0.0, 0.0, 0.0, 0.0, 0.0, 0.0, 1.0]; mean asr:0.1

Evaluate global model with a few step updates, which is personalized model
Average Personal Accurancy (k local SGD):  0.2974662499168717
Average Personal Trainning Accurancy (k local SGD):  0.3082756933478638
global benign client acc list:[0.22, 0.2608695652173913, 0.20103092783505155, 0.30978260869565216, 0.3790322580645161, 0.4247787610619469, 0.35, 0.2445141065830721, 0.4444444444444444, 0.3971631205673759, 0.3333333333333333, 0.25365853658536586, 0.23076923076923078, 0.17557251908396945, 0.2777777777777778, 0.10144927536231885, 0.22758620689655173, 0.21764705882352942, 0.21678321678321677, 0.044444444444444446, 0.12403100775193798, 0.25217391304347825, 0.32, 0.16417910447761194, 0.6190476190476191, 0.30097087378640774, 0.0728476821192053, 0.16483516483516483, 0.13043478260869565, 0.15454545454545454, 0.23140495867768596, 0.1619718309859155, 0.47368421052631576, 0.3228346456692913, 0.44776119402985076, 0.21739130434782608, 0.29296875, 0.2975206611570248, 0.14285714285714285, 0.1743119266055046, 0.6044776119402985, 0.2896174863387978, 0.46875, 0.13592233009708737, 0.38436482084690554, 0.09302325581395349, 0.14835164835164835, 0.292817679558011, 0.2671232876712329, 0.14795918367346939, 0.507177033492823, 0.2129032258064516, 0.26285714285714284, 0.07407407407407407, 0.2548076923076923, 0.2823529411764706, 0.22695035460992907, 0.362962962962963, 0.3782051282051282, 0.2676056338028169, 0.7087912087912088, 0.2679738562091503, 0.6727272727272727, 0.40229885057471265, 0.2459016393442623, 0.19327731092436976, 0.5098039215686274, 0.14655172413793102, 0.26956521739130435, 0.33043478260869563, 0.16556291390728478, 0.32941176470588235, 0.16444444444444445, 0.2621359223300971, 0.40061162079510704, 0.35555555555555557, 0.3368421052631579, 0.32954545454545453, 0.34782608695652173, 0.31690140845070425, 0.4074074074074074, 0.5431654676258992, 0.2995169082125604, 0.2315270935960591, 0.4342105263157895, 0.30708661417322836, 0.5, 0.1073170731707317, 0.31746031746031744, 0.2107843137254902]; mean acc:0.29059279884341604
global malicious client acc list:[0.14736842105263157, 0.32786885245901637, 0.16033755274261605, 0.46, 0.20634920634920634, 0.5121951219512195, 0.10880829015544041, 0.29608938547486036, 0.25559105431309903, 0.5082872928176796]; mean acc:0.2982895177315769
Average Personal ATTACK ALL ASR (k local SGD):  0.09556427478885415
Average Personal ATTACK ALL Trainning ASR (k local SGD):  0.09576763116340102
person benign client asr list:[0.0, 0.0, 0.0, 0.0, 1.0, 0.0, 0.0, 0.23510971786833856, 0.2828282828282828, 0.0, 0.0, 0.40487804878048783, 0.0, 0.0, 0.0, 0.0, 0.0, 0.0058823529411764705, 0.3356643356643357, 0.0, 0.0, 0.0, 0.02666666666666667, 0.0, 0.0, 0.0, 0.0, 0.0, 0.0, 0.0, 0.0, 0.0, 0.0, 0.0, 0.0, 0.0, 0.0, 0.0, 0.0, 0.0, 0.5149253731343284, 0.0, 0.0, 0.0, 0.0, 0.0, 0.0, 0.0, 0.0, 0.0, 0.0, 0.0, 0.0, 0.06481481481481481, 0.0, 0.0, 0.4574468085106383, 0.0, 0.0, 0.0, 0.0, 0.0, 0.0, 0.0, 0.0, 0.0, 0.9264705882352942, 0.0, 0.1565217391304348, 0.8608695652173913, 0.0, 0.041176470588235294, 0.14666666666666667, 0.0, 0.0, 0.0, 0.42105263157894735, 0.0, 0.0, 1.0, 0.0, 0.0, 0.0, 0.0, 0.0, 0.0, 0.0, 0.0, 0.07142857142857142, 0.0]; mean asr:0.07724891815616235
person malicious client asr list:[0.0, 0.0, 0.0, 0.22, 0.9841269841269841, 0.25365853658536586, 0.0, 0.9329608938547486, 0.0, 0.13259668508287292]; mean asr:0.25233430996499717
================================================================================
f_00044
ACC :0.29357798165137616
ASR :0.0
================================================================================
f_00096
client is malicious client!
ACC :0.574585635359116
ASR :0.281767955801105
================================================================================
f_00001
client is malicious client!
ACC :0.15789473684210525
ASR :0.0
================================================================================
f_00035
ACC :0.3157894736842105
ASR :0.0
================================================================================
f_00026
ACC :0.2462686567164179
ASR :0.0
================================================================================
f_00011
ACC :0.1276595744680851
ASR :0.0
================================================================================
f_00038
ACC :0.42786069651741293
ASR :0.0
================================================================================
f_00082
ACC :0.2415902140672783
ASR :0.0
================================================================================
f_00087
ACC :0.4782608695652174
ASR :0.0
================================================================================
f_00003
ACC :0.36082474226804123
ASR :0.0
-------------Round number:  2  -------------
Evaluate global model
Average Global Accurancy:  0.1250914411119239
Average Global Trainning Accurancy:  0.1293952805640193

global benign client acc list:[0.11, 0.17391304347826086, 0.19072164948453607, 0.02717391304347826, 0.1532258064516129, 0.37168141592920356, 0.01, 0.05956112852664577, 0.10101010101010101, 0.0851063829787234, 0.009259259259259259, 0.12682926829268293, 0.07692307692307693, 0.29770992366412213, 0.047619047619047616, 0.11594202898550725, 0.11724137931034483, 0.011764705882352941, 0.0979020979020979, 0.08888888888888889, 0.35658914728682173, 0.017391304347826087, 0.0, 0.3805970149253731, 0.023809523809523808, 0.10194174757281553, 0.052980132450331126, 0.06593406593406594, 0.13043478260869565, 0.38181818181818183, 0.08264462809917356, 0.08450704225352113, 0.3157894736842105, 0.015748031496062992, 0.15920398009950248, 0.0, 0.19140625, 0.1322314049586777, 0.023809523809523808, 0.01834862385321101, 0.23880597014925373, 0.0273224043715847, 0.03125, 0.1262135922330097, 0.1237785016286645, 0.03488372093023256, 0.06043956043956044, 0.0, 0.19863013698630136, 0.07653061224489796, 0.05263157894736842, 0.1032258064516129, 0.005714285714285714, 0.28703703703703703, 0.038461538461538464, 0.3058823529411765, 0.2127659574468085, 0.11851851851851852, 0.14102564102564102, 0.056338028169014086, 0.07692307692307693, 0.006535947712418301, 0.03636363636363636, 0.06321839080459771, 0.05737704918032787, 0.3865546218487395, 0.029411764705882353, 0.1896551724137931, 0.008695652173913044, 0.2608695652173913, 0.11258278145695365, 0.052941176470588235, 0.16444444444444445, 0.30097087378640774, 0.3730886850152905, 0.18888888888888888, 0.14736842105263157, 0.011363636363636364, 0.0, 0.09154929577464789, 0.024691358024691357, 0.5431654676258992, 0.01932367149758454, 0.08866995073891626, 0.0, 0.13385826771653545, 0.2127659574468085, 0.2634146341463415, 0.12698412698412698, 0.0196078431372549]; mean acc:0.12264886198054879
global malicious client acc list:[0.14736842105263157, 0.16393442622950818, 0.12236286919831224, 0.37, 0.12698412698412698, 0.014634146341463415, 0.02072538860103627, 0.00558659217877095, 0.025559105431309903, 0.39226519337016574]; mean acc:0.13894202693873253
Average Global ATTACK ALL ASR:  0.0
Average Global ATTACK ALL train ASR:  0.0
global benign client asr list:[0.0, 0.0, 0.0, 0.0, 0.0, 0.0, 0.0, 0.0, 0.0, 0.0, 0.0, 0.0, 0.0, 0.0, 0.0, 0.0, 0.0, 0.0, 0.0, 0.0, 0.0, 0.0, 0.0, 0.0, 0.0, 0.0, 0.0, 0.0, 0.0, 0.0, 0.0, 0.0, 0.0, 0.0, 0.0, 0.0, 0.0, 0.0, 0.0, 0.0, 0.0, 0.0, 0.0, 0.0, 0.0, 0.0, 0.0, 0.0, 0.0, 0.0, 0.0, 0.0, 0.0, 0.0, 0.0, 0.0, 0.0, 0.0, 0.0, 0.0, 0.0, 0.0, 0.0, 0.0, 0.0, 0.0, 0.0, 0.0, 0.0, 0.0, 0.0, 0.0, 0.0, 0.0, 0.0, 0.0, 0.0, 0.0, 0.0, 0.0, 0.0, 0.0, 0.0, 0.0, 0.0, 0.0, 0.0, 0.0, 0.0, 0.0]; mean asr:0.0
global malicious client asr list:[0.0, 0.0, 0.0, 0.0, 0.0, 0.0, 0.0, 0.0, 0.0, 0.0]; mean asr:0.0

Evaluate global model with a few step updates, which is personalized model
Average Personal Accurancy (k local SGD):  0.3503358382656115
Average Personal Trainning Accurancy (k local SGD):  0.3659898138469408
global benign client acc list:[0.3, 0.2608695652173913, 0.36082474226804123, 0.4673913043478261, 0.3790322580645161, 0.4247787610619469, 0.37, 0.438871473354232, 0.37373737373737376, 0.3900709219858156, 0.3333333333333333, 0.1902439024390244, 0.2087912087912088, 0.17557251908396945, 0.4603174603174603, 0.4057971014492754, 0.2482758620689655, 0.31176470588235294, 0.22377622377622378, 0.5777777777777777, 0.35658914728682173, 0.4260869565217391, 0.30666666666666664, 0.3805970149253731, 0.5357142857142857, 0.3106796116504854, 0.15894039735099338, 0.14285714285714285, 0.13043478260869565, 0.38181818181818183, 0.23140495867768596, 0.18309859154929578, 0.3333333333333333, 0.29133858267716534, 0.4228855721393035, 0.21739130434782608, 0.28515625, 0.4049586776859504, 0.30952380952380953, 0.3119266055045872, 0.41044776119402987, 0.46994535519125685, 0.46875, 0.2524271844660194, 0.3322475570032573, 0.3953488372093023, 0.23626373626373626, 0.34806629834254144, 0.2671232876712329, 0.30612244897959184, 0.5023923444976076, 0.2129032258064516, 0.5771428571428572, 0.2777777777777778, 0.30288461538461536, 0.2235294117647059, 0.24468085106382978, 0.2814814814814815, 0.3717948717948718, 0.2887323943661972, 0.6978021978021978, 0.3006535947712418, 0.593939393939394, 0.46551724137931033, 0.21311475409836064, 0.19327731092436976, 0.5098039215686274, 0.19827586206896552, 0.43478260869565216, 0.4260869565217391, 0.1456953642384106, 0.38823529411764707, 0.36, 0.18446601941747573, 0.3853211009174312, 0.32222222222222224, 0.2631578947368421, 0.5189393939393939, 0.2782608695652174, 0.31690140845070425, 0.4382716049382716, 0.5431654676258992, 0.30917874396135264, 0.3448275862068966, 0.42105263157894735, 0.5196850393700787, 0.5212765957446809, 0.24878048780487805, 0.5555555555555556, 0.24019607843137256]; mean acc:0.34590148739767307
global malicious client acc list:[0.3157894736842105, 0.3114754098360656, 0.1940928270042194, 0.37, 0.4126984126984127, 0.5121951219512195, 0.05181347150259067, 0.2681564245810056, 0.36741214057507987, 0.5469613259668509]; mean acc:0.33505946077996546
Average Personal ATTACK ALL ASR (k local SGD):  0.11518254971071357
Average Personal ATTACK ALL Trainning ASR (k local SGD):  0.1158730511754109
person benign client asr list:[0.0, 0.0, 0.0, 0.0, 1.0, 0.0, 0.0, 0.0, 0.0, 0.0, 0.0, 0.37073170731707317, 0.0, 0.0, 0.0, 0.0, 0.0, 0.17058823529411765, 0.13286713286713286, 0.0, 0.0, 0.0, 0.013333333333333334, 0.0, 0.0, 0.0, 0.0, 0.0, 0.0, 0.0, 0.0, 0.0, 0.0, 0.08661417322834646, 0.0, 0.0, 0.0, 0.0, 1.0, 0.0, 1.0, 0.4426229508196721, 0.0, 0.0, 0.0, 0.0, 0.0, 0.0, 0.0, 0.0, 0.0, 0.0, 0.0, 0.05555555555555555, 0.0, 0.0, 0.425531914893617, 0.0, 0.0, 0.0, 0.1813186813186813, 0.0, 0.0, 0.0, 0.0, 0.0, 1.0, 0.0, 0.46956521739130436, 0.1391304347826087, 0.0, 0.1411764705882353, 0.7022222222222222, 0.0, 0.0, 0.0, 0.8210526315789474, 0.0, 0.0, 1.0, 0.0, 0.0, 0.0, 0.0, 0.0, 0.0, 0.02127659574468085, 0.0, 0.3492063492063492, 0.0]; mean asr:0.10580881784602086
person malicious client asr list:[0.0, 0.0, 0.0, 0.01, 0.0, 0.2780487804878049, 0.0, 0.994413407821229, 0.0, 0.27624309392265195]; mean asr:0.15587052822316858
================================================================================
f_00095
ACC :0.5106382978723404
ASR :0.031914893617021274
================================================================================
f_00067
ACC :0.18309859154929578
ASR :0.0
================================================================================
f_00096
client is malicious client!
ACC :0.49171270718232046
ASR :0.19889502762430938
================================================================================
f_00071
ACC :0.4482758620689655
ASR :0.0
================================================================================
f_00001
client is malicious client!
ACC :0.3368421052631579
ASR :0.0
================================================================================
f_00080
ACC :0.3244444444444444
ASR :0.24
================================================================================
f_00099
ACC :0.21568627450980393
ASR :0.0
================================================================================
f_00045
ACC :0.5149253731343284
ASR :0.47761194029850745
================================================================================
f_00052
ACC :0.19230769230769232
ASR :0.0
================================================================================
f_00027
ACC :0.5952380952380952
ASR :0.0
-------------Round number:  3  -------------
Evaluate global model
Average Global Accurancy:  0.13965551639289753
Average Global Trainning Accurancy:  0.14107154771701177

global benign client acc list:[0.16, 0.0, 0.18041237113402062, 0.06521739130434782, 0.04838709677419355, 0.02654867256637168, 0.05, 0.07836990595611286, 0.37373737373737376, 0.0, 0.004629629629629629, 0.14146341463414633, 0.01098901098901099, 0.05343511450381679, 0.07142857142857142, 0.2318840579710145, 0.006896551724137931, 0.09411764705882353, 0.04895104895104895, 0.13333333333333333, 0.23255813953488372, 0.017391304347826087, 0.06666666666666667, 0.3805970149253731, 0.35714285714285715, 0.009708737864077669, 0.1390728476821192, 0.14285714285714285, 0.13043478260869565, 0.05454545454545454, 0.18181818181818182, 0.007042253521126761, 0.10526315789473684, 0.03937007874015748, 0.25870646766169153, 0.08695652173913043, 0.109375, 0.35537190082644626, 0.16666666666666666, 0.045871559633027525, 0.47761194029850745, 0.1912568306010929, 0.010416666666666666, 0.0970873786407767, 0.04234527687296417, 0.12790697674418605, 0.23626373626373626, 0.0718232044198895, 0.0547945205479452, 0.05102040816326531, 0.06220095693779904, 0.1870967741935484, 0.06285714285714286, 0.1712962962962963, 0.028846153846153848, 0.1411764705882353, 0.10283687943262411, 0.08148148148148149, 0.10897435897435898, 0.007042253521126761, 0.1043956043956044, 0.39215686274509803, 0.012121212121212121, 0.25287356321839083, 0.04918032786885246, 0.13445378151260504, 0.16176470588235295, 0.14655172413793102, 0.16521739130434782, 0.08695652173913043, 0.1390728476821192, 0.2, 0.17333333333333334, 0.05825242718446602, 0.13149847094801223, 0.26666666666666666, 0.2631578947368421, 0.2689393939393939, 0.33043478260869563, 0.19014084507042253, 0.030864197530864196, 0.3057553956834532, 0.10628019323671498, 0.054187192118226604, 0.35526315789473684, 0.2755905511811024, 0.5, 0.0975609756097561, 0.16666666666666666, 0.24509803921568626]; mean acc:0.1405109817994744
global malicious client acc list:[0.12631578947368421, 0.02459016393442623, 0.05063291139240506, 0.11, 0.4126984126984127, 0.3024390243902439, 0.11917098445595854, 0.11173184357541899, 0.23003194888178913, 0.16574585635359115]; mean acc:0.165335693515593
Average Global ATTACK ALL ASR:  0.24107202234488262
Average Global ATTACK ALL train ASR:  0.24775926873206858
global benign client asr list:[0.26, 0.043478260869565216, 0.030927835051546393, 0.2608695652173913, 0.06451612903225806, 0.017699115044247787, 0.56, 0.14106583072100312, 0.0, 0.04964539007092199, 0.10185185185185185, 0.5365853658536586, 0.4065934065934066, 0.03816793893129771, 0.1111111111111111, 0.6956521739130435, 0.05517241379310345, 0.611764705882353, 0.5804195804195804, 0.0, 0.2713178294573643, 0.41739130434782606, 0.0, 0.0, 0.0, 0.07281553398058252, 0.08609271523178808, 0.32967032967032966, 0.0, 0.15454545454545454, 0.39669421487603307, 0.4647887323943662, 0.0, 0.5275590551181102, 0.014925373134328358, 0.06521739130434782, 0.20703125, 0.0743801652892562, 0.5, 0.0, 0.1044776119402985, 0.0, 0.23958333333333334, 0.32038834951456313, 0.8241042345276873, 0.10465116279069768, 0.054945054945054944, 0.3756906077348066, 0.1232876712328767, 0.3469387755102041, 0.1674641148325359, 0.1870967741935484, 0.14285714285714285, 0.3472222222222222, 0.40384615384615385, 0.29411764705882354, 0.6595744680851063, 0.0, 0.15384615384615385, 0.07042253521126761, 0.21978021978021978, 0.3660130718954248, 0.19393939393939394, 0.0, 0.21311475409836064, 0.25210084033613445, 0.2696078431372549, 0.4396551724137931, 0.4260869565217391, 0.1391304347826087, 0.2119205298013245, 0.6294117647058823, 0.0, 0.32038834951456313, 0.47706422018348627, 0.13333333333333333, 0.6631578947368421, 0.030303030303030304, 0.0, 0.5915492957746479, 0.4567901234567901, 0.38848920863309355, 0.004830917874396135, 0.10344827586206896, 0.3157894736842105, 0.11023622047244094, 0.02127659574468085, 0.424390243902439, 0.21428571428571427, 0.00980392156862745]; mean asr:0.22993735375701227
global malicious client asr list:[0.4631578947368421, 0.18032786885245902, 0.22362869198312235, 0.0, 0.047619047619047616, 0.00975609756097561, 0.6424870466321243, 0.2849162011173184, 0.15335463258785942, 0.0]; mean asr:0.20052474810897486

Evaluate global model with a few step updates, which is personalized model
Average Personal Accurancy (k local SGD):  0.36496641617343883
Average Personal Trainning Accurancy (k local SGD):  0.37880034695193826
global benign client acc list:[0.36, 0.2608695652173913, 0.3247422680412371, 0.45108695652173914, 0.4274193548387097, 0.4247787610619469, 0.35, 0.438871473354232, 0.37373737373737376, 0.3900709219858156, 0.3287037037037037, 0.2634146341463415, 0.1978021978021978, 0.17557251908396945, 0.42063492063492064, 0.4057971014492754, 0.43448275862068964, 0.38235294117647056, 0.24475524475524477, 0.4888888888888889, 0.16279069767441862, 0.43478260869565216, 0.3333333333333333, 0.3208955223880597, 0.6190476190476191, 0.2815533980582524, 0.11920529801324503, 0.13186813186813187, 0.13043478260869565, 0.19090909090909092, 0.2892561983471074, 0.30985915492957744, 0.3508771929824561, 0.41732283464566927, 0.43283582089552236, 0.21739130434782608, 0.3203125, 0.39669421487603307, 0.30952380952380953, 0.3394495412844037, 0.41044776119402987, 0.41530054644808745, 0.46875, 0.24271844660194175, 0.3355048859934853, 0.36046511627906974, 0.34615384615384615, 0.430939226519337, 0.2671232876712329, 0.29591836734693877, 0.5598086124401914, 0.2064516129032258, 0.6057142857142858, 0.2037037037037037, 0.36538461538461536, 0.3176470588235294, 0.26595744680851063, 0.2074074074074074, 0.358974358974359, 0.30985915492957744, 0.7087912087912088, 0.5490196078431373, 0.6727272727272727, 0.5919540229885057, 0.23770491803278687, 0.21008403361344538, 0.5098039215686274, 0.2672413793103448, 0.391304347826087, 0.4782608695652174, 0.16556291390728478, 0.3941176470588235, 0.3688888888888889, 0.21359223300970873, 0.39755351681957185, 0.32222222222222224, 0.29473684210526313, 0.5340909090909091, 0.2782608695652174, 0.31690140845070425, 0.41975308641975306, 0.5431654676258992, 0.2946859903381642, 0.3399014778325123, 0.42105263157894735, 0.5669291338582677, 0.5212765957446809, 0.35609756097560974, 0.5, 0.3872549019607843]; mean acc:0.3608832251162919
global malicious client acc list:[0.3157894736842105, 0.32786885245901637, 0.1940928270042194, 0.37, 0.4126984126984127, 0.47804878048780486, 0.06735751295336788, 0.4245810055865922, 0.2939297124600639, 0.44751381215469616]; mean acc:0.33318803894883836
Average Personal ATTACK ALL ASR (k local SGD):  0.10101749019086254
Average Personal ATTACK ALL Trainning ASR (k local SGD):  0.10083846718412917
person benign client asr list:[0.0, 0.0, 0.0, 0.0, 0.75, 0.0, 0.0, 0.0, 0.0, 0.0, 0.0, 0.45365853658536587, 0.0, 0.0, 0.0, 0.0, 0.0, 0.16470588235294117, 0.13286713286713286, 0.0, 0.0, 0.0, 0.05333333333333334, 0.0, 0.0, 0.0, 0.0, 0.0, 0.0, 0.0, 0.0, 0.0, 0.0, 0.0, 0.0, 0.0, 0.0, 0.0, 0.4523809523809524, 0.0, 1.0, 0.26229508196721313, 0.0, 0.0, 0.0, 0.0, 0.0, 0.0, 0.0, 0.0, 0.0, 0.0, 0.0, 0.009259259259259259, 0.0, 0.0, 0.45390070921985815, 0.0, 0.0, 0.0, 0.0, 0.0, 0.0, 0.0, 0.0, 0.0, 1.0, 0.0, 0.7391304347826086, 0.12173913043478261, 0.2582781456953642, 0.5529411764705883, 0.13333333333333333, 0.0, 0.0, 0.0, 0.8105263157894737, 0.0, 0.0, 1.0, 0.0, 0.0, 0.004830917874396135, 0.0, 0.0, 0.0, 0.0, 0.0, 0.4603174603174603, 0.0]; mean asr:0.09792775336293404
person malicious client asr list:[0.0, 0.0, 0.0, 0.0, 0.0, 0.32195121951219513, 0.0, 0.4581005586592179, 0.0, 0.22099447513812154]; mean asr:0.10010462533095346
================================================================================
f_00040
ACC :0.30078125
ASR :0.0
================================================================================
f_00010
ACC :0.37373737373737376
ASR :0.0
================================================================================
f_00096
client is malicious client!
ACC :0.5303867403314917
ASR :0.17679558011049723
================================================================================
f_00066
ACC :0.47435897435897434
ASR :0.0
================================================================================
f_00089
ACC :0.4074074074074074
ASR :0.0
================================================================================
f_00032
ACC :0.4
ASR :0.0
================================================================================
f_00095
ACC :0.5212765957446809
ASR :0.02127659574468085
================================================================================
f_00055
ACC :0.29591836734693877
ASR :0.0
================================================================================
f_00025
ACC :0.5333333333333333
ASR :0.92
================================================================================
f_00005
ACC :0.3951612903225806
ASR :0.6532258064516129
-------------Round number:  4  -------------
Evaluate global model
Average Global Accurancy:  0.1032785795038904
Average Global Trainning Accurancy:  0.10270666992860797

global benign client acc list:[0.0, 0.2608695652173913, 0.05670103092783505, 0.0, 0.1935483870967742, 0.37168141592920356, 0.01, 0.006269592476489028, 0.0707070707070707, 0.0851063829787234, 0.0, 0.11219512195121951, 0.12087912087912088, 0.4732824427480916, 0.047619047619047616, 0.014492753623188406, 0.11724137931034483, 0.18823529411764706, 0.09090909090909091, 0.044444444444444446, 0.007751937984496124, 0.034782608695652174, 0.02666666666666667, 0.3208955223880597, 0.011904761904761904, 0.14563106796116504, 0.039735099337748346, 0.03296703296703297, 0.2391304347826087, 0.4, 0.23140495867768596, 0.1619718309859155, 0.017543859649122806, 0.007874015748031496, 0.06965174129353234, 0.0, 0.29296875, 0.0, 0.0, 0.0, 0.03731343283582089, 0.00546448087431694, 0.041666666666666664, 0.13592233009708737, 0.006514657980456026, 0.0, 0.08791208791208792, 0.022099447513812154, 0.19863013698630136, 0.04081632653061224, 0.05741626794258373, 0.2129032258064516, 0.0, 0.009259259259259259, 0.17307692307692307, 0.2, 0.031914893617021274, 0.05925925925925926, 0.3717948717948718, 0.19718309859154928, 0.01098901098901099, 0.0392156862745098, 0.15757575757575756, 0.028735632183908046, 0.09016393442622951, 0.40336134453781514, 0.00980392156862745, 0.1896551724137931, 0.02608695652173913, 0.2608695652173913, 0.2913907284768212, 0.0, 0.07555555555555556, 0.009708737864077669, 0.19571865443425077, 0.07777777777777778, 0.05263157894736842, 0.022727272727272728, 0.0, 0.06338028169014084, 0.0, 0.025179856115107913, 0.05314009661835749, 0.014778325123152709, 0.0, 0.0, 0.2127659574468085, 0.1073170731707317, 0.2619047619047619, 0.014705882352941176]; mean acc:0.09877054798485724
global malicious client acc list:[0.05263157894736842, 0.19672131147540983, 0.14767932489451477, 0.37, 0.047619047619047616, 0.07317073170731707, 0.13471502590673576, 0.00558659217877095, 0.268370607028754, 0.39226519337016574]; mean acc:0.16887594131280842
Average Global ATTACK ALL ASR:  0.0028596129547117113
Average Global ATTACK ALL train ASR:  0.003069190223072304
global benign client asr list:[0.0, 0.0, 0.0, 0.0, 0.0, 0.0, 0.0, 0.0, 0.010101010101010102, 0.0, 0.0, 0.01951219512195122, 0.0, 0.0, 0.0, 0.0, 0.0, 0.0, 0.0, 0.0, 0.0, 0.0, 0.02666666666666667, 0.0, 0.0, 0.0, 0.0, 0.0, 0.0, 0.0, 0.0, 0.0, 0.0, 0.0, 0.0, 0.0, 0.0, 0.0, 0.0, 0.0, 0.0, 0.0, 0.0, 0.0, 0.009771986970684038, 0.0, 0.0, 0.0, 0.0, 0.0, 0.0, 0.0, 0.0, 0.009259259259259259, 0.0, 0.0, 0.010638297872340425, 0.0, 0.0, 0.0, 0.0, 0.006535947712418301, 0.0, 0.0, 0.0, 0.0, 0.004901960784313725, 0.0, 0.0, 0.0, 0.0, 0.0, 0.0, 0.0, 0.03058103975535168, 0.0, 0.0, 0.007575757575757576, 0.0, 0.0, 0.0, 0.0, 0.0, 0.0, 0.0, 0.0, 0.0, 0.0, 0.0, 0.0196078431372549]; mean asr:0.0017239107217445321
global malicious client asr list:[0.0, 0.0, 0.02109704641350211, 0.0, 0.0, 0.0, 0.015544041450777202, 0.0, 0.006389776357827476, 0.0]; mean asr:0.004303086422210679

Evaluate global model with a few step updates, which is personalized model
Average Personal Accurancy (k local SGD):  0.3902374143778679
Average Personal Trainning Accurancy (k local SGD):  0.40386540044036207
global benign client acc list:[0.4, 0.2608695652173913, 0.3247422680412371, 0.45652173913043476, 0.3790322580645161, 0.4336283185840708, 0.36, 0.44200626959247646, 0.43434343434343436, 0.3900709219858156, 0.3333333333333333, 0.2780487804878049, 0.2087912087912088, 0.183206106870229, 0.42063492063492064, 0.43478260869565216, 0.45517241379310347, 0.37058823529411766, 0.27972027972027974, 0.5111111111111111, 0.17054263565891473, 0.4956521739130435, 0.6133333333333333, 0.35074626865671643, 0.6071428571428571, 0.3155339805825243, 0.1456953642384106, 0.13186813186813187, 0.13043478260869565, 0.42727272727272725, 0.2975206611570248, 0.3591549295774648, 0.3157894736842105, 0.4566929133858268, 0.4427860696517413, 0.34782608695652173, 0.37890625, 0.39669421487603307, 0.35714285714285715, 0.27522935779816515, 0.5, 0.45901639344262296, 0.46875, 0.27184466019417475, 0.38762214983713356, 0.3488372093023256, 0.3241758241758242, 0.4198895027624309, 0.273972602739726, 0.30612244897959184, 0.5502392344497608, 0.24516129032258063, 0.6228571428571429, 0.22685185185185186, 0.33653846153846156, 0.32941176470588235, 0.23404255319148937, 0.31851851851851853, 0.41025641025641024, 0.4014084507042254, 0.7087912087912088, 0.5555555555555556, 0.6727272727272727, 0.5919540229885057, 0.3114754098360656, 0.2605042016806723, 0.5098039215686274, 0.25, 0.391304347826087, 0.4956521739130435, 0.23841059602649006, 0.48823529411764705, 0.4088888888888889, 0.3106796116504854, 0.43730886850152906, 0.34444444444444444, 0.23157894736842105, 0.5340909090909091, 0.5217391304347826, 0.34507042253521125, 0.4506172839506173, 0.5431654676258992, 0.3140096618357488, 0.39901477832512317, 0.4473684210526316, 0.5984251968503937, 0.5106382978723404, 0.3951219512195122, 0.5793650793650794, 0.4117647058823529]; mean acc:0.38961990427724486
global malicious client acc list:[0.35789473684210527, 0.4180327868852459, 0.17721518987341772, 0.4, 0.42857142857142855, 0.4926829268292683, 0.10362694300518134, 0.43575418994413406, 0.26198083067092653, 0.5524861878453039]; mean acc:0.3628245220467011
Average Personal ATTACK ALL ASR (k local SGD):  0.11258894726341691
Average Personal ATTACK ALL Trainning ASR (k local SGD):  0.11413829148410916
person benign client asr list:[0.0, 0.0, 0.0, 0.0, 0.9112903225806451, 0.008849557522123894, 0.0, 0.006269592476489028, 0.3838383838383838, 0.0, 0.0, 0.3073170731707317, 0.0, 0.0, 0.0, 0.0, 0.0, 0.11764705882352941, 0.25874125874125875, 0.0, 0.0, 0.0, 0.6666666666666666, 0.0, 0.0, 0.0, 0.0, 0.0, 0.0, 0.0, 0.0, 0.0, 0.0, 0.0, 0.0, 0.0, 0.0, 0.0, 0.5357142857142857, 0.0, 0.8432835820895522, 0.48633879781420764, 0.0, 0.0, 0.0, 0.0, 0.0, 0.0, 0.0, 0.0, 0.0, 0.0, 0.0, 0.06018518518518518, 0.0, 0.0, 0.524822695035461, 0.0, 0.0, 0.0, 0.0, 0.0, 0.0, 0.0, 0.0, 0.0, 1.0, 0.008620689655172414, 0.6521739130434783, 0.22608695652173913, 0.25165562913907286, 0.4588235294117647, 0.28888888888888886, 0.0, 0.0, 0.0, 0.4842105263157895, 0.0, 0.0, 0.9014084507042254, 0.0, 0.0, 0.00966183574879227, 0.0, 0.0, 0.0, 0.0, 0.0, 0.5714285714285714, 0.0]; mean asr:0.11071026056128906
person malicious client asr list:[0.0, 0.0, 0.0, 0.02, 0.0, 0.424390243902439, 0.0, 0.4748603351955307, 0.0, 0.287292817679558]; mean asr:0.12065433967775277
================================================================================
f_00089
ACC :0.5
ASR :0.0
================================================================================
f_00099
ACC :0.44607843137254904
ASR :0.0
================================================================================
f_00045
ACC :0.417910447761194
ASR :0.9626865671641791
================================================================================
f_00096
client is malicious client!
ACC :0.5580110497237569
ASR :0.22099447513812154
================================================================================
f_00072
ACC :0.14754098360655737
ASR :0.0
================================================================================
f_00009
ACC :0.438871473354232
ASR :0.0
================================================================================
f_00074
ACC :0.5098039215686274
ASR :0.9950980392156863
================================================================================
f_00088
ACC :0.31690140845070425
ASR :1.0
================================================================================
f_00001
client is malicious client!
ACC :0.3684210526315789
ASR :0.0
================================================================================
f_00038
ACC :0.43283582089552236
ASR :0.0
-------------Round number:  5  -------------
Evaluate global model
Average Global Accurancy:  0.23302520449557756
Average Global Trainning Accurancy:  0.2336810266218891

global benign client acc list:[0.21, 0.34782608695652173, 0.32989690721649484, 0.43478260869565216, 0.3225806451612903, 0.415929203539823, 0.21, 0.45768025078369906, 0.25252525252525254, 0.3829787234042553, 0.35185185185185186, 0.22439024390243903, 0.34065934065934067, 0.13740458015267176, 0.05555555555555555, 0.13043478260869565, 0.1724137931034483, 0.2647058823529412, 0.2727272727272727, 0.6888888888888889, 0.06201550387596899, 0.25217391304347825, 0.22666666666666666, 0.11194029850746269, 0.03571428571428571, 0.2087378640776699, 0.39072847682119205, 0.16483516483516483, 0.1956521739130435, 0.1, 0.09090909090909091, 0.15492957746478872, 0.3333333333333333, 0.07086614173228346, 0.34328358208955223, 0.1956521739130435, 0.14453125, 0.2892561983471074, 0.17857142857142858, 0.3394495412844037, 0.3805970149253731, 0.3333333333333333, 0.16666666666666666, 0.1553398058252427, 0.2247557003257329, 0.023255813953488372, 0.2967032967032967, 0.32044198895027626, 0.14383561643835616, 0.17346938775510204, 0.05263157894736842, 0.2064516129032258, 0.2571428571428571, 0.19907407407407407, 0.2403846153846154, 0.24705882352941178, 0.22695035460992907, 0.05925925925925926, 0.04487179487179487, 0.2746478873239437, 0.489010989010989, 0.40522875816993464, 0.03636363636363636, 0.14942528735632185, 0.1721311475409836, 0.0, 0.4852941176470588, 0.1206896551724138, 0.21739130434782608, 0.13043478260869565, 0.152317880794702, 0.18235294117647058, 0.3111111111111111, 0.14563106796116504, 0.25688073394495414, 0.05555555555555555, 0.12631578947368421, 0.2689393939393939, 0.28695652173913044, 0.29577464788732394, 0.30864197530864196, 0.26258992805755393, 0.2463768115942029, 0.1724137931034483, 0.35526315789473684, 0.14173228346456693, 0.13829787234042554, 0.15121951219512195, 0.24603174603174602, 0.4166666666666667]; mean acc:0.22940432318408743
global malicious client acc list:[0.18947368421052632, 0.13114754098360656, 0.11814345991561181, 0.15, 0.0, 0.36585365853658536, 0.16580310880829016, 0.37988826815642457, 0.18210862619808307, 0.1712707182320442]; mean acc:0.18536890650411722
Average Global ATTACK ALL ASR:  0.12874908558888076
Average Global ATTACK ALL train ASR:  0.12530302693325623
global benign client asr list:[0.0, 0.043478260869565216, 0.041237113402061855, 0.021739130434782608, 0.2903225806451613, 0.008849557522123894, 0.03, 0.11285266457680251, 0.30303030303030304, 0.0, 0.004629629629629629, 0.2634146341463415, 0.0, 0.015267175572519083, 0.007936507936507936, 0.4057971014492754, 0.013793103448275862, 0.24705882352941178, 0.08391608391608392, 0.0, 0.05426356589147287, 0.017391304347826087, 0.3333333333333333, 0.022388059701492536, 0.32142857142857145, 0.014563106796116505, 0.019867549668874173, 0.06593406593406594, 0.0, 0.19090909090909092, 0.19008264462809918, 0.07042253521126761, 0.0, 0.03937007874015748, 0.15422885572139303, 0.0, 0.078125, 0.01652892561983471, 0.13095238095238096, 0.0, 0.7835820895522388, 0.16393442622950818, 0.0, 0.019417475728155338, 0.13680781758957655, 0.046511627906976744, 0.04945054945054945, 0.0, 0.10273972602739725, 0.09693877551020408, 0.11483253588516747, 0.07096774193548387, 0.09714285714285714, 0.06944444444444445, 0.07692307692307693, 0.0, 0.1347517730496454, 0.14074074074074075, 0.14102564102564102, 0.13380281690140844, 0.0, 0.0784313725490196, 0.03636363636363636, 0.22413793103448276, 0.16393442622950818, 0.04201680672268908, 0.6372549019607843, 0.1206896551724138, 0.20869565217391303, 0.0782608695652174, 0.07947019867549669, 0.11764705882352941, 0.12, 0.1650485436893204, 0.599388379204893, 0.022222222222222223, 0.23157894736842105, 0.09090909090909091, 0.02608695652173913, 0.352112676056338, 0.06790123456790123, 0.08992805755395683, 0.057971014492753624, 0.059113300492610835, 0.14473684210526316, 0.023622047244094488, 0.0, 0.0975609756097561, 0.25396825396825395, 0.30392156862745096]; mean asr:0.11650109416600724
global malicious client asr list:[0.06315789473684211, 0.08196721311475409, 0.0759493670886076, 0.01, 0.015873015873015872, 0.15121951219512195, 0.32124352331606215, 0.3407821229050279, 0.09584664536741214, 0.16022099447513813]; mean asr:0.13162602890719818

Evaluate global model with a few step updates, which is personalized model
Average Personal Accurancy (k local SGD):  0.398550242734588
Average Personal Trainning Accurancy (k local SGD):  0.4154304650490403
global benign client acc list:[0.46, 0.2608695652173913, 0.23711340206185566, 0.44021739130434784, 0.41935483870967744, 0.4247787610619469, 0.42, 0.4608150470219436, 0.45454545454545453, 0.41843971631205673, 0.3425925925925926, 0.2682926829268293, 0.24175824175824176, 0.25190839694656486, 0.4603174603174603, 0.391304347826087, 0.4413793103448276, 0.3941176470588235, 0.3006993006993007, 0.6222222222222222, 0.2248062015503876, 0.5304347826086957, 0.5733333333333334, 0.3283582089552239, 0.5714285714285714, 0.33495145631067963, 0.1456953642384106, 0.16483516483516483, 0.13043478260869565, 0.41818181818181815, 0.3884297520661157, 0.3873239436619718, 0.3157894736842105, 0.4330708661417323, 0.4925373134328358, 0.2391304347826087, 0.375, 0.39669421487603307, 0.4166666666666667, 0.3302752293577982, 0.5970149253731343, 0.4808743169398907, 0.46875, 0.2621359223300971, 0.38762214983713356, 0.4069767441860465, 0.3516483516483517, 0.4585635359116022, 0.2671232876712329, 0.32142857142857145, 0.5119617224880383, 0.22580645161290322, 0.6285714285714286, 0.21296296296296297, 0.28365384615384615, 0.25882352941176473, 0.2127659574468085, 0.3111111111111111, 0.41025641025641024, 0.38028169014084506, 0.7087912087912088, 0.5947712418300654, 0.6727272727272727, 0.5977011494252874, 0.32786885245901637, 0.3025210084033613, 0.5098039215686274, 0.35344827586206895, 0.41739130434782606, 0.4956521739130435, 0.2251655629139073, 0.5117647058823529, 0.39555555555555555, 0.33980582524271846, 0.43730886850152906, 0.36666666666666664, 0.3263157894736842, 0.5378787878787878, 0.5304347826086957, 0.3873239436619718, 0.4876543209876543, 0.5431654676258992, 0.3285024154589372, 0.39408866995073893, 0.5, 0.5748031496062992, 0.5212765957446809, 0.3951219512195122, 0.6031746031746031, 0.4068627450980392]; mean acc:0.4015553743301196
global malicious client acc list:[0.3894736842105263, 0.4262295081967213, 0.16455696202531644, 0.44, 0.4444444444444444, 0.5073170731707317, 0.08808290155440414, 0.3854748603351955, 0.26198083067092653, 0.574585635359116]; mean acc:0.36821458999673823
Average Personal ATTACK ALL ASR (k local SGD):  0.11664560750149632
Average Personal ATTACK ALL Trainning ASR (k local SGD):  0.1178524564642039
person benign client asr list:[0.0, 0.0, 0.0, 0.0, 0.8145161290322581, 0.0, 0.0, 0.0219435736677116, 0.3333333333333333, 0.0, 0.0, 0.45365853658536587, 0.0, 0.0, 0.0, 0.0, 0.0, 0.14705882352941177, 0.3776223776223776, 0.0, 0.0, 0.0, 0.6133333333333333, 0.0, 0.0, 0.0, 0.0, 0.0, 0.0, 0.0, 0.0, 0.0, 0.0, 0.0, 0.0, 0.0, 0.0, 0.0, 0.4642857142857143, 0.0, 0.6343283582089553, 0.5245901639344263, 0.0, 0.0, 0.0, 0.0, 0.0, 0.0, 0.0, 0.0, 0.0, 0.0, 0.0, 0.08333333333333333, 0.0, 0.0, 0.6276595744680851, 0.0, 0.0, 0.0, 0.0, 0.0, 0.0, 0.0, 0.0, 0.0, 0.9754901960784313, 0.08620689655172414, 0.6, 0.2956521739130435, 0.23841059602649006, 0.38823529411764707, 0.40444444444444444, 0.0, 0.0061162079510703364, 0.0, 0.45263157894736844, 0.0, 0.0, 0.7323943661971831, 0.0, 0.0, 0.03864734299516908, 0.0, 0.0, 0.0, 0.010638297872340425, 0.0, 0.626984126984127, 0.0]; mean asr:0.11057238637125939
person malicious client asr list:[0.0, 0.0, 0.0, 0.1, 0.0, 0.48292682926829267, 0.0, 0.4245810055865922, 0.0, 0.292817679558011]; mean asr:0.13003255144128958
================================================================================
f_00000
ACC :0.55
ASR :0.0
================================================================================
f_00086
ACC :0.4962121212121212
ASR :0.0
================================================================================
f_00004
ACC :0.44565217391304346
ASR :0.0
================================================================================
f_00023
ACC :0.35658914728682173
ASR :0.0
================================================================================
f_00024
ACC :0.5217391304347826
ASR :0.0
================================================================================
f_00001
client is malicious client!
ACC :0.4
ASR :0.0
================================================================================
f_00062
client is malicious client!
ACC :0.4301675977653631
ASR :0.5977653631284916
================================================================================
f_00083
ACC :0.36666666666666664
ASR :0.0
================================================================================
f_00066
ACC :0.5192307692307693
ASR :0.0
================================================================================
f_00093
ACC :0.5394736842105263
ASR :0.0
-------------Round number:  6  -------------
Evaluate global model
Average Global Accurancy:  0.24625922723947596
Average Global Trainning Accurancy:  0.24618019260280674

global benign client acc list:[0.3, 0.34782608695652173, 0.37628865979381443, 0.375, 0.10483870967741936, 0.37168141592920356, 0.21, 0.46394984326018807, 0.16161616161616163, 0.4397163120567376, 0.3101851851851852, 0.21951219512195122, 0.3516483516483517, 0.15267175572519084, 0.1984126984126984, 0.2608695652173913, 0.1724137931034483, 0.20588235294117646, 0.2727272727272727, 0.7111111111111111, 0.17829457364341086, 0.08695652173913043, 0.08, 0.17164179104477612, 0.5595238095238095, 0.16019417475728157, 0.31788079470198677, 0.2087912087912088, 0.2826086956521739, 0.2, 0.36363636363636365, 0.2605633802816901, 0.3508771929824561, 0.14173228346456693, 0.4925373134328358, 0.13043478260869565, 0.08203125, 0.2396694214876033, 0.16666666666666666, 0.3302752293577982, 0.04477611940298507, 0.2786885245901639, 0.13541666666666666, 0.1650485436893204, 0.26384364820846906, 0.13953488372093023, 0.25274725274725274, 0.34806629834254144, 0.2054794520547945, 0.21428571428571427, 0.11961722488038277, 0.3419354838709677, 0.35428571428571426, 0.18518518518518517, 0.20673076923076922, 0.25882352941176473, 0.1773049645390071, 0.3037037037037037, 0.21794871794871795, 0.28169014084507044, 0.5164835164835165, 0.45751633986928103, 0.13333333333333333, 0.3850574712643678, 0.3114754098360656, 0.09243697478991597, 0.13725490196078433, 0.08620689655172414, 0.08695652173913043, 0.034782608695652174, 0.18543046357615894, 0.07647058823529412, 0.21777777777777776, 0.17475728155339806, 0.3669724770642202, 0.2, 0.14736842105263157, 0.4734848484848485, 0.12173913043478261, 0.07746478873239436, 0.3765432098765432, 0.36330935251798563, 0.1932367149758454, 0.33497536945812806, 0.3026315789473684, 0.11023622047244094, 0.14893617021276595, 0.13170731707317074, 0.1111111111111111, 0.39705882352941174]; mean acc:0.24509438979418274
global malicious client acc list:[0.15789473684210525, 0.22131147540983606, 0.10126582278481013, 0.18, 0.12698412698412698, 0.2926829268292683, 0.11398963730569948, 0.35195530726256985, 0.2939297124600639, 0.04419889502762431]; mean acc:0.1884212640906104
Average Global ATTACK ALL ASR:  0.0
Average Global ATTACK ALL train ASR:  0.0
global benign client asr list:[0.0, 0.0, 0.0, 0.0, 0.0, 0.0, 0.0, 0.0, 0.0, 0.0, 0.0, 0.0, 0.0, 0.0, 0.0, 0.0, 0.0, 0.0, 0.0, 0.0, 0.0, 0.0, 0.0, 0.0, 0.0, 0.0, 0.0, 0.0, 0.0, 0.0, 0.0, 0.0, 0.0, 0.0, 0.0, 0.0, 0.0, 0.0, 0.0, 0.0, 0.0, 0.0, 0.0, 0.0, 0.0, 0.0, 0.0, 0.0, 0.0, 0.0, 0.0, 0.0, 0.0, 0.0, 0.0, 0.0, 0.0, 0.0, 0.0, 0.0, 0.0, 0.0, 0.0, 0.0, 0.0, 0.0, 0.0, 0.0, 0.0, 0.0, 0.0, 0.0, 0.0, 0.0, 0.0, 0.0, 0.0, 0.0, 0.0, 0.0, 0.0, 0.0, 0.0, 0.0, 0.0, 0.0, 0.0, 0.0, 0.0, 0.0]; mean asr:0.0
global malicious client asr list:[0.0, 0.0, 0.0, 0.0, 0.0, 0.0, 0.0, 0.0, 0.0, 0.0]; mean asr:0.0

Evaluate global model with a few step updates, which is personalized model
Average Personal Accurancy (k local SGD):  0.406065039569063
Average Personal Trainning Accurancy (k local SGD):  0.4239485799435091
global benign client acc list:[0.59, 0.2608695652173913, 0.24742268041237114, 0.3423913043478261, 0.4032258064516129, 0.4336283185840708, 0.44, 0.4702194357366771, 0.46464646464646464, 0.524822695035461, 0.3425925925925926, 0.28292682926829266, 0.31868131868131866, 0.20610687022900764, 0.48412698412698413, 0.42028985507246375, 0.42758620689655175, 0.38235294117647056, 0.2937062937062937, 0.6222222222222222, 0.2558139534883721, 0.5130434782608696, 0.5866666666666667, 0.291044776119403, 0.6428571428571429, 0.32524271844660196, 0.12582781456953643, 0.17582417582417584, 0.15217391304347827, 0.3181818181818182, 0.3884297520661157, 0.4084507042253521, 0.3157894736842105, 0.5039370078740157, 0.48258706467661694, 0.30434782608695654, 0.359375, 0.39669421487603307, 0.42857142857142855, 0.28440366972477066, 0.5373134328358209, 0.4808743169398907, 0.4583333333333333, 0.2815533980582524, 0.3973941368078176, 0.37209302325581395, 0.3516483516483517, 0.4419889502762431, 0.2602739726027397, 0.32653061224489793, 0.5645933014354066, 0.2645161290322581, 0.6171428571428571, 0.2361111111111111, 0.3076923076923077, 0.3176470588235294, 0.2127659574468085, 0.362962962962963, 0.4551282051282051, 0.39436619718309857, 0.7197802197802198, 0.6274509803921569, 0.6727272727272727, 0.603448275862069, 0.3360655737704918, 0.2605042016806723, 0.553921568627451, 0.39655172413793105, 0.4260869565217391, 0.5739130434782609, 0.2251655629139073, 0.49411764705882355, 0.4222222222222222, 0.3592233009708738, 0.42813455657492355, 0.34444444444444444, 0.3473684210526316, 0.5454545454545454, 0.5217391304347826, 0.39436619718309857, 0.4691358024691358, 0.5431654676258992, 0.3285024154589372, 0.3842364532019704, 0.5526315789473685, 0.5433070866141733, 0.5212765957446809, 0.43902439024390244, 0.5793650793650794, 0.43137254901960786]; mean acc:0.41003015403987353
global malicious client acc list:[0.4, 0.4016393442622951, 0.18565400843881857, 0.53, 0.47619047619047616, 0.5170731707317073, 0.07772020725388601, 0.39664804469273746, 0.2779552715654952, 0.585635359116022]; mean acc:0.3848515882251438
Average Personal ATTACK ALL ASR (k local SGD):  0.11079337633836536
Average Personal ATTACK ALL Trainning ASR (k local SGD):  0.11131374685852813
person benign client asr list:[0.0, 0.0, 0.0, 0.0, 0.532258064516129, 0.0, 0.0, 0.047021943573667714, 0.3838383838383838, 0.0, 0.0, 0.44878048780487806, 0.0, 0.0, 0.0, 0.0, 0.0, 0.14705882352941177, 0.45454545454545453, 0.0, 0.0, 0.0, 0.56, 0.0, 0.0, 0.0, 0.0, 0.0, 0.0, 0.0, 0.0, 0.0, 0.0, 0.0, 0.0, 0.0, 0.0, 0.0, 0.4166666666666667, 0.0, 0.26119402985074625, 0.5355191256830601, 0.0, 0.0, 0.0, 0.0, 0.0, 0.0, 0.00684931506849315, 0.0, 0.0, 0.0, 0.0, 0.08333333333333333, 0.0, 0.0, 0.6099290780141844, 0.0, 0.0, 0.0, 0.0, 0.0, 0.0, 0.0, 0.0, 0.0, 0.8823529411764706, 0.09482758620689655, 0.5565217391304348, 0.3217391304347826, 0.2185430463576159, 0.3411764705882353, 0.36444444444444446, 0.0, 0.0, 0.011111111111111112, 0.45263157894736844, 0.0, 0.0, 0.704225352112676, 0.0, 0.0, 0.06280193236714976, 0.0, 0.0, 0.0, 0.02127659574468085, 0.0, 0.6349206349206349, 0.0]; mean asr:0.10170630299963233
person malicious client asr list:[0.0, 0.0, 0.0, 0.21, 0.0, 0.4926829268292683, 0.0, 0.46368715083798884, 0.0, 0.30386740331491713]; mean asr:0.14702374809821744
================================================================================
f_00006
ACC :0.46017699115044247
ASR :0.008849557522123894
================================================================================
f_00059
ACC :0.5485714285714286
ASR :0.0
================================================================================
f_00072
ACC :0.22950819672131148
ASR :0.0
================================================================================
f_00030
ACC :0.15384615384615385
ASR :0.01098901098901099
================================================================================
f_00091
ACC :0.3333333333333333
ASR :0.0821256038647343
================================================================================
f_00043
client is malicious client!
ACC :0.5238095238095238
ASR :0.0
================================================================================
f_00075
ACC :0.4051724137931034
ASR :0.5172413793103449
================================================================================
f_00076
ACC :0.46956521739130436
ASR :0.5478260869565217
================================================================================
f_00015
ACC :0.3435114503816794
ASR :0.0
================================================================================
f_00061
ACC :0.27403846153846156
ASR :0.0
-------------Round number:  7  -------------
Evaluate global model
Average Global Accurancy:  0.21972467912482543
Average Global Trainning Accurancy:  0.21924693636990414

global benign client acc list:[0.15, 0.391304347826087, 0.15979381443298968, 0.44021739130434784, 0.31451612903225806, 0.49557522123893805, 0.12, 0.3573667711598746, 0.23232323232323232, 0.3617021276595745, 0.28703703703703703, 0.2, 0.23076923076923078, 0.15267175572519084, 0.1111111111111111, 0.07246376811594203, 0.11724137931034483, 0.2235294117647059, 0.25874125874125875, 0.6888888888888889, 0.11627906976744186, 0.10434782608695652, 0.25333333333333335, 0.11940298507462686, 0.36904761904761907, 0.24757281553398058, 0.13245033112582782, 0.1978021978021978, 0.06521739130434782, 0.22727272727272727, 0.12396694214876033, 0.2535211267605634, 0.3157894736842105, 0.1732283464566929, 0.03482587064676617, 0.1956521739130435, 0.1875, 0.2644628099173554, 0.10714285714285714, 0.28440366972477066, 0.26119402985074625, 0.19672131147540983, 0.1875, 0.1553398058252427, 0.15309446254071662, 0.08139534883720931, 0.1043956043956044, 0.2983425414364641, 0.1506849315068493, 0.20918367346938777, 0.20574162679425836, 0.12258064516129032, 0.2, 0.1574074074074074, 0.25, 0.10588235294117647, 0.22340425531914893, 0.1259259259259259, 0.22435897435897437, 0.18309859154929578, 0.4945054945054945, 0.09803921568627451, 0.24242424242424243, 0.1781609195402299, 0.1885245901639344, 0.19327731092436976, 0.3382352941176471, 0.3103448275862069, 0.28695652173913044, 0.30434782608695654, 0.2185430463576159, 0.18235294117647058, 0.2311111111111111, 0.13592233009708737, 0.37920489296636084, 0.2, 0.1368421052631579, 0.2765151515151515, 0.20869565217391303, 0.22535211267605634, 0.30864197530864196, 0.08992805755395683, 0.3140096618357488, 0.21182266009852216, 0.07894736842105263, 0.09448818897637795, 0.11702127659574468, 0.17073170731707318, 0.40476190476190477, 0.19117647058823528]; mean acc:0.21717343099498743
global malicious client acc list:[0.23157894736842105, 0.11475409836065574, 0.12658227848101267, 0.21, 0.031746031746031744, 0.1951219512195122, 0.3471502590673575, 0.2122905027932961, 0.26517571884984026, 0.3259668508287293]; mean acc:0.20603666387148567
Average Global ATTACK ALL ASR:  0.11105938684578041
Average Global ATTACK ALL train ASR:  0.11102462024331117
global benign client asr list:[0.14, 0.0, 0.14948453608247422, 0.05434782608695652, 0.1693548387096774, 0.08849557522123894, 0.02, 0.003134796238244514, 0.08080808080808081, 0.02127659574468085, 0.027777777777777776, 0.1951219512195122, 0.03296703296703297, 0.10687022900763359, 0.05555555555555555, 0.14492753623188406, 0.06896551724137931, 0.23529411764705882, 0.1258741258741259, 0.0, 0.05426356589147287, 0.1826086956521739, 0.22666666666666666, 0.04477611940298507, 0.0, 0.07766990291262135, 0.052980132450331126, 0.2857142857142857, 0.0, 0.14545454545454545, 0.17355371900826447, 0.1056338028169014, 0.0, 0.09448818897637795, 0.11442786069651742, 0.0, 0.10546875, 0.049586776859504134, 0.10714285714285714, 0.03669724770642202, 0.3283582089552239, 0.09836065573770492, 0.010416666666666666, 0.08737864077669903, 0.06188925081433225, 0.08139534883720931, 0.14835164835164835, 0.03867403314917127, 0.1917808219178082, 0.08673469387755102, 0.17703349282296652, 0.12258064516129032, 0.0, 0.07407407407407407, 0.09615384615384616, 0.0, 0.10638297872340426, 0.08148148148148149, 0.09615384615384616, 0.18309859154929578, 0.0, 0.1568627450980392, 0.13333333333333333, 0.10919540229885058, 0.11475409836065574, 0.04201680672268908, 0.29901960784313725, 0.20689655172413793, 0.30434782608695654, 0.08695652173913043, 0.13245033112582782, 0.07647058823529412, 0.12, 0.0970873786407767, 0.25382262996941896, 0.16666666666666666, 0.05263157894736842, 0.0, 0.06086956521739131, 0.2112676056338028, 0.024691358024691357, 0.03597122302158273, 0.25120772946859904, 0.06896551724137931, 0.10526315789473684, 0.07874015748031496, 0.031914893617021274, 0.13170731707317074, 0.24603174603174602, 0.12745098039215685]; mean asr:0.10415868280953706
global malicious client asr list:[0.11578947368421053, 0.16393442622950818, 0.14767932489451477, 0.04, 0.047619047619047616, 0.14634146341463414, 0.13471502590673576, 0.33519553072625696, 0.08306709265175719, 0.08287292817679558]; mean asr:0.12972143133034608

Evaluate global model with a few step updates, which is personalized model
Average Personal Accurancy (k local SGD):  0.41477688368690563
Average Personal Trainning Accurancy (k local SGD):  0.4336899228254342
global benign client acc list:[0.59, 0.2608695652173913, 0.17525773195876287, 0.3804347826086957, 0.3951612903225806, 0.4336283185840708, 0.43, 0.4670846394984326, 0.46464646464646464, 0.5106382978723404, 0.35185185185185186, 0.2926829268292683, 0.3516483516483517, 0.2900763358778626, 0.48412698412698413, 0.36231884057971014, 0.4689655172413793, 0.4176470588235294, 0.2937062937062937, 0.6, 0.2713178294573643, 0.5217391304347826, 0.5866666666666667, 0.31343283582089554, 0.6547619047619048, 0.33495145631067963, 0.11258278145695365, 0.21978021978021978, 0.391304347826087, 0.35454545454545455, 0.4132231404958678, 0.4084507042253521, 0.3508771929824561, 0.5354330708661418, 0.5024875621890548, 0.43478260869565216, 0.375, 0.39669421487603307, 0.44047619047619047, 0.28440366972477066, 0.6119402985074627, 0.48633879781420764, 0.4583333333333333, 0.2912621359223301, 0.3941368078175896, 0.37209302325581395, 0.34065934065934067, 0.43646408839779005, 0.273972602739726, 0.35714285714285715, 0.5789473684210527, 0.24516129032258063, 0.6457142857142857, 0.24537037037037038, 0.34134615384615385, 0.3058823529411765, 0.2375886524822695, 0.37037037037037035, 0.42948717948717946, 0.4295774647887324, 0.7252747252747253, 0.6209150326797386, 0.6727272727272727, 0.5919540229885057, 0.3442622950819672, 0.3277310924369748, 0.5490196078431373, 0.5086206896551724, 0.40869565217391307, 0.5652173913043478, 0.23841059602649006, 0.5058823529411764, 0.37333333333333335, 0.3300970873786408, 0.43425076452599387, 0.35555555555555557, 0.3894736842105263, 0.5454545454545454, 0.5304347826086957, 0.38028169014084506, 0.46296296296296297, 0.5431654676258992, 0.3333333333333333, 0.3793103448275862, 0.5789473684210527, 0.5590551181102362, 0.5212765957446809, 0.4585365853658537, 0.5396825396825397, 0.45098039215686275]; mean acc:0.4222254209988187
global malicious client acc list:[0.4, 0.4016393442622951, 0.17721518987341772, 0.56, 0.47619047619047616, 0.526829268292683, 0.07772020725388601, 0.40782122905027934, 0.30990415335463256, 0.569060773480663]; mean acc:0.3906380641758333
Average Personal ATTACK ALL ASR (k local SGD):  0.1153155549644211
Average Personal ATTACK ALL Trainning ASR (k local SGD):  0.11662922847674755
person benign client asr list:[0.0, 0.0, 0.0, 0.0, 0.47580645161290325, 0.008849557522123894, 0.0, 0.050156739811912224, 0.35353535353535354, 0.0, 0.0, 0.526829268292683, 0.0, 0.0, 0.0, 0.0, 0.0, 0.17058823529411765, 0.4195804195804196, 0.0, 0.0, 0.0, 0.5466666666666666, 0.0, 0.0, 0.0, 0.0, 0.0, 0.0, 0.0, 0.0, 0.0, 0.0, 0.0, 0.0, 0.0, 0.0, 0.0, 0.4880952380952381, 0.0, 0.417910447761194, 0.5245901639344263, 0.0, 0.0, 0.0, 0.0, 0.0, 0.0, 0.04794520547945205, 0.0, 0.0, 0.0, 0.0, 0.0787037037037037, 0.0, 0.0, 0.5673758865248227, 0.0, 0.0, 0.0, 0.005494505494505495, 0.0, 0.0, 0.0, 0.0, 0.0, 0.8627450980392157, 0.19827586206896552, 0.7130434782608696, 0.34782608695652173, 0.2119205298013245, 0.34705882352941175, 0.48, 0.0, 0.0, 0.011111111111111112, 0.43157894736842106, 0.0, 0.0, 0.6408450704225352, 0.0, 0.0, 0.07729468599033816, 0.0, 0.0, 0.0, 0.0425531914893617, 0.0, 0.5873015873015873, 0.0]; mean asr:0.10704091461832428
person malicious client asr list:[0.0, 0.0, 0.0, 0.23, 0.0, 0.4926829268292683, 0.0, 0.45251396648044695, 0.0, 0.30386740331491713]; mean asr:0.14790642966246323
================================================================================
f_00044
ACC :0.29357798165137616
ASR :0.0
================================================================================
f_00088
ACC :0.3873239436619718
ASR :0.647887323943662
================================================================================
f_00074
ACC :0.5098039215686274
ASR :1.0
================================================================================
f_00048
ACC :0.3106796116504854
ASR :0.0
================================================================================
f_00059
ACC :0.6057142857142858
ASR :0.0
================================================================================
f_00079
ACC :0.5117647058823529
ASR :0.5882352941176471
================================================================================
f_00025
ACC :0.56
ASR :0.88
================================================================================
f_00052
ACC :0.42857142857142855
ASR :0.0
================================================================================
f_00045
ACC :0.582089552238806
ASR :0.3805970149253731
================================================================================
f_00055
ACC :0.35714285714285715
ASR :0.0
-------------Round number:  8  -------------
Evaluate global model
Average Global Accurancy:  0.2468577508811598
Average Global Trainning Accurancy:  0.24720325601049753

global benign client acc list:[0.24, 0.08695652173913043, 0.13917525773195877, 0.1793478260869565, 0.3790322580645161, 0.1504424778761062, 0.18, 0.3103448275862069, 0.26262626262626265, 0.15602836879432624, 0.2175925925925926, 0.1902439024390244, 0.08791208791208792, 0.07633587786259542, 0.21428571428571427, 0.14492753623188406, 0.09655172413793103, 0.19411764705882353, 0.2867132867132867, 0.13333333333333333, 0.20155038759689922, 0.1565217391304348, 0.56, 0.1791044776119403, 0.08333333333333333, 0.13592233009708737, 0.1390728476821192, 0.24175824175824176, 0.3695652173913043, 0.03636363636363636, 0.09917355371900827, 0.2605633802816901, 0.2807017543859649, 0.44881889763779526, 0.21393034825870647, 0.5217391304347826, 0.13671875, 0.15702479338842976, 0.38095238095238093, 0.12844036697247707, 0.43283582089552236, 0.3442622950819672, 0.3645833333333333, 0.1941747572815534, 0.30293159609120524, 0.26744186046511625, 0.09340659340659341, 0.32044198895027626, 0.0821917808219178, 0.2653061224489796, 0.17703349282296652, 0.07096774193548387, 0.3942857142857143, 0.30092592592592593, 0.13942307692307693, 0.2235294117647059, 0.2907801418439716, 0.2814814814814815, 0.08974358974358974, 0.20422535211267606, 0.7142857142857143, 0.30718954248366015, 0.07878787878787878, 0.3505747126436782, 0.19672131147540983, 0.15126050420168066, 0.4411764705882353, 0.3879310344827586, 0.3826086956521739, 0.391304347826087, 0.2119205298013245, 0.5235294117647059, 0.3288888888888889, 0.21359223300970873, 0.22324159021406728, 0.14444444444444443, 0.4, 0.12121212121212122, 0.48695652173913045, 0.3732394366197183, 0.3395061728395062, 0.49280575539568344, 0.18840579710144928, 0.22660098522167488, 0.23684210526315788, 0.1968503937007874, 0.20212765957446807, 0.16585365853658537, 0.38095238095238093, 0.16666666666666666]; mean acc:0.24802969014509746
global malicious client acc list:[0.28421052631578947, 0.05737704918032787, 0.13924050632911392, 0.24, 0.30158730158730157, 0.3121951219512195, 0.41450777202072536, 0.3128491620111732, 0.08945686900958466, 0.26519337016574585]; mean acc:0.24166176785709811
Average Global ATTACK ALL ASR:  0.4000798031522245
Average Global ATTACK ALL train ASR:  0.39921713408802795
global benign client asr list:[0.44, 0.6086956521739131, 0.3711340206185567, 0.32608695652173914, 0.4274193548387097, 0.504424778761062, 0.44, 0.21316614420062696, 0.5454545454545454, 0.36879432624113473, 0.3055555555555556, 0.4878048780487805, 0.31868131868131866, 0.45038167938931295, 0.38095238095238093, 0.4492753623188406, 0.4482758620689655, 0.5235294117647059, 0.3986013986013986, 0.4888888888888889, 0.35658914728682173, 0.4782608695652174, 0.6666666666666666, 0.34328358208955223, 0.5595238095238095, 0.3106796116504854, 0.36423841059602646, 0.5934065934065934, 0.5434782608695652, 0.45454545454545453, 0.4132231404958678, 0.3380281690140845, 0.3333333333333333, 0.28346456692913385, 0.3681592039800995, 0.2391304347826087, 0.45703125, 0.5289256198347108, 0.5119047619047619, 0.6330275229357798, 0.753731343283582, 0.453551912568306, 0.3541666666666667, 0.5145631067961165, 0.2280130293159609, 0.45348837209302323, 0.4065934065934066, 0.2983425414364641, 0.3287671232876712, 0.3826530612244898, 0.41148325358851673, 0.3870967741935484, 0.45714285714285713, 0.25925925925925924, 0.5096153846153846, 0.35294117647058826, 0.3262411347517731, 0.3333333333333333, 0.4551282051282051, 0.4084507042253521, 0.16483516483516483, 0.37254901960784315, 0.38181818181818183, 0.3390804597701149, 0.36885245901639346, 0.3025210084033613, 0.6862745098039216, 0.3448275862068966, 0.4956521739130435, 0.33043478260869563, 0.3973509933774834, 0.5294117647058824, 0.32, 0.32038834951456313, 0.4801223241590214, 0.45555555555555555, 0.37894736842105264, 0.3409090909090909, 0.391304347826087, 0.5563380281690141, 0.30246913580246915, 0.23741007194244604, 0.4975845410628019, 0.32019704433497537, 0.4342105263157895, 0.4094488188976378, 0.2765957446808511, 0.5024390243902439, 0.5634920634920635, 0.4362745098039216]; mean asr:0.4142875579978898
global malicious client asr list:[0.4, 0.4672131147540984, 0.3881856540084388, 0.36, 0.4603174603174603, 0.3951219512195122, 0.38341968911917096, 0.5307262569832403, 0.34824281150159747, 0.32044198895027626]; mean asr:0.40536689268537945

Evaluate global model with a few step updates, which is personalized model
Average Personal Accurancy (k local SGD):  0.417170978253641
Average Personal Trainning Accurancy (k local SGD):  0.4392500500411449
global benign client acc list:[0.6, 0.2608695652173913, 0.34536082474226804, 0.3641304347826087, 0.4032258064516129, 0.4336283185840708, 0.45, 0.47335423197492166, 0.46464646464646464, 0.5319148936170213, 0.37962962962962965, 0.2926829268292683, 0.3626373626373626, 0.24427480916030533, 0.5079365079365079, 0.42028985507246375, 0.38620689655172413, 0.4235294117647059, 0.3076923076923077, 0.5555555555555556, 0.23255813953488372, 0.4956521739130435, 0.5866666666666667, 0.22388059701492538, 0.6428571428571429, 0.35436893203883496, 0.1390728476821192, 0.25274725274725274, 0.32608695652173914, 0.3181818181818182, 0.4628099173553719, 0.38028169014084506, 0.42105263157894735, 0.5354330708661418, 0.5124378109452736, 0.45652173913043476, 0.37109375, 0.39669421487603307, 0.44047619047619047, 0.23853211009174313, 0.6194029850746269, 0.5027322404371585, 0.4583333333333333, 0.32038834951456313, 0.3745928338762215, 0.37209302325581395, 0.34615384615384615, 0.4696132596685083, 0.273972602739726, 0.3673469387755102, 0.5454545454545454, 0.27741935483870966, 0.6342857142857142, 0.25925925925925924, 0.2980769230769231, 0.29411764705882354, 0.19148936170212766, 0.3851851851851852, 0.4551282051282051, 0.36619718309859156, 0.7527472527472527, 0.5947712418300654, 0.6727272727272727, 0.5977011494252874, 0.3770491803278688, 0.2773109243697479, 0.5490196078431373, 0.5258620689655172, 0.41739130434782606, 0.5130434782608696, 0.24503311258278146, 0.5058823529411764, 0.38666666666666666, 0.36893203883495146, 0.43425076452599387, 0.34444444444444444, 0.4105263157894737, 0.5568181818181818, 0.5130434782608696, 0.4154929577464789, 0.46296296296296297, 0.5431654676258992, 0.34782608695652173, 0.4088669950738916, 0.5789473684210527, 0.5590551181102362, 0.5106382978723404, 0.44390243902439025, 0.5634920634920635, 0.4803921568627451]; mean acc:0.42404641109156616
global malicious client acc list:[0.4, 0.39344262295081966, 0.18143459915611815, 0.58, 0.49206349206349204, 0.5170731707317073, 0.07253886010362694, 0.4134078212290503, 0.3258785942492013, 0.56353591160221]; mean acc:0.39393750720862253
Average Personal ATTACK ALL ASR (k local SGD):  0.1281505619471969
Average Personal ATTACK ALL Trainning ASR (k local SGD):  0.1289727108956253
person benign client asr list:[0.0, 0.0, 0.0, 0.0, 0.5161290322580645, 0.02654867256637168, 0.0, 0.06269592476489028, 0.3434343434343434, 0.0, 0.0, 0.47317073170731705, 0.0, 0.0, 0.0, 0.0, 0.0, 0.2411764705882353, 0.4405594405594406, 0.0, 0.0, 0.008695652173913044, 0.56, 0.0, 0.0, 0.0, 0.0, 0.21978021978021978, 0.0, 0.0, 0.0, 0.0, 0.0, 0.0, 0.0, 0.0, 0.0, 0.0, 0.4880952380952381, 0.0, 0.5373134328358209, 0.5519125683060109, 0.0, 0.0, 0.0, 0.0, 0.0, 0.0, 0.0547945205479452, 0.0, 0.0, 0.0, 0.0, 0.14814814814814814, 0.0, 0.0, 0.6773049645390071, 0.0, 0.0, 0.0, 0.027472527472527472, 0.0, 0.0, 0.0, 0.0, 0.0, 0.8774509803921569, 0.2413793103448276, 0.6869565217391305, 0.3652173913043478, 0.271523178807947, 0.38235294117647056, 0.48444444444444446, 0.0, 0.0030581039755351682, 0.022222222222222223, 0.49473684210526314, 0.0, 0.017391304347826087, 0.6619718309859155, 0.0, 0.0, 0.0821256038647343, 0.0, 0.0, 0.0, 0.07446808510638298, 0.014634146341463415, 0.6111111111111112, 0.0]; mean asr:0.1185363989560808
person malicious client asr list:[0.010526315789473684, 0.0, 0.0, 0.25, 0.0, 0.5170731707317073, 0.0, 0.5027932960893855, 0.0, 0.425414364640884]; mean asr:0.17058071472514505
================================================================================
f_00003
ACC :0.36597938144329895
ASR :0.0
================================================================================
f_00060
ACC :0.3194444444444444
ASR :0.0
================================================================================
f_00035
ACC :0.43859649122807015
ASR :0.0
================================================================================
f_00033
ACC :0.4462809917355372
ASR :0.0
================================================================================
f_00022
ACC :0.6444444444444445
ASR :0.0
================================================================================
f_00066
ACC :0.5256410256410257
ASR :0.0
================================================================================
f_00045
ACC :0.582089552238806
ASR :0.3656716417910448
================================================================================
f_00068
ACC :0.7417582417582418
ASR :0.0
================================================================================
f_00067
ACC :0.39436619718309857
ASR :0.0
================================================================================
f_00075
ACC :0.43103448275862066
ASR :0.12931034482758622
-------------Round number:  9  -------------
Evaluate global model
Average Global Accurancy:  0.22710647070559287
Average Global Trainning Accurancy:  0.22454017747926072

global benign client acc list:[0.26, 0.0, 0.15979381443298968, 0.016304347826086956, 0.11290322580645161, 0.008849557522123894, 0.32, 0.10658307210031348, 0.2828282828282828, 0.16312056737588654, 0.1527777777777778, 0.11219512195121951, 0.10989010989010989, 0.11450381679389313, 0.373015873015873, 0.08695652173913043, 0.1793103448275862, 0.03529411764705882, 0.2097902097902098, 0.044444444444444446, 0.3875968992248062, 0.16521739130434782, 0.32, 0.291044776119403, 0.2261904761904762, 0.1650485436893204, 0.17218543046357615, 0.16483516483516483, 0.30434782608695654, 0.10909090909090909, 0.21487603305785125, 0.31690140845070425, 0.017543859649122806, 0.49606299212598426, 0.21393034825870647, 0.3695652173913043, 0.2109375, 0.2809917355371901, 0.16666666666666666, 0.1834862385321101, 0.34328358208955223, 0.17486338797814208, 0.4270833333333333, 0.1553398058252427, 0.2931596091205212, 0.4418604651162791, 0.14835164835164835, 0.27071823204419887, 0.13013698630136986, 0.3163265306122449, 0.24401913875598086, 0.1935483870967742, 0.4228571428571429, 0.3611111111111111, 0.21634615384615385, 0.23529411764705882, 0.2801418439716312, 0.34074074074074073, 0.16025641025641027, 0.2676056338028169, 0.6593406593406593, 0.49019607843137253, 0.08484848484848485, 0.3505747126436782, 0.2540983606557377, 0.2857142857142857, 0.14705882352941177, 0.29310344827586204, 0.1826086956521739, 0.3391304347826087, 0.09271523178807947, 0.24705882352941178, 0.14222222222222222, 0.30097087378640774, 0.07339449541284404, 0.08888888888888889, 0.21052631578947367, 0.12121212121212122, 0.5043478260869565, 0.3028169014084507, 0.3395061728395062, 0.5503597122302158, 0.0821256038647343, 0.17733990147783252, 0.5, 0.2047244094488189, 0.23404255319148937, 0.4, 0.0873015873015873, 0.12745098039215685]; mean acc:0.2324644832005318
global malicious client acc list:[0.35789473684210527, 0.09836065573770492, 0.14767932489451477, 0.14, 0.2857142857142857, 0.15609756097560976, 0.49222797927461137, 0.12849162011173185, 0.10223642172523961, 0.143646408839779]; mean acc:0.2052348994115582
Average Global ATTACK ALL ASR:  0.01103943605772428
Average Global ATTACK ALL train ASR:  0.01063096323643885
global benign client asr list:[0.0, 0.0, 0.0, 0.0, 0.04032258064516129, 0.0, 0.01, 0.0, 0.0, 0.0070921985815602835, 0.0, 0.00975609756097561, 0.0, 0.0, 0.0, 0.028985507246376812, 0.0, 0.0, 0.006993006993006993, 0.0, 0.015503875968992248, 0.0, 0.12, 0.0, 0.0, 0.0, 0.0, 0.04395604395604396, 0.0, 0.01818181818181818, 0.0, 0.007042253521126761, 0.0, 0.0, 0.01990049751243781, 0.0, 0.00390625, 0.01652892561983471, 0.047619047619047616, 0.0, 0.08955223880597014, 0.0, 0.0, 0.009708737864077669, 0.0, 0.0, 0.01098901098901099, 0.0, 0.02054794520547945, 0.03571428571428571, 0.009569377990430622, 0.0064516129032258064, 0.022857142857142857, 0.009259259259259259, 0.014423076923076924, 0.011764705882352941, 0.0, 0.014814814814814815, 0.0, 0.0, 0.0, 0.0196078431372549, 0.0, 0.0, 0.00819672131147541, 0.0, 0.049019607843137254, 0.05172413793103448, 0.05217391304347826, 0.008695652173913044, 0.046357615894039736, 0.011764705882352941, 0.0, 0.0, 0.0, 0.0, 0.0, 0.0, 0.0, 0.02112676056338028, 0.006172839506172839, 0.0035971223021582736, 0.0, 0.0, 0.0, 0.007874015748031496, 0.0, 0.024390243902439025, 0.06349206349206349, 0.0]; mean asr:0.011395928392738232
global malicious client asr list:[0.0, 0.01639344262295082, 0.02531645569620253, 0.0, 0.0, 0.014634146341463415, 0.0, 0.03910614525139665, 0.038338658146964855, 0.0]; mean asr:0.013378884805897828

Evaluate global model with a few step updates, which is personalized model
Average Personal Accurancy (k local SGD):  0.42794440380395027
Average Personal Trainning Accurancy (k local SGD):  0.4483686586749105
global benign client acc list:[0.6, 0.2608695652173913, 0.44329896907216493, 0.42391304347826086, 0.4112903225806452, 0.4424778761061947, 0.42, 0.47962382445141066, 0.46464646464646464, 0.524822695035461, 0.4074074074074074, 0.2926829268292683, 0.3626373626373626, 0.29770992366412213, 0.5, 0.42028985507246375, 0.4413793103448276, 0.4764705882352941, 0.3146853146853147, 0.6888888888888889, 0.20930232558139536, 0.5391304347826087, 0.5866666666666667, 0.2537313432835821, 0.6547619047619048, 0.35436893203883496, 0.1456953642384106, 0.2967032967032967, 0.34782608695652173, 0.2909090909090909, 0.4214876033057851, 0.4014084507042254, 0.5087719298245614, 0.5433070866141733, 0.4975124378109453, 0.5, 0.3671875, 0.39669421487603307, 0.44047619047619047, 0.3394495412844037, 0.6044776119402985, 0.5136612021857924, 0.5, 0.34951456310679613, 0.39087947882736157, 0.37209302325581395, 0.4065934065934066, 0.44751381215469616, 0.2808219178082192, 0.3520408163265306, 0.507177033492823, 0.25806451612903225, 0.6228571428571429, 0.3101851851851852, 0.3076923076923077, 0.35294117647058826, 0.1773049645390071, 0.42962962962962964, 0.4551282051282051, 0.30985915492957744, 0.7747252747252747, 0.5947712418300654, 0.6727272727272727, 0.5977011494252874, 0.38524590163934425, 0.3697478991596639, 0.5588235294117647, 0.5344827586206896, 0.4, 0.5043478260869565, 0.23841059602649006, 0.5176470588235295, 0.4222222222222222, 0.36893203883495146, 0.42813455657492355, 0.34444444444444444, 0.42105263157894735, 0.5492424242424242, 0.5217391304347826, 0.4225352112676056, 0.49382716049382713, 0.5431654676258992, 0.357487922705314, 0.39901477832512317, 0.618421052631579, 0.5826771653543307, 0.5106382978723404, 0.43902439024390244, 0.5793650793650794, 0.4852941176470588]; mean acc:0.4372529831973898
global malicious client acc list:[0.43157894736842106, 0.4180327868852459, 0.17721518987341772, 0.61, 0.5079365079365079, 0.5219512195121951, 0.07772020725388601, 0.4301675977653631, 0.34185303514376997, 0.569060773480663]; mean acc:0.408551626521947
Average Personal ATTACK ALL ASR (k local SGD):  0.12874908558888076
Average Personal ATTACK ALL Trainning ASR (k local SGD):  0.1291283944576652
person benign client asr list:[0.0, 0.0, 0.0, 0.0, 0.5080645161290323, 0.05309734513274336, 0.0, 0.07210031347962383, 0.3838383838383838, 0.0, 0.0, 0.4, 0.0, 0.0, 0.0, 0.0, 0.0, 0.20588235294117646, 0.44755244755244755, 0.0, 0.0, 0.06086956521739131, 0.5466666666666666, 0.0, 0.0, 0.0, 0.0, 0.10989010989010989, 0.0, 0.0, 0.0, 0.0, 0.0, 0.0, 0.0, 0.08695652173913043, 0.0, 0.0, 0.5, 0.0, 0.5074626865671642, 0.5792349726775956, 0.0, 0.019417475728155338, 0.0, 0.0, 0.0, 0.0, 0.07534246575342465, 0.0, 0.0, 0.0, 0.0, 0.14814814814814814, 0.0, 0.0, 0.776595744680851, 0.0, 0.0, 0.0, 0.04945054945054945, 0.0, 0.0, 0.0, 0.0, 0.0, 0.7745098039215687, 0.2413793103448276, 0.6782608695652174, 0.4956521739130435, 0.31125827814569534, 0.3058823529411765, 0.4666666666666667, 0.0, 0.0061162079510703364, 0.022222222222222223, 0.4421052631578947, 0.0, 0.043478260869565216, 0.7112676056338029, 0.0, 0.0, 0.09178743961352658, 0.0, 0.0, 0.0, 0.09574468085106383, 0.004878048780487805, 0.6031746031746031, 0.0]; mean asr:0.12027726725938918
person malicious client asr list:[0.031578947368421054, 0.0, 0.0, 0.3, 0.0, 0.5219512195121951, 0.0, 0.5083798882681564, 0.0, 0.3370165745856354]; mean asr:0.1698926629734408
================================================================================
f_00064
ACC :0.2730496453900709
ASR :0.08865248226950355
================================================================================
f_00091
ACC :0.3671497584541063
ASR :0.2995169082125604
================================================================================
f_00012
ACC :0.3888888888888889
ASR :0.0
================================================================================
f_00052
ACC :0.33516483516483514
ASR :0.0
================================================================================
f_00016
ACC :0.5079365079365079
ASR :0.0
================================================================================
f_00065
ACC :0.4074074074074074
ASR :0.0
================================================================================
f_00050
ACC :0.3953488372093023
ASR :0.0
================================================================================
f_00068
ACC :0.7582417582417582
ASR :0.02197802197802198
================================================================================
f_00033
ACC :0.33884297520661155
ASR :0.08264462809917356
================================================================================
f_00030
ACC :0.21978021978021978
ASR :0.0
-------------Round number:  10  -------------
Evaluate global model
Average Global Accurancy:  0.2167320609164062
Average Global Trainning Accurancy:  0.21542156884549518

global benign client acc list:[0.13, 0.30434782608695654, 0.09278350515463918, 0.33152173913043476, 0.12903225806451613, 0.1504424778761062, 0.39, 0.2946708463949843, 0.20202020202020202, 0.1773049645390071, 0.33796296296296297, 0.12682926829268293, 0.21978021978021978, 0.09923664122137404, 0.4126984126984127, 0.13043478260869565, 0.25517241379310346, 0.11176470588235295, 0.23776223776223776, 0.28888888888888886, 0.3023255813953488, 0.19130434782608696, 0.21333333333333335, 0.08208955223880597, 0.20238095238095238, 0.25728155339805825, 0.17218543046357615, 0.2087912087912088, 0.0, 0.11818181818181818, 0.1322314049586777, 0.2887323943661972, 0.2631578947368421, 0.5196850393700787, 0.024875621890547265, 0.2826086956521739, 0.203125, 0.19834710743801653, 0.17857142857142858, 0.27522935779816515, 0.19402985074626866, 0.09289617486338798, 0.3125, 0.08737864077669903, 0.24104234527687296, 0.4186046511627907, 0.17032967032967034, 0.23756906077348067, 0.2054794520547945, 0.3469387755102041, 0.44019138755980863, 0.10967741935483871, 0.26285714285714284, 0.24074074074074073, 0.1875, 0.08235294117647059, 0.2978723404255319, 0.32592592592592595, 0.09615384615384616, 0.16901408450704225, 0.6098901098901099, 0.2222222222222222, 0.34545454545454546, 0.16091954022988506, 0.21311475409836064, 0.2184873949579832, 0.22058823529411764, 0.31896551724137934, 0.3217391304347826, 0.4434782608695652, 0.152317880794702, 0.15294117647058825, 0.08888888888888889, 0.27184466019417475, 0.08868501529051988, 0.17777777777777778, 0.15789473684210525, 0.12878787878787878, 0.46956521739130436, 0.2535211267605634, 0.2962962962962963, 0.15467625899280577, 0.2608695652173913, 0.24630541871921183, 0.3157894736842105, 0.2283464566929134, 0.07446808510638298, 0.3170731707317073, 0.1111111111111111, 0.09803921568627451]; mean acc:0.2241800627586041
global malicious client acc list:[0.37894736842105264, 0.18032786885245902, 0.18565400843881857, 0.08, 0.07936507936507936, 0.12682926829268293, 0.49740932642487046, 0.10614525139664804, 0.08945686900958466, 0.027624309392265192]; mean acc:0.17517593495934608
Average Global ATTACK ALL ASR:  0.035312894859346945
Average Global ATTACK ALL train ASR:  0.03500656095011454
global benign client asr list:[0.01, 0.0, 0.020618556701030927, 0.02717391304347826, 0.08870967741935484, 0.017699115044247787, 0.02, 0.006269592476489028, 0.04040404040404041, 0.028368794326241134, 0.0, 0.06341463414634146, 0.0, 0.0, 0.0, 0.10144927536231885, 0.013793103448275862, 0.047058823529411764, 0.06993006993006994, 0.0, 0.007751937984496124, 0.034782608695652174, 0.10666666666666667, 0.014925373134328358, 0.0, 0.014563106796116505, 0.019867549668874173, 0.03296703296703297, 0.0, 0.045454545454545456, 0.0743801652892562, 0.06338028169014084, 0.0, 0.031496062992125984, 0.03980099502487562, 0.0, 0.02734375, 0.01652892561983471, 0.047619047619047616, 0.03669724770642202, 0.1044776119402985, 0.01639344262295082, 0.0, 0.07766990291262135, 0.003257328990228013, 0.0, 0.005494505494505495, 0.027624309392265192, 0.0547945205479452, 0.07142857142857142, 0.03827751196172249, 0.05161290322580645, 0.017142857142857144, 0.041666666666666664, 0.03365384615384615, 0.011764705882352941, 0.06382978723404255, 0.037037037037037035, 0.00641025641025641, 0.0, 0.01098901098901099, 0.0457516339869281, 0.024242424242424242, 0.011494252873563218, 0.04918032786885246, 0.0, 0.07352941176470588, 0.0603448275862069, 0.13043478260869565, 0.06086956521739131, 0.08609271523178808, 0.01764705882352941, 0.03111111111111111, 0.04854368932038835, 0.027522935779816515, 0.044444444444444446, 0.021052631578947368, 0.01893939393939394, 0.034782608695652174, 0.04225352112676056, 0.024691358024691357, 0.007194244604316547, 0.043478260869565216, 0.019704433497536946, 0.013157894736842105, 0.05511811023622047, 0.010638297872340425, 0.05853658536585366, 0.11904761904761904, 0.024509803921568627]; mean asr:0.033855040150565056
global malicious client asr list:[0.042105263157894736, 0.05737704918032787, 0.04219409282700422, 0.04, 0.015873015873015872, 0.06341463414634146, 0.02072538860103627, 0.12290502793296089, 0.054313099041533544, 0.0055248618784530384]; mean asr:0.04644324326385679

Evaluate global model with a few step updates, which is personalized model
