==================================================
goal = HIT_PUR_B0P1_S50
device = cuda
join_ratio = 0.1
device_id = 0
dataset = Cifar10_dir0.5_bdoor0.2_nclient_100_badnet_adv10
num_classes = 10
model = ResNet18
batch_size = 64
local_learning_rate = 0.1
learning_rate_decay = False
learning_rate_decay_gamma = 0.99
global_rounds = 600
top_cnt = 100
local_epochs = 1
algorithm = FedCLCMPurify
num_clients = 100
eval_gap = 10
save_folder_name = items
auto_break = False
batch_num_per_client = 2
feature_dim = 512
vocab_size = 32000
max_len = 200
client_drop_rate = 0.0
time_select = False
time_threthold = 10000
send_slow_rate = 0.0
beta = 0.0
lamda = 1.0
mu = 0.0
K = 5
p_learning_rate = 0.01
M = 5
itk = 4000
alphaK = 1.0
sigma = 1.0
alpha = 1.0
plocal_epochs = 1
lr_head = 0.1
tau = 1.0
fine_tuning_epochs = 10
dr_learning_rate = 0.0
L = 1.0
noise_dim = 512
generator_learning_rate = 0.005
hidden_dim = 512
server_epochs = 1000
localize_feature_extractor = False
server_learning_rate = 1.0
eta = 1.0
rand_percent = 80
layer_idx = 2
mentee_learning_rate = 0.005
T_start = 0.95
T_end = 0.98
momentum = 0.1
kl_weight = 0.0
disti_epochs = 1
protect_id = 1
adv_eps = 0.0
adv_num_iter = 0
defense_epochs = 1
clean_data = 5000
sdmk_m = 7
sdmk_k = 5
delta = 0.5
sim_threshold = 0.7
rt_beta = 0.2
num_adv_clients = 10
lambda_cl = 0.2
aug_strength = 0.1
mask_tau = 12.0
mask_alpha = 0.7
enable_channel_mask = True
cosine_gate = False
cosine_gate_threshold = 0.3
cosine_gate_alpha = 0.5
trim_high_layers = 
trim_beta_high = None
trim_beta_low = None
purify_enable = False
purify_beta = 0.1
purify_feature_beta = 0.0
purify_logit_beta = 0.0
purify_temperature = 2.0
purify_start_round = 50
purify_layers = layer4
purify_teacher_momentum = 0.9
purify_teacher_cpu_half = True
attack = none
ba_target_label = 0
ba_poison_rate = 0.2
ba_trigger_gen_steps = 30
ba_trigger_gen_lr = 0.01
ba_pgd_eps = 0.0314
ba_trigger_scale = 8.0
pfedba_target_label = 0
pfedba_poison_rate = 0.5
pfedba_poison_count = -1
pfedba_poison_before_start = False
pfedba_attack_start = 30
pfedba_trigger_opt_steps = 15
pfedba_trigger_lr = 0.1
pfedba_init_value = 0.5
pfedba_patch_size = 8
pfedba_patch_position = center
pfedba_img_c = 3
pfedba_img_h = 32
pfedba_img_w = 32
pfedba_align_grad_weight = 1.0
pfedba_align_loss_weight = 1.0
pfedba_attack_loss_weight = 1.0
pfedba_opt_samples_per_class = 100
pfedba_opt_batch_size = 64
pfedba_opt_max_batches_per_client = 20
logit_analysis = False
logit_reject_thresholds = 0.5,0.6,0.7,0.8
logit_entropy_thresholds = 1.0,1.5,2.0
logit_margin_thresholds = 0.1,0.2,0.3
==================================================

============= Running time: 0th =============
Creating server and clients ...
ResNet(
  (conv1): Conv2d(3, 64, kernel_size=(3, 3), stride=(1, 1), padding=(1, 1), bias=False)
  (bn1): BatchNorm2d(64, eps=1e-05, momentum=0.1, affine=True, track_running_stats=True)
  (relu): ReLU(inplace=True)
  (layer1): Sequential(
    (0): BasicBlock(
      (conv1): Conv2d(64, 64, kernel_size=(3, 3), stride=(1, 1), padding=(1, 1), bias=False)
      (bn1): BatchNorm2d(64, eps=1e-05, momentum=0.1, affine=True, track_running_stats=True)
      (relu): ReLU(inplace=True)
      (conv2): Conv2d(64, 64, kernel_size=(3, 3), stride=(1, 1), padding=(1, 1), bias=False)
      (bn2): BatchNorm2d(64, eps=1e-05, momentum=0.1, affine=True, track_running_stats=True)
    )
    (1): BasicBlock(
      (conv1): Conv2d(64, 64, kernel_size=(3, 3), stride=(1, 1), padding=(1, 1), bias=False)
      (bn1): BatchNorm2d(64, eps=1e-05, momentum=0.1, affine=True, track_running_stats=True)
      (relu): ReLU(inplace=True)
      (conv2): Conv2d(64, 64, kernel_size=(3, 3), stride=(1, 1), padding=(1, 1), bias=False)
      (bn2): BatchNorm2d(64, eps=1e-05, momentum=0.1, affine=True, track_running_stats=True)
    )
  )
  (layer2): Sequential(
    (0): BasicBlock(
      (conv1): Conv2d(64, 128, kernel_size=(3, 3), stride=(2, 2), padding=(1, 1), bias=False)
      (bn1): BatchNorm2d(128, eps=1e-05, momentum=0.1, affine=True, track_running_stats=True)
      (relu): ReLU(inplace=True)
      (conv2): Conv2d(128, 128, kernel_size=(3, 3), stride=(1, 1), padding=(1, 1), bias=False)
      (bn2): BatchNorm2d(128, eps=1e-05, momentum=0.1, affine=True, track_running_stats=True)
      (downsample): Sequential(
        (0): Conv2d(64, 128, kernel_size=(1, 1), stride=(2, 2), bias=False)
        (1): BatchNorm2d(128, eps=1e-05, momentum=0.1, affine=True, track_running_stats=True)
      )
    )
    (1): BasicBlock(
      (conv1): Conv2d(128, 128, kernel_size=(3, 3), stride=(1, 1), padding=(1, 1), bias=False)
      (bn1): BatchNorm2d(128, eps=1e-05, momentum=0.1, affine=True, track_running_stats=True)
      (relu): ReLU(inplace=True)
      (conv2): Conv2d(128, 128, kernel_size=(3, 3), stride=(1, 1), padding=(1, 1), bias=False)
      (bn2): BatchNorm2d(128, eps=1e-05, momentum=0.1, affine=True, track_running_stats=True)
    )
  )
  (layer3): Sequential(
    (0): BasicBlock(
      (conv1): Conv2d(128, 256, kernel_size=(3, 3), stride=(2, 2), padding=(1, 1), bias=False)
      (bn1): BatchNorm2d(256, eps=1e-05, momentum=0.1, affine=True, track_running_stats=True)
      (relu): ReLU(inplace=True)
      (conv2): Conv2d(256, 256, kernel_size=(3, 3), stride=(1, 1), padding=(1, 1), bias=False)
      (bn2): BatchNorm2d(256, eps=1e-05, momentum=0.1, affine=True, track_running_stats=True)
      (downsample): Sequential(
        (0): Conv2d(128, 256, kernel_size=(1, 1), stride=(2, 2), bias=False)
        (1): BatchNorm2d(256, eps=1e-05, momentum=0.1, affine=True, track_running_stats=True)
      )
    )
    (1): BasicBlock(
      (conv1): Conv2d(256, 256, kernel_size=(3, 3), stride=(1, 1), padding=(1, 1), bias=False)
      (bn1): BatchNorm2d(256, eps=1e-05, momentum=0.1, affine=True, track_running_stats=True)
      (relu): ReLU(inplace=True)
      (conv2): Conv2d(256, 256, kernel_size=(3, 3), stride=(1, 1), padding=(1, 1), bias=False)
      (bn2): BatchNorm2d(256, eps=1e-05, momentum=0.1, affine=True, track_running_stats=True)
    )
  )
  (layer4): Sequential(
    (0): BasicBlock(
      (conv1): Conv2d(256, 512, kernel_size=(3, 3), stride=(2, 2), padding=(1, 1), bias=False)
      (bn1): BatchNorm2d(512, eps=1e-05, momentum=0.1, affine=True, track_running_stats=True)
      (relu): ReLU(inplace=True)
      (conv2): Conv2d(512, 512, kernel_size=(3, 3), stride=(1, 1), padding=(1, 1), bias=False)
      (bn2): BatchNorm2d(512, eps=1e-05, momentum=0.1, affine=True, track_running_stats=True)
      (downsample): Sequential(
        (0): Conv2d(256, 512, kernel_size=(1, 1), stride=(2, 2), bias=False)
        (1): BatchNorm2d(512, eps=1e-05, momentum=0.1, affine=True, track_running_stats=True)
      )
    )
    (1): BasicBlock(
      (conv1): Conv2d(512, 512, kernel_size=(3, 3), stride=(1, 1), padding=(1, 1), bias=False)
      (bn1): BatchNorm2d(512, eps=1e-05, momentum=0.1, affine=True, track_running_stats=True)
      (relu): ReLU(inplace=True)
      (conv2): Conv2d(512, 512, kernel_size=(3, 3), stride=(1, 1), padding=(1, 1), bias=False)
      (bn2): BatchNorm2d(512, eps=1e-05, momentum=0.1, affine=True, track_running_stats=True)
    )
  )
  (avgpool): AdaptiveAvgPool2d(output_size=(1, 1))
  (fc): Linear(in_features=512, out_features=10, bias=True)
)

Join ratio / total clients: 0.1 / 100
Finished creating server and clients.
FedCLCM-Purify enabled: beta=0.1, feature_beta=0.0, logit_beta=0.0, layers=layer4, start=50, momentum=0.9

-------------Round number: 0-------------

Evaluate personalized models
Averaged Train Loss: 2.4217
Averaged Test Accurancy: 0.1065
Averaged Test AUC: 0.5006
Std Test Accurancy: 0.1360
Std Test AUC: 0.1313
ASR: 0.014304554603298275
attack_auc: 0.7216453211072282
------------------------- time cost ------------------------- 8.399104356765747
ASR: 0.02722590139808683
attack_auc: 0.7544095870590993
Layer conv1.weight: 2/64 channels masked
Layer layer1.0.conv1.weight: 2/64 channels masked
------------------------- time cost ------------------------- 3.465400457382202
ASR: 0.035877348839713566
attack_auc: 0.7654092257152404
Layer conv1.weight: 2/64 channels masked
Layer layer1.0.conv1.weight: 1/64 channels masked
Layer layer2.0.downsample.0.weight: 1/128 channels masked
Layer layer4.0.downsample.0.weight: 9/512 channels masked
------------------------- time cost ------------------------- 3.268739700317383
ASR: 0.0418751996704575
attack_auc: 0.700467822305849
Layer conv1.weight: 4/64 channels masked
Layer layer1.0.conv1.weight: 1/64 channels masked
Layer layer4.0.downsample.0.weight: 5/512 channels masked
------------------------- time cost ------------------------- 3.8014631271362305
ASR: 0.052491220756593175
attack_auc: 0.6436924344588306
Layer conv1.weight: 4/64 channels masked
Layer layer1.0.conv1.weight: 2/64 channels masked
Layer layer4.0.downsample.0.weight: 13/512 channels masked
------------------------- time cost ------------------------- 3.7222676277160645
ASR: 0.06201717339309397
attack_auc: 0.49772013970107515
Layer conv1.weight: 5/64 channels masked
Layer layer1.0.conv1.weight: 2/64 channels masked
Layer layer4.0.conv1.weight: 1/512 channels masked
Layer layer4.0.downsample.0.weight: 13/512 channels masked
------------------------- time cost ------------------------- 3.035860538482666
ASR: 0.05844814500204747
attack_auc: 0.4926599101556643
Layer conv1.weight: 4/64 channels masked
Layer layer1.0.conv1.weight: 2/64 channels masked
Layer layer4.0.conv1.weight: 1/512 channels masked
Layer layer4.0.downsample.0.weight: 13/512 channels masked
------------------------- time cost ------------------------- 3.7241835594177246
ASR: 0.050122971360903434
attack_auc: 0.5450161089168577
Layer conv1.weight: 5/64 channels masked
Layer layer1.0.conv1.weight: 2/64 channels masked
Layer layer4.0.conv1.weight: 1/512 channels masked
Layer layer4.0.downsample.0.weight: 17/512 channels masked
------------------------- time cost ------------------------- 3.643253803253174
ASR: 0.04480102277293373
attack_auc: 0.5121493922520189
Layer conv1.weight: 6/64 channels masked
Layer layer1.0.conv1.weight: 2/64 channels masked
Layer layer4.0.conv1.weight: 1/512 channels masked
Layer layer4.0.downsample.0.weight: 25/512 channels masked
------------------------- time cost ------------------------- 4.085937023162842
ASR: 0.05054140484342388
attack_auc: 0.5156510903785132
Layer conv1.weight: 4/64 channels masked
Layer layer1.0.conv1.weight: 2/64 channels masked
Layer layer4.0.conv1.weight: 1/512 channels masked
Layer layer4.0.conv2.weight: 1/512 channels masked
Layer layer4.0.downsample.0.weight: 26/512 channels masked
------------------------- time cost ------------------------- 3.868090867996216

-------------Round number: 10-------------

Evaluate personalized models
Averaged Train Loss: 3.1213
Averaged Test Accurancy: 0.3343
Averaged Test AUC: 0.7417
Std Test Accurancy: 0.2187
Std Test AUC: 0.1817
ASR: 0.04078838423883494
attack_auc: 0.4978938029368191
Layer conv1.weight: 5/64 channels masked
Layer layer1.0.conv1.weight: 2/64 channels masked
Layer layer4.0.conv1.weight: 1/512 channels masked
Layer layer4.0.conv2.weight: 1/512 channels masked
Layer layer4.0.downsample.0.weight: 24/512 channels masked
------------------------- time cost ------------------------- 7.702586889266968
ASR: 0.042656921480787695
attack_auc: 0.4957333651592658
Layer conv1.weight: 5/64 channels masked
Layer layer1.0.conv1.weight: 2/64 channels masked
Layer layer4.0.conv1.weight: 2/512 channels masked
Layer layer4.0.conv2.weight: 1/512 channels masked
Layer layer4.0.downsample.0.weight: 26/512 channels masked
------------------------- time cost ------------------------- 3.7213897705078125
ASR: 0.04344925295395385
attack_auc: 0.48150199146556355
Layer conv1.weight: 5/64 channels masked
Layer layer1.0.conv1.weight: 1/64 channels masked
Layer layer4.0.conv1.weight: 2/512 channels masked
Layer layer4.0.conv2.weight: 1/512 channels masked
Layer layer4.0.downsample.0.weight: 30/512 channels masked
------------------------- time cost ------------------------- 3.4344940185546875
ASR: 0.041517687829594085
attack_auc: 0.5057447045982725
Layer conv1.weight: 5/64 channels masked
Layer layer4.0.conv1.weight: 2/512 channels masked
Layer layer4.0.conv2.weight: 4/512 channels masked
Layer layer4.0.downsample.0.weight: 33/512 channels masked
------------------------- time cost ------------------------- 4.097730398178101
ASR: 0.03847698968099751
attack_auc: 0.4331815613181482
Layer conv1.weight: 4/64 channels masked
Layer layer4.0.conv1.weight: 2/512 channels masked
Layer layer4.0.conv2.weight: 4/512 channels masked
Layer layer4.0.downsample.0.weight: 31/512 channels masked
------------------------- time cost ------------------------- 3.936917781829834
ASR: 0.03676449192760126
attack_auc: 0.4339012860026939
Layer conv1.weight: 4/64 channels masked
Layer layer4.0.conv1.weight: 2/512 channels masked
Layer layer4.0.conv2.weight: 6/512 channels masked
Layer layer4.0.downsample.0.weight: 38/512 channels masked
------------------------- time cost ------------------------- 3.7954368591308594
ASR: 0.046049474964337825
attack_auc: 0.42807206398326686
Layer conv1.weight: 3/64 channels masked
Layer layer4.0.conv1.weight: 2/512 channels masked
Layer layer4.0.conv2.weight: 4/512 channels masked
Layer layer4.0.downsample.0.weight: 37/512 channels masked
------------------------- time cost ------------------------- 3.8213045597076416
ASR: 0.04339444470500724
attack_auc: 0.4469186535767261
Layer conv1.weight: 3/64 channels masked
Layer layer4.0.conv1.weight: 1/512 channels masked
Layer layer4.0.conv2.weight: 4/512 channels masked
Layer layer4.0.downsample.0.weight: 36/512 channels masked
------------------------- time cost ------------------------- 3.8765132427215576
ASR: 0.04756362136145166
attack_auc: 0.46270574815489096
Layer conv1.weight: 5/64 channels masked
Layer layer3.0.downsample.0.weight: 1/256 channels masked
Layer layer4.0.conv1.weight: 1/512 channels masked
Layer layer4.0.conv2.weight: 4/512 channels masked
Layer layer4.0.downsample.0.weight: 34/512 channels masked
------------------------- time cost ------------------------- 3.575608253479004
ASR: 0.054023456117463994
attack_auc: 0.4601525347318213
Layer conv1.weight: 2/64 channels masked
Layer layer3.0.downsample.0.weight: 1/256 channels masked
Layer layer4.0.conv1.weight: 1/512 channels masked
Layer layer4.0.conv2.weight: 7/512 channels masked
Layer layer4.0.downsample.0.weight: 38/512 channels masked
------------------------- time cost ------------------------- 3.4817817211151123

-------------Round number: 20-------------

Evaluate personalized models
Averaged Train Loss: 2.2806
Averaged Test Accurancy: 0.4583
Averaged Test AUC: 0.8444
Std Test Accurancy: 0.2008
Std Test AUC: 0.1301
ASR: 0.0579844393083009
attack_auc: 0.46715925221603205
Layer conv1.weight: 1/64 channels masked
Layer layer3.0.downsample.0.weight: 1/256 channels masked
Layer layer4.0.conv1.weight: 1/512 channels masked
Layer layer4.0.conv2.weight: 7/512 channels masked
Layer layer4.0.downsample.0.weight: 35/512 channels masked
------------------------- time cost ------------------------- 7.841274976730347
ASR: 0.05783414684972481
attack_auc: 0.4879263902329829
Layer conv1.weight: 2/64 channels masked
Layer layer3.0.downsample.0.weight: 1/256 channels masked
Layer layer4.0.conv1.weight: 1/512 channels masked
Layer layer4.0.conv2.weight: 7/512 channels masked
Layer layer4.0.downsample.0.weight: 39/512 channels masked
------------------------- time cost ------------------------- 3.681640386581421
ASR: 0.055538594774477375
attack_auc: 0.4949579254718921
Layer layer3.0.downsample.0.weight: 1/256 channels masked
Layer layer4.0.conv1.weight: 1/512 channels masked
Layer layer4.0.conv2.weight: 6/512 channels masked
Layer layer4.0.downsample.0.weight: 36/512 channels masked
------------------------- time cost ------------------------- 3.8509390354156494
ASR: 0.04797967010151971
attack_auc: 0.47546528500409885
Layer conv1.weight: 3/64 channels masked
Layer layer3.0.downsample.0.weight: 1/256 channels masked
Layer layer4.0.conv1.weight: 1/512 channels masked
Layer layer4.0.conv2.weight: 8/512 channels masked
Layer layer4.0.downsample.0.weight: 40/512 channels masked
------------------------- time cost ------------------------- 3.342721462249756
ASR: 0.050273765833630975
attack_auc: 0.4901222658267011
Layer conv1.weight: 2/64 channels masked
Layer layer3.0.downsample.0.weight: 1/256 channels masked
Layer layer4.0.conv1.weight: 1/512 channels masked
Layer layer4.0.conv2.weight: 8/512 channels masked
Layer layer4.0.downsample.0.weight: 39/512 channels masked
------------------------- time cost ------------------------- 3.178818941116333
ASR: 0.04663139145889487
attack_auc: 0.4964417223364494
Layer conv1.weight: 1/64 channels masked
Layer layer3.0.downsample.0.weight: 1/256 channels masked
Layer layer4.0.conv1.weight: 2/512 channels masked
Layer layer4.0.conv2.weight: 10/512 channels masked
Layer layer4.0.downsample.0.weight: 49/512 channels masked
------------------------- time cost ------------------------- 3.551870822906494
ASR: 0.048069988560718216
attack_auc: 0.5031735817985393
Layer conv1.weight: 1/64 channels masked
Layer layer3.0.downsample.0.weight: 1/256 channels masked
Layer layer4.0.conv1.weight: 2/512 channels masked
Layer layer4.0.conv2.weight: 11/512 channels masked
Layer layer4.0.downsample.0.weight: 46/512 channels masked
------------------------- time cost ------------------------- 3.56817626953125
ASR: 0.042975185525350186
attack_auc: 0.506100154436335
Layer conv1.weight: 1/64 channels masked
Layer layer3.0.downsample.0.weight: 1/256 channels masked
Layer layer4.0.conv1.weight: 3/512 channels masked
Layer layer4.0.conv2.weight: 13/512 channels masked
Layer layer4.0.downsample.0.weight: 46/512 channels masked
------------------------- time cost ------------------------- 3.9862167835235596
ASR: 0.040664759224972036
attack_auc: 0.4818149692648495
Layer layer3.0.downsample.0.weight: 1/256 channels masked
Layer layer4.0.conv1.weight: 2/512 channels masked
Layer layer4.0.conv2.weight: 16/512 channels masked
Layer layer4.0.downsample.0.weight: 47/512 channels masked
------------------------- time cost ------------------------- 3.629189968109131
ASR: 0.03988185830309104
attack_auc: 0.48884162725943414
Layer layer3.0.downsample.0.weight: 1/256 channels masked
Layer layer4.0.conv1.weight: 2/512 channels masked
Layer layer4.0.conv2.weight: 16/512 channels masked
Layer layer4.0.downsample.0.weight: 50/512 channels masked
------------------------- time cost ------------------------- 4.379975080490112

-------------Round number: 30-------------

Evaluate personalized models
Averaged Train Loss: 1.6530
Averaged Test Accurancy: 0.5247
Averaged Test AUC: 0.8808
Std Test Accurancy: 0.1712
Std Test AUC: 0.0977
ASR: 0.04093660174464943
attack_auc: 0.4896978099460385
Layer conv1.weight: 1/64 channels masked
Layer layer3.0.downsample.0.weight: 1/256 channels masked
Layer layer4.0.conv1.weight: 2/512 channels masked
Layer layer4.0.conv2.weight: 16/512 channels masked
Layer layer4.0.downsample.0.weight: 50/512 channels masked
------------------------- time cost ------------------------- 7.574094772338867
ASR: 0.041097216120783334
attack_auc: 0.48244954507780685
Layer conv1.weight: 1/64 channels masked
Layer layer3.0.downsample.0.weight: 1/256 channels masked
Layer layer4.0.conv1.weight: 2/512 channels masked
Layer layer4.0.conv2.weight: 17/512 channels masked
Layer layer4.0.downsample.0.weight: 51/512 channels masked
------------------------- time cost ------------------------- 3.211263656616211
ASR: 0.04636323935591014
attack_auc: 0.4719736631254209
Layer conv1.weight: 1/64 channels masked
Layer layer3.0.downsample.0.weight: 1/256 channels masked
Layer layer4.0.conv1.weight: 2/512 channels masked
Layer layer4.0.conv2.weight: 13/512 channels masked
Layer layer4.0.downsample.0.weight: 52/512 channels masked
------------------------- time cost ------------------------- 4.312237024307251
ASR: 0.05450150709718344
attack_auc: 0.4903215365752001
Layer conv1.weight: 1/64 channels masked
Layer layer3.0.downsample.0.weight: 1/256 channels masked
Layer layer4.0.conv1.weight: 2/512 channels masked
Layer layer4.0.conv2.weight: 16/512 channels masked
Layer layer4.0.downsample.0.weight: 51/512 channels masked
------------------------- time cost ------------------------- 3.9343724250793457
ASR: 0.04828263470507714
attack_auc: 0.4788005268663166
Layer conv1.weight: 1/64 channels masked
Layer layer3.0.downsample.0.weight: 1/256 channels masked
Layer layer4.0.conv1.weight: 1/512 channels masked
Layer layer4.0.conv2.weight: 16/512 channels masked
Layer layer4.0.downsample.0.weight: 51/512 channels masked
------------------------- time cost ------------------------- 4.054514408111572
ASR: 0.04651674433297986
attack_auc: 0.4769022017043264
Layer conv1.weight: 1/64 channels masked
Layer layer3.0.downsample.0.weight: 1/256 channels masked
Layer layer4.0.conv1.weight: 1/512 channels masked
Layer layer4.0.conv2.weight: 14/512 channels masked
Layer layer4.0.downsample.0.weight: 51/512 channels masked
------------------------- time cost ------------------------- 4.083366870880127
ASR: 0.05566406377797216
attack_auc: 0.48811329080709415
Layer conv1.weight: 1/64 channels masked
Layer layer3.0.downsample.0.weight: 1/256 channels masked
Layer layer4.0.conv1.weight: 1/512 channels masked
Layer layer4.0.conv2.weight: 16/512 channels masked
Layer layer4.0.downsample.0.weight: 51/512 channels masked
------------------------- time cost ------------------------- 3.92294979095459
ASR: 0.045719755290446674
attack_auc: 0.4862260250455598
Layer conv1.weight: 1/64 channels masked
Layer layer3.0.downsample.0.weight: 1/256 channels masked
Layer layer4.0.conv1.weight: 1/512 channels masked
Layer layer4.0.conv2.weight: 14/512 channels masked
Layer layer4.0.downsample.0.weight: 55/512 channels masked
------------------------- time cost ------------------------- 3.671689033508301
ASR: 0.04589120091139553
attack_auc: 0.4854063072724247
Layer conv1.weight: 1/64 channels masked
Layer layer3.0.downsample.0.weight: 1/256 channels masked
Layer layer4.0.conv1.weight: 1/512 channels masked
Layer layer4.0.conv2.weight: 19/512 channels masked
Layer layer4.0.downsample.0.weight: 53/512 channels masked
------------------------- time cost ------------------------- 3.7009096145629883
ASR: 0.044100282538278586
attack_auc: 0.48664691539446786
Layer conv1.weight: 1/64 channels masked
Layer layer3.0.downsample.0.weight: 1/256 channels masked
Layer layer4.0.conv2.weight: 15/512 channels masked
Layer layer4.0.downsample.0.weight: 53/512 channels masked
------------------------- time cost ------------------------- 3.829453945159912

-------------Round number: 40-------------

Evaluate personalized models
Averaged Train Loss: 1.3359
Averaged Test Accurancy: 0.5606
Averaged Test AUC: 0.8996
Std Test Accurancy: 0.1674
Std Test AUC: 0.0849
ASR: 0.05565763605182942
attack_auc: 0.47889604277951414
Layer conv1.weight: 1/64 channels masked
Layer layer3.0.downsample.0.weight: 1/256 channels masked
Layer layer4.0.conv2.weight: 16/512 channels masked
Layer layer4.0.downsample.0.weight: 53/512 channels masked
------------------------- time cost ------------------------- 8.164389371871948
ASR: 0.06250124452864493
attack_auc: 0.5039479707462509
Layer conv1.weight: 1/64 channels masked
Layer layer3.0.downsample.0.weight: 1/256 channels masked
Layer layer4.0.conv2.weight: 17/512 channels masked
Layer layer4.0.downsample.0.weight: 52/512 channels masked
------------------------- time cost ------------------------- 4.087004661560059
ASR: 0.0625274708087744
attack_auc: 0.5068807880797601
Layer conv1.weight: 1/64 channels masked
Layer layer3.0.downsample.0.weight: 1/256 channels masked
Layer layer4.0.conv2.weight: 19/512 channels masked
Layer layer4.0.downsample.0.weight: 53/512 channels masked
------------------------- time cost ------------------------- 3.995295763015747
ASR: 0.06239232215479637
attack_auc: 0.4967905942712575
Layer conv1.weight: 1/64 channels masked
Layer layer3.0.downsample.0.weight: 1/256 channels masked
Layer layer4.0.conv1.weight: 1/512 channels masked
Layer layer4.0.conv2.weight: 11/512 channels masked
Layer layer4.0.downsample.0.weight: 52/512 channels masked
------------------------- time cost ------------------------- 4.394057750701904
ASR: 0.06202779061510752
attack_auc: 0.4997931795508569
Layer conv1.weight: 1/64 channels masked
Layer layer3.0.downsample.0.weight: 1/256 channels masked
Layer layer4.0.conv1.weight: 1/512 channels masked
Layer layer4.0.conv2.weight: 14/512 channels masked
Layer layer4.0.downsample.0.weight: 49/512 channels masked
------------------------- time cost ------------------------- 3.5647072792053223
ASR: 0.06435937680917006
attack_auc: 0.502453681301349
Layer conv1.weight: 2/64 channels masked
Layer layer3.0.downsample.0.weight: 1/256 channels masked
Layer layer4.0.conv1.weight: 1/512 channels masked
Layer layer4.0.conv2.weight: 14/512 channels masked
Layer layer4.0.downsample.0.weight: 50/512 channels masked
------------------------- time cost ------------------------- 3.926751136779785
ASR: 0.06037788987696358
attack_auc: 0.4999074412270782
Layer conv1.weight: 2/64 channels masked
Layer layer3.0.downsample.0.weight: 1/256 channels masked
Layer layer4.0.conv1.weight: 1/512 channels masked
Layer layer4.0.conv2.weight: 13/512 channels masked
Layer layer4.0.downsample.0.weight: 46/512 channels masked
------------------------- time cost ------------------------- 3.936781406402588
ASR: 0.04629142680300279
attack_auc: 0.4672609960742776
Layer conv1.weight: 1/64 channels masked
Layer layer3.0.downsample.0.weight: 1/256 channels masked
Layer layer4.0.conv1.weight: 1/512 channels masked
Layer layer4.0.conv2.weight: 13/512 channels masked
Layer layer4.0.downsample.0.weight: 47/512 channels masked
------------------------- time cost ------------------------- 4.102018117904663
ASR: 0.043767279498763155
attack_auc: 0.4650010855947059
Layer conv1.weight: 1/64 channels masked
Layer layer3.0.downsample.0.weight: 1/256 channels masked
Layer layer4.0.conv1.weight: 1/512 channels masked
Layer layer4.0.conv2.weight: 15/512 channels masked
Layer layer4.0.downsample.0.weight: 47/512 channels masked
------------------------- time cost ------------------------- 4.122910499572754
ASR: 0.04219336053448678
attack_auc: 0.46267283853434327
Layer conv1.weight: 1/64 channels masked
Layer layer3.0.downsample.0.weight: 1/256 channels masked
Layer layer4.0.conv1.weight: 1/512 channels masked
Layer layer4.0.conv2.weight: 15/512 channels masked
Layer layer4.0.downsample.0.weight: 49/512 channels masked
------------------------- time cost ------------------------- 3.4346797466278076

-------------Round number: 50-------------

Evaluate personalized models
Averaged Train Loss: 1.0660
Averaged Test Accurancy: 0.5944
Averaged Test AUC: 0.9144
Std Test Accurancy: 0.1512
Std Test AUC: 0.0465
ASR: 0.052263911172464414
attack_auc: 0.481114512724362
Layer conv1.weight: 1/64 channels masked
Layer layer3.0.downsample.0.weight: 1/256 channels masked
Layer layer4.0.conv1.weight: 1/512 channels masked
Layer layer4.0.conv2.weight: 14/512 channels masked
Layer layer4.0.downsample.0.weight: 49/512 channels masked
------------------------- time cost ------------------------- 7.778127670288086
ASR: 0.046067819049073824
attack_auc: 0.5001786566602124
Layer conv1.weight: 1/64 channels masked
Layer layer3.0.downsample.0.weight: 1/256 channels masked
Layer layer4.0.conv1.weight: 1/512 channels masked
Layer layer4.0.conv2.weight: 13/512 channels masked
Layer layer4.0.downsample.0.weight: 50/512 channels masked
------------------------- time cost ------------------------- 3.81252121925354
ASR: 0.025972149380221587
attack_auc: 0.4622552430749605
Layer conv1.weight: 1/64 channels masked
Layer layer3.0.downsample.0.weight: 1/256 channels masked
Layer layer4.0.conv1.weight: 1/512 channels masked
Layer layer4.0.conv2.weight: 12/512 channels masked
Layer layer4.0.downsample.0.weight: 48/512 channels masked
------------------------- time cost ------------------------- 3.806960105895996
ASR: 0.03574379344421111
attack_auc: 0.4848284209366583
Layer conv1.weight: 1/64 channels masked
Layer layer3.0.downsample.0.weight: 1/256 channels masked
Layer layer4.0.conv1.weight: 1/512 channels masked
Layer layer4.0.conv2.weight: 11/512 channels masked
Layer layer4.0.downsample.0.weight: 50/512 channels masked
------------------------- time cost ------------------------- 3.424936532974243
ASR: 0.033560900112921094
attack_auc: 0.47620977554023725
Layer conv1.weight: 1/64 channels masked
Layer layer3.0.downsample.0.weight: 1/256 channels masked
Layer layer4.0.conv1.weight: 1/512 channels masked
Layer layer4.0.conv2.weight: 10/512 channels masked
Layer layer4.0.downsample.0.weight: 51/512 channels masked
------------------------- time cost ------------------------- 3.7500829696655273
ASR: 0.03207174745285099
attack_auc: 0.47908901032162915
Layer conv1.weight: 1/64 channels masked
Layer layer3.0.downsample.0.weight: 1/256 channels masked
Layer layer4.0.conv1.weight: 2/512 channels masked
Layer layer4.0.conv2.weight: 9/512 channels masked
Layer layer4.0.downsample.0.weight: 52/512 channels masked
------------------------- time cost ------------------------- 3.6389431953430176
ASR: 0.04088504588295271
attack_auc: 0.5042239933466561
Layer conv1.weight: 1/64 channels masked
Layer layer3.0.downsample.0.weight: 1/256 channels masked
Layer layer4.0.conv1.weight: 2/512 channels masked
Layer layer4.0.conv2.weight: 9/512 channels masked
Layer layer4.0.downsample.0.weight: 53/512 channels masked
------------------------- time cost ------------------------- 3.572120189666748
ASR: 0.04611666926532012
attack_auc: 0.5151704744911295
Layer conv1.weight: 1/64 channels masked
Layer layer3.0.downsample.0.weight: 1/256 channels masked
Layer layer4.0.conv1.weight: 2/512 channels masked
Layer layer4.0.conv2.weight: 8/512 channels masked
Layer layer4.0.downsample.0.weight: 51/512 channels masked
------------------------- time cost ------------------------- 3.6883676052093506
ASR: 0.039530886648413956
attack_auc: 0.5160022997233153
Layer conv1.weight: 1/64 channels masked
Layer layer3.0.downsample.0.weight: 1/256 channels masked
Layer layer4.0.conv1.weight: 1/512 channels masked
Layer layer4.0.conv2.weight: 10/512 channels masked
Layer layer4.0.downsample.0.weight: 52/512 channels masked
------------------------- time cost ------------------------- 3.6484861373901367
ASR: 0.04530082758797113
attack_auc: 0.5289685804096707
Layer layer3.0.downsample.0.weight: 1/256 channels masked
Layer layer4.0.conv1.weight: 1/512 channels masked
Layer layer4.0.conv2.weight: 8/512 channels masked
Layer layer4.0.downsample.0.weight: 54/512 channels masked
------------------------- time cost ------------------------- 3.8417015075683594

-------------Round number: 60-------------

Evaluate personalized models
Averaged Train Loss: 0.9624
Averaged Test Accurancy: 0.6412
Averaged Test AUC: 0.9278
Std Test Accurancy: 0.1058
Std Test AUC: 0.0306
ASR: 0.03612406268312232
attack_auc: 0.5012142835949159
Layer conv1.weight: 1/64 channels masked
Layer layer3.0.downsample.0.weight: 1/256 channels masked
Layer layer4.0.conv1.weight: 1/512 channels masked
Layer layer4.0.conv2.weight: 5/512 channels masked
Layer layer4.0.downsample.0.weight: 54/512 channels masked
------------------------- time cost ------------------------- 7.679108619689941
ASR: 0.03311288207548734
attack_auc: 0.5026505557035842
Layer conv1.weight: 1/64 channels masked
Layer layer3.0.downsample.0.weight: 1/256 channels masked
Layer layer4.0.conv1.weight: 2/512 channels masked
Layer layer4.0.conv2.weight: 5/512 channels masked
Layer layer4.0.downsample.0.weight: 56/512 channels masked
------------------------- time cost ------------------------- 3.8452038764953613
ASR: 0.03534373102937229
attack_auc: 0.49790819448878765
Layer conv1.weight: 1/64 channels masked
Layer layer3.0.downsample.0.weight: 1/256 channels masked
Layer layer4.0.conv1.weight: 1/512 channels masked
Layer layer4.0.conv2.weight: 4/512 channels masked
Layer layer4.0.downsample.0.weight: 55/512 channels masked
------------------------- time cost ------------------------- 3.691807270050049
ASR: 0.03325679575463914
attack_auc: 0.4851424005580124
Layer conv1.weight: 1/64 channels masked
Layer layer3.0.downsample.0.weight: 1/256 channels masked
Layer layer4.0.conv1.weight: 1/512 channels masked
Layer layer4.0.conv2.weight: 5/512 channels masked
Layer layer4.0.downsample.0.weight: 57/512 channels masked
------------------------- time cost ------------------------- 4.066150426864624
ASR: 0.03109099341128872
attack_auc: 0.4912538910991492
Layer conv1.weight: 1/64 channels masked
Layer layer3.0.downsample.0.weight: 1/256 channels masked
Layer layer4.0.conv1.weight: 1/512 channels masked
Layer layer4.0.conv2.weight: 3/512 channels masked
Layer layer4.0.downsample.0.weight: 52/512 channels masked
------------------------- time cost ------------------------- 3.477598190307617
ASR: 0.03491652256424506
attack_auc: 0.4988676038537965
Layer layer3.0.downsample.0.weight: 1/256 channels masked
Layer layer4.0.conv1.weight: 1/512 channels masked
Layer layer4.0.conv2.weight: 5/512 channels masked
Layer layer4.0.downsample.0.weight: 53/512 channels masked
------------------------- time cost ------------------------- 3.620293378829956
ASR: 0.03622982325032078
attack_auc: 0.5045586023565025
Layer layer3.0.downsample.0.weight: 1/256 channels masked
Layer layer4.0.conv1.weight: 1/512 channels masked
Layer layer4.0.conv2.weight: 5/512 channels masked
Layer layer4.0.downsample.0.weight: 55/512 channels masked
------------------------- time cost ------------------------- 3.6952106952667236
ASR: 0.034852603449946194
attack_auc: 0.49527585770702826
Layer layer3.0.downsample.0.weight: 1/256 channels masked
Layer layer4.0.conv1.weight: 1/512 channels masked
Layer layer4.0.conv2.weight: 5/512 channels masked
Layer layer4.0.downsample.0.weight: 57/512 channels masked
------------------------- time cost ------------------------- 3.7486698627471924
ASR: 0.04210545430853155
attack_auc: 0.5203501349760306
Layer layer3.0.downsample.0.weight: 1/256 channels masked
Layer layer4.0.conv1.weight: 1/512 channels masked
Layer layer4.0.conv2.weight: 6/512 channels masked
Layer layer4.0.downsample.0.weight: 56/512 channels masked
------------------------- time cost ------------------------- 3.6248416900634766
ASR: 0.03741617250166021
attack_auc: 0.5029999690425597
Layer layer3.0.downsample.0.weight: 1/256 channels masked
Layer layer4.0.conv2.weight: 6/512 channels masked
Layer layer4.0.downsample.0.weight: 56/512 channels masked
------------------------- time cost ------------------------- 3.7056729793548584

-------------Round number: 70-------------

Evaluate personalized models
Averaged Train Loss: 0.9272
Averaged Test Accurancy: 0.6493
Averaged Test AUC: 0.9306
Std Test Accurancy: 0.1088
Std Test AUC: 0.0285
ASR: 0.04033503335844409
attack_auc: 0.5193219097770772
Layer layer3.0.downsample.0.weight: 1/256 channels masked
Layer layer4.0.conv2.weight: 5/512 channels masked
Layer layer4.0.downsample.0.weight: 52/512 channels masked
Layer layer4.1.conv2.weight: 1/512 channels masked
------------------------- time cost ------------------------- 7.775977849960327
ASR: 0.039677207557447
attack_auc: 0.5305551934210673
Layer layer3.0.downsample.0.weight: 1/256 channels masked
Layer layer4.0.conv1.weight: 1/512 channels masked
Layer layer4.0.conv2.weight: 7/512 channels masked
Layer layer4.0.downsample.0.weight: 51/512 channels masked
------------------------- time cost ------------------------- 3.6679093837738037
ASR: 0.03508293235228898
attack_auc: 0.5241476011093036
Layer layer3.0.downsample.0.weight: 1/256 channels masked
Layer layer4.0.conv2.weight: 8/512 channels masked
Layer layer4.0.downsample.0.weight: 55/512 channels masked
------------------------- time cost ------------------------- 3.7554428577423096
ASR: 0.0375601542618668
attack_auc: 0.515198682663565
Layer layer3.0.downsample.0.weight: 1/256 channels masked
Layer layer4.0.conv2.weight: 7/512 channels masked
Layer layer4.0.downsample.0.weight: 56/512 channels masked
------------------------- time cost ------------------------- 3.710167169570923
ASR: 0.03813448541186035
attack_auc: 0.5239563285388187
Layer layer3.0.downsample.0.weight: 1/256 channels masked
Layer layer4.0.conv2.weight: 5/512 channels masked
Layer layer4.0.downsample.0.weight: 56/512 channels masked
------------------------- time cost ------------------------- 3.6786255836486816
ASR: 0.033020745138956496
attack_auc: 0.5155400598446587
Layer layer3.0.downsample.0.weight: 1/256 channels masked
Layer layer4.0.conv1.weight: 1/512 channels masked
Layer layer4.0.conv2.weight: 6/512 channels masked
Layer layer4.0.downsample.0.weight: 52/512 channels masked
------------------------- time cost ------------------------- 3.707493305206299
ASR: 0.038739194708335374
attack_auc: 0.5212766823169168
Layer layer3.0.downsample.0.weight: 1/256 channels masked
Layer layer4.0.conv1.weight: 1/512 channels masked
Layer layer4.0.conv2.weight: 5/512 channels masked
Layer layer4.0.downsample.0.weight: 44/512 channels masked
------------------------- time cost ------------------------- 3.4269301891326904
ASR: 0.03165737919955123
attack_auc: 0.5192281207775055
Layer layer3.0.downsample.0.weight: 1/256 channels masked
Layer layer4.0.conv1.weight: 2/512 channels masked
Layer layer4.0.conv2.weight: 6/512 channels masked
Layer layer4.0.downsample.0.weight: 48/512 channels masked
------------------------- time cost ------------------------- 3.472914218902588
ASR: 0.03715091340038294
attack_auc: 0.5128828503529056
Layer layer3.0.downsample.0.weight: 1/256 channels masked
Layer layer4.0.conv1.weight: 1/512 channels masked
Layer layer4.0.conv2.weight: 7/512 channels masked
Layer layer4.0.downsample.0.weight: 48/512 channels masked
------------------------- time cost ------------------------- 4.041648864746094
ASR: 0.03382158836345321
attack_auc: 0.5098079105160843
Layer layer3.0.downsample.0.weight: 1/256 channels masked
Layer layer4.0.conv1.weight: 1/512 channels masked
Layer layer4.0.conv2.weight: 5/512 channels masked
Layer layer4.0.downsample.0.weight: 49/512 channels masked
------------------------- time cost ------------------------- 3.7206997871398926

-------------Round number: 80-------------

Evaluate personalized models
Averaged Train Loss: 0.9221
Averaged Test Accurancy: 0.6512
Averaged Test AUC: 0.9328
Std Test Accurancy: 0.1171
Std Test AUC: 0.0277
ASR: 0.039382499686286244
attack_auc: 0.5333908142423541
Layer layer3.0.downsample.0.weight: 1/256 channels masked
Layer layer4.0.conv1.weight: 1/512 channels masked
Layer layer4.0.conv2.weight: 6/512 channels masked
Layer layer4.0.downsample.0.weight: 42/512 channels masked
------------------------- time cost ------------------------- 7.515199184417725
ASR: 0.04012933487888335
attack_auc: 0.5385673158320816
Layer layer3.0.downsample.0.weight: 1/256 channels masked
Layer layer4.0.conv1.weight: 1/512 channels masked
Layer layer4.0.conv2.weight: 7/512 channels masked
Layer layer4.0.downsample.0.weight: 51/512 channels masked
------------------------- time cost ------------------------- 3.4334921836853027
ASR: 0.03912098166881376
attack_auc: 0.5340091834838713
Layer layer3.0.downsample.0.weight: 1/256 channels masked
Layer layer4.0.conv2.weight: 6/512 channels masked
Layer layer4.0.downsample.0.weight: 50/512 channels masked
------------------------- time cost ------------------------- 3.912480115890503
ASR: 0.03991203606600948
attack_auc: 0.5455405805090088
Layer layer3.0.downsample.0.weight: 1/256 channels masked
Layer layer4.0.conv2.weight: 4/512 channels masked
Layer layer4.0.downsample.0.weight: 53/512 channels masked
------------------------- time cost ------------------------- 3.354562520980835
ASR: 0.042461881620891595
attack_auc: 0.5480981033789749
Layer layer3.0.downsample.0.weight: 1/256 channels masked
Layer layer4.0.conv2.weight: 5/512 channels masked
Layer layer4.0.downsample.0.weight: 52/512 channels masked
------------------------- time cost ------------------------- 3.6528570652008057
ASR: 0.04117997136621257
attack_auc: 0.5557639480221253
Layer layer3.0.downsample.0.weight: 1/256 channels masked
Layer layer4.0.conv2.weight: 6/512 channels masked
Layer layer4.0.downsample.0.weight: 54/512 channels masked
------------------------- time cost ------------------------- 4.256290912628174
ASR: 0.04024989325502026
attack_auc: 0.5512822494273463
Layer layer3.0.downsample.0.weight: 1/256 channels masked
Layer layer4.0.conv2.weight: 5/512 channels masked
Layer layer4.0.downsample.0.weight: 53/512 channels masked
------------------------- time cost ------------------------- 3.571805953979492
ASR: 0.03472789898813122
attack_auc: 0.5440416733843765
Layer layer3.0.downsample.0.weight: 1/256 channels masked
Layer layer4.0.conv2.weight: 5/512 channels masked
Layer layer4.0.downsample.0.weight: 55/512 channels masked
------------------------- time cost ------------------------- 3.734360933303833
ASR: 0.04199589518512924
attack_auc: 0.5458437023496957
Layer layer3.0.downsample.0.weight: 1/256 channels masked
Layer layer4.0.conv2.weight: 5/512 channels masked
Layer layer4.0.downsample.0.weight: 54/512 channels masked
------------------------- time cost ------------------------- 3.3491618633270264
ASR: 0.044619485190029
attack_auc: 0.5452541994916997
Layer layer3.0.downsample.0.weight: 1/256 channels masked
Layer layer4.0.conv2.weight: 4/512 channels masked
Layer layer4.0.downsample.0.weight: 54/512 channels masked
------------------------- time cost ------------------------- 4.077203273773193

-------------Round number: 90-------------

Evaluate personalized models
Averaged Train Loss: 0.8206
Averaged Test Accurancy: 0.6770
Averaged Test AUC: 0.9390
Std Test Accurancy: 0.1207
Std Test AUC: 0.0295
ASR: 0.0541752475749582
attack_auc: 0.5601531044673963
Layer layer3.0.downsample.0.weight: 1/256 channels masked
Layer layer4.0.conv2.weight: 4/512 channels masked
Layer layer4.0.downsample.0.weight: 53/512 channels masked
------------------------- time cost ------------------------- 8.044134616851807
ASR: 0.04912015744669311
attack_auc: 0.5734124951538596
Layer layer3.0.downsample.0.weight: 1/256 channels masked
Layer layer4.0.conv2.weight: 3/512 channels masked
Layer layer4.0.downsample.0.weight: 48/512 channels masked
------------------------- time cost ------------------------- 3.758646249771118
ASR: 0.04795634620687764
attack_auc: 0.5650613275293856
Layer layer3.0.downsample.0.weight: 1/256 channels masked
Layer layer4.0.conv2.weight: 4/512 channels masked
Layer layer4.0.downsample.0.weight: 49/512 channels masked
------------------------- time cost ------------------------- 3.2378151416778564
ASR: 0.05868697510655233
attack_auc: 0.5797430215115256
Layer layer3.0.downsample.0.weight: 1/256 channels masked
Layer layer4.0.conv2.weight: 4/512 channels masked
Layer layer4.0.downsample.0.weight: 48/512 channels masked
------------------------- time cost ------------------------- 3.974719524383545
ASR: 0.04788754703664429
attack_auc: 0.5572061493196192
Layer layer3.0.downsample.0.weight: 1/256 channels masked
Layer layer4.0.conv2.weight: 4/512 channels masked
Layer layer4.0.downsample.0.weight: 48/512 channels masked
------------------------- time cost ------------------------- 4.239416599273682
ASR: 0.045996619202210334
attack_auc: 0.5617293968009255
Layer layer3.0.downsample.0.weight: 1/256 channels masked
Layer layer4.0.conv2.weight: 2/512 channels masked
Layer layer4.0.downsample.0.weight: 47/512 channels masked
------------------------- time cost ------------------------- 4.122545480728149
ASR: 0.05125897781163827
attack_auc: 0.5610437767427385
Layer conv1.weight: 1/64 channels masked
Layer layer3.0.downsample.0.weight: 1/256 channels masked
Layer layer4.0.conv2.weight: 2/512 channels masked
Layer layer4.0.downsample.0.weight: 47/512 channels masked
Layer layer4.1.conv2.weight: 2/512 channels masked
------------------------- time cost ------------------------- 3.980642795562744
ASR: 0.0503412112916011
attack_auc: 0.5547061635565514
Layer layer3.0.downsample.0.weight: 1/256 channels masked
Layer layer4.0.conv2.weight: 4/512 channels masked
Layer layer4.0.downsample.0.weight: 48/512 channels masked
------------------------- time cost ------------------------- 3.6681175231933594
ASR: 0.05491699985545182
attack_auc: 0.5574379318729183
Layer layer3.0.downsample.0.weight: 1/256 channels masked
Layer layer4.0.conv2.weight: 2/512 channels masked
Layer layer4.0.downsample.0.weight: 47/512 channels masked
------------------------- time cost ------------------------- 3.823503017425537
ASR: 0.046138172262512295
attack_auc: 0.5539521104755499
Layer layer3.0.downsample.0.weight: 1/256 channels masked
Layer layer4.0.conv2.weight: 2/512 channels masked
Layer layer4.0.downsample.0.weight: 50/512 channels masked
------------------------- time cost ------------------------- 3.7923967838287354

-------------Round number: 100-------------

Evaluate personalized models
Averaged Train Loss: 0.7958
Averaged Test Accurancy: 0.6824
Averaged Test AUC: 0.9401
Std Test Accurancy: 0.1209
Std Test AUC: 0.0301
ASR: 0.05417157674499443
attack_auc: 0.5631408340986309
Layer layer3.0.downsample.0.weight: 1/256 channels masked
Layer layer4.0.conv2.weight: 3/512 channels masked
Layer layer4.0.downsample.0.weight: 49/512 channels masked
------------------------- time cost ------------------------- 7.948534727096558
ASR: 0.05579052896925966
attack_auc: 0.5679404918515277
Layer layer3.0.downsample.0.weight: 1/256 channels masked
Layer layer4.0.conv2.weight: 2/512 channels masked
Layer layer4.0.downsample.0.weight: 48/512 channels masked
------------------------- time cost ------------------------- 3.94685435295105
ASR: 0.05105926449054466
attack_auc: 0.5671587777272504
Layer layer3.0.downsample.0.weight: 1/256 channels masked
Layer layer4.0.conv2.weight: 3/512 channels masked
Layer layer4.0.downsample.0.weight: 48/512 channels masked
------------------------- time cost ------------------------- 4.0158371925354
ASR: 0.053260189278209254
attack_auc: 0.5693732977678007
Layer layer3.0.downsample.0.weight: 1/256 channels masked
Layer layer4.0.conv2.weight: 3/512 channels masked
Layer layer4.0.downsample.0.weight: 50/512 channels masked
------------------------- time cost ------------------------- 3.9124326705932617
ASR: 0.05134873078359945
attack_auc: 0.5731027999196749
Layer layer3.0.downsample.0.weight: 1/256 channels masked
Layer layer4.0.conv2.weight: 3/512 channels masked
Layer layer4.0.downsample.0.weight: 50/512 channels masked
------------------------- time cost ------------------------- 4.088606357574463
ASR: 0.04626825505829755
attack_auc: 0.5503350046919678
Layer layer3.0.downsample.0.weight: 1/256 channels masked
Layer layer4.0.conv2.weight: 4/512 channels masked
Layer layer4.0.downsample.0.weight: 50/512 channels masked
------------------------- time cost ------------------------- 3.420886278152466
ASR: 0.04360650431958121
attack_auc: 0.5487761333912913
Layer layer3.0.downsample.0.weight: 1/256 channels masked
Layer layer4.0.conv2.weight: 1/512 channels masked
Layer layer4.0.downsample.0.weight: 51/512 channels masked
------------------------- time cost ------------------------- 3.6205317974090576
ASR: 0.03907614196941667
attack_auc: 0.542213461524249
Layer layer3.0.downsample.0.weight: 1/256 channels masked
Layer layer4.0.conv2.weight: 1/512 channels masked
Layer layer4.0.downsample.0.weight: 48/512 channels masked
------------------------- time cost ------------------------- 4.317925691604614
ASR: 0.037338108557388366
attack_auc: 0.520409038240502
Layer layer3.0.downsample.0.weight: 1/256 channels masked
Layer layer4.0.conv2.weight: 1/512 channels masked
Layer layer4.0.downsample.0.weight: 48/512 channels masked
------------------------- time cost ------------------------- 3.9972095489501953
ASR: 0.043975179918976315
attack_auc: 0.540313347595619
Layer layer3.0.downsample.0.weight: 1/256 channels masked
Layer layer4.0.conv2.weight: 1/512 channels masked
Layer layer4.0.downsample.0.weight: 45/512 channels masked
------------------------- time cost ------------------------- 3.519826650619507

-------------Round number: 110-------------

Evaluate personalized models
Averaged Train Loss: 0.7657
Averaged Test Accurancy: 0.6842
Averaged Test AUC: 0.9410
Std Test Accurancy: 0.1157
Std Test AUC: 0.0282
ASR: 0.05743994992294138
attack_auc: 0.5671416673587276
Layer layer3.0.downsample.0.weight: 1/256 channels masked
Layer layer4.0.conv2.weight: 1/512 channels masked
Layer layer4.0.downsample.0.weight: 46/512 channels masked
------------------------- time cost ------------------------- 8.047667741775513
ASR: 0.052219311588720424
attack_auc: 0.5540940063309674
Layer layer3.0.downsample.0.weight: 1/256 channels masked
Layer layer4.0.conv2.weight: 2/512 channels masked
Layer layer4.0.downsample.0.weight: 46/512 channels masked
------------------------- time cost ------------------------- 3.70093035697937
ASR: 0.051436881181549536
attack_auc: 0.5606016249179363
Layer layer3.0.downsample.0.weight: 1/256 channels masked
Layer layer4.0.conv2.weight: 2/512 channels masked
Layer layer4.0.downsample.0.weight: 48/512 channels masked
------------------------- time cost ------------------------- 3.9569878578186035
ASR: 0.057188988915925686
attack_auc: 0.5825292488327769
Layer layer3.0.downsample.0.weight: 1/256 channels masked
Layer layer4.0.conv2.weight: 5/512 channels masked
Layer layer4.0.downsample.0.weight: 47/512 channels masked
------------------------- time cost ------------------------- 3.4589905738830566
ASR: 0.052904026893051605
attack_auc: 0.5692717442241317
Layer layer3.0.downsample.0.weight: 1/256 channels masked
Layer layer4.0.conv2.weight: 3/512 channels masked
Layer layer4.0.downsample.0.weight: 50/512 channels masked
------------------------- time cost ------------------------- 3.448540449142456
ASR: 0.05406894860643019
attack_auc: 0.5669303956183573
Layer layer3.0.downsample.0.weight: 1/256 channels masked
Layer layer4.0.conv2.weight: 1/512 channels masked
Layer layer4.0.downsample.0.weight: 45/512 channels masked
Layer layer4.1.conv2.weight: 1/512 channels masked
------------------------- time cost ------------------------- 4.3327977657318115
ASR: 0.05318858944892667
attack_auc: 0.5682348273551777
Layer layer3.0.downsample.0.weight: 1/256 channels masked
Layer layer4.0.conv2.weight: 1/512 channels masked
Layer layer4.0.downsample.0.weight: 45/512 channels masked
------------------------- time cost ------------------------- 3.7502083778381348
ASR: 0.04979615695888125
attack_auc: 0.5654642028386844
Layer layer3.0.downsample.0.weight: 1/256 channels masked
Layer layer4.0.conv2.weight: 1/512 channels masked
Layer layer4.0.downsample.0.weight: 45/512 channels masked
Layer layer4.1.conv2.weight: 1/512 channels masked
------------------------- time cost ------------------------- 4.111383676528931
ASR: 0.05761309167891257
attack_auc: 0.5730596280741513
Layer layer3.0.downsample.0.weight: 1/256 channels masked
Layer layer4.0.conv2.weight: 2/512 channels masked
Layer layer4.0.downsample.0.weight: 46/512 channels masked
Layer layer4.1.conv2.weight: 1/512 channels masked
------------------------- time cost ------------------------- 3.780383586883545
ASR: 0.05485962366256696
attack_auc: 0.5704045727313413
Layer layer3.0.downsample.0.weight: 1/256 channels masked
Layer layer4.0.conv2.weight: 1/512 channels masked
Layer layer4.0.downsample.0.weight: 47/512 channels masked
Layer layer4.1.conv2.weight: 1/512 channels masked
------------------------- time cost ------------------------- 3.948939323425293

-------------Round number: 120-------------

Evaluate personalized models
Averaged Train Loss: 0.6947
Averaged Test Accurancy: 0.7025
Averaged Test AUC: 0.9448
Std Test Accurancy: 0.1080
Std Test AUC: 0.0256
ASR: 0.053730355215393634
attack_auc: 0.567915577985914
Layer layer3.0.downsample.0.weight: 1/256 channels masked
Layer layer4.0.downsample.0.weight: 48/512 channels masked
Layer layer4.1.conv2.weight: 1/512 channels masked
------------------------- time cost ------------------------- 8.31421184539795
ASR: 0.04701619355615094
attack_auc: 0.547384095056883
Layer layer3.0.downsample.0.weight: 1/256 channels masked
Layer layer4.0.downsample.0.weight: 50/512 channels masked
Layer layer4.1.conv2.weight: 1/512 channels masked
------------------------- time cost ------------------------- 3.894036054611206
ASR: 0.044762531119764436
attack_auc: 0.5453549979795592
Layer layer3.0.downsample.0.weight: 1/256 channels masked
Layer layer4.0.downsample.0.weight: 51/512 channels masked
Layer layer4.1.conv2.weight: 1/512 channels masked
------------------------- time cost ------------------------- 3.5653269290924072
ASR: 0.055292701823580884
attack_auc: 0.5783536408005223
Layer layer3.0.downsample.0.weight: 1/256 channels masked
Layer layer4.0.conv1.weight: 1/512 channels masked
Layer layer4.0.downsample.0.weight: 49/512 channels masked
Layer layer4.1.conv2.weight: 1/512 channels masked
------------------------- time cost ------------------------- 4.16495943069458
ASR: 0.04948011050712597
attack_auc: 0.5729138330917702
Layer layer3.0.downsample.0.weight: 1/256 channels masked
Layer layer4.0.conv2.weight: 1/512 channels masked
Layer layer4.0.downsample.0.weight: 47/512 channels masked
Layer layer4.1.conv2.weight: 1/512 channels masked
------------------------- time cost ------------------------- 3.7252020835876465
ASR: 0.042547081006464
attack_auc: 0.5553926475723645
Layer layer3.0.downsample.0.weight: 1/256 channels masked
Layer layer4.0.conv2.weight: 1/512 channels masked
Layer layer4.0.downsample.0.weight: 47/512 channels masked
Layer layer4.1.conv2.weight: 1/512 channels masked
------------------------- time cost ------------------------- 3.710505485534668
ASR: 0.04148538227561197
attack_auc: 0.566356339826974
Layer layer3.0.downsample.0.weight: 1/256 channels masked
Layer layer4.0.conv2.weight: 1/512 channels masked
Layer layer4.0.downsample.0.weight: 52/512 channels masked
Layer layer4.1.conv2.weight: 1/512 channels masked
------------------------- time cost ------------------------- 3.989590644836426
ASR: 0.07459357609588081
attack_auc: 0.6041128690548615
Layer layer3.0.downsample.0.weight: 1/256 channels masked
Layer layer4.0.downsample.0.weight: 55/512 channels masked
Layer layer4.1.conv2.weight: 1/512 channels masked
------------------------- time cost ------------------------- 3.2658889293670654
ASR: 0.09750993965194699
attack_auc: 0.6486026190656378
Layer layer3.0.downsample.0.weight: 1/256 channels masked
Layer layer4.0.downsample.0.weight: 55/512 channels masked
Layer layer4.1.conv2.weight: 1/512 channels masked
------------------------- time cost ------------------------- 3.8360812664031982
ASR: 0.08736575761218918
attack_auc: 0.6438595025892636
Layer layer3.0.downsample.0.weight: 1/256 channels masked
Layer layer4.0.downsample.0.weight: 55/512 channels masked
Layer layer4.1.conv2.weight: 1/512 channels masked
------------------------- time cost ------------------------- 3.879807472229004

-------------Round number: 130-------------

Evaluate personalized models
Averaged Train Loss: 0.6425
Averaged Test Accurancy: 0.7106
Averaged Test AUC: 0.9462
Std Test Accurancy: 0.1100
Std Test AUC: 0.0250
ASR: 0.08259912011721494
attack_auc: 0.6312485103244168
Layer layer3.0.downsample.0.weight: 1/256 channels masked
Layer layer4.0.conv2.weight: 1/512 channels masked
Layer layer4.0.downsample.0.weight: 54/512 channels masked
Layer layer4.1.conv2.weight: 1/512 channels masked
------------------------- time cost ------------------------- 8.27974271774292
ASR: 0.0737866053137474
attack_auc: 0.6224631172728471
Layer layer3.0.downsample.0.weight: 1/256 channels masked
Layer layer4.0.downsample.0.weight: 55/512 channels masked
Layer layer4.1.conv2.weight: 1/512 channels masked
------------------------- time cost ------------------------- 4.192363739013672
ASR: 0.08096588982981605
attack_auc: 0.6356448483270012
Layer layer3.0.downsample.0.weight: 1/256 channels masked
Layer layer4.0.downsample.0.weight: 55/512 channels masked
Layer layer4.1.conv2.weight: 1/512 channels masked
------------------------- time cost ------------------------- 4.227497339248657
ASR: 0.06867467993115298
attack_auc: 0.6163809727042954
Layer layer3.0.downsample.0.weight: 1/256 channels masked
Layer layer4.0.conv2.weight: 1/512 channels masked
Layer layer4.0.downsample.0.weight: 49/512 channels masked
Layer layer4.1.conv2.weight: 1/512 channels masked
------------------------- time cost ------------------------- 3.629239559173584
ASR: 0.08703190275518108
attack_auc: 0.6334642450023418
Layer layer3.0.downsample.0.weight: 1/256 channels masked
Layer layer4.0.conv2.weight: 1/512 channels masked
Layer layer4.0.downsample.0.weight: 54/512 channels masked
Layer layer4.1.conv2.weight: 1/512 channels masked
------------------------- time cost ------------------------- 4.007560729980469
ASR: 0.10618617850010342
attack_auc: 0.6662127354799902
Layer layer3.0.downsample.0.weight: 1/256 channels masked
Layer layer4.0.conv2.weight: 2/512 channels masked
Layer layer4.0.downsample.0.weight: 54/512 channels masked
Layer layer4.1.conv2.weight: 1/512 channels masked
------------------------- time cost ------------------------- 3.5931851863861084
ASR: 0.11722835948192645
attack_auc: 0.6734016996722155
Layer layer3.0.downsample.0.weight: 1/256 channels masked
Layer layer4.0.conv2.weight: 2/512 channels masked
Layer layer4.0.downsample.0.weight: 54/512 channels masked
Layer layer4.1.conv2.weight: 1/512 channels masked
------------------------- time cost ------------------------- 3.9403939247131348
ASR: 0.088363220630199
attack_auc: 0.6296688282343466
Layer layer3.0.downsample.0.weight: 1/256 channels masked
Layer layer4.0.conv2.weight: 1/512 channels masked
Layer layer4.0.downsample.0.weight: 55/512 channels masked
Layer layer4.1.conv2.weight: 1/512 channels masked
------------------------- time cost ------------------------- 3.760424852371216
ASR: 0.09330727780155765
attack_auc: 0.6336775729630215
Layer layer3.0.downsample.0.weight: 1/256 channels masked
Layer layer4.0.conv2.weight: 1/512 channels masked
Layer layer4.0.downsample.0.weight: 54/512 channels masked
Layer layer4.1.conv2.weight: 1/512 channels masked
------------------------- time cost ------------------------- 3.932091236114502
ASR: 0.0818046018680916
attack_auc: 0.6256180272937812
Layer layer3.0.downsample.0.weight: 1/256 channels masked
Layer layer4.0.conv2.weight: 3/512 channels masked
Layer layer4.0.downsample.0.weight: 54/512 channels masked
Layer layer4.1.conv2.weight: 1/512 channels masked
------------------------- time cost ------------------------- 3.6486408710479736

-------------Round number: 140-------------

Evaluate personalized models
Averaged Train Loss: 0.6182
Averaged Test Accurancy: 0.7159
Averaged Test AUC: 0.9496
Std Test Accurancy: 0.1105
Std Test AUC: 0.0236
ASR: 0.0946240942897653
attack_auc: 0.6400597257857525
Layer layer3.0.downsample.0.weight: 1/256 channels masked
Layer layer4.0.conv2.weight: 2/512 channels masked
Layer layer4.0.downsample.0.weight: 54/512 channels masked
Layer layer4.1.conv2.weight: 1/512 channels masked
------------------------- time cost ------------------------- 8.282634019851685
ASR: 0.09842216724940739
attack_auc: 0.6420836296474053
Layer layer3.0.downsample.0.weight: 1/256 channels masked
Layer layer4.0.conv2.weight: 2/512 channels masked
Layer layer4.0.downsample.0.weight: 55/512 channels masked
Layer layer4.1.conv2.weight: 1/512 channels masked
------------------------- time cost ------------------------- 3.2957780361175537
ASR: 0.1421803822901855
attack_auc: 0.6949499487305707
Layer layer3.0.downsample.0.weight: 1/256 channels masked
Layer layer4.0.conv2.weight: 2/512 channels masked
Layer layer4.0.downsample.0.weight: 55/512 channels masked
Layer layer4.1.conv2.weight: 1/512 channels masked
------------------------- time cost ------------------------- 4.038424968719482
ASR: 0.14575791282678208
attack_auc: 0.6977474594930527
Layer layer3.0.downsample.0.weight: 1/256 channels masked
Layer layer4.0.conv2.weight: 2/512 channels masked
Layer layer4.0.downsample.0.weight: 55/512 channels masked
Layer layer4.1.conv2.weight: 1/512 channels masked
------------------------- time cost ------------------------- 3.815788507461548
ASR: 0.10658946731911867
attack_auc: 0.6526294216222267
Layer layer3.0.downsample.0.weight: 1/256 channels masked
Layer layer4.0.conv2.weight: 3/512 channels masked
Layer layer4.0.downsample.0.weight: 55/512 channels masked
Layer layer4.1.conv2.weight: 1/512 channels masked
------------------------- time cost ------------------------- 3.987287998199463
ASR: 0.11171456206574093
attack_auc: 0.6495515385145809
Layer layer3.0.downsample.0.weight: 1/256 channels masked
Layer layer4.0.conv2.weight: 2/512 channels masked
Layer layer4.0.downsample.0.weight: 55/512 channels masked
Layer layer4.1.conv2.weight: 1/512 channels masked
------------------------- time cost ------------------------- 3.6577374935150146
ASR: 0.10923639299576735
attack_auc: 0.6567191791287735
Layer layer3.0.downsample.0.weight: 1/256 channels masked
Layer layer4.0.conv2.weight: 2/512 channels masked
Layer layer4.0.downsample.0.weight: 56/512 channels masked
Layer layer4.1.conv2.weight: 2/512 channels masked
------------------------- time cost ------------------------- 3.5039424896240234
ASR: 0.1369649298731447
attack_auc: 0.6877703884015196
Layer layer3.0.downsample.0.weight: 1/256 channels masked
Layer layer4.0.conv2.weight: 2/512 channels masked
Layer layer4.0.downsample.0.weight: 56/512 channels masked
Layer layer4.1.conv2.weight: 1/512 channels masked
------------------------- time cost ------------------------- 3.9079463481903076
ASR: 0.12989342382373822
attack_auc: 0.6783722790853556
Layer layer3.0.downsample.0.weight: 1/256 channels masked
Layer layer4.0.conv2.weight: 3/512 channels masked
Layer layer4.0.downsample.0.weight: 51/512 channels masked
Layer layer4.1.conv2.weight: 1/512 channels masked
------------------------- time cost ------------------------- 4.21810507774353
ASR: 0.1269356722004095
attack_auc: 0.6814547942834608
Layer layer3.0.downsample.0.weight: 1/256 channels masked
Layer layer4.0.conv2.weight: 2/512 channels masked
Layer layer4.0.downsample.0.weight: 54/512 channels masked
Layer layer4.1.conv2.weight: 1/512 channels masked
------------------------- time cost ------------------------- 3.688835620880127

-------------Round number: 150-------------

Evaluate personalized models
Averaged Train Loss: 0.5578
Averaged Test Accurancy: 0.7289
Averaged Test AUC: 0.9527
Std Test Accurancy: 0.0922
Std Test AUC: 0.0206
ASR: 0.1650363108270375
attack_auc: 0.7149254641664113
Layer layer3.0.downsample.0.weight: 1/256 channels masked
Layer layer4.0.conv2.weight: 1/512 channels masked
Layer layer4.0.downsample.0.weight: 57/512 channels masked
Layer layer4.1.conv2.weight: 1/512 channels masked
------------------------- time cost ------------------------- 8.59044361114502
ASR: 0.18215247781506655
attack_auc: 0.7194741337454267
Layer layer3.0.downsample.0.weight: 1/256 channels masked
Layer layer4.0.conv2.weight: 1/512 channels masked
Layer layer4.0.downsample.0.weight: 57/512 channels masked
Layer layer4.1.conv2.weight: 1/512 channels masked
------------------------- time cost ------------------------- 4.169301986694336
ASR: 0.17465516833254247
attack_auc: 0.7143780397182371
Layer layer3.0.downsample.0.weight: 1/256 channels masked
Layer layer4.0.conv2.weight: 1/512 channels masked
Layer layer4.0.downsample.0.weight: 57/512 channels masked
Layer layer4.1.conv2.weight: 1/512 channels masked
------------------------- time cost ------------------------- 3.5848312377929688
ASR: 0.2120590638547841
attack_auc: 0.7481970637585293
Layer layer3.0.downsample.0.weight: 1/256 channels masked
Layer layer4.0.conv2.weight: 2/512 channels masked
Layer layer4.0.downsample.0.weight: 57/512 channels masked
Layer layer4.1.conv2.weight: 1/512 channels masked
------------------------- time cost ------------------------- 3.728910207748413
ASR: 0.21467005649313814
attack_auc: 0.7487384899893144
Layer layer3.0.downsample.0.weight: 1/256 channels masked
Layer layer4.0.conv2.weight: 2/512 channels masked
Layer layer4.0.downsample.0.weight: 58/512 channels masked
Layer layer4.1.conv2.weight: 1/512 channels masked
------------------------- time cost ------------------------- 3.7985358238220215
ASR: 0.212267995184873
attack_auc: 0.7447804769807098
Layer layer3.0.downsample.0.weight: 1/256 channels masked
Layer layer4.0.conv2.weight: 1/512 channels masked
Layer layer4.0.downsample.0.weight: 58/512 channels masked
Layer layer4.1.conv2.weight: 1/512 channels masked
------------------------- time cost ------------------------- 3.632932424545288
ASR: 0.18145972806733315
attack_auc: 0.7220148316746152
Layer layer3.0.downsample.0.weight: 1/256 channels masked
Layer layer4.0.conv2.weight: 1/512 channels masked
Layer layer4.0.downsample.0.weight: 59/512 channels masked
Layer layer4.1.conv2.weight: 1/512 channels masked
------------------------- time cost ------------------------- 3.950085401535034
ASR: 0.20618971885163834
attack_auc: 0.7319967605793943
Layer layer3.0.downsample.0.weight: 1/256 channels masked
Layer layer4.0.conv2.weight: 1/512 channels masked
Layer layer4.0.downsample.0.weight: 57/512 channels masked
Layer layer4.1.conv2.weight: 1/512 channels masked
------------------------- time cost ------------------------- 3.8529326915740967
ASR: 0.21557123739889406
attack_auc: 0.7380554200359144
Layer layer3.0.downsample.0.weight: 1/256 channels masked
Layer layer4.0.conv2.weight: 1/512 channels masked
Layer layer4.0.downsample.0.weight: 57/512 channels masked
Layer layer4.1.conv2.weight: 1/512 channels masked
------------------------- time cost ------------------------- 3.7876486778259277
ASR: 0.20625105662511267
attack_auc: 0.732578014581267
Layer layer3.0.downsample.0.weight: 1/256 channels masked
Layer layer4.0.conv2.weight: 2/512 channels masked
Layer layer4.0.downsample.0.weight: 58/512 channels masked
Layer layer4.1.conv2.weight: 1/512 channels masked
------------------------- time cost ------------------------- 3.513206958770752

-------------Round number: 160-------------

Evaluate personalized models
Averaged Train Loss: 0.5392
Averaged Test Accurancy: 0.7311
Averaged Test AUC: 0.9512
Std Test Accurancy: 0.0880
Std Test AUC: 0.0216
ASR: 0.20780825778500148
attack_auc: 0.7313498220089028
Layer layer3.0.downsample.0.weight: 1/256 channels masked
Layer layer4.0.conv2.weight: 2/512 channels masked
Layer layer4.0.downsample.0.weight: 59/512 channels masked
Layer layer4.1.conv2.weight: 1/512 channels masked
------------------------- time cost ------------------------- 7.725647449493408
ASR: 0.289257916642557
attack_auc: 0.7844389603949611
Layer layer3.0.downsample.0.weight: 1/256 channels masked
Layer layer4.0.conv2.weight: 3/512 channels masked
Layer layer4.0.downsample.0.weight: 59/512 channels masked
Layer layer4.1.conv2.weight: 1/512 channels masked
------------------------- time cost ------------------------- 3.4713551998138428
ASR: 0.2808463460008509
attack_auc: 0.7816167012848388
Layer layer3.0.downsample.0.weight: 1/256 channels masked
Layer layer4.0.conv2.weight: 3/512 channels masked
Layer layer4.0.downsample.0.weight: 59/512 channels masked
Layer layer4.1.conv2.weight: 1/512 channels masked
------------------------- time cost ------------------------- 3.9856090545654297
ASR: 0.2641970947246773
attack_auc: 0.7689925902233954
Layer layer3.0.downsample.0.weight: 1/256 channels masked
Layer layer4.0.conv2.weight: 2/512 channels masked
Layer layer4.0.downsample.0.weight: 58/512 channels masked
Layer layer4.1.conv2.weight: 1/512 channels masked
------------------------- time cost ------------------------- 3.8236310482025146
ASR: 0.28422778937775073
attack_auc: 0.7880700737235606
Layer layer3.0.downsample.0.weight: 1/256 channels masked
Layer layer4.0.conv2.weight: 2/512 channels masked
Layer layer4.0.downsample.0.weight: 58/512 channels masked
Layer layer4.1.conv2.weight: 1/512 channels masked
------------------------- time cost ------------------------- 3.696423292160034
ASR: 0.3057466690932066
attack_auc: 0.7975262560429678
Layer layer3.0.downsample.0.weight: 1/256 channels masked
Layer layer4.0.conv2.weight: 3/512 channels masked
Layer layer4.0.downsample.0.weight: 58/512 channels masked
Layer layer4.1.conv2.weight: 1/512 channels masked
------------------------- time cost ------------------------- 3.824990749359131
ASR: 0.30746027817805205
attack_auc: 0.7972788846668777
Layer layer3.0.downsample.0.weight: 1/256 channels masked
Layer layer4.0.conv2.weight: 2/512 channels masked
Layer layer4.0.downsample.0.weight: 59/512 channels masked
Layer layer4.1.conv2.weight: 1/512 channels masked
------------------------- time cost ------------------------- 3.690761089324951
ASR: 0.290231198706012
attack_auc: 0.7904947973643257
Layer layer3.0.downsample.0.weight: 1/256 channels masked
Layer layer4.0.conv2.weight: 1/512 channels masked
Layer layer4.0.downsample.0.weight: 60/512 channels masked
Layer layer4.1.conv2.weight: 1/512 channels masked
------------------------- time cost ------------------------- 4.109754800796509
ASR: 0.2961802185048882
attack_auc: 0.7806744808169701
Layer layer3.0.downsample.0.weight: 1/256 channels masked
Layer layer4.0.conv2.weight: 2/512 channels masked
Layer layer4.0.downsample.0.weight: 60/512 channels masked
Layer layer4.1.conv2.weight: 1/512 channels masked
------------------------- time cost ------------------------- 3.8411872386932373
ASR: 0.30374812732078055
attack_auc: 0.7863046314511615
Layer layer3.0.downsample.0.weight: 1/256 channels masked
Layer layer4.0.conv2.weight: 2/512 channels masked
Layer layer4.0.downsample.0.weight: 60/512 channels masked
Layer layer4.1.conv2.weight: 2/512 channels masked
------------------------- time cost ------------------------- 3.609041452407837

-------------Round number: 170-------------

Evaluate personalized models
Averaged Train Loss: 0.4932
Averaged Test Accurancy: 0.7329
Averaged Test AUC: 0.9535
Std Test Accurancy: 0.0891
Std Test AUC: 0.0192
ASR: 0.33961313748434285
attack_auc: 0.8113934268281386
Layer layer3.0.downsample.0.weight: 1/256 channels masked
Layer layer4.0.conv2.weight: 1/512 channels masked
Layer layer4.0.downsample.0.weight: 60/512 channels masked
Layer layer4.1.conv2.weight: 2/512 channels masked
------------------------- time cost ------------------------- 7.372954368591309
ASR: 0.3761199344475612
attack_auc: 0.8169074712807542
Layer layer3.0.downsample.0.weight: 1/256 channels masked
Layer layer4.0.conv2.weight: 1/512 channels masked
Layer layer4.0.downsample.0.weight: 60/512 channels masked
Layer layer4.1.conv2.weight: 2/512 channels masked
------------------------- time cost ------------------------- 3.7906246185302734
ASR: 0.36762578600036605
attack_auc: 0.8200595984342507
Layer layer3.0.downsample.0.weight: 1/256 channels masked
Layer layer4.0.conv2.weight: 1/512 channels masked
Layer layer4.0.downsample.0.weight: 60/512 channels masked
Layer layer4.1.conv2.weight: 2/512 channels masked
------------------------- time cost ------------------------- 3.9198355674743652
ASR: 0.3549271044170403
attack_auc: 0.8187524799293832
Layer layer3.0.downsample.0.weight: 1/256 channels masked
Layer layer4.0.conv2.weight: 1/512 channels masked
Layer layer4.0.downsample.0.weight: 59/512 channels masked
Layer layer4.1.conv2.weight: 2/512 channels masked
------------------------- time cost ------------------------- 3.821875810623169
ASR: 0.36179686705782593
attack_auc: 0.8207834733149915
Layer layer3.0.downsample.0.weight: 1/256 channels masked
Layer layer4.0.conv2.weight: 1/512 channels masked
Layer layer4.0.downsample.0.weight: 61/512 channels masked
Layer layer4.1.conv2.weight: 2/512 channels masked
------------------------- time cost ------------------------- 3.7782769203186035
ASR: 0.3773139612225895
attack_auc: 0.8324446615366701
Layer layer3.0.downsample.0.weight: 1/256 channels masked
Layer layer4.0.conv2.weight: 1/512 channels masked
Layer layer4.0.downsample.0.weight: 62/512 channels masked
Layer layer4.1.conv2.weight: 2/512 channels masked
------------------------- time cost ------------------------- 3.600789785385132
ASR: 0.3211699204437066
attack_auc: 0.7989008973935694
Layer layer3.0.downsample.0.weight: 1/256 channels masked
Layer layer4.0.conv2.weight: 1/512 channels masked
Layer layer4.0.downsample.0.weight: 61/512 channels masked
Layer layer4.1.conv2.weight: 2/512 channels masked
------------------------- time cost ------------------------- 4.132486343383789
ASR: 0.3538196753236529
attack_auc: 0.8134639884181082
Layer layer3.0.downsample.0.weight: 1/256 channels masked
Layer layer4.0.conv2.weight: 1/512 channels masked
Layer layer4.0.downsample.0.weight: 60/512 channels masked
Layer layer4.1.conv2.weight: 2/512 channels masked
------------------------- time cost ------------------------- 4.038755893707275
ASR: 0.3040365191402645
attack_auc: 0.802196779882857
Layer layer3.0.downsample.0.weight: 1/256 channels masked
Layer layer4.0.conv2.weight: 1/512 channels masked
Layer layer4.0.downsample.0.weight: 61/512 channels masked
Layer layer4.1.conv2.weight: 2/512 channels masked
------------------------- time cost ------------------------- 3.4454214572906494
ASR: 0.36081471207136623
attack_auc: 0.8252532279718329
Layer layer3.0.downsample.0.weight: 1/256 channels masked
Layer layer4.0.conv2.weight: 1/512 channels masked
Layer layer4.0.downsample.0.weight: 63/512 channels masked
Layer layer4.1.conv2.weight: 2/512 channels masked
------------------------- time cost ------------------------- 4.142215013504028

-------------Round number: 180-------------

Evaluate personalized models
Averaged Train Loss: 0.4654
Averaged Test Accurancy: 0.7348
Averaged Test AUC: 0.9535
Std Test Accurancy: 0.0881
Std Test AUC: 0.0198
ASR: 0.33461572650245186
attack_auc: 0.8152949364786969
Layer layer3.0.downsample.0.weight: 1/256 channels masked
Layer layer4.0.conv2.weight: 1/512 channels masked
Layer layer4.0.downsample.0.weight: 63/512 channels masked
Layer layer4.1.conv2.weight: 2/512 channels masked
------------------------- time cost ------------------------- 7.7084996700286865
ASR: 0.3517388332628026
attack_auc: 0.8190184214154139
Layer layer3.0.downsample.0.weight: 1/256 channels masked
Layer layer4.0.conv2.weight: 1/512 channels masked
Layer layer4.0.downsample.0.weight: 63/512 channels masked
Layer layer4.1.conv2.weight: 2/512 channels masked
------------------------- time cost ------------------------- 3.3225440979003906
ASR: 0.37233373805172426
attack_auc: 0.8335039601490708
Layer layer3.0.downsample.0.weight: 1/256 channels masked
Layer layer4.0.conv2.weight: 1/512 channels masked
Layer layer4.0.downsample.0.weight: 63/512 channels masked
Layer layer4.1.conv2.weight: 2/512 channels masked
------------------------- time cost ------------------------- 4.071420192718506
ASR: 0.3464585757450028
attack_auc: 0.8188897932619806
Layer layer3.0.downsample.0.weight: 1/256 channels masked
Layer layer4.0.conv2.weight: 1/512 channels masked
Layer layer4.0.downsample.0.weight: 64/512 channels masked
Layer layer4.1.conv2.weight: 2/512 channels masked
------------------------- time cost ------------------------- 3.9273178577423096
ASR: 0.36708629078812094
attack_auc: 0.8284901365023747
Layer layer3.0.downsample.0.weight: 1/256 channels masked
Layer layer4.0.conv2.weight: 1/512 channels masked
Layer layer4.0.downsample.0.weight: 63/512 channels masked
Layer layer4.1.conv2.weight: 2/512 channels masked
------------------------- time cost ------------------------- 3.7144925594329834
ASR: 0.3138266024217967
attack_auc: 0.8045368535591721
Layer layer3.0.downsample.0.weight: 1/256 channels masked
Layer layer4.0.conv2.weight: 1/512 channels masked
Layer layer4.0.downsample.0.weight: 63/512 channels masked
Layer layer4.1.conv2.weight: 2/512 channels masked
------------------------- time cost ------------------------- 4.054378032684326
ASR: 0.3748550800974579
attack_auc: 0.8331769200018511
Layer layer3.0.downsample.0.weight: 1/256 channels masked
Layer layer4.0.conv2.weight: 1/512 channels masked
Layer layer4.0.downsample.0.weight: 64/512 channels masked
Layer layer4.1.conv2.weight: 2/512 channels masked
------------------------- time cost ------------------------- 3.976973533630371
ASR: 0.3628513556705782
attack_auc: 0.8252542819375912
Layer layer3.0.downsample.0.weight: 1/256 channels masked
Layer layer4.0.conv2.weight: 1/512 channels masked
Layer layer4.0.downsample.0.weight: 63/512 channels masked
Layer layer4.1.conv2.weight: 2/512 channels masked
------------------------- time cost ------------------------- 4.100059270858765
ASR: 0.3379688930487244
attack_auc: 0.8160220823619839
Layer layer3.0.downsample.0.weight: 1/256 channels masked
Layer layer4.0.conv2.weight: 1/512 channels masked
Layer layer4.0.downsample.0.weight: 63/512 channels masked
Layer layer4.1.conv2.weight: 2/512 channels masked
------------------------- time cost ------------------------- 3.6563403606414795
ASR: 0.374841948346945
attack_auc: 0.8331905962401166
Layer layer3.0.downsample.0.weight: 1/256 channels masked
Layer layer4.0.conv2.weight: 1/512 channels masked
Layer layer4.0.downsample.0.weight: 63/512 channels masked
Layer layer4.1.conv2.weight: 2/512 channels masked
------------------------- time cost ------------------------- 4.137141227722168

-------------Round number: 190-------------

Evaluate personalized models
Averaged Train Loss: 0.4478
Averaged Test Accurancy: 0.7343
Averaged Test AUC: 0.9531
Std Test Accurancy: 0.0922
Std Test AUC: 0.0208
ASR: 0.41431942681107725
attack_auc: 0.8540559142375511
Layer layer3.0.downsample.0.weight: 1/256 channels masked
Layer layer4.0.conv2.weight: 1/512 channels masked
Layer layer4.0.downsample.0.weight: 63/512 channels masked
Layer layer4.1.conv2.weight: 2/512 channels masked
------------------------- time cost ------------------------- 8.558481216430664
ASR: 0.3797167863986781
attack_auc: 0.8366145125920812
Layer layer3.0.downsample.0.weight: 1/256 channels masked
Layer layer4.0.downsample.0.weight: 64/512 channels masked
Layer layer4.1.conv2.weight: 2/512 channels masked
------------------------- time cost ------------------------- 3.6415703296661377
ASR: 0.3637806756838263
attack_auc: 0.8312581658289313
Layer layer3.0.downsample.0.weight: 1/256 channels masked
Layer layer4.0.downsample.0.weight: 64/512 channels masked
Layer layer4.1.conv2.weight: 2/512 channels masked
------------------------- time cost ------------------------- 3.6069154739379883
ASR: 0.4176111426205516
attack_auc: 0.852157385732496
Layer layer3.0.downsample.0.weight: 1/256 channels masked
Layer layer4.0.downsample.0.weight: 64/512 channels masked
Layer layer4.1.conv2.weight: 2/512 channels masked
------------------------- time cost ------------------------- 3.565478563308716
ASR: 0.42234060842275134
attack_auc: 0.8547171251208833
Layer layer3.0.downsample.0.weight: 1/256 channels masked
Layer layer4.0.downsample.0.weight: 65/512 channels masked
Layer layer4.1.conv2.weight: 2/512 channels masked
------------------------- time cost ------------------------- 3.3577075004577637
ASR: 0.4662241662440147
attack_auc: 0.8724638210212902
Layer layer3.0.downsample.0.weight: 1/256 channels masked
Layer layer4.0.downsample.0.weight: 65/512 channels masked
Layer layer4.1.conv2.weight: 2/512 channels masked
------------------------- time cost ------------------------- 4.039488315582275
ASR: 0.42430620302188704
attack_auc: 0.8506897092124468
Layer layer3.0.downsample.0.weight: 1/256 channels masked
Layer layer4.0.downsample.0.weight: 65/512 channels masked
Layer layer4.1.conv2.weight: 2/512 channels masked
------------------------- time cost ------------------------- 3.9197452068328857
ASR: 0.4318437994742143
attack_auc: 0.8532516131943884
Layer layer3.0.downsample.0.weight: 1/256 channels masked
Layer layer4.0.downsample.0.weight: 65/512 channels masked
Layer layer4.1.conv2.weight: 2/512 channels masked
------------------------- time cost ------------------------- 3.7915492057800293
ASR: 0.41060909869109347
attack_auc: 0.845158976744773
Layer layer3.0.downsample.0.weight: 1/256 channels masked
Layer layer4.0.downsample.0.weight: 65/512 channels masked
Layer layer4.1.conv2.weight: 2/512 channels masked
------------------------- time cost ------------------------- 4.46962571144104
ASR: 0.38496348532602404
attack_auc: 0.838879842238065
Layer layer3.0.downsample.0.weight: 1/256 channels masked
Layer layer4.0.downsample.0.weight: 65/512 channels masked
Layer layer4.1.conv2.weight: 2/512 channels masked
------------------------- time cost ------------------------- 3.731478691101074

-------------Round number: 200-------------

Evaluate personalized models
Averaged Train Loss: 0.4061
Averaged Test Accurancy: 0.7409
Averaged Test AUC: 0.9554
Std Test Accurancy: 0.0928
Std Test AUC: 0.0199
ASR: 0.4028016463858433
attack_auc: 0.8441645753621396
Layer layer3.0.downsample.0.weight: 1/256 channels masked
Layer layer4.0.conv2.weight: 1/512 channels masked
Layer layer4.0.downsample.0.weight: 65/512 channels masked
Layer layer4.1.conv2.weight: 2/512 channels masked
------------------------- time cost ------------------------- 8.39056921005249
ASR: 0.41877226781143745
attack_auc: 0.8519418792685866
Layer layer3.0.downsample.0.weight: 1/256 channels masked
Layer layer4.0.downsample.0.weight: 65/512 channels masked
Layer layer4.1.conv2.weight: 2/512 channels masked
------------------------- time cost ------------------------- 4.168909549713135
ASR: 0.46291321803559937
attack_auc: 0.8680060402050073
Layer layer3.0.downsample.0.weight: 1/256 channels masked
Layer layer4.0.downsample.0.weight: 64/512 channels masked
Layer layer4.1.conv2.weight: 2/512 channels masked
------------------------- time cost ------------------------- 3.9214468002319336
ASR: 0.45242112773150805
attack_auc: 0.8640626020987326
Layer layer3.0.downsample.0.weight: 1/256 channels masked
Layer layer4.0.downsample.0.weight: 64/512 channels masked
Layer layer4.1.conv2.weight: 2/512 channels masked
------------------------- time cost ------------------------- 3.9811885356903076
ASR: 0.44375586890277824
attack_auc: 0.8584426542315574
Layer layer3.0.downsample.0.weight: 1/256 channels masked
Layer layer4.0.downsample.0.weight: 64/512 channels masked
Layer layer4.1.conv2.weight: 2/512 channels masked
------------------------- time cost ------------------------- 3.499809980392456
ASR: 0.4662207509869802
attack_auc: 0.8675687548225135
Layer layer3.0.downsample.0.weight: 1/256 channels masked
Layer layer4.0.downsample.0.weight: 65/512 channels masked
Layer layer4.1.conv2.weight: 2/512 channels masked
------------------------- time cost ------------------------- 3.7358014583587646
ASR: 0.48185650701249466
attack_auc: 0.8793117637835177
Layer layer3.0.downsample.0.weight: 1/256 channels masked
Layer layer4.0.downsample.0.weight: 66/512 channels masked
Layer layer4.1.conv2.weight: 2/512 channels masked
------------------------- time cost ------------------------- 3.858755350112915
ASR: 0.5006761355972017
attack_auc: 0.8851422993479855
Layer layer3.0.downsample.0.weight: 1/256 channels masked
Layer layer4.0.downsample.0.weight: 65/512 channels masked
Layer layer4.1.conv2.weight: 2/512 channels masked
------------------------- time cost ------------------------- 3.7708725929260254
ASR: 0.4786666274850683
attack_auc: 0.8699565071835825
Layer layer3.0.downsample.0.weight: 1/256 channels masked
Layer layer4.0.downsample.0.weight: 66/512 channels masked
Layer layer4.1.conv2.weight: 2/512 channels masked
------------------------- time cost ------------------------- 3.788098096847534
ASR: 0.4411733417336285
attack_auc: 0.8583801411487681
Layer layer3.0.downsample.0.weight: 1/256 channels masked
Layer layer4.0.conv2.weight: 1/512 channels masked
Layer layer4.0.downsample.0.weight: 67/512 channels masked
Layer layer4.1.conv2.weight: 2/512 channels masked
------------------------- time cost ------------------------- 3.486520290374756

-------------Round number: 210-------------

Evaluate personalized models
Averaged Train Loss: 0.3940
Averaged Test Accurancy: 0.7431
Averaged Test AUC: 0.9548
Std Test Accurancy: 0.0893
Std Test AUC: 0.0201
ASR: 0.4703290812460711
attack_auc: 0.866976946349589
Layer layer3.0.downsample.0.weight: 1/256 channels masked
Layer layer4.0.conv2.weight: 1/512 channels masked
Layer layer4.0.downsample.0.weight: 65/512 channels masked
Layer layer4.1.conv2.weight: 2/512 channels masked
------------------------- time cost ------------------------- 7.960018873214722
ASR: 0.44893601472567096
attack_auc: 0.8613636948151503
Layer layer3.0.downsample.0.weight: 1/256 channels masked
Layer layer4.0.downsample.0.weight: 67/512 channels masked
Layer layer4.1.conv2.weight: 2/512 channels masked
------------------------- time cost ------------------------- 3.477957010269165
ASR: 0.4745377058627702
attack_auc: 0.8752422288155207
Layer layer3.0.downsample.0.weight: 1/256 channels masked
Layer layer4.0.conv2.weight: 1/512 channels masked
Layer layer4.0.downsample.0.weight: 67/512 channels masked
Layer layer4.1.conv2.weight: 2/512 channels masked
------------------------- time cost ------------------------- 3.6072757244110107
ASR: 0.4634256332335901
attack_auc: 0.8697140435339238
Layer layer3.0.downsample.0.weight: 1/256 channels masked
Layer layer4.0.conv2.weight: 1/512 channels masked
Layer layer4.0.downsample.0.weight: 68/512 channels masked
Layer layer4.1.conv2.weight: 2/512 channels masked
------------------------- time cost ------------------------- 3.5715460777282715
ASR: 0.5010918133826542
attack_auc: 0.8827690643079593
Layer layer3.0.downsample.0.weight: 1/256 channels masked
Layer layer4.0.conv2.weight: 1/512 channels masked
Layer layer4.0.downsample.0.weight: 67/512 channels masked
Layer layer4.1.conv2.weight: 2/512 channels masked
------------------------- time cost ------------------------- 4.042916774749756
ASR: 0.4644358187150352
attack_auc: 0.8664739686443516
Layer layer3.0.downsample.0.weight: 1/256 channels masked
Layer layer4.0.conv2.weight: 1/512 channels masked
Layer layer4.0.downsample.0.weight: 67/512 channels masked
Layer layer4.1.conv2.weight: 2/512 channels masked
------------------------- time cost ------------------------- 4.018338918685913
ASR: 0.4531734738296163
attack_auc: 0.8608289875329598
Layer layer3.0.downsample.0.weight: 1/256 channels masked
Layer layer4.0.conv2.weight: 1/512 channels masked
Layer layer4.0.downsample.0.weight: 68/512 channels masked
Layer layer4.1.conv2.weight: 2/512 channels masked
------------------------- time cost ------------------------- 3.8216073513031006
ASR: 0.44060301233131277
attack_auc: 0.8505842680185797
Layer layer3.0.downsample.0.weight: 1/256 channels masked
Layer layer4.0.conv2.weight: 1/512 channels masked
Layer layer4.0.downsample.0.weight: 68/512 channels masked
Layer layer4.1.conv2.weight: 2/512 channels masked
------------------------- time cost ------------------------- 3.552034616470337
ASR: 0.4735779841685406
attack_auc: 0.8662683541360188
Layer layer3.0.downsample.0.weight: 1/256 channels masked
Layer layer4.0.conv2.weight: 1/512 channels masked
Layer layer4.0.downsample.0.weight: 69/512 channels masked
Layer layer4.1.conv2.weight: 2/512 channels masked
------------------------- time cost ------------------------- 3.882356643676758
ASR: 0.48576022288760357
attack_auc: 0.8717932883424727
Layer layer3.0.downsample.0.weight: 1/256 channels masked
Layer layer4.0.conv2.weight: 1/512 channels masked
Layer layer4.0.downsample.0.weight: 69/512 channels masked
Layer layer4.1.conv2.weight: 2/512 channels masked
------------------------- time cost ------------------------- 3.6934242248535156

-------------Round number: 220-------------

Evaluate personalized models
Averaged Train Loss: 0.3431
Averaged Test Accurancy: 0.7514
Averaged Test AUC: 0.9566
Std Test Accurancy: 0.0890
Std Test AUC: 0.0200
ASR: 0.447906880883388
attack_auc: 0.8586412015082341
Layer layer3.0.downsample.0.weight: 1/256 channels masked
Layer layer4.0.conv2.weight: 1/512 channels masked
Layer layer4.0.downsample.0.weight: 69/512 channels masked
Layer layer4.1.conv2.weight: 2/512 channels masked
------------------------- time cost ------------------------- 8.698688507080078
ASR: 0.36942406218447316
attack_auc: 0.8206783072977379
Layer layer3.0.downsample.0.weight: 1/256 channels masked
Layer layer4.0.conv2.weight: 1/512 channels masked
Layer layer4.0.downsample.0.weight: 68/512 channels masked
Layer layer4.1.conv2.weight: 2/512 channels masked
------------------------- time cost ------------------------- 3.4682648181915283
ASR: 0.44380152116481353
attack_auc: 0.85272531978241
Layer layer3.0.downsample.0.weight: 1/256 channels masked
Layer layer4.0.conv1.weight: 1/512 channels masked
Layer layer4.0.conv2.weight: 1/512 channels masked
Layer layer4.0.downsample.0.weight: 69/512 channels masked
Layer layer4.1.conv2.weight: 2/512 channels masked
------------------------- time cost ------------------------- 4.01202130317688
ASR: 0.4732081041457875
attack_auc: 0.8671231674904173
Layer layer3.0.downsample.0.weight: 1/256 channels masked
Layer layer4.0.conv2.weight: 1/512 channels masked
Layer layer4.0.downsample.0.weight: 70/512 channels masked
Layer layer4.1.conv2.weight: 2/512 channels masked
------------------------- time cost ------------------------- 3.649075984954834
ASR: 0.41830318648927206
attack_auc: 0.8434715959388325
Layer layer3.0.downsample.0.weight: 1/256 channels masked
Layer layer4.0.conv2.weight: 2/512 channels masked
Layer layer4.0.downsample.0.weight: 70/512 channels masked
Layer layer4.1.conv2.weight: 2/512 channels masked
------------------------- time cost ------------------------- 4.100503921508789
ASR: 0.3501663993582507
attack_auc: 0.8053816598904774
Layer layer3.0.downsample.0.weight: 1/256 channels masked
Layer layer4.0.conv2.weight: 2/512 channels masked
Layer layer4.0.downsample.0.weight: 70/512 channels masked
Layer layer4.1.conv2.weight: 2/512 channels masked
------------------------- time cost ------------------------- 4.297824144363403
ASR: 0.41092014348505607
attack_auc: 0.8423084482685598
Layer layer3.0.downsample.0.weight: 1/256 channels masked
Layer layer4.0.conv2.weight: 2/512 channels masked
Layer layer4.0.downsample.0.weight: 70/512 channels masked
Layer layer4.1.conv2.weight: 2/512 channels masked
------------------------- time cost ------------------------- 3.929645538330078
ASR: 0.41024950781319414
attack_auc: 0.84232179891327
Layer layer3.0.downsample.0.weight: 1/256 channels masked
Layer layer4.0.conv2.weight: 1/512 channels masked
Layer layer4.0.downsample.0.weight: 67/512 channels masked
Layer layer4.1.conv2.weight: 3/512 channels masked
------------------------- time cost ------------------------- 3.70231556892395
ASR: 0.45751420666593856
attack_auc: 0.8634174372952832
Layer layer3.0.downsample.0.weight: 1/256 channels masked
Layer layer4.0.conv2.weight: 1/512 channels masked
Layer layer4.0.downsample.0.weight: 70/512 channels masked
Layer layer4.1.conv2.weight: 2/512 channels masked
------------------------- time cost ------------------------- 3.4711577892303467
ASR: 0.5003370556897937
attack_auc: 0.880405189487359
Layer layer3.0.downsample.0.weight: 1/256 channels masked
Layer layer4.0.conv2.weight: 1/512 channels masked
Layer layer4.0.downsample.0.weight: 70/512 channels masked
Layer layer4.1.conv2.weight: 2/512 channels masked
------------------------- time cost ------------------------- 3.7290234565734863

-------------Round number: 230-------------

Evaluate personalized models
Averaged Train Loss: 0.3398
Averaged Test Accurancy: 0.7500
Averaged Test AUC: 0.9566
Std Test Accurancy: 0.0889
Std Test AUC: 0.0206
ASR: 0.4518460077148744
attack_auc: 0.863303391529679
Layer layer3.0.downsample.0.weight: 1/256 channels masked
Layer layer4.0.conv2.weight: 1/512 channels masked
Layer layer4.0.downsample.0.weight: 69/512 channels masked
Layer layer4.1.conv2.weight: 2/512 channels masked
------------------------- time cost ------------------------- 8.019374370574951
ASR: 0.5229176163813769
attack_auc: 0.8883942985196468
Layer layer3.0.downsample.0.weight: 1/256 channels masked
Layer layer4.0.conv2.weight: 1/512 channels masked
Layer layer4.0.downsample.0.weight: 69/512 channels masked
Layer layer4.1.conv2.weight: 2/512 channels masked
------------------------- time cost ------------------------- 4.172876596450806
ASR: 0.5006200810826186
attack_auc: 0.8771527967269077
Layer layer3.0.downsample.0.weight: 1/256 channels masked
Layer layer4.0.downsample.0.weight: 70/512 channels masked
Layer layer4.1.conv2.weight: 2/512 channels masked
------------------------- time cost ------------------------- 4.013955354690552
ASR: 0.46797725491610065
attack_auc: 0.8640174862412089
Layer layer3.0.downsample.0.weight: 1/256 channels masked
Layer layer4.0.downsample.0.weight: 70/512 channels masked
Layer layer4.1.conv2.weight: 2/512 channels masked
------------------------- time cost ------------------------- 3.8594095706939697
ASR: 0.5211121057731558
attack_auc: 0.8803463600352913
Layer layer3.0.downsample.0.weight: 1/256 channels masked
Layer layer4.0.downsample.0.weight: 70/512 channels masked
Layer layer4.1.conv2.weight: 2/512 channels masked
------------------------- time cost ------------------------- 3.9611799716949463
ASR: 0.5041483162571091
attack_auc: 0.8736369330176444
Layer layer3.0.downsample.0.weight: 1/256 channels masked
Layer layer4.0.downsample.0.weight: 70/512 channels masked
Layer layer4.1.conv2.weight: 2/512 channels masked
------------------------- time cost ------------------------- 4.110055685043335
ASR: 0.5166858383083865
attack_auc: 0.8808338318339459
Layer layer3.0.downsample.0.weight: 1/256 channels masked
Layer layer4.0.downsample.0.weight: 70/512 channels masked
Layer layer4.1.conv2.weight: 2/512 channels masked
------------------------- time cost ------------------------- 3.6754062175750732
ASR: 0.5316756454403634
attack_auc: 0.8875406086060466
Layer layer3.0.downsample.0.weight: 1/256 channels masked
Layer layer4.0.downsample.0.weight: 71/512 channels masked
Layer layer4.1.conv2.weight: 2/512 channels masked
------------------------- time cost ------------------------- 3.9262607097625732
ASR: 0.583477829016946
attack_auc: 0.903640732398642
Layer layer3.0.downsample.0.weight: 1/256 channels masked
Layer layer4.0.downsample.0.weight: 72/512 channels masked
Layer layer4.1.conv2.weight: 2/512 channels masked
------------------------- time cost ------------------------- 3.848450183868408
ASR: 0.5284339104083325
attack_auc: 0.8888094884306121
Layer layer3.0.downsample.0.weight: 1/256 channels masked
Layer layer4.0.downsample.0.weight: 71/512 channels masked
Layer layer4.1.conv2.weight: 2/512 channels masked
------------------------- time cost ------------------------- 3.4542574882507324

-------------Round number: 240-------------

Evaluate personalized models
Averaged Train Loss: 0.3151
Averaged Test Accurancy: 0.7457
Averaged Test AUC: 0.9541
Std Test Accurancy: 0.1009
Std Test AUC: 0.0240
ASR: 0.5455912531129706
attack_auc: 0.8931377886746162
Layer layer3.0.downsample.0.weight: 1/256 channels masked
Layer layer4.0.conv2.weight: 1/512 channels masked
Layer layer4.0.downsample.0.weight: 71/512 channels masked
Layer layer4.1.conv2.weight: 2/512 channels masked
------------------------- time cost ------------------------- 7.914376497268677
